Archive member included to satisfy reference by file (symbol)

../../saturnringlib/../modules/sgl/LIB/LIBCD.A(GFS.O)
                              src/main.o (GFS_Init)
../../saturnringlib/../modules/sgl/LIB/LIBCD.A(GFS_BUF.O)
                              ../../saturnringlib/../modules/sgl/LIB/LIBCD.A(GFS.O) (GFBF_GetNumData)
../../saturnringlib/../modules/sgl/LIB/LIBCD.A(GFS_CDB.O)
                              ../../saturnringlib/../modules/sgl/LIB/LIBCD.A(GFS.O) (GFCB_Close)
../../saturnringlib/../modules/sgl/LIB/LIBCD.A(GFS_CDC.O)
                              ../../saturnringlib/../modules/sgl/LIB/LIBCD.A(GFS.O) (GFCD_SetCdbfs)
../../saturnringlib/../modules/sgl/LIB/LIBCD.A(GFS_CDF.O)
                              ../../saturnringlib/../modules/sgl/LIB/LIBCD.A(GFS.O) (GFCF_Init)
../../saturnringlib/../modules/sgl/LIB/LIBCD.A(GFS_DIR.O)
                              ../../saturnringlib/../modules/sgl/LIB/LIBCD.A(GFS.O) (GFDR_SetupDirTbl)
../../saturnringlib/../modules/sgl/LIB/LIBCD.A(GFS_TRN.O)
                              ../../saturnringlib/../modules/sgl/LIB/LIBCD.A(GFS.O) (GFTR_Setup)
../../saturnringlib/../modules/sgl/LIB/LIBCD.A(CDC_CMN.O)
                              ../../saturnringlib/../modules/sgl/LIB/LIBCD.A(GFS_CDC.O) (CDC_GetCurStat)
../../saturnringlib/../modules/sgl/LIB/LIBCD.A(CDC_DRV.O)
                              ../../saturnringlib/../modules/sgl/LIB/LIBCD.A(GFS_CDC.O) (CDC_CdPlay)
../../saturnringlib/../modules/sgl/LIB/LIBCD.A(CDC_DEV.O)
                              ../../saturnringlib/../modules/sgl/LIB/LIBCD.A(GFS_CDC.O) (CDC_CdSetCon)
../../saturnringlib/../modules/sgl/LIB/LIBCD.A(CDC_SEL.O)
                              ../../saturnringlib/../modules/sgl/LIB/LIBCD.A(GFS_CDC.O) (CDC_SetFiltRange)
../../saturnringlib/../modules/sgl/LIB/LIBCD.A(CDC_BIF.O)
                              ../../saturnringlib/../modules/sgl/LIB/LIBCD.A(GFS_CDC.O) (CDC_GetBufSiz)
../../saturnringlib/../modules/sgl/LIB/LIBCD.A(CDC_BIO.O)
                              ../../saturnringlib/../modules/sgl/LIB/LIBCD.A(GFS_CDC.O) (CDC_SetSctLen)
../../saturnringlib/../modules/sgl/LIB/LIBCD.A(CDC_CFS.O)
                              ../../saturnringlib/../modules/sgl/LIB/LIBCD.A(GFS_CDC.O) (CDC_ChgDir)
../../saturnringlib/../modules/sgl/LIB/LIBCD.A(CDC_REG.O)
                              ../../saturnringlib/../modules/sgl/LIB/LIBCD.A(GFS_CDB.O) (CDC_GetDataPtr)
../../saturnringlib/../modules/sgl/LIB/LIBCD.A(CDC_SUB.O)
                              ../../saturnringlib/../modules/sgl/LIB/LIBCD.A(CDC_CMN.O) (CDSUB_UpdStatus)
../../saturnringlib/../modules/sgl/LIB/LIBSGL.A(sglB001.o)
                              src/main.o (slTVOn)
../../saturnringlib/../modules/sgl/LIB/LIBSGL.A(sglB002.o)
                              src/main.o (slColRAMMode)
../../saturnringlib/../modules/sgl/LIB/LIBSGL.A(sglB015.o)
                              src/main.o (slScrAutoDisp)
../../saturnringlib/../modules/sgl/LIB/LIBSGL.A(sglB016.o)
                              src/main.o (slBack1ColSet)
../../saturnringlib/../modules/sgl/LIB/LIBSGL.A(sglB031.o)
                              src/scenes/start_cave.o (slMapNbg0)
../../saturnringlib/../modules/sgl/LIB/LIBSGL.A(sglB034.o)
                              src/main.o (slMapNbg3)
../../saturnringlib/../modules/sgl/LIB/LIBSGL.A(sglB038.o)
                              src/main.o (slRparaInitSet)
../../saturnringlib/../modules/sgl/LIB/LIBSGL.A(sglB055.o)
                              src/scenes/start_cave.o (slPlaneNbg0)
../../saturnringlib/../modules/sgl/LIB/LIBSGL.A(sglB058.o)
                              src/main.o (slPlaneNbg3)
../../saturnringlib/../modules/sgl/LIB/LIBSGL.A(sglB063.o)
                              src/main.o (slPriority)
../../saturnringlib/../modules/sgl/LIB/LIBSGL.A(sglB070.o)
                              src/scenes/start_cave.o (slScrPosNbg0)
../../saturnringlib/../modules/sgl/LIB/LIBSGL.A(sglB200.o)
                              src/scenes/start_cave.o (slCharNbg0)
../../saturnringlib/../modules/sgl/LIB/LIBSGL.A(sglC04.o)
                              src/main.o (slZdspLevel)
../../saturnringlib/../modules/sgl/LIB/LIBSGL.A(sglC16.o)
                              src/main.o (slDynamicFrame)
../../saturnringlib/../modules/sgl/LIB/LIBSGL.A(sglC17.o)
                              src/scenes/title_screen.o (slDispSpriteHV)
../../saturnringlib/../modules/sgl/LIB/LIBSGL.A(sglC20.o)
                              ../../saturnringlib/../modules/sgl/LIB/LIBSGL.A(sglC17.o) (SpriteEntry)
../../saturnringlib/../modules/sgl/LIB/LIBSGL.A(sglC21.o)
                              ../../saturnringlib/../modules/sgl/LIB/LIBSGL.A(sglC17.o) (RotSprite)
../../saturnringlib/../modules/sgl/LIB/LIBSGL.A(sglD00.o)
                              src/main.o (slDMACopy)
../../saturnringlib/../modules/sgl/LIB/LIBSGL.A(sglD01.o)
                              ../../saturnringlib/../modules/sgl/LIB/LIBCD.A(GFS_TRN.O) (slDMAXCopy)
../../saturnringlib/../modules/sgl/LIB/LIBSGL.A(sglD02.o)
[...]
Memory Configuration

Name             Origin             Length             Attributes
*default*        0x00000000         0xffffffff

Linker script and memory map


PRELOADER       0x06004000       0xd0
                0x06004000                        ___Preloader = .
 *(PRELOADER)
 PRELOADER      0x06004000       0xc4 ../../saturnringlib/../modules/sgl/SRC/preloader.o
                0x06004000                PreLoader

SLSTART         0x060040d0       0x30
                0x060040d0                        ___Start = .
 *(SLSTART)
 SLSTART        0x060040d0       0x28 ../../saturnringlib/../modules/sgl/LIB/LIBSGL.A(sglI00.o)
                0x060040d0                SGL_Start
                0x060040d2                slStartSGL

.text           0x06004100    0x10720
 *(.text*)
 .text          0x06004100        0x0 ../../saturnringlib/../modules/sgl/LIB/../SRC/workarea.o
 .text          0x06004100        0x4 ../../saturnringlib/../modules/sgl/SRC/preloader.o
                0x06004100                __cxa_pure_virtual
 .text          0x06004104        0x4 src/main.o
 .text._ZN3SRL4Core14VblankHandlingEv
                0x06004108      0x158 src/main.o
                0x06004108                SRL::Core::VblankHandling()
 .text._ZN3SRL6Memory4FreeEPv
                0x06004260      0x114 src/main.o
                0x06004260                SRL::Memory::Free(void*)
 .text._ZN3SRL2TV13SetScreenSizeENS0_11ResolutionsE
                0x06004374      0x170 src/main.o
                0x06004374                SRL::TV::SetScreenSize(SRL::TV::Resolutions)
 .text._ZN3SRL4VDP210InitializeERKNS_5Types9HighColorE
                0x060044e4      0x1a0 src/main.o
                0x060044e4                SRL::VDP2::Initialize(SRL::Types::HighColor const&)
 .text._ZN3SRL5Input3Gun11SynchronizeEv
                0x06004684      0x1d0 src/main.o
                0x06004684                SRL::Input::Gun::Synchronize()
 .text.startup  0x06004854      0x420 src/main.o
                0x06004854                main
 .text._ZN3SRL5Types5EventIJEEC2Ev
                0x06004c74      0x17c src/main.o
                0x06004c74                SRL::Types::Event<>::Event()
                0x06004c74                SRL::Types::Event<>::Event()
 .text._ZN3SRL5Types5EventIJEED2Ev
                0x06004df0      0x1d0 src/main.o
                0x06004df0                SRL::Types::Event<>::~Event()
                0x06004df0                SRL::Types::Event<>::~Event()
 .text.exit     0x06004fc0       0x90 src/main.o
 .text          0x06005050      0x824 src/scenes/title_screen.o
                0x06005054                LoadGraphics()
                0x060053b4                title()
 .text._ZN3SRL6Bitmap3TGA7GetDataEv
                0x06005874        0x4 src/scenes/title_screen.o
                0x06005874                SRL::Bitmap::TGA::GetData()
 .text._ZNK3SRL6Bitmap3TGA7GetInfoEv
                0x06005878       0x4c src/scenes/title_screen.o
                0x06005878                SRL::Bitmap::TGA::GetInfo() const
 .text._ZN3SRL4Math5Types3FxpC2ERKS2_
                0x060058c4        0x8 src/scenes/title_screen.o
                0x060058c4                SRL::Math::Types::Fxp::Fxp(SRL::Math::Types::Fxp const&)
                0x060058c4                SRL::Math::Types::Fxp::Fxp(SRL::Math::Types::Fxp const&)
 .text._ZNK3SRL4Math5Types3Fxp8RawValueEv
                0x060058cc        0x4 src/scenes/title_screen.o
                0x060058cc                SRL::Math::Types::Fxp::RawValue() const
 .text._ZN3SRL6Bitmap3TGAD2Ev
                0x060058d0       0x54 src/scenes/title_screen.o
                0x060058d0                SRL::Bitmap::TGA::~TGA()
                0x060058d0                SRL::Bitmap::TGA::~TGA()
 .text._ZN3SRL6Bitmap3TGAD0Ev
                0x06005924       0x50 src/scenes/title_screen.o
                0x06005924                SRL::Bitmap::TGA::~TGA()
 .text._ZN3SRL6Memory15PlacementMallocEjm
                0x06005974      0x19c src/scenes/title_screen.o
                0x06005974                SRL::Memory::PlacementMalloc(unsigned int, unsigned long)
 .text._ZN3SRL6string10snprintfExEPciPKcz
                0x06005b10      0x394 src/scenes/title_screen.o
                0x06005b10                SRL::string::snprintfEx(char*, int, char const*, ...)
 .text._ZN3SRL6Bitmap3TGA13DecodePaletteEPhPKNS1_9TgaHeaderEl
                0x06005ea4      0x4b8 src/scenes/title_screen.o
                0x06005ea4                SRL::Bitmap::TGA::DecodePalette(unsigned char*, SRL::Bitmap::TGA::TgaHeader const*, long)
 .text._ZN3SRL6Bitmap3TGA17DecodeRlePalettedEPhPKNS1_9TgaHeaderERNS1_8ForRangeES7_
                0x0600635c      0x330 src/scenes/title_screen.o
                0x0600635c                SRL::Bitmap::TGA::DecodeRlePaletted(unsigned char*, SRL::Bitmap::TGA::TgaHeader const*, SRL::Bitmap::TGA::ForRange&, SRL::Bitmap::TGA::ForRange&)
 .text._ZN3SRL5Debug12AssertScreenIJEEEvPKcS3_S3_DpT_
                0x0600668c      0x718 src/scenes/title_screen.o
                0x0600668c                void SRL::Debug::AssertScreen<>(char const*, char const*, char const*)
 .text._ZN3SRL5Debug12AssertScreenIJPKcEEEvS3_S3_S3_DpT_
                0x06006da4      0x82c src/scenes/title_screen.o
                0x06006da4                void SRL::Debug::AssertScreen<char const*>(char const*, char const*, char const*, char const*)
 .text._ZN3SRL5Debug12AssertScreenIJssEEEvPKcS3_S3_DpT_
                0x060075d0      0x840 src/scenes/title_screen.o
                0x060075d0                void SRL::Debug::AssertScreen<short, short>(char const*, char const*, char const*, short, short)
 .text._ZN3SRL5Debug12AssertScreenIJaEEEvPKcS3_S3_DpT_
                0x06007e10      0x830 src/scenes/title_screen.o
                0x06007e10                void SRL::Debug::AssertScreen<signed char>(char const*, char const*, char const*, signed char)
 .text._ZN3SRL6Bitmap3TGA8LoadDataEPNS_2Cd4FileEPNS1_14LoaderSettingsE
                0x06008640      0xca4 src/scenes/title_screen.o
                0x06008640                SRL::Bitmap::TGA::LoadData(SRL::Cd::File*, SRL::Bitmap::TGA::LoaderSettings*)
 .text.startup  0x060092e4      0x1e4 src/scenes/title_screen.o
 .text.exit     0x060094c8       0x90 src/scenes/title_screen.o
 .text          0x06009558      0x694 src/scenes/start_cave.o
                0x0600955c                LoadCaveGraphics()
                0x06009958                start_cave()
 .text._ZN3SRL7Tilemap10Interfaces8Bmp2Tile11GetCellDataEv
                0x06009bec        0x4 src/scenes/start_cave.o
                0x06009bec                SRL::Tilemap::Interfaces::Bmp2Tile::GetCellData()
 .text._ZN3SRL7Tilemap10Interfaces8Bmp2Tile10GetMapDataEv
                0x06009bf0        0x4 src/scenes/start_cave.o
                0x06009bf0                SRL::Tilemap::Interfaces::Bmp2Tile::GetMapData()
 .text._ZN3SRL7Tilemap10Interfaces8Bmp2Tile10GetPalDataEv
                0x06009bf4        0x4 src/scenes/start_cave.o
                0x06009bf4                SRL::Tilemap::Interfaces::Bmp2Tile::GetPalData()
 .text._ZN3SRL7Tilemap10Interfaces8Bmp2Tile7GetInfoEv
                0x06009bf8       0x18 src/scenes/start_cave.o
                0x06009bf8                SRL::Tilemap::Interfaces::Bmp2Tile::GetInfo()
 .text._ZN3SRL4VDP24VRAM16AutoAllocateCellERNS_7Tilemap11TilemapInfoEt
                0x06009c10      0x248 src/scenes/start_cave.o
                0x06009c10                SRL::VDP2::VRAM::AutoAllocateCell(SRL::Tilemap::TilemapInfo&, unsigned short)
 .text._ZN3SRL7Tilemap10Interfaces8Bmp2Tile13ConvertBitmapERNS0_11TilemapInfoERNS_6Bitmap7IBitmapEib.isra.0
                0x06009e58      0x42c src/scenes/start_cave.o
 .text._ZN3SRL5Debug12AssertScreenIJlEEEvPKcS3_S3_DpT_
                0x0600a284      0x82c src/scenes/start_cave.o
                0x0600a284                void SRL::Debug::AssertScreen<long>(char const*, char const*, char const*, long)
 .text._ZN3SRL7Tilemap10Interfaces8Bmp2TileC2ERNS_6Bitmap7IBitmapEh
                0x0600aab0      0x394 src/scenes/start_cave.o
                0x0600aab0                SRL::Tilemap::Interfaces::Bmp2Tile::Bmp2Tile(SRL::Bitmap::IBitmap&, unsigned char)
                0x0600aab0                SRL::Tilemap::Interfaces::Bmp2Tile::Bmp2Tile(SRL::Bitmap::IBitmap&, unsigned char)
 .text._ZN3SRL4VDP212ScrollScreenINS0_4NBG0ELs1ELt1EE12SetMapLayoutEhhhh
                0x0600ae44      0x210 src/scenes/start_cave.o
                0x0600ae44                SRL::VDP2::ScrollScreen<SRL::VDP2::NBG0, (short)1, (unsigned short)1>::SetMapLayout(unsigned char, unsigned char, unsigned char, unsigned char)
 .text._ZN3SRL4VDP212ScrollScreenINS0_4NBG0ELs1ELt1EE11LoadTilemapERNS_7Tilemap8ITilemapE
                0x0600b054      0x638 src/scenes/start_cave.o
                0x0600b054                SRL::VDP2::ScrollScreen<SRL::VDP2::NBG0, (short)1, (unsigned short)1>::LoadTilemap(SRL::Tilemap::ITilemap&)
 .text.startup  0x0600b68c      0x1e4 src/scenes/start_cave.o
 .text.exit     0x0600b870       0x90 src/scenes/start_cave.o
 .text          0x0600b900      0x76c src/objects/player.o
                0x0600b914                player_init()
                0x0600b920                LoadPlayerSprite(char*)
                0x0600bc84                Player()
 .text.startup  0x0600c06c      0x1e4 src/objects/player.o
 .text.exit     0x0600c250       0x90 src/objects/player.o
 .text          0x0600c2e0     0x1adc ../../saturnringlib/../modules/sgl/LIB/LIBCD.A(GFS.O)
                0x0600c2e0                gfs_version
                0x0600c300                GFS_Init
                0x0600c3e8                GFS_LoadDir
                0x0600c490                GFS_SetDir
                0x0600c4f8                GFS_NameToId
                0x0600c55c                GFS_IdToName
                0x0600c5c8                GFS_GetDirInfo
                0x0600c638                GFS_Reset
                0x0600c6bc                GFS_Open
                0x0600c770                GFS_Close
                0x0600c7a8                GFS_Seek
                0x0600c85c                GFS_Tell
                0x0600c8ac                GFS_IsEof
                0x0600c900                GFS_ByteToSct
                0x0600c95c                GFS_GetFileSize
                0x0600c9b8                GFS_GetFileInfo
                0x0600ca2c                GFS_GetNumCdbuf
                0x0600ca54                GFS_Load
                0x0600cb18                GFS_Fread
                0x0600cbb4                gfs_waitRead
                0x0600cc5c                GFS_NwFread
                0x0600cd68                GFS_NwCdRead
                0x0600cde0                GFS_NwIsComplete
                0x0600ce18                GFS_NwStop
                0x0600ce84                GFS_NwGetStat
                0x0600cf00                gfs_recovRdErr
                0x0600cf30                GFS_NwExecOne
                0x0600cff0                GFS_NwExecServer
                0x0600d06c                GFS_SetGmode
                0x0600d0d0                GFS_SetTmode
                0x0600d13c                GFS_SetReadPara
                0x0600d1a0                GFS_SetTransPara
                0x0600d20c                GFS_SetTrFunc
                0x0600d270                GFS_StartTrans
                0x0600d2bc                GFS_CdMovePickup
                0x0600d328                GFS_SetErrFunc
                0x0600d354                GFS_GetErrStat
                0x0600d378                GFS_ConvTno
                0x0600d3a0                gfs_chgRoot
                0x0600d46c                gfs_aborttrans
                0x0600d478                gfs_mngSetupFuncTbl
                0x0600d4ac                gfs_mngInitWork
                0x0600d550                gfs_mngGetNumFile
                0x0600d5b8                GFS_mngAllocGrp
                0x0600d600                gfs_mngFreeGrp
                0x0600d60c                gfs_mngTermAccess
                0x0600d690                gfs_mngSetErrCode
                0x0600d710                gfs_svrSearchHndl
                0x0600d750                gfs_svrAddHndl
                0x0600d78c                gfs_svrRemoveHndl
                0x0600d7e8                GFS_OpenSub
                0x0600d840                gfs_loadVol
                0x0600d904                gfs_getRootDir
                0x0600da00                gfs_loadRootDir
                0x0600da88                gfs_flowIn
                0x0600db30                gfs_transData
                0x0600dbd4                GFS_GetFad
                0x0600dc2c                gfs_SetSct
                0x0600dc6c                gfs_GetFinfo
                0x0600dcac                gfs_closeSub
                0x0600dce8                gfs_getGmode
                0x0600dcf4                gfs_isTaskDone
                0x0600dd48                gfs_convFinStat
 *fill*         0x0600ddbc        0x4 
 .text          0x0600ddc0      0x106 ../../saturnringlib/../modules/sgl/LIB/LIBCD.A(GFS_BUF.O)
                0x0600ddf0                GFBF_GetTranData
                0x0600de18                GFBF_GetNumData
                0x0600de48                GFBF_GetSrcPk
                0x0600de70                GFBF_GetSctData
                0x0600de94                GFBF_RtnPk
                0x0600debc                gfbf_getSctDt
 *fill*         0x0600dec6        0xa 
 .text          0x0600ded0      0x600 ../../saturnringlib/../modules/sgl/LIB/LIBCD.A(GFS_CDB.O)
                0x0600ded0                GFCB_Setup
                0x0600dff0                GFCB_Close
                0x0600e018                GFCB_GetLenData
                0x0600e0c4                GFCB_GetLenRoom
                0x0600e0d0                GFCB_SetFilt
                0x0600e138                GFCB_DeleteAllData
                0x0600e160                GFCB_Tell
                0x0600e170                gfcb_getSctNum
                0x0600e1c0                GFCB_Seek
                0x0600e2bc                GFCB_GetSrcPack
                0x0600e39c                GFCB_GetSctData
                0x0600e3d4                GFCB_GetDstPack
                0x0600e3e0                GFCB_RtnPk
                0x0600e428                GFCB_MovePickup
                0x0600e444                GFCB_SetCon
                0x0600e478                GFCB_GetPickup
                0x0600e4a0                GFCB_IsPuOwner
                0x0600e4b8                GFCB_UngetPickup
 .text          0x0600e4d0     0x1a10 ../../saturnringlib/../modules/sgl/LIB/LIBCD.A(GFS_CDC.O)
                0x0600e4d0                GFCD_SetCdbfs
                0x0600e4fc                GFCD_Init
                0x0600e700                GFCD_AllocFilt
                0x0600e73c                GFCD_FreeFilt
                0x0600e76c                GFCD_AllocBuf
                0x0600e7a0                GFCD_FreeBuf
                0x0600e844                GFCD_GetBaseFad
                0x0600e878                GFCD_GetPickup
                0x0600e8ac                GFCD_UngetPickup
                0x0600e8d8                GFCD_IsPuOwner
                0x0600e8fc                GFCD_SetFilt
                0x0600e9c0                GFCD_GetFilt
                0x0600ea08                GFCD_SetCon
                0x0600ea60                GFCD_Play
                0x0600eac0                GFCD_GetLenData
                0x0600eb28                GFCD_ReqData
                0x0600eb84                GFCD_EndData
                0x0600ebcc                GFCD_DelSctData
                0x0600ec24                GFCD_CheckDelSctData
                0x0600ec54                GFCD_GetStat
                0x0600ed08                GFCD_MovePickup
                0x0600ed54                GFCD_MoveSctData
                0x0600edc8                GFCD_CheckMove
                0x0600edec                GFCD_GetSctInfo
                0x0600ee34                GFCD_ChgDir
                0x0600eea8                GFCD_SetFiltCon
                0x0600ef90                GFCD_GetFileInfo
                0x0600f06c                GFCD_GetBufSiz
                0x0600f0a4                GFCD_ExecServer
                0x0600f178                gfcd_isIdleTask
                0x0600f204                gfcd_doTask
                0x0600f2b0                GFCD_SetTimer
                0x0600f2c4                GFCD_WaitServer
                0x0600f300                gfcd_doSetFiltTsk
                0x0600f4c4                gfcd_doSetConTsk
                0x0600f554                gfcd_doGetLenDataTsk
                0x0600f6a8                gfcd_doReqDataTsk
                0x0600f748                gfcd_doDelSctDataTsk
                0x0600f87c                gfcd_doMoveSctTsk
                0x0600f9e0                gfcd_doChgDirTsk
                0x0600fbdc                gfcd_doSetFiltConTsk
                0x0600fd20                gfcd_checkEflag
                0x0600fd44                gfcd_initCdbMng
                0x0600fdc4                gfcd_setStat
                0x0600fdf0                GFCD_SetCsctFunc
                0x0600fe0c                GFCD_ChkScdqFlag
                0x0600fe30                GFCD_ClrScdqFlag
                0x0600fe4c                GFCD_WaitScdqFlag
                0x0600fe90                GFCD_WaitPause
 .text          0x0600fee0      0x8d8 ../../saturnringlib/../modules/sgl/LIB/LIBCD.A(GFS_CDF.O)
                0x0600fee0                GFCF_Init
                0x0600ff80                GFCF_Setup
                0x060100c8                GFCF_SetSct
                0x0601010c                GFCF_GetFileInfo
                0x06010180                GFCF_FlowInBuf
                0x060102d4                GFCF_StopInBuf
                0x06010374                GFCF_Recover
                0x060103bc                GFCF_Tell
                0x060103d4                GFCF_Seek
                0x060103ec                GFCF_MovePickup
                0x06010488                GFCF_cnvIntlvOfs
                0x060104dc                GFCF_GetStat
                0x06010574                gfcf_getSctSize
                0x060105b0                gfcf_isCdOk
                0x06010670                gfcf_getPlayRange
 *fill*         0x060107b8        0x8 
 .text          0x060107c0      0x92c ../../saturnringlib/../modules/sgl/LIB/LIBCD.A(GFS_DIR.O)
                0x060107c0                GFDR_SetupDirTbl
                0x06010834                GFDR_NameToId
                0x06010894                GFDR_GetInfoDirId
                0x060108a8                GFDR_GetInfoDirName
                0x060108bc                GFDR_GetAtrDirId
                0x060108d4                GFDR_GetAtrDirName
                0x060108ec                GFDR_ChgRoot
                0x06010904                GFDR_ChgDir
                0x06010978                gfdr_setupDirIdTbl
                0x060109fc                gfdr_setupDirNameTbl
                0x06010aa8                gfdr_open
                0x06010ad0                gfdr_read
                0x06010b90                gfdr_readByte
                0x06010bbc                gfdr_readWord
                0x06010be8                gfdr_readWordNB
                0x06010c3c                gfdr_readLongNB
                0x06010c88                gfdr_readLongNM
                0x06010cb0                gfdr_setNextRec
                0x06010d34                gfdr_readDirEnt
                0x060110b0                gfdr_setDirrecCd
 *fill*         0x060110ec        0x4 
 .text          0x060110f0      0x9c6 ../../saturnringlib/../modules/sgl/LIB/LIBCD.A(GFS_TRN.O)
                0x06011120                GFTR_Setup
                0x06011164                GFTR_SetMode
                0x06011178                GFTR_SetUnit
                0x06011184                GFTR_SetTransPara
                0x060111b8                GFTR_GetTransPara
                0x060111c4                GFTR_GetNumTrans
                0x060111d0                GFTR_SetTransMax
                0x060111dc                GFTR_Start
                0x060111e8                GFTR_Pause
                0x060111f4                GFTR_Stop
                0x060112ac                GFTR_Exec
                0x06011330                GFTR_Idle
                0x060113a8                GFTR_ExecSvr
                0x060114b0                gftr_getSrcPack
                0x06011538                gftr_getDstPack
                0x06011594                gftr_reqScu
                0x060115a0                gftr_execScu
                0x0601163c                gftr_remScu
                0x06011670                gfdma_canUse
                0x0601167c                gfdma_exec
                0x060116ec                gfdma_getBytecnt
                0x06011724                gftr_reqDma0
                0x0601173c                gftr_execSdma0
                0x06011760                gftr_remDma0
                0x06011778                gftr_reqDma1
                0x06011790                gftr_execSdma1
                0x060117b4                gftr_remDma1
                0x060117cc                gftr_reqCpu
                0x060117d8                gftr_execCpu
                0x06011818                gftr_remCpu
                0x06011824                gftr_reqTrn
                0x06011894                gftr_execTrn
                0x0601196c                gftr_remTrn
                0x060119e0                gftr_copyFrac
                0x06011a08                GFTR_GetLenData
                0x06011a14                GFTR_GetLenRoom
                0x06011a2c                GFTR_GetDstPack
                0x06011a60                GFTR_RtnDstPk
                0x06011a7c                GFTR_GetData
                0x06011a90                GFTR_SetData
                0x06011aa4                GFTR_SetTransFunc
 *fill*         0x06011ab6        0xa 
 .text          0x06011ac0      0x3a0 ../../saturnringlib/../modules/sgl/LIB/LIBCD.A(CDC_CMN.O)
                0x06011ac0                CDC_GetCurStat
                0x06011b10                CDC_GetLastStat
                0x06011b28                CDC_GetPeriStat
                0x06011bfc                CDC_GetHwInfo
                0x06011c64                CDC_TgetToc
                0x06011cb4                CDC_GetSes
                0x06011cf0                CDC_CdInit
                0x06011d74                CDC_CdOpen
                0x06011d9c                CDC_DataReady
                0x06011e08                CDC_DataEnd
 .text          0x06011e60      0x130 ../../saturnringlib/../modules/sgl/LIB/LIBCD.A(CDC_DRV.O)
                0x06011e60                CDC_CdPlay
                0x06011f2c                CDC_CdSeek
                0x06011f60                CDC_CdScan
 .text          0x06011f90       0xa8 ../../saturnringlib/../modules/sgl/LIB/LIBCD.A(CDC_DEV.O)
                0x06011f90                CDC_CdSetCon
                0x06011fc0                CDC_CdGetCon
                0x06011ffc                CDC_CdGetLastBuf
 *fill*         0x06012038        0x8 
 .text          0x06012040      0x2b8 ../../saturnringlib/../modules/sgl/LIB/LIBCD.A(CDC_SEL.O)
                0x06012040                CDC_SetFiltRange
                0x06012074                CDC_GetFiltRange
                0x060120cc                CDC_SetFiltSubh
                0x0601213c                CDC_GetFiltSubh
                0x060121b8                CDC_SetFiltMode
                0x060121ec                CDC_GetFiltMode
                0x06012230                CDC_SetFiltCon
                0x06012270                CDC_GetFiltCon
                0x060122c4                CDC_ResetSelector
 *fill*         0x060122f8        0x8 
 .text          0x06012300      0x270 ../../saturnringlib/../modules/sgl/LIB/LIBCD.A(CDC_BIF.O)
                0x06012300                CDC_GetBufSiz
                0x0601235c                CDC_GetSctNum
                0x060123a0                CDC_CalActSiz
                0x060123dc                CDC_GetActSiz
                0x0601245c                CDC_GetSctInfo
                0x060124dc                CDC_ExeFadSearch
                0x06012514                CDC_GetFadSearch
 .text          0x06012570      0x1e4 ../../saturnringlib/../modules/sgl/LIB/LIBCD.A(CDC_BIO.O)
                0x06012570                CDC_SetSctLen
                0x060125a4                CDC_GetSctData
                0x060125e0                CDC_DelSctData
                0x0601261c                CDC_GetdelSctData
                0x06012658                CDC_PutSctData
                0x06012690                CDC_CopySctData
                0x060126d4                CDC_MoveSctData
                0x06012718                CDC_GetCopyErr
 *fill*         0x06012754        0xc 
 .text          0x06012760      0x194 ../../saturnringlib/../modules/sgl/LIB/LIBCD.A(CDC_CFS.O)
                0x06012760                CDC_ChgDir
                0x06012794                CDC_ReadDir
                0x060127c8                CDC_GetFileScope
                0x06012828                CDC_TgetFileInfo
                0x06012884                CDC_ReadFile
                0x060128b8                CDC_AbortFile
 *fill*         0x060128f4        0xc 
 .text          0x06012900      0x2dc ../../saturnringlib/../modules/sgl/LIB/LIBCD.A(CDC_REG.O)
                0x06012900                CDC_GetDataPtr
                0x06012910                CDC_GetHirqReq
                0x06012924                CDC_ClrHirqReq
                0x06012954                CDREG_ClrHirqReq
                0x06012964                CDREG_InitHirqReq
                0x0601298c                CDREG_SetHirqFlag
                0x060129a0                CDC_GetHirqMsk
                0x060129b4                CDC_SetHirqMsk
                0x060129c4                CDC_GetMpegPtr
                0x060129d4                CDREG_TgetData
                0x06012a30                CDREG_CmdRsp
                0x06012b30                CDREG_WaitHirq
                0x06012ba0                CDREG_ReadRsp
 *fill*         0x06012bdc        0x4 
 .text          0x06012be0      0x152 ../../saturnringlib/../modules/sgl/LIB/LIBCD.A(CDC_SUB.O)
                0x06012be0                CDSUB_UpdStatus
                0x06012bf8                CDSUB_UpdCdstat
                0x06012c18                CDSUB_CdCmd
                0x06012c88                CDSUB_GetCdstat
                0x06012cc8                CDSUB_RspToCdstat
                0x06012d10                CDSUB_SoftTimer
 *fill*         0x06012d32        0xe 
 .text          0x06012d40        0x0 ../../saturnringlib/../modules/sgl/LIB/LIBSGL.A(sglB001.o)
 .text          0x06012d40        0x0 ../../saturnringlib/../modules/sgl/LIB/LIBSGL.A(sglB002.o)
 .text          0x06012d40        0x0 ../../saturnringlib/../modules/sgl/LIB/LIBSGL.A(sglB015.o)
 .text          0x06012d40        0x0 ../../saturnringlib/../modules/sgl/LIB/LIBSGL.A(sglB016.o)
 .text          0x06012d40        0x0 ../../saturnringlib/../modules/sgl/LIB/LIBSGL.A(sglB031.o)
 .text          0x06012d40        0x0 ../../saturnringlib/../modules/sgl/LIB/LIBSGL.A(sglB034.o)
 .text          0x06012d40        0x0 ../../saturnringlib/../modules/sgl/LIB/LIBSGL.A(sglB038.o)
 .text          0x06012d40        0x0 ../../saturnringlib/../modules/sgl/LIB/LIBSGL.A(sglB055.o)
 .text          0x06012d40        0x0 ../../saturnringlib/../modules/sgl/LIB/LIBSGL.A(sglB058.o)
 .text          0x06012d40        0x0 ../../saturnringlib/../modules/sgl/LIB/LIBSGL.A(sglB063.o)
 .text          0x06012d40        0x0 ../../saturnringlib/../modules/sgl/LIB/LIBSGL.A(sglB070.o)
 .text          0x06012d40        0x0 ../../saturnringlib/../modules/sgl/LIB/LIBSGL.A(sglB200.o)
 .text          0x06012d40        0x0 ../../saturnringlib/../modules/sgl/LIB/LIBSGL.A(sglC04.o)
 .text          0x06012d40        0x0 ../../saturnringlib/../modules/sgl/LIB/LIBSGL.A(sglC16.o)
 .text          0x06012d40        0x0 ../../saturnringlib/../modules/sgl/LIB/LIBSGL.A(sglC17.o)
 .text          0x06012d40        0x0 ../../saturnringlib/../modules/sgl/LIB/LIBSGL.A(sglC20.o)
 .text          0x06012d40        0x0 ../../saturnringlib/../modules/sgl/LIB/LIBSGL.A(sglC21.o)
 .text          0x06012d40        0x0 ../../saturnringlib/../modules/sgl/LIB/LIBSGL.A(sglD00.o)
 .text          0x06012d40        0x0 ../../saturnringlib/../modules/sgl/LIB/LIBSGL.A(sglD01.o)
 .text          0x06012d40        0x0 ../../saturnringlib/../modules/sgl/LIB/LIBSGL.A(sglD02.o)
 .text          0x06012d40        0x0 ../../saturnringlib/../modules/sgl/LIB/LIBSGL.A(sglD03.o)
 .text          0x06012d40        0x0 ../../saturnringlib/../modules/sgl/LIB/LIBSGL.A(sglD15.o)
 .text          0x06012d40        0x0 ../../saturnringlib/../modules/sgl/LIB/LIBSGL.A(sglD16.o)
 .text          0x06012d40        0x0 ../../saturnringlib/../modules/sgl/LIB/LIBSGL.A(sglD17.o)
 .text          0x06012d40        0x0 ../../saturnringlib/../modules/sgl/LIB/LIBSGL.A(sglD18.o)
 .text          0x06012d40        0x0 ../../saturnringlib/../modules/sgl/LIB/LIBSGL.A(sglF00.o)
 .text          0x06012d40        0x0 ../../saturnringlib/../modules/sgl/LIB/LIBSGL.A(sglH00.o)
 .text          0x06012d40        0x0 ../../saturnringlib/../modules/sgl/LIB/LIBSGL.A(sglH02.o)
 .text          0x06012d40        0x0 ../../saturnringlib/../modules/sgl/LIB/LIBSGL.A(sglH04.o)
 .text          0x06012d40        0x0 ../../saturnringlib/../modules/sgl/LIB/LIBSGL.A(sglI01.o)
 .text          0x06012d40        0x0 ../../saturnringlib/../modules/sgl/LIB/LIBSGL.A(sglI04.o)
 .text          0x06012d40      0x128 ../../saturnringlib/../modules/sgl/LIB/LIBSGL.A(sglIc0.o)
                0x06012d40                slInitSystem
 *fill*         0x06012e68        0x8 
 .text          0x06012e70        0x0 ../../saturnringlib/../modules/sgl/LIB/LIBSGL.A(sglJ00.o)
 .text          0x06012e70        0x0 ../../saturnringlib/../modules/sgl/LIB/LIBSGL.A(sglJ01.o)
 .text          0x06012e70        0x0 ../../saturnringlib/../modules/sgl/LIB/LIBSGL.A(sglJ02.o)
 .text          0x06012e70        0x0 ../../saturnringlib/../modules/sgl/LIB/LIBSGL.A(sglJ03.o)
 .text          0x06012e70        0x0 ../../saturnringlib/../modules/sgl/LIB/LIBSGL.A(sglJ04.o)
 .text          0x06012e70        0x0 ../../saturnringlib/../modules/sgl/LIB/LIBSGL.A(sglJ05.o)
 .text          0x06012e70        0x0 ../../saturnringlib/../modules/sgl/LIB/LIBSGL.A(sglK01.o)
 .text          0x06012e70        0x0 ../../saturnringlib/../modules/sgl/LIB/LIBSGL.A(sglM01.o)
 .text          0x06012e70        0x0 ../../saturnringlib/../modules/sgl/LIB/LIBSGL.A(sglA00.o)
 .text          0x06012e70        0x0 ../../saturnringlib/../modules/sgl/LIB/LIBSGL.A(sglA01.o)
 .text          0x06012e70        0x0 ../../saturnringlib/../modules/sgl/LIB/LIBSGL.A(sglA20.o)
 .text          0x06012e70        0x0 ../../saturnringlib/../modules/sgl/LIB/LIBSGL.A(sglB000.o)
 .text          0x06012e70        0x0 ../../saturnringlib/../modules/sgl/LIB/LIBSGL.A(sglB035.o)
 .text          0x06012e70        0x0 ../../saturnringlib/../modules/sgl/LIB/LIBSGL.A(sglC00.o)
 .text          0x06012e70        0x0 ../../saturnringlib/../modules/sgl/LIB/LIBSGL.A(sglI00.o)
 .text          0x06012e70        0x0 ../../saturnringlib/../modules/sgl/LIB/LIBSGL.A(sglH03.o)
 .text          0x06012e70       0x52 /home/toaster/Programming/Saturn/SaturnRingLib/Compiler/linux/sh2eb-elf/bin/../lib/gcc/sh-elf/14.2.0/libgcc.a(_ashiftrt.o)
                0x06012e70                __ashiftrt_r4_31
                0x06012e70                __ashiftrt_r4_32
                0x06012e76                __ashiftrt_r4_30
                0x06012e78                __ashiftrt_r4_29
                0x06012e7a                __ashiftrt_r4_28
                0x06012e7c                __ashiftrt_r4_27
                0x06012e7e                __ashiftrt_r4_26
                0x06012e80                __ashiftrt_r4_25
                0x06012e82                __ashiftrt_r4_24
                0x06012e8a                __ashiftrt_r4_23
                0x06012e8c                __ashiftrt_r4_22
                0x06012e8e                __ashiftrt_r4_21
                0x06012e90                __ashiftrt_r4_20
                0x06012e92                __ashiftrt_r4_19
                0x06012e94                __ashiftrt_r4_18
                0x06012e96                __ashiftrt_r4_17
                0x06012e98                __ashiftrt_r4_16
                0x06012e9e                __ashiftrt_r4_15
                0x06012ea0                __ashiftrt_r4_14
                0x06012ea2                __ashiftrt_r4_13
                0x06012ea4                __ashiftrt_r4_12
                0x06012ea6                __ashiftrt_r4_11
                0x06012ea8                __ashiftrt_r4_10
                0x06012eaa                __ashiftrt_r4_9
                0x06012eac                __ashiftrt_r4_8
                0x06012eae                __ashiftrt_r4_7
                0x06012eb0                __ashiftrt_r4_6
                0x06012eb2                __ashiftrt_r4_5
                0x06012eb4                __ashiftrt_r4_4
                0x06012eb6                __ashiftrt_r4_3
                0x06012eb8                __ashiftrt_r4_2
                0x06012eba                __ashiftrt_r4_1
                0x06012ebe                __ashiftrt_r4_0
 *fill*         0x06012ec2        0x2 
 .text          0x06012ec4       0x80 /home/toaster/Programming/Saturn/SaturnRingLib/Compiler/linux/sh2eb-elf/bin/../lib/gcc/sh-elf/14.2.0/libgcc.a(_ashiftrt_n.o)
                0x06012ec4                __ashrsi3
 .text          0x06012f44       0xbc /home/toaster/Programming/Saturn/SaturnRingLib/Compiler/linux/sh2eb-elf/bin/../lib/gcc/sh-elf/14.2.0/libgcc.a(_ashiftlt.o)
                0x06012f44                __ashlsi3
                0x06012f48                __ashlsi3_r0
 .text          0x06013000       0xbc /home/toaster/Programming/Saturn/SaturnRingLib/Compiler/linux/sh2eb-elf/bin/../lib/gcc/sh-elf/14.2.0/libgcc.a(_lshiftrt.o)
                0x06013000                __lshrsi3
                0x06013004                __lshrsi3_r0
 .text          0x060130bc       0xa0 /home/toaster/Programming/Saturn/SaturnRingLib/Compiler/linux/sh2eb-elf/bin/../lib/gcc/sh-elf/14.2.0/libgcc.a(_sdivsi3.o)
                0x060130bc                __sdivsi3
 .text          0x0601315c       0x6c /home/toaster/Programming/Saturn/SaturnRingLib/Compiler/linux/sh2eb-elf/bin/../lib/gcc/sh-elf/14.2.0/libgcc.a(_udivsi3.o)
                0x0601317e                __udivsi3
 .text          0x060131c8       0x18 /home/toaster/Programming/Saturn/SaturnRingLib/Compiler/linux/sh2eb-elf/bin/../lib/gcc/sh-elf/14.2.0/../../../../sh-elf/lib/libc.a(libc_a-abort.o)
                0x060131c8                abort
 .text          0x060131e0      0x108 /home/toaster/Programming/Saturn/SaturnRingLib/Compiler/linux/sh2eb-elf/bin/../lib/gcc/sh-elf/14.2.0/../../../../sh-elf/lib/libc.a(libc_a-snprintf.o)
                0x060131e0                _sniprintf_r
                0x060131e0                _snprintf_r
                0x06013260                sniprintf
                0x06013260                snprintf
 .text          0x060132e8       0x1e /home/toaster/Programming/Saturn/SaturnRingLib/Compiler/linux/sh2eb-elf/bin/../lib/gcc/sh-elf/14.2.0/../../../../sh-elf/lib/libc.a(libc_a-memcmp.o)
                0x060132e8                memcmp
 .text          0x06013306       0x26 /home/toaster/Programming/Saturn/SaturnRingLib/Compiler/linux/sh2eb-elf/bin/../lib/gcc/sh-elf/14.2.0/../../../../sh-elf/lib/libc.a(libc_a-strncmp.o)
                0x06013306                strncmp
 .text          0x0601332c       0x32 /home/toaster/Programming/Saturn/SaturnRingLib/Compiler/linux/sh2eb-elf/bin/../lib/gcc/sh-elf/14.2.0/../../../../sh-elf/lib/libc.a(libc_a-strncpy.o)
                0x0601332c                strncpy
 *fill*         0x0601335e        0x2 
 .text          0x06013360      0x1a8 /home/toaster/Programming/Saturn/SaturnRingLib/Compiler/linux/sh2eb-elf/bin/../lib/gcc/sh-elf/14.2.0/../../../../sh-elf/lib/libc.a(libc_a-signal.o)
                0x06013360                _init_signal_r
                0x060133a0                _signal_r
                0x060133ec                _raise_r
                0x0601345c                __sigtramp_r
                0x060134bc                raise
                0x060134d0                signal
                0x060134e4                _init_signal
                0x060134f4                __sigtramp
 .text          0x06013508        0x0 /home/toaster/Programming/Saturn/SaturnRingLib/Compiler/linux/sh2eb-elf/bin/../lib/gcc/sh-elf/14.2.0/../../../../sh-elf/lib/libc.a(libc_a-impure.o)
 .text          0x06013508       0x40 /home/toaster/Programming/Saturn/SaturnRingLib/Compiler/linux/sh2eb-elf/bin/../lib/gcc/sh-elf/14.2.0/../../../../sh-elf/lib/libc.a(libc_a-signalr.o)
                0x06013508                _kill_r
                0x0601353c                _getpid_r
 .text          0x06013548       0x94 /home/toaster/Programming/Saturn/SaturnRingLib/Compiler/linux/sh2eb-elf/bin/../lib/gcc/sh-elf/14.2.0/../../../../sh-elf/lib/libc.a(libc_a-memcpy.o)
                0x06013548                memcpy
 .text          0x060135dc       0x40 /home/toaster/Programming/Saturn/SaturnRingLib/Compiler/linux/sh2eb-elf/bin/../lib/gcc/sh-elf/14.2.0/../../../../sh-elf/lib/libc.a(libc_a-memset.o)
                0x060135dc                memset
 .text          0x0601361c      0x194 /home/toaster/Programming/Saturn/SaturnRingLib/Compiler/linux/sh2eb-elf/bin/../lib/gcc/sh-elf/14.2.0/../../../../sh-elf/lib/libc.a(libc_a-mallocr.o)
                0x06013678                _malloc_r
 .text          0x060137b0        0x8 /home/toaster/Programming/Saturn/SaturnRingLib/Compiler/linux/sh2eb-elf/bin/../lib/gcc/sh-elf/14.2.0/../../../../sh-elf/lib/libc.a(libc_a-mlock.o)
                0x060137b0                __malloc_lock
                0x060137b4                __malloc_unlock
 .text          0x060137b8      0x42c /home/toaster/Programming/Saturn/SaturnRingLib/Compiler/linux/sh2eb-elf/bin/../lib/gcc/sh-elf/14.2.0/../../../../sh-elf/lib/libc.a(libc_a-nano-svfprintf.o)
                0x060137b8                __ssputs_r
                0x060138ac                __ssprint_r
                0x060139d4                _svfiprintf_r
                0x060139d4                _svfprintf_r
 .text          0x06013be4      0x374 /home/toaster/Programming/Saturn/SaturnRingLib/Compiler/linux/sh2eb-elf/bin/../lib/gcc/sh-elf/14.2.0/../../../../sh-elf/lib/libc.a(libc_a-nano-vfprintf_i.o)
                0x06013be4                _printf_common
                0x06013ce4                _printf_i
 .text          0x06013f58      0x1fc /home/toaster/Programming/Saturn/SaturnRingLib/Compiler/linux/sh2eb-elf/bin/../lib/gcc/sh-elf/14.2.0/../../../../sh-elf/lib/libc.a(libc_a-findfp.o)
                0x06014060                __sfp
                0x0601412c                __sinit
 .text          0x06014154       0x58 /home/toaster/Programming/Saturn/SaturnRingLib/Compiler/linux/sh2eb-elf/bin/../lib/gcc/sh-elf/14.2.0/../../../../sh-elf/lib/libc.a(libc_a-fwalk.o)
                0x06014154                _fwalk_sglue
 .text          0x060141ac       0xdc /home/toaster/Programming/Saturn/SaturnRingLib/Compiler/linux/sh2eb-elf/bin/../lib/gcc/sh-elf/14.2.0/../../../../sh-elf/lib/libc.a(libc_a-stdio.o)
                0x060141ac                __sread
                0x060141e4                __seofread
                0x060141e8                __swrite
                0x06014238                __sseek
                0x06014278                __sclose
 .text          0x06014288       0x1c /home/toaster/Programming/Saturn/SaturnRingLib/Compiler/linux/sh2eb-elf/bin/../lib/gcc/sh-elf/14.2.0/../../../../sh-elf/lib/libc.a(libc_a-memchr.o)
                0x06014288                memchr
 .text          0x060142a4       0x3c /home/toaster/Programming/Saturn/SaturnRingLib/Compiler/linux/sh2eb-elf/bin/../lib/gcc/sh-elf/14.2.0/../../../../sh-elf/lib/libc.a(libc_a-memmove.o)
                0x060142a4                memmove
 .text          0x060142e0       0x30 /home/toaster/Programming/Saturn/SaturnRingLib/Compiler/linux/sh2eb-elf/bin/../lib/gcc/sh-elf/14.2.0/../../../../sh-elf/lib/libc.a(libc_a-closer.o)
                0x060142e0                _close_r
 .text          0x06014310       0xa4 /home/toaster/Programming/Saturn/SaturnRingLib/Compiler/linux/sh2eb-elf/bin/../lib/gcc/sh-elf/14.2.0/../../../../sh-elf/lib/libc.a(libc_a-reent.o)
                0x06014310                _reclaim_reent
 .text          0x060143b4       0x34 /home/toaster/Programming/Saturn/SaturnRingLib/Compiler/linux/sh2eb-elf/bin/../lib/gcc/sh-elf/14.2.0/../../../../sh-elf/lib/libc.a(libc_a-lseekr.o)
                0x060143b4                _lseek_r
 .text          0x060143e8       0x34 /home/toaster/Programming/Saturn/SaturnRingLib/Compiler/linux/sh2eb-elf/bin/../lib/gcc/sh-elf/14.2.0/../../../../sh-elf/lib/libc.a(libc_a-readr.o)
                0x060143e8                _read_r
 .text          0x0601441c       0x30 /home/toaster/Programming/Saturn/SaturnRingLib/Compiler/linux/sh2eb-elf/bin/../lib/gcc/sh-elf/14.2.0/../../../../sh-elf/lib/libc.a(libc_a-sbrkr.o)
                0x0601441c                _sbrk_r
 .text          0x0601444c       0x34 /home/toaster/Programming/Saturn/SaturnRingLib/Compiler/linux/sh2eb-elf/bin/../lib/gcc/sh-elf/14.2.0/../../../../sh-elf/lib/libc.a(libc_a-writer.o)
                0x0601444c                _write_r
 .text          0x06014480       0xc4 /home/toaster/Programming/Saturn/SaturnRingLib/Compiler/linux/sh2eb-elf/bin/../lib/gcc/sh-elf/14.2.0/../../../../sh-elf/lib/libc.a(libc_a-freer.o)
                0x06014480                _free_r
 .text          0x06014544       0x98 /home/toaster/Programming/Saturn/SaturnRingLib/Compiler/linux/sh2eb-elf/bin/../lib/gcc/sh-elf/14.2.0/../../../../sh-elf/lib/libc.a(libc_a-reallocr.o)
                0x06014544                _realloc_r
 .text          0x060145dc      0x1a8 /home/toaster/Programming/Saturn/SaturnRingLib/Compiler/linux/sh2eb-elf/bin/../lib/gcc/sh-elf/14.2.0/../../../../sh-elf/lib/libc.a(libc_a-fflush.o)
                0x060145dc                __sflush_r
                0x06014714                _fflush_r
                0x06014754                fflush
 .text          0x06014784       0x16 /home/toaster/Programming/Saturn/SaturnRingLib/Compiler/linux/sh2eb-elf/bin/../lib/gcc/sh-elf/14.2.0/../../../../sh-elf/lib/libc.a(libc_a-msizer.o)
                0x06014784                _malloc_usable_size_r
 *fill*         0x0601479a        0x2 
 .text          0x0601479c       0x10 /home/toaster/Programming/Saturn/SaturnRingLib/Compiler/linux/sh2eb-elf/bin/../lib/gcc/sh-elf/14.2.0/../../../../sh-elf/lib/libnosys.a(close.o)
                0x0601479c                _close
 .text          0x060147ac       0x10 /home/toaster/Programming/Saturn/SaturnRingLib/Compiler/linux/sh2eb-elf/bin/../lib/gcc/sh-elf/14.2.0/../../../../sh-elf/lib/libnosys.a(getpid.o)
                0x060147ac                _getpid
 .text          0x060147bc       0x10 /home/toaster/Programming/Saturn/SaturnRingLib/Compiler/linux/sh2eb-elf/bin/../lib/gcc/sh-elf/14.2.0/../../../../sh-elf/lib/libnosys.a(kill.o)
                0x060147bc                _kill
 .text          0x060147cc       0x10 /home/toaster/Programming/Saturn/SaturnRingLib/Compiler/linux/sh2eb-elf/bin/../lib/gcc/sh-elf/14.2.0/../../../../sh-elf/lib/libnosys.a(lseek.o)
                0x060147cc                _lseek
 .text          0x060147dc       0x10 /home/toaster/Programming/Saturn/SaturnRingLib/Compiler/linux/sh2eb-elf/bin/../lib/gcc/sh-elf/14.2.0/../../../../sh-elf/lib/libnosys.a(read.o)
                0x060147dc                _read
 .text          0x060147ec       0x18 /home/toaster/Programming/Saturn/SaturnRingLib/Compiler/linux/sh2eb-elf/bin/../lib/gcc/sh-elf/14.2.0/../../../../sh-elf/lib/libnosys.a(sbrk.o)
                0x060147ec                _sbrk
 .text          0x06014804       0x10 /home/toaster/Programming/Saturn/SaturnRingLib/Compiler/linux/sh2eb-elf/bin/../lib/gcc/sh-elf/14.2.0/../../../../sh-elf/lib/libnosys.a(write.o)
                0x06014804                _write
 .text          0x06014814        0x4 /home/toaster/Programming/Saturn/SaturnRingLib/Compiler/linux/sh2eb-elf/bin/../lib/gcc/sh-elf/14.2.0/../../../../sh-elf/lib/libnosys.a(_exit.o)
                0x06014814                _exit
 *(.strings*)
 *(SEGA_P)
 *(.eh_frame_hdr*)
 *(.eh_frame*)
                0x06014818                        __etext = .

COMMON          0x06014820       0x20
 *(COMMON)
 COMMON         0x06014820        0xc ../../saturnringlib/../modules/sgl/LIB/LIBCD.A(GFS.O)
                0x06014820                GFMC_base
                0x06014824                gfs_mng_ptr
                0x06014828                gfs_use_scudma
 COMMON         0x0601482c        0xc ../../saturnringlib/../modules/sgl/LIB/LIBCD.A(GFS_CDC.O)
                0x0601482c                gfcd_fatal_err
                0x06014830                gfcd_work
                0x06014834                gfcd_playflag
 COMMON         0x06014838        0x8 ../../saturnringlib/../modules/sgl/LIB/LIBCD.A(GFS_CDF.O)
                0x06014838                gfcf_fad
                0x0601483c                gfcf_stat

SLPROG          0x06014840     0xa240
                0x06014840                        __slprog_start = .
 *(SLPROG)
 SLPROG         0x06014840       0x20 ../../saturnringlib/../modules/sgl/LIB/LIBSGL.A(sglB001.o)
                0x06014840                slTVOn
                0x0601484a                slTVOff
 SLPROG         0x06014860       0x1e ../../saturnringlib/../modules/sgl/LIB/LIBSGL.A(sglB002.o)
                0x06014860                slColRAMMode
 *fill*         0x0601487e        0x2 
 SLPROG         0x06014880      0x40c ../../saturnringlib/../modules/sgl/LIB/LIBSGL.A(sglB015.o)
                0x06014880                slScrAutoDisp
 *fill*         0x06014c8c        0x4 
 SLPROG         0x06014c90        0xc ../../saturnringlib/../modules/sgl/LIB/LIBSGL.A(sglB016.o)
                0x06014c90                slBack1ColSet
 *fill*         0x06014c9c        0x4 
 SLPROG         0x06014ca0       0xb0 ../../saturnringlib/../modules/sgl/LIB/LIBSGL.A(sglB031.o)
                0x06014ca0                slMapNbg0
 SLPROG         0x06014d50       0xb4 ../../saturnringlib/../modules/sgl/LIB/LIBSGL.A(sglB034.o)
                0x06014d50                slMapNbg3
 *fill*         0x06014e04        0xc 
 SLPROG         0x06014e10       0x70 ../../saturnringlib/../modules/sgl/LIB/LIBSGL.A(sglB038.o)
                0x06014e10                slRparaInitSet
 SLPROG         0x06014e80        0xc ../../saturnringlib/../modules/sgl/LIB/LIBSGL.A(sglB055.o)
                0x06014e80                slPlaneNbg0
 *fill*         0x06014e8c        0x4 
 SLPROG         0x06014e90       0x10 ../../saturnringlib/../modules/sgl/LIB/LIBSGL.A(sglB058.o)
                0x06014e90                slPlaneNbg3
 SLPROG         0x06014ea0        0xc ../../saturnringlib/../modules/sgl/LIB/LIBSGL.A(sglB063.o)
                0x06014ea0                slPriority
 *fill*         0x06014eac        0x4 
 SLPROG         0x06014eb0       0x34 ../../saturnringlib/../modules/sgl/LIB/LIBSGL.A(sglB070.o)
                0x06014eb0                slScrPosNbg0
 *fill*         0x06014ee4        0xc 
 SLPROG         0x06014ef0      0x114 ../../saturnringlib/../modules/sgl/LIB/LIBSGL.A(sglB200.o)
                0x06014ef0                slCharRbg0
                0x06014efc                slCharNbg0
                0x06014f08                slCharNbg1
                0x06014f14                slCharNbg2
                0x06014f2a                slCharNbg3
                0x06014f42                slPageRbg0
                0x06014f58                slPageNbg1
                0x06014f60                slPageNbg2
                0x06014f68                slPageNbg3
                0x06014f74                slPageNbg0
 *fill*         0x06015004        0xc 
 SLPROG         0x06015010       0x2c ../../saturnringlib/../modules/sgl/LIB/LIBSGL.A(sglC04.o)
                0x06015010                slZdspLevel
 *fill*         0x0601503c        0x4 
 SLPROG         0x06015040       0x54 ../../saturnringlib/../modules/sgl/LIB/LIBSGL.A(sglC16.o)
                0x06015040                slDynamicFrame
 *fill*         0x06015094        0xc 
 SLPROG         0x060150a0       0x4c ../../saturnringlib/../modules/sgl/LIB/LIBSGL.A(sglC17.o)
                0x060150a0                slDispSpriteHV
 *fill*         0x060150ec        0x4 
 SLPROG         0x060150f0       0x40 ../../saturnringlib/../modules/sgl/LIB/LIBSGL.A(sglC20.o)
                0x060150f0                SpriteEntry
 SLPROG         0x06015130      0x4ae ../../saturnringlib/../modules/sgl/LIB/LIBSGL.A(sglC21.o)
                0x060151b8                RotSprite
                0x06015246                SetSprPosition
 *fill*         0x060155de        0x2 
 SLPROG         0x060155e0       0x84 ../../saturnringlib/../modules/sgl/LIB/LIBSGL.A(sglD00.o)
                0x060155e0                slDMACopy
                0x060155e0                slCpuDMACopy
                0x0601563a                slCashPurge
                0x0601563a                CSH_AllClr
 *fill*         0x06015664        0xc 
 SLPROG         0x06015670       0xa0 ../../saturnringlib/../modules/sgl/LIB/LIBSGL.A(sglD01.o)
                0x06015670                slDMAXCopy
 SLPROG         0x06015710       0x10 ../../saturnringlib/../modules/sgl/LIB/LIBSGL.A(sglD02.o)
                0x06015710                slDMAWait
 SLPROG         0x06015720        0xc ../../saturnringlib/../modules/sgl/LIB/LIBSGL.A(sglD03.o)
                0x06015720                slDMAStatus
 *fill*         0x0601572c        0x4 
 SLPROG         0x06015730       0x20 ../../saturnringlib/../modules/sgl/LIB/LIBSGL.A(sglD15.o)
                0x06015730                CSH_Purge
 SLPROG         0x06015750       0x84 ../../saturnringlib/../modules/sgl/LIB/LIBSGL.A(sglD16.o)
                0x06015750                DMA_ScuSetPrm
                0x06015798                DMA_SCU_PRM0
 *fill*         0x060157d4        0xc 
 SLPROG         0x060157e0       0x88 ../../saturnringlib/../modules/sgl/LIB/LIBSGL.A(sglD17.o)
                0x060157e0                DMA_ScuStart
 *fill*         0x06015868        0x8 
 SLPROG         0x06015870       0x34 ../../saturnringlib/../modules/sgl/LIB/LIBSGL.A(sglD18.o)
                0x06015870                DMA_ScuGetStatus
 *fill*         0x060158a4        0xc 
 SLPROG         0x060158b0       0x4e ../../saturnringlib/../modules/sgl/LIB/LIBSGL.A(sglF00.o)
                0x060158b0                slCurScrn
                0x060158c0                slCurColor
                0x060158ca                slLocate
                0x060158fc                CurrentScreen
 *fill*         0x060158fe        0x2 
 SLPROG         0x06015900      0xfc8 ../../saturnringlib/../modules/sgl/LIB/LIBSGL.A(sglH00.o)
                0x06015918                slGetPortDir1
                0x06015920                slGetPortDir2
                0x06015928                slSetPortDir1
                0x06015952                slSetPortDir2
                0x0601598c                slGetPortData1
                0x06015994                slGetPortData2
                0x0601599c                slSetPortData1
                0x060159a6                slSetPortData2
                0x060159b8                slGetPortSelect1
                0x060159c2                slGetPortSelect2
                0x060159cc                slSetPortSelect1
                0x06015a00                slSetPortSelect2
                0x06015a3c                slGetPortExt1
                0x06015a46                slGetPortExt2
                0x06015a50                slSetPortExt1
                0x06015a80                slSetPortExt2
                0x06015bf4                slSmpcDirectAccess
                0x06015c74                slInitPeripheral
                0x06015d06                slSetResultBuffer
                0x06015d92                slCheckIntBackSet
                0x06015d9e                slIntBackCancel
                0x06015dc8                slCheckReset
                0x06015dd2                slClearReset
                0x06015f98                slSmpcCashSend
                0x06016054                slSmpcCashBlow
                0x06016130                slGetOptimize
                0x0601613a                slSetOptimize
                0x06016160                slGetPortMode1
                0x0601616c                slGetPortMode2
                0x0601617a                slSetPortMode1
                0x060161b8                slSetPortMode2
                0x06016344                slRequestCommand
                0x060163b4                Smpc_Status
                0x060163b8                Smpc_Result
                0x060163bc                Smpc_Peripheral
                0x060163c2                Per_Connect1
                0x060163c3                Per_Connect2
                0x060163e4                SmpcStatusBuf
 *fill*         0x060168c8        0x8 
 SLPROG         0x060168d0      0x470 ../../saturnringlib/../modules/sgl/LIB/LIBSGL.A(sglH02.o)
                0x06016cc0                smpc_pfr_tbl
                0x06016d00                smpc_ptf_tbl
 SLPROG         0x06016d40       0x60 ../../saturnringlib/../modules/sgl/LIB/LIBSGL.A(sglH04.o)
                0x06016d40                slComPrmIntBack
                0x06016d54                slComPrmSetMemory
                0x06016d6a                slComPrmSetTime
 SLPROG         0x06016da0      0x3a4 ../../saturnringlib/../modules/sgl/LIB/LIBSGL.A(sglI01.o)
                0x06016da0                slInitSynch
                0x06016dba                slSynch
                0x06016eb0                slRandom
                0x06016ece                PCM_EndCheck
                0x06016f8a                RetPCMBuf
                0x06017024                PCM_Buf
                0x060170c4                Sound_Buf
 *fill*         0x06017144        0xc 
 SLPROG         0x06017150       0x10 ../../saturnringlib/../modules/sgl/LIB/LIBSGL.A(sglI04.o)
                0x06017150                slIntFunction
 SLPROG         0x06017160       0x74 ../../saturnringlib/../modules/sgl/LIB/LIBSGL.A(sglJ00.o)
                0x06017160                InitSlaveSH
                0x060171c8                SlaveCommand
 *fill*         0x060171d4        0xc 
 SLPROG         0x060171e0      0x3d0 ../../saturnringlib/../modules/sgl/LIB/LIBSGL.A(sglJ01.o)
                0x060171e0                SlaveControl
                0x0601759c                ErasePolygonData
 SLPROG         0x060175b0     0x12b8 ../../saturnringlib/../modules/sgl/LIB/LIBSGL.A(sglJ02.o)
                0x060175b0                sbMakePolygon
                0x06017798                sbCalcPolygon
                0x060184d0                SetTexture
                0x060184dc                SetPolygon
                0x060184e4                SetPosition
                0x0601851c                stvtc_4
                0x060185d4                stvtc_3
                0x060187e4                stvtc_1
                0x060187f8                stvtc_2
                0x0601880c                stvtc_0
 *fill*         0x06018868        0x8 
 SLPROG         0x06018870      0x140 ../../saturnringlib/../modules/sgl/LIB/LIBSGL.A(sglJ03.o)
                0x06018870                sbMakeDMATable
 SLPROG         0x060189b0      0x470 ../../saturnringlib/../modules/sgl/LIB/LIBSGL.A(sglJ04.o)
                0x06018a0e                sbMakeSprite
                0x06018a74                sbMakeRotSprite
 SLPROG         0x06018e20       0x3c ../../saturnringlib/../modules/sgl/LIB/LIBSGL.A(sglJ05.o)
                0x06018e20                sbSortEntry
 *fill*         0x06018e5c        0x4 
 SLPROG         0x06018e60       0x6a ../../saturnringlib/../modules/sgl/LIB/LIBSGL.A(sglM01.o)
                0x06018e60                slSetDepthLimit
                0x06018e8c                slSetDepthTbl
                0x06018ebc                DepthWorkArea
 *fill*         0x06018eca        0x6 
 SLPROG         0x06018ed0       0x20 ../../saturnringlib/../modules/sgl/LIB/LIBSGL.A(sglA00.o)
                0x06018ed0                set_imask
                0x06018ed0                _builtin_set_imask
                0x06018ee4                get_imask
                0x06018ee4                _builtin_get_imask
 SLPROG         0x06018ef0     0x411e ../../saturnringlib/../modules/sgl/LIB/LIBSGL.A(sglA01.o)
                0x06018ef0                slSin
                0x06018f14                slCos
                0x06018f38                GetSinCos
                0x06018fcc                sin_cos_index_tbl
                0x0601900c                sin_tbl
 *fill*         0x0601d00e        0x2 
 SLPROG         0x0601d010      0x42c ../../saturnringlib/../modules/sgl/LIB/LIBSGL.A(sglA20.o)
                0x0601d010                slInitMatrix
                0x0601d01a                slPushUnitMatrix
                0x0601d02e                slUnitMatrix
 *fill*         0x0601d43c        0x4 
 SLPROG         0x0601d440      0xbd0 ../../saturnringlib/../modules/sgl/LIB/LIBSGL.A(sglB000.o)
                0x0601d440                slInitScroll
                0x0601d560                setASC_1to8
                0x0601d590                setASC_4to8
                0x0601d6a0                TVSizeTbl
                0x0601d720                TVModeTbl
                0x0601d8f8                SGL_ASCII_CG
 SLPROG         0x0601e010       0xd4 ../../saturnringlib/../modules/sgl/LIB/LIBSGL.A(sglB035.o)
                0x0601e010                sl1MapRA
                0x0601e0a2                rbank_set
 *fill*         0x0601e0e4        0xc 
 SLPROG         0x0601e0f0      0x134 ../../saturnringlib/../modules/sgl/LIB/LIBSGL.A(sglC00.o)
                0x0601e0f0                slInitSprite
 *fill*         0x0601e224        0xc 
 SLPROG         0x0601e230      0x75c ../../saturnringlib/../modules/sgl/LIB/LIBSGL.A(sglI00.o)
                0x0601e520                slInitInterrupt
 *fill*         0x0601e98c        0x4 
 SLPROG         0x0601e990       0xf0 ../../saturnringlib/../modules/sgl/LIB/LIBSGL.A(sglH03.o)
                0x0601e9f4                slSmpcIntBack
                0x0601ea80                        __slprog_end = .

.tors           0x0601ea80       0x20
                0x0601ea80                        ___ctors = .
 *(.ctors*)
 .ctors         0x0601ea80        0x4 src/main.o
 .ctors         0x0601ea84        0x4 src/scenes/title_screen.o
 .ctors         0x0601ea88        0x4 src/scenes/start_cave.o
 .ctors         0x0601ea8c        0x4 src/objects/player.o
                0x0601ea90                        ___ctors_end = .
                0x0601ea90                        ___dtors = .
 *(.dtors*)
 .dtors         0x0601ea90        0x4 src/main.o
 .dtors         0x0601ea94        0x4 src/scenes/title_screen.o
 .dtors         0x0601ea98        0x4 src/scenes/start_cave.o
 .dtors         0x0601ea9c        0x4 src/objects/player.o
                0x0601eaa0                        ___dtors_end = .

.data           0x0601eaa0      0x480
 *(.data*)
 .data          0x0601eaa0       0x28 ../../saturnringlib/../modules/sgl/LIB/../SRC/workarea.o
                0x0601eaa0                PCM_Work
                0x0601eaa4                SlaveStack
                0x0601eaa8                TransList
                0x0601eaac                MasterStack
                0x0601eab0                SortList
                0x0601eab4                Zbuffer
                0x0601eab8                SpriteBuf
                0x0601eabc                Pbuffer
                0x0601eac0                CLOfstBuf
                0x0601eac4                CommandBuf
 .data          0x0601eac8        0x0 ../../saturnringlib/../modules/sgl/SRC/preloader.o
 .data          0x0601eac8        0x0 src/main.o
 .data._ZZN3SRL5Input3Gun11SynchronizeEvE14secondPlayerId
                0x0601eac8        0x1 src/main.o
                0x0601eac8                SRL::Input::Gun::Synchronize()::secondPlayerId
 .data._ZZN3SRL5Input3Gun11SynchronizeEvE13firstPlayerId
                0x0601eac9        0x1 src/main.o
                0x0601eac9                SRL::Input::Gun::Synchronize()::firstPlayerId
 *fill*         0x0601eaca        0x2 
 .data._ZN3SRL5Input10Management11PeripheralsE
                0x0601eacc      0x120 src/main.o
                0x0601eacc                SRL::Input::Management::Peripherals
 .data._ZN3SRL5Input10Management24PeripheralsPreviousStateE
                0x0601ebec      0x120 src/main.o
                0x0601ebec                SRL::Input::Management::PeripheralsPreviousState
 .data._ZN3SRL4VDP213ActiveScrollsE
                0x0601ed0c        0x2 src/main.o
                0x0601ed0c                SRL::VDP2::ActiveScrolls
 .data._ZN3SRL5ASCII7maxFontE
                0x0601ed0e        0x1 src/main.o
                0x0601ed0e                SRL::ASCII::maxFont
 .data._ZN3SRL5ASCII12maxYPositionE
                0x0601ed0f        0x1 src/main.o
                0x0601ed0f                SRL::ASCII::maxYPosition
 .data._ZN3SRL5ASCII12maxXPositionE
                0x0601ed10        0x1 src/main.o
                0x0601ed10                SRL::ASCII::maxXPosition
 *fill*         0x0601ed11        0x1 
 .data._ZN3SRL5ASCII8fontBankE
                0x0601ed12        0x2 src/main.o
                0x0601ed12                SRL::ASCII::fontBank
 .data._ZN3SRL5ASCII9colorBankE
                0x0601ed14        0x2 src/main.o
                0x0601ed14                SRL::ASCII::colorBank
 *fill*         0x0601ed16        0x2 
 .data._ZN3SRL5ASCII7tileMapE
                0x0601ed18        0x4 src/main.o
                0x0601ed18                SRL::ASCII::tileMap
 .data._ZN3SRL4CRAM11BaseAddressE
                0x0601ed1c        0x4 src/main.o
                0x0601ed1c                SRL::CRAM::BaseAddress
 .data          0x0601ed20        0x0 src/scenes/title_screen.o
 .data          0x0601ed20        0x0 src/scenes/start_cave.o
 .data._ZN3SRL4VDP212ScrollScreenINS0_4NBG0ELs1ELt1EE12MapAllocSizeE
                0x0601ed20        0x4 src/scenes/start_cave.o
                0x0601ed20                SRL::VDP2::ScrollScreen<SRL::VDP2::NBG0, (short)1, (unsigned short)1>::MapAllocSize
 .data._ZN3SRL4VDP212ScrollScreenINS0_4NBG0ELs1ELt1EE13CellAllocSizeE
                0x0601ed24        0x4 src/scenes/start_cave.o
                0x0601ed24                SRL::VDP2::ScrollScreen<SRL::VDP2::NBG0, (short)1, (unsigned short)1>::CellAllocSize
 .data._ZN3SRL4VDP212ScrollScreenINS0_4NBG0ELs1ELt1EE4InfoE
                0x0601ed28       0x14 src/scenes/start_cave.o
                0x0601ed28                SRL::VDP2::ScrollScreen<SRL::VDP2::NBG0, (short)1, (unsigned short)1>::Info
 .data._ZN3SRL4VDP212ScrollScreenINS0_4NBG0ELs1ELt1EE10MapAddressE
                0x0601ed3c        0x4 src/scenes/start_cave.o
                0x0601ed3c                SRL::VDP2::ScrollScreen<SRL::VDP2::NBG0, (short)1, (unsigned short)1>::MapAddress
 .data._ZN3SRL4VDP212ScrollScreenINS0_4NBG0ELs1ELt1EE11CellAddressE
                0x0601ed40        0x4 src/scenes/start_cave.o
                0x0601ed40                SRL::VDP2::ScrollScreen<SRL::VDP2::NBG0, (short)1, (unsigned short)1>::CellAddress
 .data._ZN3SRL4VDP24VRAM10bankCyclesE
                0x0601ed44        0x4 src/scenes/start_cave.o
                0x0601ed44                SRL::VDP2::VRAM::bankCycles
 .data._ZN3SRL4VDP24VRAM10currentTopE
                0x0601ed48       0x10 src/scenes/start_cave.o
                0x0601ed48                SRL::VDP2::VRAM::currentTop
 .data._ZN3SRL4VDP24VRAM10currentBotE
                0x0601ed58       0x10 src/scenes/start_cave.o
                0x0601ed58                SRL::VDP2::VRAM::currentBot
 .data          0x0601ed68        0x0 src/objects/player.o
 *fill*         0x0601ed68        0x8 
 .data          0x0601ed70        0x0 ../../saturnringlib/../modules/sgl/LIB/LIBCD.A(GFS.O)
 .data          0x0601ed70        0x0 ../../saturnringlib/../modules/sgl/LIB/LIBCD.A(GFS_BUF.O)
 .data          0x0601ed70        0x0 ../../saturnringlib/../modules/sgl/LIB/LIBCD.A(GFS_CDB.O)
 .data          0x0601ed70        0x0 ../../saturnringlib/../modules/sgl/LIB/LIBCD.A(GFS_CDC.O)
 .data          0x0601ed70        0x0 ../../saturnringlib/../modules/sgl/LIB/LIBCD.A(GFS_CDF.O)
 .data          0x0601ed70        0x0 ../../saturnringlib/../modules/sgl/LIB/LIBCD.A(GFS_DIR.O)
 .data          0x0601ed70        0x0 ../../saturnringlib/../modules/sgl/LIB/LIBCD.A(GFS_TRN.O)
 .data          0x0601ed70        0x0 ../../saturnringlib/../modules/sgl/LIB/LIBCD.A(CDC_CMN.O)
 .data          0x0601ed70        0x0 ../../saturnringlib/../modules/sgl/LIB/LIBCD.A(CDC_DRV.O)
 .data          0x0601ed70        0x0 ../../saturnringlib/../modules/sgl/LIB/LIBCD.A(CDC_DEV.O)
 .data          0x0601ed70        0x0 ../../saturnringlib/../modules/sgl/LIB/LIBCD.A(CDC_SEL.O)
 .data          0x0601ed70        0x0 ../../saturnringlib/../modules/sgl/LIB/LIBCD.A(CDC_BIF.O)
 .data          0x0601ed70        0x0 ../../saturnringlib/../modules/sgl/LIB/LIBCD.A(CDC_BIO.O)
 .data          0x0601ed70        0x0 ../../saturnringlib/../modules/sgl/LIB/LIBCD.A(CDC_CFS.O)
 .data          0x0601ed70        0x0 ../../saturnringlib/../modules/sgl/LIB/LIBCD.A(CDC_REG.O)
 .data          0x0601ed70        0x0 ../../saturnringlib/../modules/sgl/LIB/LIBCD.A(CDC_SUB.O)
 .data          0x0601ed70        0x0 ../../saturnringlib/../modules/sgl/LIB/LIBSGL.A(sglB001.o)
 .data          0x0601ed70        0x0 ../../saturnringlib/../modules/sgl/LIB/LIBSGL.A(sglB002.o)
 .data          0x0601ed70        0x0 ../../saturnringlib/../modules/sgl/LIB/LIBSGL.A(sglB015.o)
 .data          0x0601ed70        0x0 ../../saturnringlib/../modules/sgl/LIB/LIBSGL.A(sglB016.o)
 .data          0x0601ed70        0x0 ../../saturnringlib/../modules/sgl/LIB/LIBSGL.A(sglB031.o)
 .data          0x0601ed70        0x0 ../../saturnringlib/../modules/sgl/LIB/LIBSGL.A(sglB034.o)
 .data          0x0601ed70        0x0 ../../saturnringlib/../modules/sgl/LIB/LIBSGL.A(sglB038.o)
 .data          0x0601ed70        0x0 ../../saturnringlib/../modules/sgl/LIB/LIBSGL.A(sglB055.o)
 .data          0x0601ed70        0x0 ../../saturnringlib/../modules/sgl/LIB/LIBSGL.A(sglB058.o)
 .data          0x0601ed70        0x0 ../../saturnringlib/../modules/sgl/LIB/LIBSGL.A(sglB063.o)
 .data          0x0601ed70        0x0 ../../saturnringlib/../modules/sgl/LIB/LIBSGL.A(sglB070.o)
 .data          0x0601ed70        0x0 ../../saturnringlib/../modules/sgl/LIB/LIBSGL.A(sglB200.o)
 .data          0x0601ed70        0x0 ../../saturnringlib/../modules/sgl/LIB/LIBSGL.A(sglC04.o)
 .data          0x0601ed70        0x0 ../../saturnringlib/../modules/sgl/LIB/LIBSGL.A(sglC16.o)
 .data          0x0601ed70        0x0 ../../saturnringlib/../modules/sgl/LIB/LIBSGL.A(sglC17.o)
 .data          0x0601ed70        0x0 ../../saturnringlib/../modules/sgl/LIB/LIBSGL.A(sglC20.o)
 .data          0x0601ed70        0x0 ../../saturnringlib/../modules/sgl/LIB/LIBSGL.A(sglC21.o)
 .data          0x0601ed70        0x0 ../../saturnringlib/../modules/sgl/LIB/LIBSGL.A(sglD00.o)
 .data          0x0601ed70        0x0 ../../saturnringlib/../modules/sgl/LIB/LIBSGL.A(sglD01.o)
 .data          0x0601ed70        0x0 ../../saturnringlib/../modules/sgl/LIB/LIBSGL.A(sglD02.o)
 .data          0x0601ed70        0x0 ../../saturnringlib/../modules/sgl/LIB/LIBSGL.A(sglD03.o)
 .data          0x0601ed70        0x0 ../../saturnringlib/../modules/sgl/LIB/LIBSGL.A(sglD15.o)
 .data          0x0601ed70        0x0 ../../saturnringlib/../modules/sgl/LIB/LIBSGL.A(sglD16.o)
 .data          0x0601ed70        0x0 ../../saturnringlib/../modules/sgl/LIB/LIBSGL.A(sglD17.o)
 .data          0x0601ed70        0x0 ../../saturnringlib/../modules/sgl/LIB/LIBSGL.A(sglD18.o)
 .data          0x0601ed70        0x0 ../../saturnringlib/../modules/sgl/LIB/LIBSGL.A(sglF00.o)
 .data          0x0601ed70        0x0 ../../saturnringlib/../modules/sgl/LIB/LIBSGL.A(sglH00.o)
 .data          0x0601ed70        0x0 ../../saturnringlib/../modules/sgl/LIB/LIBSGL.A(sglH02.o)
 .data          0x0601ed70        0x0 ../../saturnringlib/../modules/sgl/LIB/LIBSGL.A(sglH04.o)
 .data          0x0601ed70        0x0 ../../saturnringlib/../modules/sgl/LIB/LIBSGL.A(sglI01.o)
 .data          0x0601ed70        0x0 ../../saturnringlib/../modules/sgl/LIB/LIBSGL.A(sglI04.o)
 .data          0x0601ed70       0x80 ../../saturnringlib/../modules/sgl/LIB/LIBSGL.A(sglIc0.o)
                0x0601ed70                IntPrioMask
 .data          0x0601edf0        0x0 ../../saturnringlib/../modules/sgl/LIB/LIBSGL.A(sglJ00.o)
 .data          0x0601edf0        0x0 ../../saturnringlib/../modules/sgl/LIB/LIBSGL.A(sglJ01.o)
 .data          0x0601edf0        0x0 ../../saturnringlib/../modules/sgl/LIB/LIBSGL.A(sglJ02.o)
 .data          0x0601edf0        0x0 ../../saturnringlib/../modules/sgl/LIB/LIBSGL.A(sglJ03.o)
 .data          0x0601edf0        0x0 ../../saturnringlib/../modules/sgl/LIB/LIBSGL.A(sglJ04.o)
 .data          0x0601edf0        0x0 ../../saturnringlib/../modules/sgl/LIB/LIBSGL.A(sglJ05.o)
 .data          0x0601edf0        0x0 ../../saturnringlib/../modules/sgl/LIB/LIBSGL.A(sglK01.o)
 .data          0x0601edf0        0x0 ../../saturnringlib/../modules/sgl/LIB/LIBSGL.A(sglM01.o)
 .data          0x0601edf0        0x0 ../../saturnringlib/../modules/sgl/LIB/LIBSGL.A(sglA00.o)
 .data          0x0601edf0        0x0 ../../saturnringlib/../modules/sgl/LIB/LIBSGL.A(sglA01.o)
 .data          0x0601edf0        0x0 ../../saturnringlib/../modules/sgl/LIB/LIBSGL.A(sglA20.o)
 .data          0x0601edf0        0x0 ../../saturnringlib/../modules/sgl/LIB/LIBSGL.A(sglB000.o)
 .data          0x0601edf0        0x0 ../../saturnringlib/../modules/sgl/LIB/LIBSGL.A(sglB035.o)
 .data          0x0601edf0        0x0 ../../saturnringlib/../modules/sgl/LIB/LIBSGL.A(sglC00.o)
 .data          0x0601edf0        0x0 ../../saturnringlib/../modules/sgl/LIB/LIBSGL.A(sglI00.o)
 .data          0x0601edf0        0x0 ../../saturnringlib/../modules/sgl/LIB/LIBSGL.A(sglH03.o)
 .data          0x0601edf0        0x0 /home/toaster/Programming/Saturn/SaturnRingLib/Compiler/linux/sh2eb-elf/bin/../lib/gcc/sh-elf/14.2.0/libgcc.a(_ashiftrt.o)
 .data          0x0601edf0        0x0 /home/toaster/Programming/Saturn/SaturnRingLib/Compiler/linux/sh2eb-elf/bin/../lib/gcc/sh-elf/14.2.0/libgcc.a(_ashiftrt_n.o)
 .data          0x0601edf0        0x0 /home/toaster/Programming/Saturn/SaturnRingLib/Compiler/linux/sh2eb-elf/bin/../lib/gcc/sh-elf/14.2.0/libgcc.a(_ashiftlt.o)
 .data          0x0601edf0        0x0 /home/toaster/Programming/Saturn/SaturnRingLib/Compiler/linux/sh2eb-elf/bin/../lib/gcc/sh-elf/14.2.0/libgcc.a(_lshiftrt.o)
 .data          0x0601edf0        0x0 /home/toaster/Programming/Saturn/SaturnRingLib/Compiler/linux/sh2eb-elf/bin/../lib/gcc/sh-elf/14.2.0/libgcc.a(_sdivsi3.o)
 .data          0x0601edf0        0x0 /home/toaster/Programming/Saturn/SaturnRingLib/Compiler/linux/sh2eb-elf/bin/../lib/gcc/sh-elf/14.2.0/libgcc.a(_udivsi3.o)
 .data          0x0601edf0        0x0 /home/toaster/Programming/Saturn/SaturnRingLib/Compiler/linux/sh2eb-elf/bin/../lib/gcc/sh-elf/14.2.0/../../../../sh-elf/lib/libc.a(libc_a-abort.o)
 .data          0x0601edf0        0x0 /home/toaster/Programming/Saturn/SaturnRingLib/Compiler/linux/sh2eb-elf/bin/../lib/gcc/sh-elf/14.2.0/../../../../sh-elf/lib/libc.a(libc_a-snprintf.o)
 .data          0x0601edf0        0x0 /home/toaster/Programming/Saturn/SaturnRingLib/Compiler/linux/sh2eb-elf/bin/../lib/gcc/sh-elf/14.2.0/../../../../sh-elf/lib/libc.a(libc_a-memcmp.o)
 .data          0x0601edf0        0x0 /home/toaster/Programming/Saturn/SaturnRingLib/Compiler/linux/sh2eb-elf/bin/../lib/gcc/sh-elf/14.2.0/../../../../sh-elf/lib/libc.a(libc_a-strncmp.o)
 .data          0x0601edf0        0x0 /home/toaster/Programming/Saturn/SaturnRingLib/Compiler/linux/sh2eb-elf/bin/../lib/gcc/sh-elf/14.2.0/../../../../sh-elf/lib/libc.a(libc_a-strncpy.o)
 .data          0x0601edf0        0x0 /home/toaster/Programming/Saturn/SaturnRingLib/Compiler/linux/sh2eb-elf/bin/../lib/gcc/sh-elf/14.2.0/../../../../sh-elf/lib/libc.a(libc_a-signal.o)
 .data          0x0601edf0      0x120 /home/toaster/Programming/Saturn/SaturnRingLib/Compiler/linux/sh2eb-elf/bin/../lib/gcc/sh-elf/14.2.0/../../../../sh-elf/lib/libc.a(libc_a-impure.o)
                0x0601edf0                _impure_ptr
                0x0601edf4                _impure_data
 .data          0x0601ef10        0x0 /home/toaster/Programming/Saturn/SaturnRingLib/Compiler/linux/sh2eb-elf/bin/../lib/gcc/sh-elf/14.2.0/../../../../sh-elf/lib/libc.a(libc_a-signalr.o)
 .data          0x0601ef10        0x0 /home/toaster/Programming/Saturn/SaturnRingLib/Compiler/linux/sh2eb-elf/bin/../lib/gcc/sh-elf/14.2.0/../../../../sh-elf/lib/libc.a(libc_a-memcpy.o)
 .data          0x0601ef10        0x0 /home/toaster/Programming/Saturn/SaturnRingLib/Compiler/linux/sh2eb-elf/bin/../lib/gcc/sh-elf/14.2.0/../../../../sh-elf/lib/libc.a(libc_a-memset.o)
 .data          0x0601ef10        0x0 /home/toaster/Programming/Saturn/SaturnRingLib/Compiler/linux/sh2eb-elf/bin/../lib/gcc/sh-elf/14.2.0/../../../../sh-elf/lib/libc.a(libc_a-mallocr.o)
 .data          0x0601ef10        0x0 /home/toaster/Programming/Saturn/SaturnRingLib/Compiler/linux/sh2eb-elf/bin/../lib/gcc/sh-elf/14.2.0/../../../../sh-elf/lib/libc.a(libc_a-mlock.o)
 .data          0x0601ef10        0x0 /home/toaster/Programming/Saturn/SaturnRingLib/Compiler/linux/sh2eb-elf/bin/../lib/gcc/sh-elf/14.2.0/../../../../sh-elf/lib/libc.a(libc_a-nano-svfprintf.o)
 .data          0x0601ef10        0x0 /home/toaster/Programming/Saturn/SaturnRingLib/Compiler/linux/sh2eb-elf/bin/../lib/gcc/sh-elf/14.2.0/../../../../sh-elf/lib/libc.a(libc_a-nano-vfprintf_i.o)
 .data          0x0601ef10        0xc /home/toaster/Programming/Saturn/SaturnRingLib/Compiler/linux/sh2eb-elf/bin/../lib/gcc/sh-elf/14.2.0/../../../../sh-elf/lib/libc.a(libc_a-findfp.o)
                0x0601ef10                __sglue
 .data          0x0601ef1c        0x0 /home/toaster/Programming/Saturn/SaturnRingLib/Compiler/linux/sh2eb-elf/bin/../lib/gcc/sh-elf/14.2.0/../../../../sh-elf/lib/libc.a(libc_a-fwalk.o)
 .data          0x0601ef1c        0x0 /home/toaster/Programming/Saturn/SaturnRingLib/Compiler/linux/sh2eb-elf/bin/../lib/gcc/sh-elf/14.2.0/../../../../sh-elf/lib/libc.a(libc_a-stdio.o)
 .data          0x0601ef1c        0x0 /home/toaster/Programming/Saturn/SaturnRingLib/Compiler/linux/sh2eb-elf/bin/../lib/gcc/sh-elf/14.2.0/../../../../sh-elf/lib/libc.a(libc_a-memchr.o)
 .data          0x0601ef1c        0x0 /home/toaster/Programming/Saturn/SaturnRingLib/Compiler/linux/sh2eb-elf/bin/../lib/gcc/sh-elf/14.2.0/../../../../sh-elf/lib/libc.a(libc_a-memmove.o)
 .data          0x0601ef1c        0x0 /home/toaster/Programming/Saturn/SaturnRingLib/Compiler/linux/sh2eb-elf/bin/../lib/gcc/sh-elf/14.2.0/../../../../sh-elf/lib/libc.a(libc_a-closer.o)
 .data          0x0601ef1c        0x0 /home/toaster/Programming/Saturn/SaturnRingLib/Compiler/linux/sh2eb-elf/bin/../lib/gcc/sh-elf/14.2.0/../../../../sh-elf/lib/libc.a(libc_a-reent.o)
 .data          0x0601ef1c        0x0 /home/toaster/Programming/Saturn/SaturnRingLib/Compiler/linux/sh2eb-elf/bin/../lib/gcc/sh-elf/14.2.0/../../../../sh-elf/lib/libc.a(libc_a-lseekr.o)
 .data          0x0601ef1c        0x0 /home/toaster/Programming/Saturn/SaturnRingLib/Compiler/linux/sh2eb-elf/bin/../lib/gcc/sh-elf/14.2.0/../../../../sh-elf/lib/libc.a(libc_a-readr.o)
 .data          0x0601ef1c        0x0 /home/toaster/Programming/Saturn/SaturnRingLib/Compiler/linux/sh2eb-elf/bin/../lib/gcc/sh-elf/14.2.0/../../../../sh-elf/lib/libc.a(libc_a-sbrkr.o)
 .data          0x0601ef1c        0x0 /home/toaster/Programming/Saturn/SaturnRingLib/Compiler/linux/sh2eb-elf/bin/../lib/gcc/sh-elf/14.2.0/../../../../sh-elf/lib/libc.a(libc_a-writer.o)
 .data          0x0601ef1c        0x0 /home/toaster/Programming/Saturn/SaturnRingLib/Compiler/linux/sh2eb-elf/bin/../lib/gcc/sh-elf/14.2.0/../../../../sh-elf/lib/libc.a(libc_a-freer.o)
 .data          0x0601ef1c        0x0 /home/toaster/Programming/Saturn/SaturnRingLib/Compiler/linux/sh2eb-elf/bin/../lib/gcc/sh-elf/14.2.0/../../../../sh-elf/lib/libc.a(libc_a-reallocr.o)
 .data          0x0601ef1c        0x0 /home/toaster/Programming/Saturn/SaturnRingLib/Compiler/linux/sh2eb-elf/bin/../lib/gcc/sh-elf/14.2.0/../../../../sh-elf/lib/libc.a(libc_a-fflush.o)
 .data          0x0601ef1c        0x0 /home/toaster/Programming/Saturn/SaturnRingLib/Compiler/linux/sh2eb-elf/bin/../lib/gcc/sh-elf/14.2.0/../../../../sh-elf/lib/libc.a(libc_a-msizer.o)
 .data          0x0601ef1c        0x0 /home/toaster/Programming/Saturn/SaturnRingLib/Compiler/linux/sh2eb-elf/bin/../lib/gcc/sh-elf/14.2.0/../../../../sh-elf/lib/libnosys.a(close.o)
 .data          0x0601ef1c        0x0 /home/toaster/Programming/Saturn/SaturnRingLib/Compiler/linux/sh2eb-elf/bin/../lib/gcc/sh-elf/14.2.0/../../../../sh-elf/lib/libnosys.a(getpid.o)
 .data          0x0601ef1c        0x0 /home/toaster/Programming/Saturn/SaturnRingLib/Compiler/linux/sh2eb-elf/bin/../lib/gcc/sh-elf/14.2.0/../../../../sh-elf/lib/libnosys.a(kill.o)
 .data          0x0601ef1c        0x0 /home/toaster/Programming/Saturn/SaturnRingLib/Compiler/linux/sh2eb-elf/bin/../lib/gcc/sh-elf/14.2.0/../../../../sh-elf/lib/libnosys.a(lseek.o)
 .data          0x0601ef1c        0x0 /home/toaster/Programming/Saturn/SaturnRingLib/Compiler/linux/sh2eb-elf/bin/../lib/gcc/sh-elf/14.2.0/../../../../sh-elf/lib/libnosys.a(read.o)
 .data          0x0601ef1c        0x0 /home/toaster/Programming/Saturn/SaturnRingLib/Compiler/linux/sh2eb-elf/bin/../lib/gcc/sh-elf/14.2.0/../../../../sh-elf/lib/libnosys.a(sbrk.o)
 .data          0x0601ef1c        0x0 /home/toaster/Programming/Saturn/SaturnRingLib/Compiler/linux/sh2eb-elf/bin/../lib/gcc/sh-elf/14.2.0/../../../../sh-elf/lib/libnosys.a(write.o)
 .data          0x0601ef1c        0x0 /home/toaster/Programming/Saturn/SaturnRingLib/Compiler/linux/sh2eb-elf/bin/../lib/gcc/sh-elf/14.2.0/../../../../sh-elf/lib/libnosys.a(_exit.o)
                0x0601ef1c                        __edata = .

.rodata         0x0601ef20      0x8b0
 *(.rodata*)
 .rodata        0x0601ef20       0x18 ../../saturnringlib/../modules/sgl/LIB/../SRC/workarea.o
                0x0601ef20                PCM_WkSize
                0x0601ef24                MaxVertices
                0x0601ef26                MaxPolygons
                0x0601ef28                SortListSize
                0x0601ef2c                SpriteBufSize
                0x0601ef30                EventSize
                0x0601ef32                MaxEvents
                0x0601ef34                WorkSize
                0x0601ef36                MaxWorks
 .rodata.str1.4
                0x0601ef38       0x27 src/main.o
 *fill*         0x0601ef5f        0x1 
 .rodata._ZN3SRL6string10snprintfExEPciPKcz.str1.4
                0x0601ef60        0xb src/scenes/title_screen.o
 *fill*         0x0601ef6b        0x1 
 .rodata._ZN3SRL5Debug12AssertScreenIJEEEvPKcS3_S3_DpT_.str1.4
                0x0601ef6c       0x41 src/scenes/title_screen.o
 *fill*         0x0601efad        0x3 
 .rodata._ZN3SRL6Bitmap3TGA8LoadDataEPNS_2Cd4FileEPNS1_14LoaderSettingsE.str1.4
                0x0601efb0       0xdb src/scenes/title_screen.o
 *fill*         0x0601f08b        0x1 
 .rodata.str1.4
                0x0601f08c       0x50 src/scenes/title_screen.o
 .rodata._ZTVN3SRL6Bitmap3TGAE
                0x0601f0dc       0x18 src/scenes/title_screen.o
                0x0601f0dc                vtable for SRL::Bitmap::TGA
 .rodata._ZN3SRL6string10snprintfExEPciPKcz.str1.4
                0x0601f0f4        0xb src/scenes/start_cave.o
 *fill*         0x0601f0ff        0x1 
 .rodata._ZN3SRL5Debug12AssertScreenIJEEEvPKcS3_S3_DpT_.str1.4
                0x0601f100       0x41 src/scenes/start_cave.o
 *fill*         0x0601f141        0x3 
 .rodata._ZN3SRL4VDP24VRAM16AutoAllocateCellERNS_7Tilemap11TilemapInfoEt.str1.4
                0x0601f144       0x96 src/scenes/start_cave.o
 *fill*         0x0601f1da        0x2 
 .rodata._ZN3SRL7Tilemap10Interfaces8Bmp2Tile13ConvertBitmapERNS0_11TilemapInfoERNS_6Bitmap7IBitmapEib.isra.0.str1.4
                0x0601f1dc       0x7a src/scenes/start_cave.o
 *fill*         0x0601f256        0x2 
 .rodata._ZN3SRL7Tilemap10Interfaces8Bmp2TileC2ERNS_6Bitmap7IBitmapEh.str1.4
                0x0601f258       0x36 src/scenes/start_cave.o
 *fill*         0x0601f28e        0x2 
 .rodata._ZN3SRL6Bitmap3TGA8LoadDataEPNS_2Cd4FileEPNS1_14LoaderSettingsE.str1.4
                0x0601f290       0xdb src/scenes/start_cave.o
 *fill*         0x0601f36b        0x1 
 .rodata._ZN3SRL4VDP212ScrollScreenINS0_4NBG0ELs1ELt1EE11LoadTilemapERNS_7Tilemap8ITilemapE.str1.4
                0x0601f36c      0x104 src/scenes/start_cave.o
 .rodata.str1.4
                0x0601f470       0x4f src/scenes/start_cave.o
 *fill*         0x0601f4bf        0x1 
 .rodata        0x0601f4c0      0x156 src/scenes/start_cave.o
 *fill*         0x0601f616        0x2 
 .rodata._ZTVN3SRL7Tilemap10Interfaces8Bmp2TileE
                0x0601f618       0x18 src/scenes/start_cave.o
                0x0601f618                vtable for SRL::Tilemap::Interfaces::Bmp2Tile
 .rodata._ZZN3SRL7Tilemap11TilemapInfo12SGLColorModeEvE8sglColor
                0x0601f630        0x7 src/scenes/start_cave.o
                0x0601f630                SRL::Tilemap::TilemapInfo::SGLColorMode()::sglColor
 *fill*         0x0601f637        0x1 
 .rodata._ZN3SRL6string10snprintfExEPciPKcz.str1.4
                0x0601f638        0xb src/objects/player.o
 *fill*         0x0601f643        0x1 
 .rodata._ZN3SRL5Debug12AssertScreenIJEEEvPKcS3_S3_DpT_.str1.4
                0x0601f644       0x41 src/objects/player.o
 *fill*         0x0601f685        0x3 
 .rodata._ZN3SRL6Bitmap3TGA8LoadDataEPNS_2Cd4FileEPNS1_14LoaderSettingsE.str1.4
                0x0601f688       0xdb src/objects/player.o
 *fill*         0x0601f763        0x1 
 .rodata.str1.4
                0x0601f764       0x26 src/objects/player.o
 *fill*         0x0601f78a        0x2 
 .rodata.str1.4
                0x0601f78c       0x13 /home/toaster/Programming/Saturn/SaturnRingLib/Compiler/linux/sh2eb-elf/bin/../lib/gcc/sh-elf/14.2.0/../../../../sh-elf/lib/libc.a(libc_a-nano-svfprintf.o)
 *fill*         0x0601f79f        0x1 
 .rodata.str1.4
                0x0601f7a0       0x25 /home/toaster/Programming/Saturn/SaturnRingLib/Compiler/linux/sh2eb-elf/bin/../lib/gcc/sh-elf/14.2.0/../../../../sh-elf/lib/libc.a(libc_a-nano-vfprintf_i.o)

.bss            0x0601f7d0     0x2d30
                0x0601f7d0                        __bstart = .
 *(.bss*)
 .bss           0x0601f7d0       0xc8 ../../saturnringlib/../modules/sgl/LIB/../SRC/workarea.o
                0x0601f7d0                RemainWork
                0x0601f7d4                WorkBuf
                0x0601f814                RemainEvent
                0x0601f818                EventBuf
 .bss           0x0601f898        0x0 ../../saturnringlib/../modules/sgl/SRC/preloader.o
 .bss._ZN3SRL6Memory10LowWorkRam4zoneE
                0x0601f898        0x8 ../../saturnringlib/../modules/sgl/SRC/preloader.o
                0x0601f898                SRL::Memory::LowWorkRam::zone
 .bss._ZN3SRL6Memory11HighWorkRam4zoneE
                0x0601f8a0        0x8 ../../saturnringlib/../modules/sgl/SRC/preloader.o
                0x0601f8a0                SRL::Memory::HighWorkRam::zone
 .bss           0x0601f8a8        0x0 src/main.o
 .bss._ZGVN3SRL4Core8OnVblankE
                0x0601f8a8        0x8 src/main.o
                0x0601f8a8                guard variable for SRL::Core::OnVblank
 .bss._ZGVN3SRL4Core12OnBeforeSyncE
                0x0601f8b0        0x8 src/main.o
                0x0601f8b0                guard variable for SRL::Core::OnBeforeSync
 .bss._ZGVN3SRL4Core11OnAfterSyncE
                0x0601f8b8        0x8 src/main.o
                0x0601f8b8                guard variable for SRL::Core::OnAfterSync
 .bss._ZGVN3SRL4VDP212ScrollScreenINS0_4RBG0ELs5ELt16EE11TilePaletteE
                0x0601f8c0        0x8 src/main.o
                0x0601f8c0                guard variable for SRL::VDP2::ScrollScreen<SRL::VDP2::RBG0, (short)5, (unsigned short)16>::TilePalette
 .bss._ZGVN3SRL4VDP212ScrollScreenINS0_4NBG3ELs2ELt8EE11TilePaletteE
                0x0601f8c8        0x8 src/main.o
                0x0601f8c8                guard variable for SRL::VDP2::ScrollScreen<SRL::VDP2::NBG3, (short)2, (unsigned short)8>::TilePalette
 .bss._ZGVN3SRL4VDP212ScrollScreenINS0_4NBG2ELs3ELt4EE11TilePaletteE
                0x0601f8d0        0x8 src/main.o
                0x0601f8d0                guard variable for SRL::VDP2::ScrollScreen<SRL::VDP2::NBG2, (short)3, (unsigned short)4>::TilePalette
 .bss._ZGVN3SRL4VDP212ScrollScreenINS0_4NBG1ELs0ELt2EE11TilePaletteE
                0x0601f8d8        0x8 src/main.o
                0x0601f8d8                guard variable for SRL::VDP2::ScrollScreen<SRL::VDP2::NBG1, (short)0, (unsigned short)2>::TilePalette
 .bss._ZGVN3SRL4VDP212ScrollScreenINS0_4NBG0ELs1ELt1EE11TilePaletteE
                0x0601f8e0        0x8 src/main.o
                0x0601f8e0                guard variable for SRL::VDP2::ScrollScreen<SRL::VDP2::NBG0, (short)1, (unsigned short)1>::TilePalette
 .bss._ZGVN3SRL4VDP18MetadataE
                0x0601f8e8        0x8 src/main.o
                0x0601f8e8                guard variable for SRL::VDP1::Metadata
 .bss._ZGVN3SRL4VDP18TexturesE
                0x0601f8f0        0x8 src/main.o
                0x0601f8f0                guard variable for SRL::VDP1::Textures
 .bss._ZN3SRL4Core8OnVblankE
                0x0601f8f8       0x18 src/main.o
                0x0601f8f8                SRL::Core::OnVblank
 .bss._ZN3SRL4Core12OnBeforeSyncE
                0x0601f910       0x18 src/main.o
                0x0601f910                SRL::Core::OnBeforeSync
 .bss._ZN3SRL4Core11OnAfterSyncE
                0x0601f928       0x18 src/main.o
                0x0601f928                SRL::Core::OnAfterSync
 .bss._ZN3SRL5Input3Gun26Player2MegadriveGunControlE
                0x0601f940        0x1 src/main.o
                0x0601f940                SRL::Input::Gun::Player2MegadriveGunControl
 .bss._ZN3SRL5Input3Gun26Player1MegadriveGunControlE
                0x0601f941        0x1 src/main.o
                0x0601f941                SRL::Input::Gun::Player1MegadriveGunControl
 *fill*         0x0601f942        0x2 
 .bss._ZN3SRL4VDP212ScrollScreenINS0_4RBG0ELs5ELt16EE11TilePaletteE
                0x0601f944        0x8 src/main.o
                0x0601f944                SRL::VDP2::ScrollScreen<SRL::VDP2::RBG0, (short)5, (unsigned short)16>::TilePalette
 .bss._ZN3SRL4VDP212ScrollScreenINS0_4NBG3ELs2ELt8EE11TilePaletteE
                0x0601f94c        0x8 src/main.o
                0x0601f94c                SRL::VDP2::ScrollScreen<SRL::VDP2::NBG3, (short)2, (unsigned short)8>::TilePalette
 .bss._ZN3SRL4VDP212ScrollScreenINS0_4NBG2ELs3ELt4EE11TilePaletteE
                0x0601f954        0x8 src/main.o
                0x0601f954                SRL::VDP2::ScrollScreen<SRL::VDP2::NBG2, (short)3, (unsigned short)4>::TilePalette
 .bss._ZN3SRL4VDP212ScrollScreenINS0_4NBG1ELs0ELt2EE11TilePaletteE
                0x0601f95c        0x8 src/main.o
                0x0601f95c                SRL::VDP2::ScrollScreen<SRL::VDP2::NBG1, (short)0, (unsigned short)2>::TilePalette
 .bss._ZN3SRL4VDP212ScrollScreenINS0_4NBG0ELs1ELt1EE11TilePaletteE
                0x0601f964        0x8 src/main.o
                0x0601f964                SRL::VDP2::ScrollScreen<SRL::VDP2::NBG0, (short)1, (unsigned short)1>::TilePalette
 .bss._ZN3SRL4VDP18MetadataE
                0x0601f96c      0x190 src/main.o
                0x0601f96c                SRL::VDP1::Metadata
 .bss._ZN3SRL4VDP18TexturesE
                0x0601fafc      0x320 src/main.o
                0x0601fafc                SRL::VDP1::Textures
 .bss._ZN3SRL2Cd13isInitializedE
                0x0601fe1c        0x1 src/main.o
                0x0601fe1c                SRL::Cd::isInitialized
 *fill*         0x0601fe1d        0x3 
 .bss._ZN3SRL2Cd7GfsWorkE
                0x0601fe20      0xd08 src/main.o
                0x0601fe20                SRL::Cd::GfsWork
 .bss._ZN3SRL2Cd17GfsDirectoryNamesE
                0x06020b28     0x1800 src/main.o
                0x06020b28                SRL::Cd::GfsDirectoryNames
 .bss._ZN3SRL2Cd14GfsDirectoriesE
                0x06022328        0xc src/main.o
                0x06022328                SRL::Cd::GfsDirectories
 .bss._ZN3SRL4CRAM14AllocationMaskE
                0x06022334       0x10 src/main.o
                0x06022334                SRL::CRAM::AllocationMask
 .bss._ZN3SRL2TV10ResolutionE
                0x06022344        0x4 src/main.o
                0x06022344                SRL::TV::Resolution
 .bss._ZN3SRL2TV6HeightE
                0x06022348        0x2 src/main.o
                0x06022348                SRL::TV::Height
 .bss._ZN3SRL2TV5WidthE
                0x0602234a        0x2 src/main.o
                0x0602234a                SRL::TV::Width
 .bss           0x0602234c        0x0 src/scenes/title_screen.o
 .bss._ZN3SRL7Scene2D7EffectsE
                0x0602234c        0x4 src/scenes/title_screen.o
                0x0602234c                SRL::Scene2D::Effects
 .bss._ZN3SRL4VDP111HeapPointerE
                0x06022350        0x2 src/scenes/title_screen.o
                0x06022350                SRL::VDP1::HeapPointer
 *fill*         0x06022352        0x2 
 .bss._ZN3SRL5Debug10lineBufferE
                0x06022354       0x2d src/scenes/title_screen.o
                0x06022354                SRL::Debug::lineBuffer
 .bss._ZN3SRL5Debug13oldPrintColorE
                0x06022381        0x1 src/scenes/title_screen.o
                0x06022381                SRL::Debug::oldPrintColor
 .bss._ZN3SRL5Debug10printColorE
                0x06022382        0x1 src/scenes/title_screen.o
                0x06022382                SRL::Debug::printColor
 .bss           0x06022383        0x0 src/scenes/start_cave.o
 .bss           0x06022383        0x1 src/objects/player.o
                0x06022383                player
 *fill*         0x06022384        0xc 
 .bss           0x06022390        0x0 ../../saturnringlib/../modules/sgl/LIB/LIBCD.A(GFS.O)
 .bss           0x06022390        0x0 ../../saturnringlib/../modules/sgl/LIB/LIBCD.A(GFS_BUF.O)
 .bss           0x06022390        0x0 ../../saturnringlib/../modules/sgl/LIB/LIBCD.A(GFS_CDB.O)
 .bss           0x06022390        0x0 ../../saturnringlib/../modules/sgl/LIB/LIBCD.A(GFS_CDC.O)
 .bss           0x06022390        0x0 ../../saturnringlib/../modules/sgl/LIB/LIBCD.A(GFS_CDF.O)
 .bss           0x06022390        0x0 ../../saturnringlib/../modules/sgl/LIB/LIBCD.A(GFS_DIR.O)
 .bss           0x06022390        0xc ../../saturnringlib/../modules/sgl/LIB/LIBCD.A(GFS_TRN.O)
 *fill*         0x0602239c        0x4 
 .bss           0x060223a0        0x0 ../../saturnringlib/../modules/sgl/LIB/LIBCD.A(CDC_CMN.O)
 .bss           0x060223a0        0x0 ../../saturnringlib/../modules/sgl/LIB/LIBCD.A(CDC_DRV.O)
 .bss           0x060223a0        0x0 ../../saturnringlib/../modules/sgl/LIB/LIBCD.A(CDC_DEV.O)
 .bss           0x060223a0        0x0 ../../saturnringlib/../modules/sgl/LIB/LIBCD.A(CDC_SEL.O)
 .bss           0x060223a0        0x0 ../../saturnringlib/../modules/sgl/LIB/LIBCD.A(CDC_BIF.O)
 .bss           0x060223a0        0x0 ../../saturnringlib/../modules/sgl/LIB/LIBCD.A(CDC_BIO.O)
 .bss           0x060223a0        0x0 ../../saturnringlib/../modules/sgl/LIB/LIBCD.A(CDC_CFS.O)
 .bss           0x060223a0        0x2 ../../saturnringlib/../modules/sgl/LIB/LIBCD.A(CDC_REG.O)
 *fill*         0x060223a2        0xe 
 .bss           0x060223b0        0xc ../../saturnringlib/../modules/sgl/LIB/LIBCD.A(CDC_SUB.O)
 *fill*         0x060223bc        0x4 
 .bss           0x060223c0        0x0 ../../saturnringlib/../modules/sgl/LIB/LIBSGL.A(sglB001.o)
 .bss           0x060223c0        0x0 ../../saturnringlib/../modules/sgl/LIB/LIBSGL.A(sglB002.o)
 .bss           0x060223c0        0x0 ../../saturnringlib/../modules/sgl/LIB/LIBSGL.A(sglB015.o)
 .bss           0x060223c0        0x0 ../../saturnringlib/../modules/sgl/LIB/LIBSGL.A(sglB016.o)
 .bss           0x060223c0        0x0 ../../saturnringlib/../modules/sgl/LIB/LIBSGL.A(sglB031.o)
 .bss           0x060223c0        0x0 ../../saturnringlib/../modules/sgl/LIB/LIBSGL.A(sglB034.o)
 .bss           0x060223c0        0x0 ../../saturnringlib/../modules/sgl/LIB/LIBSGL.A(sglB038.o)
 .bss           0x060223c0        0x0 ../../saturnringlib/../modules/sgl/LIB/LIBSGL.A(sglB055.o)
 .bss           0x060223c0        0x0 ../../saturnringlib/../modules/sgl/LIB/LIBSGL.A(sglB058.o)
 .bss           0x060223c0        0x0 ../../saturnringlib/../modules/sgl/LIB/LIBSGL.A(sglB063.o)
 .bss           0x060223c0        0x0 ../../saturnringlib/../modules/sgl/LIB/LIBSGL.A(sglB070.o)
 .bss           0x060223c0        0x0 ../../saturnringlib/../modules/sgl/LIB/LIBSGL.A(sglB200.o)
 .bss           0x060223c0        0x0 ../../saturnringlib/../modules/sgl/LIB/LIBSGL.A(sglC04.o)
 .bss           0x060223c0        0x0 ../../saturnringlib/../modules/sgl/LIB/LIBSGL.A(sglC16.o)
 .bss           0x060223c0        0x0 ../../saturnringlib/../modules/sgl/LIB/LIBSGL.A(sglC17.o)
 .bss           0x060223c0        0x0 ../../saturnringlib/../modules/sgl/LIB/LIBSGL.A(sglC20.o)
 .bss           0x060223c0        0x0 ../../saturnringlib/../modules/sgl/LIB/LIBSGL.A(sglC21.o)
 .bss           0x060223c0        0x0 ../../saturnringlib/../modules/sgl/LIB/LIBSGL.A(sglD00.o)
 .bss           0x060223c0        0x0 ../../saturnringlib/../modules/sgl/LIB/LIBSGL.A(sglD01.o)