Archive member included to satisfy reference by file (symbol)

../../saturnringlib/../modules/sgl/LIB/LIBCD.A(GFS.O)
                              src/scenes/title_screen.o (GFS_Init)
../../saturnringlib/../modules/sgl/LIB/LIBCD.A(GFS_BUF.O)
                              ../../saturnringlib/../modules/sgl/LIB/LIBCD.A(GFS.O) (GFBF_GetNumData)
../../saturnringlib/../modules/sgl/LIB/LIBCD.A(GFS_CDB.O)
                              ../../saturnringlib/../modules/sgl/LIB/LIBCD.A(GFS.O) (GFCB_Close)
../../saturnringlib/../modules/sgl/LIB/LIBCD.A(GFS_CDC.O)
                              ../../saturnringlib/../modules/sgl/LIB/LIBCD.A(GFS.O) (GFCD_SetCdbfs)
../../saturnringlib/../modules/sgl/LIB/LIBCD.A(GFS_CDF.O)
                              ../../saturnringlib/../modules/sgl/LIB/LIBCD.A(GFS.O) (GFCF_Init)
../../saturnringlib/../modules/sgl/LIB/LIBCD.A(GFS_DIR.O)
                              ../../saturnringlib/../modules/sgl/LIB/LIBCD.A(GFS.O) (GFDR_SetupDirTbl)
../../saturnringlib/../modules/sgl/LIB/LIBCD.A(GFS_TRN.O)
                              ../../saturnringlib/../modules/sgl/LIB/LIBCD.A(GFS.O) (GFTR_Setup)
../../saturnringlib/../modules/sgl/LIB/LIBCD.A(CDC_CMN.O)
                              ../../saturnringlib/../modules/sgl/LIB/LIBCD.A(GFS_CDC.O) (CDC_GetCurStat)
../../saturnringlib/../modules/sgl/LIB/LIBCD.A(CDC_DRV.O)
                              ../../saturnringlib/../modules/sgl/LIB/LIBCD.A(GFS_CDC.O) (CDC_CdPlay)
../../saturnringlib/../modules/sgl/LIB/LIBCD.A(CDC_DEV.O)
                              ../../saturnringlib/../modules/sgl/LIB/LIBCD.A(GFS_CDC.O) (CDC_CdSetCon)
../../saturnringlib/../modules/sgl/LIB/LIBCD.A(CDC_SEL.O)
                              ../../saturnringlib/../modules/sgl/LIB/LIBCD.A(GFS_CDC.O) (CDC_SetFiltRange)
../../saturnringlib/../modules/sgl/LIB/LIBCD.A(CDC_BIF.O)
                              ../../saturnringlib/../modules/sgl/LIB/LIBCD.A(GFS_CDC.O) (CDC_GetBufSiz)
../../saturnringlib/../modules/sgl/LIB/LIBCD.A(CDC_BIO.O)
                              ../../saturnringlib/../modules/sgl/LIB/LIBCD.A(GFS_CDC.O) (CDC_SetSctLen)
../../saturnringlib/../modules/sgl/LIB/LIBCD.A(CDC_CFS.O)
                              ../../saturnringlib/../modules/sgl/LIB/LIBCD.A(GFS_CDC.O) (CDC_ChgDir)
../../saturnringlib/../modules/sgl/LIB/LIBCD.A(CDC_REG.O)
                              ../../saturnringlib/../modules/sgl/LIB/LIBCD.A(GFS_CDB.O) (CDC_GetDataPtr)
../../saturnringlib/../modules/sgl/LIB/LIBCD.A(CDC_SUB.O)
                              ../../saturnringlib/../modules/sgl/LIB/LIBCD.A(CDC_CMN.O) (CDSUB_UpdStatus)
../../saturnringlib/../modules/sgl/LIB/LIBSGL.A(sglB001.o)
                              src/scenes/title_screen.o (slTVOn)
../../saturnringlib/../modules/sgl/LIB/LIBSGL.A(sglB002.o)
                              src/scenes/title_screen.o (slColRAMMode)
../../saturnringlib/../modules/sgl/LIB/LIBSGL.A(sglB015.o)
                              src/scenes/title_screen.o (slScrAutoDisp)
../../saturnringlib/../modules/sgl/LIB/LIBSGL.A(sglB016.o)
                              src/objects/player.o (slBack1ColSet)
../../saturnringlib/../modules/sgl/LIB/LIBSGL.A(sglB031.o)
                              src/scenes/start_cave.o (slMapNbg0)
../../saturnringlib/../modules/sgl/LIB/LIBSGL.A(sglB034.o)
                              src/scenes/title_screen.o (slMapNbg3)
../../saturnringlib/../modules/sgl/LIB/LIBSGL.A(sglB038.o)
                              src/scenes/title_screen.o (slRparaInitSet)
../../saturnringlib/../modules/sgl/LIB/LIBSGL.A(sglB055.o)
                              src/scenes/start_cave.o (slPlaneNbg0)
../../saturnringlib/../modules/sgl/LIB/LIBSGL.A(sglB058.o)
                              src/scenes/title_screen.o (slPlaneNbg3)
../../saturnringlib/../modules/sgl/LIB/LIBSGL.A(sglB063.o)
                              src/scenes/title_screen.o (slPriority)
../../saturnringlib/../modules/sgl/LIB/LIBSGL.A(sglB070.o)
                              src/scenes/start_cave.o (slScrPosNbg0)
../../saturnringlib/../modules/sgl/LIB/LIBSGL.A(sglB200.o)
                              src/scenes/start_cave.o (slCharNbg0)
../../saturnringlib/../modules/sgl/LIB/LIBSGL.A(sglC04.o)
                              src/scenes/title_screen.o (slZdspLevel)
../../saturnringlib/../modules/sgl/LIB/LIBSGL.A(sglC16.o)
                              src/scenes/title_screen.o (slDynamicFrame)
../../saturnringlib/../modules/sgl/LIB/LIBSGL.A(sglC17.o)
                              src/objects/player.o (slDispSpriteHV)
../../saturnringlib/../modules/sgl/LIB/LIBSGL.A(sglC20.o)
                              ../../saturnringlib/../modules/sgl/LIB/LIBSGL.A(sglC17.o) (SpriteEntry)
../../saturnringlib/../modules/sgl/LIB/LIBSGL.A(sglC21.o)
                              ../../saturnringlib/../modules/sgl/LIB/LIBSGL.A(sglC17.o) (RotSprite)
../../saturnringlib/../modules/sgl/LIB/LIBSGL.A(sglD00.o)
                              src/objects/player.o (slDMACopy)
../../saturnringlib/../modules/sgl/LIB/LIBSGL.A(sglD01.o)
[...]
Memory Configuration

Name             Origin             Length             Attributes
*default*        0x00000000         0xffffffff

Linker script and memory map


PRELOADER       0x06004000       0xd0
                0x06004000                        ___Preloader = .
 *(PRELOADER)
 PRELOADER      0x06004000       0xc4 ../../saturnringlib/../modules/sgl/SRC/preloader.o
                0x06004000                PreLoader

SLSTART         0x060040d0       0x30
                0x060040d0                        ___Start = .
 *(SLSTART)
 SLSTART        0x060040d0       0x28 ../../saturnringlib/../modules/sgl/LIB/LIBSGL.A(sglI00.o)
                0x060040d0                SGL_Start
                0x060040d2                slStartSGL

.text           0x06004100    0x109f0
 *(.text*)
 .text          0x06004100        0x0 ../../saturnringlib/../modules/sgl/LIB/../SRC/workarea.o
 .text          0x06004100        0x4 ../../saturnringlib/../modules/sgl/SRC/preloader.o
                0x06004100                __cxa_pure_virtual
 .text          0x06004104      0x760 src/objects/player.o
                0x06004118                LoadPlayerSprite(char*)
                0x0600447c                UpdatePlayer()
 .text._ZN3SRL6Bitmap3TGA7GetDataEv
                0x06004864        0x4 src/objects/player.o
                0x06004864                SRL::Bitmap::TGA::GetData()
 .text._ZNK3SRL6Bitmap3TGA7GetInfoEv
                0x06004868       0x4c src/objects/player.o
                0x06004868                SRL::Bitmap::TGA::GetInfo() const
 .text._ZN3SRL4Math5Types3FxpC2ERKS2_
                0x060048b4        0x8 src/objects/player.o
                0x060048b4                SRL::Math::Types::Fxp::Fxp(SRL::Math::Types::Fxp const&)
                0x060048b4                SRL::Math::Types::Fxp::Fxp(SRL::Math::Types::Fxp const&)
 .text._ZNK3SRL4Math5Types3Fxp8RawValueEv
                0x060048bc        0x4 src/objects/player.o
                0x060048bc                SRL::Math::Types::Fxp::RawValue() const
 .text._ZN3SRL6Memory4FreeEPv
                0x060048c0      0x114 src/objects/player.o
                0x060048c0                SRL::Memory::Free(void*)
 .text._ZN3SRL6Bitmap3TGAD2Ev
                0x060049d4       0x54 src/objects/player.o
                0x060049d4                SRL::Bitmap::TGA::~TGA()
                0x060049d4                SRL::Bitmap::TGA::~TGA()
 .text._ZN3SRL6Bitmap3TGAD0Ev
                0x06004a28       0x50 src/objects/player.o
                0x06004a28                SRL::Bitmap::TGA::~TGA()
 .text._ZN3SRL6Memory15PlacementMallocEjm
                0x06004a78      0x19c src/objects/player.o
                0x06004a78                SRL::Memory::PlacementMalloc(unsigned int, unsigned long)
 .text._ZN3SRL6string10snprintfExEPciPKcz
                0x06004c14      0x394 src/objects/player.o
                0x06004c14                SRL::string::snprintfEx(char*, int, char const*, ...)
 .text._ZN3SRL5Input3Gun11SynchronizeEv
                0x06004fa8      0x1d0 src/objects/player.o
                0x06004fa8                SRL::Input::Gun::Synchronize()
 .text._ZN3SRL6Bitmap3TGA13DecodePaletteEPhPKNS1_9TgaHeaderEl
                0x06005178      0x4b8 src/objects/player.o
                0x06005178                SRL::Bitmap::TGA::DecodePalette(unsigned char*, SRL::Bitmap::TGA::TgaHeader const*, long)
 .text._ZN3SRL6Bitmap3TGA17DecodeRlePalettedEPhPKNS1_9TgaHeaderERNS1_8ForRangeES7_
                0x06005630      0x330 src/objects/player.o
                0x06005630                SRL::Bitmap::TGA::DecodeRlePaletted(unsigned char*, SRL::Bitmap::TGA::TgaHeader const*, SRL::Bitmap::TGA::ForRange&, SRL::Bitmap::TGA::ForRange&)
 .text._ZN3SRL5Debug12AssertScreenIJEEEvPKcS3_S3_DpT_
                0x06005960      0x718 src/objects/player.o
                0x06005960                void SRL::Debug::AssertScreen<>(char const*, char const*, char const*)
 .text._ZN3SRL5Debug12AssertScreenIJPKcEEEvS3_S3_S3_DpT_
                0x06006078      0x82c src/objects/player.o
                0x06006078                void SRL::Debug::AssertScreen<char const*>(char const*, char const*, char const*, char const*)
 .text._ZN3SRL5Types5EventIJEEC2Ev
                0x060068a4      0x17c src/objects/player.o
                0x060068a4                SRL::Types::Event<>::Event()
                0x060068a4                SRL::Types::Event<>::Event()
 .text._ZN3SRL5Debug12AssertScreenIJssEEEvPKcS3_S3_DpT_
                0x06006a20      0x840 src/objects/player.o
                0x06006a20                void SRL::Debug::AssertScreen<short, short>(char const*, char const*, char const*, short, short)
 .text._ZN3SRL5Debug12AssertScreenIJaEEEvPKcS3_S3_DpT_
                0x06007260      0x830 src/objects/player.o
                0x06007260                void SRL::Debug::AssertScreen<signed char>(char const*, char const*, char const*, signed char)
 .text._ZN3SRL6Bitmap3TGA8LoadDataEPNS_2Cd4FileEPNS1_14LoaderSettingsE
                0x06007a90      0xca4 src/objects/player.o
                0x06007a90                SRL::Bitmap::TGA::LoadData(SRL::Cd::File*, SRL::Bitmap::TGA::LoaderSettings*)
 .text._ZN3SRL5Types5EventIJEED2Ev
                0x06008734       0x2c src/objects/player.o
                0x06008734                SRL::Types::Event<>::~Event()
                0x06008734                SRL::Types::Event<>::~Event()
 .text.startup  0x06008760      0x1e4 src/objects/player.o
 .text.exit     0x06008944       0x90 src/objects/player.o
 .text          0x060089d4      0x824 src/scenes/title_screen.o
                0x060089d8                LoadGraphics()
                0x06008d38                title()
 .text._ZN3SRL4Core14VblankHandlingEv
                0x060091f8      0x158 src/scenes/title_screen.o
                0x060091f8                SRL::Core::VblankHandling()
 .text._ZN3SRL2TV13SetScreenSizeENS0_11ResolutionsE
                0x06009350      0x170 src/scenes/title_screen.o
                0x06009350                SRL::TV::SetScreenSize(SRL::TV::Resolutions)
 .text._ZN3SRL4VDP210InitializeERKNS_5Types9HighColorE
                0x060094c0      0x1a0 src/scenes/title_screen.o
                0x060094c0                SRL::VDP2::Initialize(SRL::Types::HighColor const&)
 .text.startup  0x06009660      0x1e4 src/scenes/title_screen.o
 .text.exit     0x06009844       0x90 src/scenes/title_screen.o
 .text          0x060098d4      0x694 src/scenes/start_cave.o
                0x060098d8                LoadCaveGraphics()
                0x06009cd4                start_cave()
 .text._ZN3SRL7Tilemap10Interfaces8Bmp2Tile11GetCellDataEv
                0x06009f68        0x4 src/scenes/start_cave.o
                0x06009f68                SRL::Tilemap::Interfaces::Bmp2Tile::GetCellData()
 .text._ZN3SRL7Tilemap10Interfaces8Bmp2Tile10GetMapDataEv
                0x06009f6c        0x4 src/scenes/start_cave.o
                0x06009f6c                SRL::Tilemap::Interfaces::Bmp2Tile::GetMapData()
 .text._ZN3SRL7Tilemap10Interfaces8Bmp2Tile10GetPalDataEv
                0x06009f70        0x4 src/scenes/start_cave.o
                0x06009f70                SRL::Tilemap::Interfaces::Bmp2Tile::GetPalData()
 .text._ZN3SRL7Tilemap10Interfaces8Bmp2Tile7GetInfoEv
                0x06009f74       0x18 src/scenes/start_cave.o
                0x06009f74                SRL::Tilemap::Interfaces::Bmp2Tile::GetInfo()
 .text._ZN3SRL4VDP24VRAM16AutoAllocateCellERNS_7Tilemap11TilemapInfoEt
                0x06009f8c      0x248 src/scenes/start_cave.o
                0x06009f8c                SRL::VDP2::VRAM::AutoAllocateCell(SRL::Tilemap::TilemapInfo&, unsigned short)
 .text._ZN3SRL7Tilemap10Interfaces8Bmp2Tile13ConvertBitmapERNS0_11TilemapInfoERNS_6Bitmap7IBitmapEib.isra.0
                0x0600a1d4      0x42c src/scenes/start_cave.o
 .text._ZN3SRL5Debug12AssertScreenIJlEEEvPKcS3_S3_DpT_
                0x0600a600      0x82c src/scenes/start_cave.o
                0x0600a600                void SRL::Debug::AssertScreen<long>(char const*, char const*, char const*, long)
 .text._ZN3SRL7Tilemap10Interfaces8Bmp2TileC2ERNS_6Bitmap7IBitmapEh
                0x0600ae2c      0x394 src/scenes/start_cave.o
                0x0600ae2c                SRL::Tilemap::Interfaces::Bmp2Tile::Bmp2Tile(SRL::Bitmap::IBitmap&, unsigned char)
                0x0600ae2c                SRL::Tilemap::Interfaces::Bmp2Tile::Bmp2Tile(SRL::Bitmap::IBitmap&, unsigned char)
 .text._ZN3SRL4VDP212ScrollScreenINS0_4NBG0ELs1ELt1EE12SetMapLayoutEhhhh
                0x0600b1c0      0x210 src/scenes/start_cave.o
                0x0600b1c0                SRL::VDP2::ScrollScreen<SRL::VDP2::NBG0, (short)1, (unsigned short)1>::SetMapLayout(unsigned char, unsigned char, unsigned char, unsigned char)
 .text._ZN3SRL4VDP212ScrollScreenINS0_4NBG0ELs1ELt1EE11LoadTilemapERNS_7Tilemap8ITilemapE
                0x0600b3d0      0x638 src/scenes/start_cave.o
                0x0600b3d0                SRL::VDP2::ScrollScreen<SRL::VDP2::NBG0, (short)1, (unsigned short)1>::LoadTilemap(SRL::Tilemap::ITilemap&)
 .text.startup  0x0600ba08      0x1e4 src/scenes/start_cave.o
 .text.exit     0x0600bbec       0x90 src/scenes/start_cave.o
 .text          0x0600bc7c       0x34 src/libs/colision.o
                0x0600bc80                checkColision()
                0x0600bc84                GetColision(int, int)
 .text.startup  0x0600bcb0      0x1e4 src/libs/colision.o
 .text.exit     0x0600be94       0x90 src/libs/colision.o
 .text          0x0600bf24       0x14 src/libs/physics.o
                0x0600bf28                ApplyGravity(PhysicsBody&)
 .text.startup  0x0600bf38      0x1e4 src/libs/physics.o
 .text.exit     0x0600c11c       0x90 src/libs/physics.o
 .text          0x0600c1ac        0x4 src/main.o
 .text.startup  0x0600c1b0      0x364 src/main.o
                0x0600c1b0                main
 .text.exit     0x0600c514       0x90 src/main.o
 *fill*         0x0600c5a4        0xc 
 .text          0x0600c5b0     0x1adc ../../saturnringlib/../modules/sgl/LIB/LIBCD.A(GFS.O)
                0x0600c5b0                gfs_version
                0x0600c5d0                GFS_Init
                0x0600c6b8                GFS_LoadDir
                0x0600c760                GFS_SetDir
                0x0600c7c8                GFS_NameToId
                0x0600c82c                GFS_IdToName
                0x0600c898                GFS_GetDirInfo
                0x0600c908                GFS_Reset
                0x0600c98c                GFS_Open
                0x0600ca40                GFS_Close
                0x0600ca78                GFS_Seek
                0x0600cb2c                GFS_Tell
                0x0600cb7c                GFS_IsEof
                0x0600cbd0                GFS_ByteToSct
                0x0600cc2c                GFS_GetFileSize
                0x0600cc88                GFS_GetFileInfo
                0x0600ccfc                GFS_GetNumCdbuf
                0x0600cd24                GFS_Load
                0x0600cde8                GFS_Fread
                0x0600ce84                gfs_waitRead
                0x0600cf2c                GFS_NwFread
                0x0600d038                GFS_NwCdRead
                0x0600d0b0                GFS_NwIsComplete
                0x0600d0e8                GFS_NwStop
                0x0600d154                GFS_NwGetStat
                0x0600d1d0                gfs_recovRdErr
                0x0600d200                GFS_NwExecOne
                0x0600d2c0                GFS_NwExecServer
                0x0600d33c                GFS_SetGmode
                0x0600d3a0                GFS_SetTmode
                0x0600d40c                GFS_SetReadPara
                0x0600d470                GFS_SetTransPara
                0x0600d4dc                GFS_SetTrFunc
                0x0600d540                GFS_StartTrans
                0x0600d58c                GFS_CdMovePickup
                0x0600d5f8                GFS_SetErrFunc
                0x0600d624                GFS_GetErrStat
                0x0600d648                GFS_ConvTno
                0x0600d670                gfs_chgRoot
                0x0600d73c                gfs_aborttrans
                0x0600d748                gfs_mngSetupFuncTbl
                0x0600d77c                gfs_mngInitWork
                0x0600d820                gfs_mngGetNumFile
                0x0600d888                GFS_mngAllocGrp
                0x0600d8d0                gfs_mngFreeGrp
                0x0600d8dc                gfs_mngTermAccess
                0x0600d960                gfs_mngSetErrCode
                0x0600d9e0                gfs_svrSearchHndl
                0x0600da20                gfs_svrAddHndl
                0x0600da5c                gfs_svrRemoveHndl
                0x0600dab8                GFS_OpenSub
                0x0600db10                gfs_loadVol
                0x0600dbd4                gfs_getRootDir
                0x0600dcd0                gfs_loadRootDir
                0x0600dd58                gfs_flowIn
                0x0600de00                gfs_transData
                0x0600dea4                GFS_GetFad
                0x0600defc                gfs_SetSct
                0x0600df3c                gfs_GetFinfo
                0x0600df7c                gfs_closeSub
                0x0600dfb8                gfs_getGmode
                0x0600dfc4                gfs_isTaskDone
                0x0600e018                gfs_convFinStat
 *fill*         0x0600e08c        0x4 
 .text          0x0600e090      0x106 ../../saturnringlib/../modules/sgl/LIB/LIBCD.A(GFS_BUF.O)
                0x0600e0c0                GFBF_GetTranData
                0x0600e0e8                GFBF_GetNumData
                0x0600e118                GFBF_GetSrcPk
                0x0600e140                GFBF_GetSctData
                0x0600e164                GFBF_RtnPk
                0x0600e18c                gfbf_getSctDt
 *fill*         0x0600e196        0xa 
 .text          0x0600e1a0      0x600 ../../saturnringlib/../modules/sgl/LIB/LIBCD.A(GFS_CDB.O)
                0x0600e1a0                GFCB_Setup
                0x0600e2c0                GFCB_Close
                0x0600e2e8                GFCB_GetLenData
                0x0600e394                GFCB_GetLenRoom
                0x0600e3a0                GFCB_SetFilt
                0x0600e408                GFCB_DeleteAllData
                0x0600e430                GFCB_Tell
                0x0600e440                gfcb_getSctNum
                0x0600e490                GFCB_Seek
                0x0600e58c                GFCB_GetSrcPack
                0x0600e66c                GFCB_GetSctData
                0x0600e6a4                GFCB_GetDstPack
                0x0600e6b0                GFCB_RtnPk
                0x0600e6f8                GFCB_MovePickup
                0x0600e714                GFCB_SetCon
                0x0600e748                GFCB_GetPickup
                0x0600e770                GFCB_IsPuOwner
                0x0600e788                GFCB_UngetPickup
 .text          0x0600e7a0     0x1a10 ../../saturnringlib/../modules/sgl/LIB/LIBCD.A(GFS_CDC.O)
                0x0600e7a0                GFCD_SetCdbfs
                0x0600e7cc                GFCD_Init
                0x0600e9d0                GFCD_AllocFilt
                0x0600ea0c                GFCD_FreeFilt
                0x0600ea3c                GFCD_AllocBuf
                0x0600ea70                GFCD_FreeBuf
                0x0600eb14                GFCD_GetBaseFad
                0x0600eb48                GFCD_GetPickup
                0x0600eb7c                GFCD_UngetPickup
                0x0600eba8                GFCD_IsPuOwner
                0x0600ebcc                GFCD_SetFilt
                0x0600ec90                GFCD_GetFilt
                0x0600ecd8                GFCD_SetCon
                0x0600ed30                GFCD_Play
                0x0600ed90                GFCD_GetLenData
                0x0600edf8                GFCD_ReqData
                0x0600ee54                GFCD_EndData
                0x0600ee9c                GFCD_DelSctData
                0x0600eef4                GFCD_CheckDelSctData
                0x0600ef24                GFCD_GetStat
                0x0600efd8                GFCD_MovePickup
                0x0600f024                GFCD_MoveSctData
                0x0600f098                GFCD_CheckMove
                0x0600f0bc                GFCD_GetSctInfo
                0x0600f104                GFCD_ChgDir
                0x0600f178                GFCD_SetFiltCon
                0x0600f260                GFCD_GetFileInfo
                0x0600f33c                GFCD_GetBufSiz
                0x0600f374                GFCD_ExecServer
                0x0600f448                gfcd_isIdleTask
                0x0600f4d4                gfcd_doTask
                0x0600f580                GFCD_SetTimer
                0x0600f594                GFCD_WaitServer
                0x0600f5d0                gfcd_doSetFiltTsk
                0x0600f794                gfcd_doSetConTsk
                0x0600f824                gfcd_doGetLenDataTsk
                0x0600f978                gfcd_doReqDataTsk
                0x0600fa18                gfcd_doDelSctDataTsk
                0x0600fb4c                gfcd_doMoveSctTsk
                0x0600fcb0                gfcd_doChgDirTsk
                0x0600feac                gfcd_doSetFiltConTsk
                0x0600fff0                gfcd_checkEflag
                0x06010014                gfcd_initCdbMng
                0x06010094                gfcd_setStat
                0x060100c0                GFCD_SetCsctFunc
                0x060100dc                GFCD_ChkScdqFlag
                0x06010100                GFCD_ClrScdqFlag
                0x0601011c                GFCD_WaitScdqFlag
                0x06010160                GFCD_WaitPause
 .text          0x060101b0      0x8d8 ../../saturnringlib/../modules/sgl/LIB/LIBCD.A(GFS_CDF.O)
                0x060101b0                GFCF_Init
                0x06010250                GFCF_Setup
                0x06010398                GFCF_SetSct
                0x060103dc                GFCF_GetFileInfo
                0x06010450                GFCF_FlowInBuf
                0x060105a4                GFCF_StopInBuf
                0x06010644                GFCF_Recover
                0x0601068c                GFCF_Tell
                0x060106a4                GFCF_Seek
                0x060106bc                GFCF_MovePickup
                0x06010758                GFCF_cnvIntlvOfs
                0x060107ac                GFCF_GetStat
                0x06010844                gfcf_getSctSize
                0x06010880                gfcf_isCdOk
                0x06010940                gfcf_getPlayRange
 *fill*         0x06010a88        0x8 
 .text          0x06010a90      0x92c ../../saturnringlib/../modules/sgl/LIB/LIBCD.A(GFS_DIR.O)
                0x06010a90                GFDR_SetupDirTbl
                0x06010b04                GFDR_NameToId
                0x06010b64                GFDR_GetInfoDirId
                0x06010b78                GFDR_GetInfoDirName
                0x06010b8c                GFDR_GetAtrDirId
                0x06010ba4                GFDR_GetAtrDirName
                0x06010bbc                GFDR_ChgRoot
                0x06010bd4                GFDR_ChgDir
                0x06010c48                gfdr_setupDirIdTbl
                0x06010ccc                gfdr_setupDirNameTbl
                0x06010d78                gfdr_open
                0x06010da0                gfdr_read
                0x06010e60                gfdr_readByte
                0x06010e8c                gfdr_readWord
                0x06010eb8                gfdr_readWordNB
                0x06010f0c                gfdr_readLongNB
                0x06010f58                gfdr_readLongNM
                0x06010f80                gfdr_setNextRec
                0x06011004                gfdr_readDirEnt
                0x06011380                gfdr_setDirrecCd
 *fill*         0x060113bc        0x4 
 .text          0x060113c0      0x9c6 ../../saturnringlib/../modules/sgl/LIB/LIBCD.A(GFS_TRN.O)
                0x060113f0                GFTR_Setup
                0x06011434                GFTR_SetMode
                0x06011448                GFTR_SetUnit
                0x06011454                GFTR_SetTransPara
                0x06011488                GFTR_GetTransPara
                0x06011494                GFTR_GetNumTrans
                0x060114a0                GFTR_SetTransMax
                0x060114ac                GFTR_Start
                0x060114b8                GFTR_Pause
                0x060114c4                GFTR_Stop
                0x0601157c                GFTR_Exec
                0x06011600                GFTR_Idle
                0x06011678                GFTR_ExecSvr
                0x06011780                gftr_getSrcPack
                0x06011808                gftr_getDstPack
                0x06011864                gftr_reqScu
                0x06011870                gftr_execScu
                0x0601190c                gftr_remScu
                0x06011940                gfdma_canUse
                0x0601194c                gfdma_exec
                0x060119bc                gfdma_getBytecnt
                0x060119f4                gftr_reqDma0
                0x06011a0c                gftr_execSdma0
                0x06011a30                gftr_remDma0
                0x06011a48                gftr_reqDma1
                0x06011a60                gftr_execSdma1
                0x06011a84                gftr_remDma1
                0x06011a9c                gftr_reqCpu
                0x06011aa8                gftr_execCpu
                0x06011ae8                gftr_remCpu
                0x06011af4                gftr_reqTrn
                0x06011b64                gftr_execTrn
                0x06011c3c                gftr_remTrn
                0x06011cb0                gftr_copyFrac
                0x06011cd8                GFTR_GetLenData
                0x06011ce4                GFTR_GetLenRoom
                0x06011cfc                GFTR_GetDstPack
                0x06011d30                GFTR_RtnDstPk
                0x06011d4c                GFTR_GetData
                0x06011d60                GFTR_SetData
                0x06011d74                GFTR_SetTransFunc
 *fill*         0x06011d86        0xa 
 .text          0x06011d90      0x3a0 ../../saturnringlib/../modules/sgl/LIB/LIBCD.A(CDC_CMN.O)
                0x06011d90                CDC_GetCurStat
                0x06011de0                CDC_GetLastStat
                0x06011df8                CDC_GetPeriStat
                0x06011ecc                CDC_GetHwInfo
                0x06011f34                CDC_TgetToc
                0x06011f84                CDC_GetSes
                0x06011fc0                CDC_CdInit
                0x06012044                CDC_CdOpen
                0x0601206c                CDC_DataReady
                0x060120d8                CDC_DataEnd
 .text          0x06012130      0x130 ../../saturnringlib/../modules/sgl/LIB/LIBCD.A(CDC_DRV.O)
                0x06012130                CDC_CdPlay
                0x060121fc                CDC_CdSeek
                0x06012230                CDC_CdScan
 .text          0x06012260       0xa8 ../../saturnringlib/../modules/sgl/LIB/LIBCD.A(CDC_DEV.O)
                0x06012260                CDC_CdSetCon
                0x06012290                CDC_CdGetCon
                0x060122cc                CDC_CdGetLastBuf
 *fill*         0x06012308        0x8 
 .text          0x06012310      0x2b8 ../../saturnringlib/../modules/sgl/LIB/LIBCD.A(CDC_SEL.O)
                0x06012310                CDC_SetFiltRange
                0x06012344                CDC_GetFiltRange
                0x0601239c                CDC_SetFiltSubh
                0x0601240c                CDC_GetFiltSubh
                0x06012488                CDC_SetFiltMode
                0x060124bc                CDC_GetFiltMode
                0x06012500                CDC_SetFiltCon
                0x06012540                CDC_GetFiltCon
                0x06012594                CDC_ResetSelector
 *fill*         0x060125c8        0x8 
 .text          0x060125d0      0x270 ../../saturnringlib/../modules/sgl/LIB/LIBCD.A(CDC_BIF.O)
                0x060125d0                CDC_GetBufSiz
                0x0601262c                CDC_GetSctNum
                0x06012670                CDC_CalActSiz
                0x060126ac                CDC_GetActSiz
                0x0601272c                CDC_GetSctInfo
                0x060127ac                CDC_ExeFadSearch
                0x060127e4                CDC_GetFadSearch
 .text          0x06012840      0x1e4 ../../saturnringlib/../modules/sgl/LIB/LIBCD.A(CDC_BIO.O)
                0x06012840                CDC_SetSctLen
                0x06012874                CDC_GetSctData
                0x060128b0                CDC_DelSctData
                0x060128ec                CDC_GetdelSctData
                0x06012928                CDC_PutSctData
                0x06012960                CDC_CopySctData
                0x060129a4                CDC_MoveSctData
                0x060129e8                CDC_GetCopyErr
 *fill*         0x06012a24        0xc 
 .text          0x06012a30      0x194 ../../saturnringlib/../modules/sgl/LIB/LIBCD.A(CDC_CFS.O)
                0x06012a30                CDC_ChgDir
                0x06012a64                CDC_ReadDir
                0x06012a98                CDC_GetFileScope
                0x06012af8                CDC_TgetFileInfo
                0x06012b54                CDC_ReadFile
                0x06012b88                CDC_AbortFile
 *fill*         0x06012bc4        0xc 
 .text          0x06012bd0      0x2dc ../../saturnringlib/../modules/sgl/LIB/LIBCD.A(CDC_REG.O)
                0x06012bd0                CDC_GetDataPtr
                0x06012be0                CDC_GetHirqReq
                0x06012bf4                CDC_ClrHirqReq
                0x06012c24                CDREG_ClrHirqReq
                0x06012c34                CDREG_InitHirqReq
                0x06012c5c                CDREG_SetHirqFlag
                0x06012c70                CDC_GetHirqMsk
                0x06012c84                CDC_SetHirqMsk
                0x06012c94                CDC_GetMpegPtr
                0x06012ca4                CDREG_TgetData
                0x06012d00                CDREG_CmdRsp
                0x06012e00                CDREG_WaitHirq
                0x06012e70                CDREG_ReadRsp
 *fill*         0x06012eac        0x4 
 .text          0x06012eb0      0x152 ../../saturnringlib/../modules/sgl/LIB/LIBCD.A(CDC_SUB.O)
                0x06012eb0                CDSUB_UpdStatus
                0x06012ec8                CDSUB_UpdCdstat
                0x06012ee8                CDSUB_CdCmd
                0x06012f58                CDSUB_GetCdstat
                0x06012f98                CDSUB_RspToCdstat
                0x06012fe0                CDSUB_SoftTimer
 *fill*         0x06013002        0xe 
 .text          0x06013010        0x0 ../../saturnringlib/../modules/sgl/LIB/LIBSGL.A(sglB001.o)
 .text          0x06013010        0x0 ../../saturnringlib/../modules/sgl/LIB/LIBSGL.A(sglB002.o)
 .text          0x06013010        0x0 ../../saturnringlib/../modules/sgl/LIB/LIBSGL.A(sglB015.o)
 .text          0x06013010        0x0 ../../saturnringlib/../modules/sgl/LIB/LIBSGL.A(sglB016.o)
 .text          0x06013010        0x0 ../../saturnringlib/../modules/sgl/LIB/LIBSGL.A(sglB031.o)
 .text          0x06013010        0x0 ../../saturnringlib/../modules/sgl/LIB/LIBSGL.A(sglB034.o)
 .text          0x06013010        0x0 ../../saturnringlib/../modules/sgl/LIB/LIBSGL.A(sglB038.o)
 .text          0x06013010        0x0 ../../saturnringlib/../modules/sgl/LIB/LIBSGL.A(sglB055.o)
 .text          0x06013010        0x0 ../../saturnringlib/../modules/sgl/LIB/LIBSGL.A(sglB058.o)
 .text          0x06013010        0x0 ../../saturnringlib/../modules/sgl/LIB/LIBSGL.A(sglB063.o)
 .text          0x06013010        0x0 ../../saturnringlib/../modules/sgl/LIB/LIBSGL.A(sglB070.o)
 .text          0x06013010        0x0 ../../saturnringlib/../modules/sgl/LIB/LIBSGL.A(sglB200.o)
 .text          0x06013010        0x0 ../../saturnringlib/../modules/sgl/LIB/LIBSGL.A(sglC04.o)
 .text          0x06013010        0x0 ../../saturnringlib/../modules/sgl/LIB/LIBSGL.A(sglC16.o)
 .text          0x06013010        0x0 ../../saturnringlib/../modules/sgl/LIB/LIBSGL.A(sglC17.o)
 .text          0x06013010        0x0 ../../saturnringlib/../modules/sgl/LIB/LIBSGL.A(sglC20.o)
 .text          0x06013010        0x0 ../../saturnringlib/../modules/sgl/LIB/LIBSGL.A(sglC21.o)
 .text          0x06013010        0x0 ../../saturnringlib/../modules/sgl/LIB/LIBSGL.A(sglD00.o)
 .text          0x06013010        0x0 ../../saturnringlib/../modules/sgl/LIB/LIBSGL.A(sglD01.o)
 .text          0x06013010        0x0 ../../saturnringlib/../modules/sgl/LIB/LIBSGL.A(sglD02.o)
 .text          0x06013010        0x0 ../../saturnringlib/../modules/sgl/LIB/LIBSGL.A(sglD03.o)
 .text          0x06013010        0x0 ../../saturnringlib/../modules/sgl/LIB/LIBSGL.A(sglD15.o)
 .text          0x06013010        0x0 ../../saturnringlib/../modules/sgl/LIB/LIBSGL.A(sglD16.o)
 .text          0x06013010        0x0 ../../saturnringlib/../modules/sgl/LIB/LIBSGL.A(sglD17.o)
 .text          0x06013010        0x0 ../../saturnringlib/../modules/sgl/LIB/LIBSGL.A(sglD18.o)
 .text          0x06013010        0x0 ../../saturnringlib/../modules/sgl/LIB/LIBSGL.A(sglF00.o)
 .text          0x06013010        0x0 ../../saturnringlib/../modules/sgl/LIB/LIBSGL.A(sglH00.o)
 .text          0x06013010        0x0 ../../saturnringlib/../modules/sgl/LIB/LIBSGL.A(sglH02.o)
 .text          0x06013010        0x0 ../../saturnringlib/../modules/sgl/LIB/LIBSGL.A(sglH04.o)
 .text          0x06013010        0x0 ../../saturnringlib/../modules/sgl/LIB/LIBSGL.A(sglI01.o)
 .text          0x06013010        0x0 ../../saturnringlib/../modules/sgl/LIB/LIBSGL.A(sglI04.o)
 .text          0x06013010      0x128 ../../saturnringlib/../modules/sgl/LIB/LIBSGL.A(sglIc0.o)
                0x06013010                slInitSystem
 *fill*         0x06013138        0x8 
 .text          0x06013140        0x0 ../../saturnringlib/../modules/sgl/LIB/LIBSGL.A(sglJ00.o)
 .text          0x06013140        0x0 ../../saturnringlib/../modules/sgl/LIB/LIBSGL.A(sglJ01.o)
 .text          0x06013140        0x0 ../../saturnringlib/../modules/sgl/LIB/LIBSGL.A(sglJ02.o)
 .text          0x06013140        0x0 ../../saturnringlib/../modules/sgl/LIB/LIBSGL.A(sglJ03.o)
 .text          0x06013140        0x0 ../../saturnringlib/../modules/sgl/LIB/LIBSGL.A(sglJ04.o)
 .text          0x06013140        0x0 ../../saturnringlib/../modules/sgl/LIB/LIBSGL.A(sglJ05.o)
 .text          0x06013140        0x0 ../../saturnringlib/../modules/sgl/LIB/LIBSGL.A(sglK01.o)
 .text          0x06013140        0x0 ../../saturnringlib/../modules/sgl/LIB/LIBSGL.A(sglM01.o)
 .text          0x06013140        0x0 ../../saturnringlib/../modules/sgl/LIB/LIBSGL.A(sglA00.o)
 .text          0x06013140        0x0 ../../saturnringlib/../modules/sgl/LIB/LIBSGL.A(sglA01.o)
 .text          0x06013140        0x0 ../../saturnringlib/../modules/sgl/LIB/LIBSGL.A(sglA20.o)
 .text          0x06013140        0x0 ../../saturnringlib/../modules/sgl/LIB/LIBSGL.A(sglB000.o)
 .text          0x06013140        0x0 ../../saturnringlib/../modules/sgl/LIB/LIBSGL.A(sglB035.o)
 .text          0x06013140        0x0 ../../saturnringlib/../modules/sgl/LIB/LIBSGL.A(sglC00.o)
 .text          0x06013140        0x0 ../../saturnringlib/../modules/sgl/LIB/LIBSGL.A(sglI00.o)
 .text          0x06013140        0x0 ../../saturnringlib/../modules/sgl/LIB/LIBSGL.A(sglH03.o)
 .text          0x06013140       0x52 /home/toaster/Programming/Saturn/SaturnRingLib/Compiler/linux/sh2eb-elf/bin/../lib/gcc/sh-elf/14.2.0/libgcc.a(_ashiftrt.o)
                0x06013140                __ashiftrt_r4_31
                0x06013140                __ashiftrt_r4_32
                0x06013146                __ashiftrt_r4_30
                0x06013148                __ashiftrt_r4_29
                0x0601314a                __ashiftrt_r4_28
                0x0601314c                __ashiftrt_r4_27
                0x0601314e                __ashiftrt_r4_26
                0x06013150                __ashiftrt_r4_25
                0x06013152                __ashiftrt_r4_24
                0x0601315a                __ashiftrt_r4_23
                0x0601315c                __ashiftrt_r4_22
                0x0601315e                __ashiftrt_r4_21
                0x06013160                __ashiftrt_r4_20
                0x06013162                __ashiftrt_r4_19
                0x06013164                __ashiftrt_r4_18
                0x06013166                __ashiftrt_r4_17
                0x06013168                __ashiftrt_r4_16
                0x0601316e                __ashiftrt_r4_15
                0x06013170                __ashiftrt_r4_14
                0x06013172                __ashiftrt_r4_13
                0x06013174                __ashiftrt_r4_12
                0x06013176                __ashiftrt_r4_11
                0x06013178                __ashiftrt_r4_10
                0x0601317a                __ashiftrt_r4_9
                0x0601317c                __ashiftrt_r4_8
                0x0601317e                __ashiftrt_r4_7
                0x06013180                __ashiftrt_r4_6
                0x06013182                __ashiftrt_r4_5
                0x06013184                __ashiftrt_r4_4
                0x06013186                __ashiftrt_r4_3
                0x06013188                __ashiftrt_r4_2
                0x0601318a                __ashiftrt_r4_1
                0x0601318e                __ashiftrt_r4_0
 *fill*         0x06013192        0x2 
 .text          0x06013194       0x80 /home/toaster/Programming/Saturn/SaturnRingLib/Compiler/linux/sh2eb-elf/bin/../lib/gcc/sh-elf/14.2.0/libgcc.a(_ashiftrt_n.o)
                0x06013194                __ashrsi3
 .text          0x06013214       0xbc /home/toaster/Programming/Saturn/SaturnRingLib/Compiler/linux/sh2eb-elf/bin/../lib/gcc/sh-elf/14.2.0/libgcc.a(_ashiftlt.o)
                0x06013214                __ashlsi3
                0x06013218                __ashlsi3_r0
 .text          0x060132d0       0xbc /home/toaster/Programming/Saturn/SaturnRingLib/Compiler/linux/sh2eb-elf/bin/../lib/gcc/sh-elf/14.2.0/libgcc.a(_lshiftrt.o)
                0x060132d0                __lshrsi3
                0x060132d4                __lshrsi3_r0
 .text          0x0601338c       0xa0 /home/toaster/Programming/Saturn/SaturnRingLib/Compiler/linux/sh2eb-elf/bin/../lib/gcc/sh-elf/14.2.0/libgcc.a(_sdivsi3.o)
                0x0601338c                __sdivsi3
 .text          0x0601342c       0x6c /home/toaster/Programming/Saturn/SaturnRingLib/Compiler/linux/sh2eb-elf/bin/../lib/gcc/sh-elf/14.2.0/libgcc.a(_udivsi3.o)
                0x0601344e                __udivsi3
 .text          0x06013498       0x18 /home/toaster/Programming/Saturn/SaturnRingLib/Compiler/linux/sh2eb-elf/bin/../lib/gcc/sh-elf/14.2.0/../../../../sh-elf/lib/libc.a(libc_a-abort.o)
                0x06013498                abort
 .text          0x060134b0      0x108 /home/toaster/Programming/Saturn/SaturnRingLib/Compiler/linux/sh2eb-elf/bin/../lib/gcc/sh-elf/14.2.0/../../../../sh-elf/lib/libc.a(libc_a-snprintf.o)
                0x060134b0                _sniprintf_r
                0x060134b0                _snprintf_r
                0x06013530                sniprintf
                0x06013530                snprintf
 .text          0x060135b8       0x1e /home/toaster/Programming/Saturn/SaturnRingLib/Compiler/linux/sh2eb-elf/bin/../lib/gcc/sh-elf/14.2.0/../../../../sh-elf/lib/libc.a(libc_a-memcmp.o)
                0x060135b8                memcmp
 .text          0x060135d6       0x26 /home/toaster/Programming/Saturn/SaturnRingLib/Compiler/linux/sh2eb-elf/bin/../lib/gcc/sh-elf/14.2.0/../../../../sh-elf/lib/libc.a(libc_a-strncmp.o)
                0x060135d6                strncmp
 .text          0x060135fc       0x32 /home/toaster/Programming/Saturn/SaturnRingLib/Compiler/linux/sh2eb-elf/bin/../lib/gcc/sh-elf/14.2.0/../../../../sh-elf/lib/libc.a(libc_a-strncpy.o)
                0x060135fc                strncpy
 *fill*         0x0601362e        0x2 
 .text          0x06013630      0x1a8 /home/toaster/Programming/Saturn/SaturnRingLib/Compiler/linux/sh2eb-elf/bin/../lib/gcc/sh-elf/14.2.0/../../../../sh-elf/lib/libc.a(libc_a-signal.o)
                0x06013630                _init_signal_r
                0x06013670                _signal_r
                0x060136bc                _raise_r
                0x0601372c                __sigtramp_r
                0x0601378c                raise
                0x060137a0                signal
                0x060137b4                _init_signal
                0x060137c4                __sigtramp
 .text          0x060137d8        0x0 /home/toaster/Programming/Saturn/SaturnRingLib/Compiler/linux/sh2eb-elf/bin/../lib/gcc/sh-elf/14.2.0/../../../../sh-elf/lib/libc.a(libc_a-impure.o)
 .text          0x060137d8       0x40 /home/toaster/Programming/Saturn/SaturnRingLib/Compiler/linux/sh2eb-elf/bin/../lib/gcc/sh-elf/14.2.0/../../../../sh-elf/lib/libc.a(libc_a-signalr.o)
                0x060137d8                _kill_r
                0x0601380c                _getpid_r
 .text          0x06013818       0x94 /home/toaster/Programming/Saturn/SaturnRingLib/Compiler/linux/sh2eb-elf/bin/../lib/gcc/sh-elf/14.2.0/../../../../sh-elf/lib/libc.a(libc_a-memcpy.o)
                0x06013818                memcpy
 .text          0x060138ac       0x40 /home/toaster/Programming/Saturn/SaturnRingLib/Compiler/linux/sh2eb-elf/bin/../lib/gcc/sh-elf/14.2.0/../../../../sh-elf/lib/libc.a(libc_a-memset.o)
                0x060138ac                memset
 .text          0x060138ec      0x194 /home/toaster/Programming/Saturn/SaturnRingLib/Compiler/linux/sh2eb-elf/bin/../lib/gcc/sh-elf/14.2.0/../../../../sh-elf/lib/libc.a(libc_a-mallocr.o)
                0x06013948                _malloc_r
 .text          0x06013a80        0x8 /home/toaster/Programming/Saturn/SaturnRingLib/Compiler/linux/sh2eb-elf/bin/../lib/gcc/sh-elf/14.2.0/../../../../sh-elf/lib/libc.a(libc_a-mlock.o)
                0x06013a80                __malloc_lock
                0x06013a84                __malloc_unlock
 .text          0x06013a88      0x42c /home/toaster/Programming/Saturn/SaturnRingLib/Compiler/linux/sh2eb-elf/bin/../lib/gcc/sh-elf/14.2.0/../../../../sh-elf/lib/libc.a(libc_a-nano-svfprintf.o)
                0x06013a88                __ssputs_r
                0x06013b7c                __ssprint_r
                0x06013ca4                _svfiprintf_r
                0x06013ca4                _svfprintf_r
 .text          0x06013eb4      0x374 /home/toaster/Programming/Saturn/SaturnRingLib/Compiler/linux/sh2eb-elf/bin/../lib/gcc/sh-elf/14.2.0/../../../../sh-elf/lib/libc.a(libc_a-nano-vfprintf_i.o)
                0x06013eb4                _printf_common
                0x06013fb4                _printf_i
 .text          0x06014228      0x1fc /home/toaster/Programming/Saturn/SaturnRingLib/Compiler/linux/sh2eb-elf/bin/../lib/gcc/sh-elf/14.2.0/../../../../sh-elf/lib/libc.a(libc_a-findfp.o)
                0x06014330                __sfp
                0x060143fc                __sinit
 .text          0x06014424       0x58 /home/toaster/Programming/Saturn/SaturnRingLib/Compiler/linux/sh2eb-elf/bin/../lib/gcc/sh-elf/14.2.0/../../../../sh-elf/lib/libc.a(libc_a-fwalk.o)
                0x06014424                _fwalk_sglue
 .text          0x0601447c       0xdc /home/toaster/Programming/Saturn/SaturnRingLib/Compiler/linux/sh2eb-elf/bin/../lib/gcc/sh-elf/14.2.0/../../../../sh-elf/lib/libc.a(libc_a-stdio.o)
                0x0601447c                __sread
                0x060144b4                __seofread
                0x060144b8                __swrite
                0x06014508                __sseek
                0x06014548                __sclose
 .text          0x06014558       0x1c /home/toaster/Programming/Saturn/SaturnRingLib/Compiler/linux/sh2eb-elf/bin/../lib/gcc/sh-elf/14.2.0/../../../../sh-elf/lib/libc.a(libc_a-memchr.o)
                0x06014558                memchr
 .text          0x06014574       0x3c /home/toaster/Programming/Saturn/SaturnRingLib/Compiler/linux/sh2eb-elf/bin/../lib/gcc/sh-elf/14.2.0/../../../../sh-elf/lib/libc.a(libc_a-memmove.o)
                0x06014574                memmove
 .text          0x060145b0       0x30 /home/toaster/Programming/Saturn/SaturnRingLib/Compiler/linux/sh2eb-elf/bin/../lib/gcc/sh-elf/14.2.0/../../../../sh-elf/lib/libc.a(libc_a-closer.o)
                0x060145b0                _close_r
 .text          0x060145e0       0xa4 /home/toaster/Programming/Saturn/SaturnRingLib/Compiler/linux/sh2eb-elf/bin/../lib/gcc/sh-elf/14.2.0/../../../../sh-elf/lib/libc.a(libc_a-reent.o)
                0x060145e0                _reclaim_reent
 .text          0x06014684       0x34 /home/toaster/Programming/Saturn/SaturnRingLib/Compiler/linux/sh2eb-elf/bin/../lib/gcc/sh-elf/14.2.0/../../../../sh-elf/lib/libc.a(libc_a-lseekr.o)
                0x06014684                _lseek_r
 .text          0x060146b8       0x34 /home/toaster/Programming/Saturn/SaturnRingLib/Compiler/linux/sh2eb-elf/bin/../lib/gcc/sh-elf/14.2.0/../../../../sh-elf/lib/libc.a(libc_a-readr.o)
                0x060146b8                _read_r
 .text          0x060146ec       0x30 /home/toaster/Programming/Saturn/SaturnRingLib/Compiler/linux/sh2eb-elf/bin/../lib/gcc/sh-elf/14.2.0/../../../../sh-elf/lib/libc.a(libc_a-sbrkr.o)
                0x060146ec                _sbrk_r
 .text          0x0601471c       0x34 /home/toaster/Programming/Saturn/SaturnRingLib/Compiler/linux/sh2eb-elf/bin/../lib/gcc/sh-elf/14.2.0/../../../../sh-elf/lib/libc.a(libc_a-writer.o)
                0x0601471c                _write_r
 .text          0x06014750       0xc4 /home/toaster/Programming/Saturn/SaturnRingLib/Compiler/linux/sh2eb-elf/bin/../lib/gcc/sh-elf/14.2.0/../../../../sh-elf/lib/libc.a(libc_a-freer.o)
                0x06014750                _free_r
 .text          0x06014814       0x98 /home/toaster/Programming/Saturn/SaturnRingLib/Compiler/linux/sh2eb-elf/bin/../lib/gcc/sh-elf/14.2.0/../../../../sh-elf/lib/libc.a(libc_a-reallocr.o)
                0x06014814                _realloc_r
 .text          0x060148ac      0x1a8 /home/toaster/Programming/Saturn/SaturnRingLib/Compiler/linux/sh2eb-elf/bin/../lib/gcc/sh-elf/14.2.0/../../../../sh-elf/lib/libc.a(libc_a-fflush.o)
                0x060148ac                __sflush_r
                0x060149e4                _fflush_r
                0x06014a24                fflush
 .text          0x06014a54       0x16 /home/toaster/Programming/Saturn/SaturnRingLib/Compiler/linux/sh2eb-elf/bin/../lib/gcc/sh-elf/14.2.0/../../../../sh-elf/lib/libc.a(libc_a-msizer.o)
                0x06014a54                _malloc_usable_size_r
 *fill*         0x06014a6a        0x2 
 .text          0x06014a6c       0x10 /home/toaster/Programming/Saturn/SaturnRingLib/Compiler/linux/sh2eb-elf/bin/../lib/gcc/sh-elf/14.2.0/../../../../sh-elf/lib/libnosys.a(close.o)
                0x06014a6c                _close
 .text          0x06014a7c       0x10 /home/toaster/Programming/Saturn/SaturnRingLib/Compiler/linux/sh2eb-elf/bin/../lib/gcc/sh-elf/14.2.0/../../../../sh-elf/lib/libnosys.a(getpid.o)
                0x06014a7c                _getpid
 .text          0x06014a8c       0x10 /home/toaster/Programming/Saturn/SaturnRingLib/Compiler/linux/sh2eb-elf/bin/../lib/gcc/sh-elf/14.2.0/../../../../sh-elf/lib/libnosys.a(kill.o)
                0x06014a8c                _kill
 .text          0x06014a9c       0x10 /home/toaster/Programming/Saturn/SaturnRingLib/Compiler/linux/sh2eb-elf/bin/../lib/gcc/sh-elf/14.2.0/../../../../sh-elf/lib/libnosys.a(lseek.o)
                0x06014a9c                _lseek
 .text          0x06014aac       0x10 /home/toaster/Programming/Saturn/SaturnRingLib/Compiler/linux/sh2eb-elf/bin/../lib/gcc/sh-elf/14.2.0/../../../../sh-elf/lib/libnosys.a(read.o)
                0x06014aac                _read
 .text          0x06014abc       0x18 /home/toaster/Programming/Saturn/SaturnRingLib/Compiler/linux/sh2eb-elf/bin/../lib/gcc/sh-elf/14.2.0/../../../../sh-elf/lib/libnosys.a(sbrk.o)
                0x06014abc                _sbrk
 .text          0x06014ad4       0x10 /home/toaster/Programming/Saturn/SaturnRingLib/Compiler/linux/sh2eb-elf/bin/../lib/gcc/sh-elf/14.2.0/../../../../sh-elf/lib/libnosys.a(write.o)
                0x06014ad4                _write
 .text          0x06014ae4        0x4 /home/toaster/Programming/Saturn/SaturnRingLib/Compiler/linux/sh2eb-elf/bin/../lib/gcc/sh-elf/14.2.0/../../../../sh-elf/lib/libnosys.a(_exit.o)
                0x06014ae4                _exit
 *(.strings*)
 *(SEGA_P)
 *(.eh_frame_hdr*)
 *(.eh_frame*)
                0x06014ae8                        __etext = .

COMMON          0x06014af0       0x20
 *(COMMON)
 COMMON         0x06014af0        0xc ../../saturnringlib/../modules/sgl/LIB/LIBCD.A(GFS.O)
                0x06014af0                GFMC_base
                0x06014af4                gfs_mng_ptr
                0x06014af8                gfs_use_scudma
 COMMON         0x06014afc        0xc ../../saturnringlib/../modules/sgl/LIB/LIBCD.A(GFS_CDC.O)
                0x06014afc                gfcd_fatal_err
                0x06014b00                gfcd_work
                0x06014b04                gfcd_playflag
 COMMON         0x06014b08        0x8 ../../saturnringlib/../modules/sgl/LIB/LIBCD.A(GFS_CDF.O)
                0x06014b08                gfcf_fad
                0x06014b0c                gfcf_stat

SLPROG          0x06014b20     0xa240
                0x06014b20                        __slprog_start = .
 *(SLPROG)
 SLPROG         0x06014b20       0x20 ../../saturnringlib/../modules/sgl/LIB/LIBSGL.A(sglB001.o)
                0x06014b20                slTVOn
                0x06014b2a                slTVOff
 SLPROG         0x06014b40       0x1e ../../saturnringlib/../modules/sgl/LIB/LIBSGL.A(sglB002.o)
                0x06014b40                slColRAMMode
 *fill*         0x06014b5e        0x2 
 SLPROG         0x06014b60      0x40c ../../saturnringlib/../modules/sgl/LIB/LIBSGL.A(sglB015.o)
                0x06014b60                slScrAutoDisp
 *fill*         0x06014f6c        0x4 
 SLPROG         0x06014f70        0xc ../../saturnringlib/../modules/sgl/LIB/LIBSGL.A(sglB016.o)
                0x06014f70                slBack1ColSet
 *fill*         0x06014f7c        0x4 
 SLPROG         0x06014f80       0xb0 ../../saturnringlib/../modules/sgl/LIB/LIBSGL.A(sglB031.o)
                0x06014f80                slMapNbg0
 SLPROG         0x06015030       0xb4 ../../saturnringlib/../modules/sgl/LIB/LIBSGL.A(sglB034.o)
                0x06015030                slMapNbg3
 *fill*         0x060150e4        0xc 
 SLPROG         0x060150f0       0x70 ../../saturnringlib/../modules/sgl/LIB/LIBSGL.A(sglB038.o)
                0x060150f0                slRparaInitSet
 SLPROG         0x06015160        0xc ../../saturnringlib/../modules/sgl/LIB/LIBSGL.A(sglB055.o)
                0x06015160                slPlaneNbg0
 *fill*         0x0601516c        0x4 
 SLPROG         0x06015170       0x10 ../../saturnringlib/../modules/sgl/LIB/LIBSGL.A(sglB058.o)
                0x06015170                slPlaneNbg3
 SLPROG         0x06015180        0xc ../../saturnringlib/../modules/sgl/LIB/LIBSGL.A(sglB063.o)
                0x06015180                slPriority
 *fill*         0x0601518c        0x4 
 SLPROG         0x06015190       0x34 ../../saturnringlib/../modules/sgl/LIB/LIBSGL.A(sglB070.o)
                0x06015190                slScrPosNbg0
 *fill*         0x060151c4        0xc 
 SLPROG         0x060151d0      0x114 ../../saturnringlib/../modules/sgl/LIB/LIBSGL.A(sglB200.o)
                0x060151d0                slCharRbg0
                0x060151dc                slCharNbg0
                0x060151e8                slCharNbg1
                0x060151f4                slCharNbg2
                0x0601520a                slCharNbg3
                0x06015222                slPageRbg0
                0x06015238                slPageNbg1
                0x06015240                slPageNbg2
                0x06015248                slPageNbg3
                0x06015254                slPageNbg0
 *fill*         0x060152e4        0xc 
 SLPROG         0x060152f0       0x2c ../../saturnringlib/../modules/sgl/LIB/LIBSGL.A(sglC04.o)
                0x060152f0                slZdspLevel
 *fill*         0x0601531c        0x4 
 SLPROG         0x06015320       0x54 ../../saturnringlib/../modules/sgl/LIB/LIBSGL.A(sglC16.o)
                0x06015320                slDynamicFrame
 *fill*         0x06015374        0xc 
 SLPROG         0x06015380       0x4c ../../saturnringlib/../modules/sgl/LIB/LIBSGL.A(sglC17.o)
                0x06015380                slDispSpriteHV
 *fill*         0x060153cc        0x4 
 SLPROG         0x060153d0       0x40 ../../saturnringlib/../modules/sgl/LIB/LIBSGL.A(sglC20.o)
                0x060153d0                SpriteEntry
 SLPROG         0x06015410      0x4ae ../../saturnringlib/../modules/sgl/LIB/LIBSGL.A(sglC21.o)
                0x06015498                RotSprite
                0x06015526                SetSprPosition
 *fill*         0x060158be        0x2 
 SLPROG         0x060158c0       0x84 ../../saturnringlib/../modules/sgl/LIB/LIBSGL.A(sglD00.o)
                0x060158c0                slDMACopy
                0x060158c0                slCpuDMACopy
                0x0601591a                slCashPurge
                0x0601591a                CSH_AllClr
 *fill*         0x06015944        0xc 
 SLPROG         0x06015950       0xa0 ../../saturnringlib/../modules/sgl/LIB/LIBSGL.A(sglD01.o)
                0x06015950                slDMAXCopy
 SLPROG         0x060159f0       0x10 ../../saturnringlib/../modules/sgl/LIB/LIBSGL.A(sglD02.o)
                0x060159f0                slDMAWait
 SLPROG         0x06015a00        0xc ../../saturnringlib/../modules/sgl/LIB/LIBSGL.A(sglD03.o)
                0x06015a00                slDMAStatus
 *fill*         0x06015a0c        0x4 
 SLPROG         0x06015a10       0x20 ../../saturnringlib/../modules/sgl/LIB/LIBSGL.A(sglD15.o)
                0x06015a10                CSH_Purge
 SLPROG         0x06015a30       0x84 ../../saturnringlib/../modules/sgl/LIB/LIBSGL.A(sglD16.o)
                0x06015a30                DMA_ScuSetPrm
                0x06015a78                DMA_SCU_PRM0
 *fill*         0x06015ab4        0xc 
 SLPROG         0x06015ac0       0x88 ../../saturnringlib/../modules/sgl/LIB/LIBSGL.A(sglD17.o)
                0x06015ac0                DMA_ScuStart
 *fill*         0x06015b48        0x8 
 SLPROG         0x06015b50       0x34 ../../saturnringlib/../modules/sgl/LIB/LIBSGL.A(sglD18.o)
                0x06015b50                DMA_ScuGetStatus
 *fill*         0x06015b84        0xc 
 SLPROG         0x06015b90       0x4e ../../saturnringlib/../modules/sgl/LIB/LIBSGL.A(sglF00.o)
                0x06015b90                slCurScrn
                0x06015ba0                slCurColor
                0x06015baa                slLocate
                0x06015bdc                CurrentScreen
 *fill*         0x06015bde        0x2 
 SLPROG         0x06015be0      0xfc8 ../../saturnringlib/../modules/sgl/LIB/LIBSGL.A(sglH00.o)
                0x06015bf8                slGetPortDir1
                0x06015c00                slGetPortDir2
                0x06015c08                slSetPortDir1
                0x06015c32                slSetPortDir2
                0x06015c6c                slGetPortData1
                0x06015c74                slGetPortData2
                0x06015c7c                slSetPortData1
                0x06015c86                slSetPortData2
                0x06015c98                slGetPortSelect1
                0x06015ca2                slGetPortSelect2
                0x06015cac                slSetPortSelect1
                0x06015ce0                slSetPortSelect2
                0x06015d1c                slGetPortExt1
                0x06015d26                slGetPortExt2
                0x06015d30                slSetPortExt1
                0x06015d60                slSetPortExt2
                0x06015ed4                slSmpcDirectAccess
                0x06015f54                slInitPeripheral
                0x06015fe6                slSetResultBuffer
                0x06016072                slCheckIntBackSet
                0x0601607e                slIntBackCancel
                0x060160a8                slCheckReset
                0x060160b2                slClearReset
                0x06016278                slSmpcCashSend
                0x06016334                slSmpcCashBlow
                0x06016410                slGetOptimize
                0x0601641a                slSetOptimize
                0x06016440                slGetPortMode1
                0x0601644c                slGetPortMode2
                0x0601645a                slSetPortMode1
                0x06016498                slSetPortMode2
                0x06016624                slRequestCommand
                0x06016694                Smpc_Status
                0x06016698                Smpc_Result
                0x0601669c                Smpc_Peripheral
                0x060166a2                Per_Connect1
                0x060166a3                Per_Connect2
                0x060166c4                SmpcStatusBuf
 *fill*         0x06016ba8        0x8 
 SLPROG         0x06016bb0      0x470 ../../saturnringlib/../modules/sgl/LIB/LIBSGL.A(sglH02.o)
                0x06016fa0                smpc_pfr_tbl
                0x06016fe0                smpc_ptf_tbl
 SLPROG         0x06017020       0x60 ../../saturnringlib/../modules/sgl/LIB/LIBSGL.A(sglH04.o)
                0x06017020                slComPrmIntBack
                0x06017034                slComPrmSetMemory
                0x0601704a                slComPrmSetTime
 SLPROG         0x06017080      0x3a4 ../../saturnringlib/../modules/sgl/LIB/LIBSGL.A(sglI01.o)
                0x06017080                slInitSynch
                0x0601709a                slSynch
                0x06017190                slRandom
                0x060171ae                PCM_EndCheck
                0x0601726a                RetPCMBuf
                0x06017304                PCM_Buf
                0x060173a4                Sound_Buf
 *fill*         0x06017424        0xc 
 SLPROG         0x06017430       0x10 ../../saturnringlib/../modules/sgl/LIB/LIBSGL.A(sglI04.o)
                0x06017430                slIntFunction
 SLPROG         0x06017440       0x74 ../../saturnringlib/../modules/sgl/LIB/LIBSGL.A(sglJ00.o)
                0x06017440                InitSlaveSH
                0x060174a8                SlaveCommand
 *fill*         0x060174b4        0xc 
 SLPROG         0x060174c0      0x3d0 ../../saturnringlib/../modules/sgl/LIB/LIBSGL.A(sglJ01.o)
                0x060174c0                SlaveControl
                0x0601787c                ErasePolygonData
 SLPROG         0x06017890     0x12b8 ../../saturnringlib/../modules/sgl/LIB/LIBSGL.A(sglJ02.o)
                0x06017890                sbMakePolygon
                0x06017a78                sbCalcPolygon
                0x060187b0                SetTexture
                0x060187bc                SetPolygon
                0x060187c4                SetPosition
                0x060187fc                stvtc_4
                0x060188b4                stvtc_3
                0x06018ac4                stvtc_1
                0x06018ad8                stvtc_2
                0x06018aec                stvtc_0
 *fill*         0x06018b48        0x8 
 SLPROG         0x06018b50      0x140 ../../saturnringlib/../modules/sgl/LIB/LIBSGL.A(sglJ03.o)
                0x06018b50                sbMakeDMATable
 SLPROG         0x06018c90      0x470 ../../saturnringlib/../modules/sgl/LIB/LIBSGL.A(sglJ04.o)
                0x06018cee                sbMakeSprite
                0x06018d54                sbMakeRotSprite
 SLPROG         0x06019100       0x3c ../../saturnringlib/../modules/sgl/LIB/LIBSGL.A(sglJ05.o)
                0x06019100                sbSortEntry
 *fill*         0x0601913c        0x4 
 SLPROG         0x06019140       0x6a ../../saturnringlib/../modules/sgl/LIB/LIBSGL.A(sglM01.o)
                0x06019140                slSetDepthLimit
                0x0601916c                slSetDepthTbl
                0x0601919c                DepthWorkArea
 *fill*         0x060191aa        0x6 
 SLPROG         0x060191b0       0x20 ../../saturnringlib/../modules/sgl/LIB/LIBSGL.A(sglA00.o)
                0x060191b0                set_imask
                0x060191b0                _builtin_set_imask
                0x060191c4                get_imask
                0x060191c4                _builtin_get_imask
 SLPROG         0x060191d0     0x411e ../../saturnringlib/../modules/sgl/LIB/LIBSGL.A(sglA01.o)
                0x060191d0                slSin
                0x060191f4                slCos
                0x06019218                GetSinCos
                0x060192ac                sin_cos_index_tbl
                0x060192ec                sin_tbl
 *fill*         0x0601d2ee        0x2 
 SLPROG         0x0601d2f0      0x42c ../../saturnringlib/../modules/sgl/LIB/LIBSGL.A(sglA20.o)
                0x0601d2f0                slInitMatrix
                0x0601d2fa                slPushUnitMatrix
                0x0601d30e                slUnitMatrix
 *fill*         0x0601d71c        0x4 
 SLPROG         0x0601d720      0xbd0 ../../saturnringlib/../modules/sgl/LIB/LIBSGL.A(sglB000.o)
                0x0601d720                slInitScroll
                0x0601d840                setASC_1to8
                0x0601d870                setASC_4to8
                0x0601d980                TVSizeTbl
                0x0601da00                TVModeTbl
                0x0601dbd8                SGL_ASCII_CG
 SLPROG         0x0601e2f0       0xd4 ../../saturnringlib/../modules/sgl/LIB/LIBSGL.A(sglB035.o)
                0x0601e2f0                sl1MapRA
                0x0601e382                rbank_set
 *fill*         0x0601e3c4        0xc 
 SLPROG         0x0601e3d0      0x134 ../../saturnringlib/../modules/sgl/LIB/LIBSGL.A(sglC00.o)
                0x0601e3d0                slInitSprite
 *fill*         0x0601e504        0xc 
 SLPROG         0x0601e510      0x75c ../../saturnringlib/../modules/sgl/LIB/LIBSGL.A(sglI00.o)
                0x0601e800                slInitInterrupt
 *fill*         0x0601ec6c        0x4 
 SLPROG         0x0601ec70       0xf0 ../../saturnringlib/../modules/sgl/LIB/LIBSGL.A(sglH03.o)
                0x0601ecd4                slSmpcIntBack
                0x0601ed60                        __slprog_end = .

.tors           0x0601ed60       0x30
                0x0601ed60                        ___ctors = .
 *(.ctors*)
 .ctors         0x0601ed60        0x4 src/objects/player.o
 .ctors         0x0601ed64        0x4 src/scenes/title_screen.o
 .ctors         0x0601ed68        0x4 src/scenes/start_cave.o
 .ctors         0x0601ed6c        0x4 src/libs/colision.o
 .ctors         0x0601ed70        0x4 src/libs/physics.o
 .ctors         0x0601ed74        0x4 src/main.o
                0x0601ed78                        ___ctors_end = .
                0x0601ed78                        ___dtors = .
 *(.dtors*)
 .dtors         0x0601ed78        0x4 src/objects/player.o
 .dtors         0x0601ed7c        0x4 src/scenes/title_screen.o
 .dtors         0x0601ed80        0x4 src/scenes/start_cave.o
 .dtors         0x0601ed84        0x4 src/libs/colision.o
 .dtors         0x0601ed88        0x4 src/libs/physics.o
 .dtors         0x0601ed8c        0x4 src/main.o
                0x0601ed90                        ___dtors_end = .

.data           0x0601ed90      0x580
 *(.data*)
 .data          0x0601ed90       0x28 ../../saturnringlib/../modules/sgl/LIB/../SRC/workarea.o
                0x0601ed90                PCM_Work
                0x0601ed94                SlaveStack
                0x0601ed98                TransList
                0x0601ed9c                MasterStack
                0x0601eda0                SortList
                0x0601eda4                Zbuffer
                0x0601eda8                SpriteBuf
                0x0601edac                Pbuffer
                0x0601edb0                CLOfstBuf
                0x0601edb4                CommandBuf
 .data          0x0601edb8        0x0 ../../saturnringlib/../modules/sgl/SRC/preloader.o
 .data          0x0601edb8      0x100 src/objects/player.o
                0x0601edb8                PlayerColision
 .data._ZZN3SRL5Input3Gun11SynchronizeEvE14secondPlayerId
                0x0601eeb8        0x1 src/objects/player.o
                0x0601eeb8                SRL::Input::Gun::Synchronize()::secondPlayerId
 .data._ZZN3SRL5Input3Gun11SynchronizeEvE13firstPlayerId
                0x0601eeb9        0x1 src/objects/player.o
                0x0601eeb9                SRL::Input::Gun::Synchronize()::firstPlayerId
 *fill*         0x0601eeba        0x2 
 .data._ZN3SRL5Input10Management11PeripheralsE
                0x0601eebc      0x120 src/objects/player.o
                0x0601eebc                SRL::Input::Management::Peripherals
 .data._ZN3SRL5Input10Management24PeripheralsPreviousStateE
                0x0601efdc      0x120 src/objects/player.o
                0x0601efdc                SRL::Input::Management::PeripheralsPreviousState
 .data._ZN3SRL5ASCII12maxYPositionE
                0x0601f0fc        0x1 src/objects/player.o
                0x0601f0fc                SRL::ASCII::maxYPosition
 .data._ZN3SRL5ASCII12maxXPositionE
                0x0601f0fd        0x1 src/objects/player.o
                0x0601f0fd                SRL::ASCII::maxXPosition
 .data._ZN3SRL5ASCII8fontBankE
                0x0601f0fe        0x2 src/objects/player.o
                0x0601f0fe                SRL::ASCII::fontBank
 .data._ZN3SRL5ASCII9colorBankE
                0x0601f100        0x2 src/objects/player.o
                0x0601f100                SRL::ASCII::colorBank
 *fill*         0x0601f102        0x2 
 .data._ZN3SRL5ASCII7tileMapE
                0x0601f104        0x4 src/objects/player.o
                0x0601f104                SRL::ASCII::tileMap
 .data          0x0601f108        0x0 src/scenes/title_screen.o
 .data._ZN3SRL4VDP213ActiveScrollsE
                0x0601f108        0x2 src/scenes/title_screen.o
                0x0601f108                SRL::VDP2::ActiveScrolls
 .data._ZN3SRL5ASCII7maxFontE
                0x0601f10a        0x1 src/scenes/title_screen.o
                0x0601f10a                SRL::ASCII::maxFont
 *fill*         0x0601f10b        0x1 
 .data._ZN3SRL4CRAM11BaseAddressE
                0x0601f10c        0x4 src/scenes/title_screen.o
                0x0601f10c                SRL::CRAM::BaseAddress
 .data          0x0601f110        0x0 src/scenes/start_cave.o
 .data._ZN3SRL4VDP212ScrollScreenINS0_4NBG0ELs1ELt1EE12MapAllocSizeE
                0x0601f110        0x4 src/scenes/start_cave.o
                0x0601f110                SRL::VDP2::ScrollScreen<SRL::VDP2::NBG0, (short)1, (unsigned short)1>::MapAllocSize
 .data._ZN3SRL4VDP212ScrollScreenINS0_4NBG0ELs1ELt1EE13CellAllocSizeE
                0x0601f114        0x4 src/scenes/start_cave.o
                0x0601f114                SRL::VDP2::ScrollScreen<SRL::VDP2::NBG0, (short)1, (unsigned short)1>::CellAllocSize
 .data._ZN3SRL4VDP212ScrollScreenINS0_4NBG0ELs1ELt1EE4InfoE
                0x0601f118       0x14 src/scenes/start_cave.o
                0x0601f118                SRL::VDP2::ScrollScreen<SRL::VDP2::NBG0, (short)1, (unsigned short)1>::Info
 .data._ZN3SRL4VDP212ScrollScreenINS0_4NBG0ELs1ELt1EE10MapAddressE
                0x0601f12c        0x4 src/scenes/start_cave.o
                0x0601f12c                SRL::VDP2::ScrollScreen<SRL::VDP2::NBG0, (short)1, (unsigned short)1>::MapAddress
 .data._ZN3SRL4VDP212ScrollScreenINS0_4NBG0ELs1ELt1EE11CellAddressE
                0x0601f130        0x4 src/scenes/start_cave.o
                0x0601f130                SRL::VDP2::ScrollScreen<SRL::VDP2::NBG0, (short)1, (unsigned short)1>::CellAddress
 .data._ZN3SRL4VDP24VRAM10bankCyclesE
                0x0601f134        0x4 src/scenes/start_cave.o
                0x0601f134                SRL::VDP2::VRAM::bankCycles
 .data._ZN3SRL4VDP24VRAM10currentTopE
                0x0601f138       0x10 src/scenes/start_cave.o
                0x0601f138                SRL::VDP2::VRAM::currentTop
 .data._ZN3SRL4VDP24VRAM10currentBotE
                0x0601f148       0x10 src/scenes/start_cave.o
                0x0601f148                SRL::VDP2::VRAM::currentBot
 .data          0x0601f158        0x0 src/libs/colision.o
 .data          0x0601f158        0x0 src/libs/physics.o
 .data          0x0601f158        0x0 src/main.o
 *fill*         0x0601f158        0x8 
 .data          0x0601f160        0x0 ../../saturnringlib/../modules/sgl/LIB/LIBCD.A(GFS.O)
 .data          0x0601f160        0x0 ../../saturnringlib/../modules/sgl/LIB/LIBCD.A(GFS_BUF.O)
 .data          0x0601f160        0x0 ../../saturnringlib/../modules/sgl/LIB/LIBCD.A(GFS_CDB.O)
 .data          0x0601f160        0x0 ../../saturnringlib/../modules/sgl/LIB/LIBCD.A(GFS_CDC.O)
 .data          0x0601f160        0x0 ../../saturnringlib/../modules/sgl/LIB/LIBCD.A(GFS_CDF.O)
 .data          0x0601f160        0x0 ../../saturnringlib/../modules/sgl/LIB/LIBCD.A(GFS_DIR.O)
 .data          0x0601f160        0x0 ../../saturnringlib/../modules/sgl/LIB/LIBCD.A(GFS_TRN.O)
 .data          0x0601f160        0x0 ../../saturnringlib/../modules/sgl/LIB/LIBCD.A(CDC_CMN.O)
 .data          0x0601f160        0x0 ../../saturnringlib/../modules/sgl/LIB/LIBCD.A(CDC_DRV.O)
 .data          0x0601f160        0x0 ../../saturnringlib/../modules/sgl/LIB/LIBCD.A(CDC_DEV.O)
 .data          0x0601f160        0x0 ../../saturnringlib/../modules/sgl/LIB/LIBCD.A(CDC_SEL.O)
 .data          0x0601f160        0x0 ../../saturnringlib/../modules/sgl/LIB/LIBCD.A(CDC_BIF.O)
 .data          0x0601f160        0x0 ../../saturnringlib/../modules/sgl/LIB/LIBCD.A(CDC_BIO.O)
 .data          0x0601f160        0x0 ../../saturnringlib/../modules/sgl/LIB/LIBCD.A(CDC_CFS.O)
 .data          0x0601f160        0x0 ../../saturnringlib/../modules/sgl/LIB/LIBCD.A(CDC_REG.O)
 .data          0x0601f160        0x0 ../../saturnringlib/../modules/sgl/LIB/LIBCD.A(CDC_SUB.O)
 .data          0x0601f160        0x0 ../../saturnringlib/../modules/sgl/LIB/LIBSGL.A(sglB001.o)
 .data          0x0601f160        0x0 ../../saturnringlib/../modules/sgl/LIB/LIBSGL.A(sglB002.o)
 .data          0x0601f160        0x0 ../../saturnringlib/../modules/sgl/LIB/LIBSGL.A(sglB015.o)
 .data          0x0601f160        0x0 ../../saturnringlib/../modules/sgl/LIB/LIBSGL.A(sglB016.o)
 .data          0x0601f160        0x0 ../../saturnringlib/../modules/sgl/LIB/LIBSGL.A(sglB031.o)
 .data          0x0601f160        0x0 ../../saturnringlib/../modules/sgl/LIB/LIBSGL.A(sglB034.o)
 .data          0x0601f160        0x0 ../../saturnringlib/../modules/sgl/LIB/LIBSGL.A(sglB038.o)
 .data          0x0601f160        0x0 ../../saturnringlib/../modules/sgl/LIB/LIBSGL.A(sglB055.o)
 .data          0x0601f160        0x0 ../../saturnringlib/../modules/sgl/LIB/LIBSGL.A(sglB058.o)
 .data          0x0601f160        0x0 ../../saturnringlib/../modules/sgl/LIB/LIBSGL.A(sglB063.o)
 .data          0x0601f160        0x0 ../../saturnringlib/../modules/sgl/LIB/LIBSGL.A(sglB070.o)
 .data          0x0601f160        0x0 ../../saturnringlib/../modules/sgl/LIB/LIBSGL.A(sglB200.o)
 .data          0x0601f160        0x0 ../../saturnringlib/../modules/sgl/LIB/LIBSGL.A(sglC04.o)
 .data          0x0601f160        0x0 ../../saturnringlib/../modules/sgl/LIB/LIBSGL.A(sglC16.o)
 .data          0x0601f160        0x0 ../../saturnringlib/../modules/sgl/LIB/LIBSGL.A(sglC17.o)
 .data          0x0601f160        0x0 ../../saturnringlib/../modules/sgl/LIB/LIBSGL.A(sglC20.o)
 .data          0x0601f160        0x0 ../../saturnringlib/../modules/sgl/LIB/LIBSGL.A(sglC21.o)
 .data          0x0601f160        0x0 ../../saturnringlib/../modules/sgl/LIB/LIBSGL.A(sglD00.o)
 .data          0x0601f160        0x0 ../../saturnringlib/../modules/sgl/LIB/LIBSGL.A(sglD01.o)
 .data          0x0601f160        0x0 ../../saturnringlib/../modules/sgl/LIB/LIBSGL.A(sglD02.o)
 .data          0x0601f160        0x0 ../../saturnringlib/../modules/sgl/LIB/LIBSGL.A(sglD03.o)
 .data          0x0601f160        0x0 ../../saturnringlib/../modules/sgl/LIB/LIBSGL.A(sglD15.o)
 .data          0x0601f160        0x0 ../../saturnringlib/../modules/sgl/LIB/LIBSGL.A(sglD16.o)
 .data          0x0601f160        0x0 ../../saturnringlib/../modules/sgl/LIB/LIBSGL.A(sglD17.o)
 .data          0x0601f160        0x0 ../../saturnringlib/../modules/sgl/LIB/LIBSGL.A(sglD18.o)
 .data          0x0601f160        0x0 ../../saturnringlib/../modules/sgl/LIB/LIBSGL.A(sglF00.o)
 .data          0x0601f160        0x0 ../../saturnringlib/../modules/sgl/LIB/LIBSGL.A(sglH00.o)
 .data          0x0601f160        0x0 ../../saturnringlib/../modules/sgl/LIB/LIBSGL.A(sglH02.o)
 .data          0x0601f160        0x0 ../../saturnringlib/../modules/sgl/LIB/LIBSGL.A(sglH04.o)
 .data          0x0601f160        0x0 ../../saturnringlib/../modules/sgl/LIB/LIBSGL.A(sglI01.o)
 .data          0x0601f160        0x0 ../../saturnringlib/../modules/sgl/LIB/LIBSGL.A(sglI04.o)
 .data          0x0601f160       0x80 ../../saturnringlib/../modules/sgl/LIB/LIBSGL.A(sglIc0.o)
                0x0601f160                IntPrioMask
 .data          0x0601f1e0        0x0 ../../saturnringlib/../modules/sgl/LIB/LIBSGL.A(sglJ00.o)
 .data          0x0601f1e0        0x0 ../../saturnringlib/../modules/sgl/LIB/LIBSGL.A(sglJ01.o)
 .data          0x0601f1e0        0x0 ../../saturnringlib/../modules/sgl/LIB/LIBSGL.A(sglJ02.o)
 .data          0x0601f1e0        0x0 ../../saturnringlib/../modules/sgl/LIB/LIBSGL.A(sglJ03.o)
 .data          0x0601f1e0        0x0 ../../saturnringlib/../modules/sgl/LIB/LIBSGL.A(sglJ04.o)
 .data          0x0601f1e0        0x0 ../../saturnringlib/../modules/sgl/LIB/LIBSGL.A(sglJ05.o)
 .data          0x0601f1e0        0x0 ../../saturnringlib/../modules/sgl/LIB/LIBSGL.A(sglK01.o)
 .data          0x0601f1e0        0x0 ../../saturnringlib/../modules/sgl/LIB/LIBSGL.A(sglM01.o)
 .data          0x0601f1e0        0x0 ../../saturnringlib/../modules/sgl/LIB/LIBSGL.A(sglA00.o)
 .data          0x0601f1e0        0x0 ../../saturnringlib/../modules/sgl/LIB/LIBSGL.A(sglA01.o)
 .data          0x0601f1e0        0x0 ../../saturnringlib/../modules/sgl/LIB/LIBSGL.A(sglA20.o)
 .data          0x0601f1e0        0x0 ../../saturnringlib/../modules/sgl/LIB/LIBSGL.A(sglB000.o)
 .data          0x0601f1e0        0x0 ../../saturnringlib/../modules/sgl/LIB/LIBSGL.A(sglB035.o)
 .data          0x0601f1e0        0x0 ../../saturnringlib/../modules/sgl/LIB/LIBSGL.A(sglC00.o)
 .data          0x0601f1e0        0x0 ../../saturnringlib/../modules/sgl/LIB/LIBSGL.A(sglI00.o)
 .data          0x0601f1e0        0x0 ../../saturnringlib/../modules/sgl/LIB/LIBSGL.A(sglH03.o)
 .data          0x0601f1e0        0x0 /home/toaster/Programming/Saturn/SaturnRingLib/Compiler/linux/sh2eb-elf/bin/../lib/gcc/sh-elf/14.2.0/libgcc.a(_ashiftrt.o)
 .data          0x0601f1e0        0x0 /home/toaster/Programming/Saturn/SaturnRingLib/Compiler/linux/sh2eb-elf/bin/../lib/gcc/sh-elf/14.2.0/libgcc.a(_ashiftrt_n.o)
 .data          0x0601f1e0        0x0 /home/toaster/Programming/Saturn/SaturnRingLib/Compiler/linux/sh2eb-elf/bin/../lib/gcc/sh-elf/14.2.0/libgcc.a(_ashiftlt.o)
 .data          0x0601f1e0        0x0 /home/toaster/Programming/Saturn/SaturnRingLib/Compiler/linux/sh2eb-elf/bin/../lib/gcc/sh-elf/14.2.0/libgcc.a(_lshiftrt.o)
 .data          0x0601f1e0        0x0 /home/toaster/Programming/Saturn/SaturnRingLib/Compiler/linux/sh2eb-elf/bin/../lib/gcc/sh-elf/14.2.0/libgcc.a(_sdivsi3.o)
 .data          0x0601f1e0        0x0 /home/toaster/Programming/Saturn/SaturnRingLib/Compiler/linux/sh2eb-elf/bin/../lib/gcc/sh-elf/14.2.0/libgcc.a(_udivsi3.o)
 .data          0x0601f1e0        0x0 /home/toaster/Programming/Saturn/SaturnRingLib/Compiler/linux/sh2eb-elf/bin/../lib/gcc/sh-elf/14.2.0/../../../../sh-elf/lib/libc.a(libc_a-abort.o)
 .data          0x0601f1e0        0x0 /home/toaster/Programming/Saturn/SaturnRingLib/Compiler/linux/sh2eb-elf/bin/../lib/gcc/sh-elf/14.2.0/../../../../sh-elf/lib/libc.a(libc_a-snprintf.o)
 .data          0x0601f1e0        0x0 /home/toaster/Programming/Saturn/SaturnRingLib/Compiler/linux/sh2eb-elf/bin/../lib/gcc/sh-elf/14.2.0/../../../../sh-elf/lib/libc.a(libc_a-memcmp.o)
 .data          0x0601f1e0        0x0 /home/toaster/Programming/Saturn/SaturnRingLib/Compiler/linux/sh2eb-elf/bin/../lib/gcc/sh-elf/14.2.0/../../../../sh-elf/lib/libc.a(libc_a-strncmp.o)
 .data          0x0601f1e0        0x0 /home/toaster/Programming/Saturn/SaturnRingLib/Compiler/linux/sh2eb-elf/bin/../lib/gcc/sh-elf/14.2.0/../../../../sh-elf/lib/libc.a(libc_a-strncpy.o)
 .data          0x0601f1e0        0x0 /home/toaster/Programming/Saturn/SaturnRingLib/Compiler/linux/sh2eb-elf/bin/../lib/gcc/sh-elf/14.2.0/../../../../sh-elf/lib/libc.a(libc_a-signal.o)
 .data          0x0601f1e0      0x120 /home/toaster/Programming/Saturn/SaturnRingLib/Compiler/linux/sh2eb-elf/bin/../lib/gcc/sh-elf/14.2.0/../../../../sh-elf/lib/libc.a(libc_a-impure.o)
                0x0601f1e0                _impure_ptr
                0x0601f1e4                _impure_data
 .data          0x0601f300        0x0 /home/toaster/Programming/Saturn/SaturnRingLib/Compiler/linux/sh2eb-elf/bin/../lib/gcc/sh-elf/14.2.0/../../../../sh-elf/lib/libc.a(libc_a-signalr.o)
 .data          0x0601f300        0x0 /home/toaster/Programming/Saturn/SaturnRingLib/Compiler/linux/sh2eb-elf/bin/../lib/gcc/sh-elf/14.2.0/../../../../sh-elf/lib/libc.a(libc_a-memcpy.o)
 .data          0x0601f300        0x0 /home/toaster/Programming/Saturn/SaturnRingLib/Compiler/linux/sh2eb-elf/bin/../lib/gcc/sh-elf/14.2.0/../../../../sh-elf/lib/libc.a(libc_a-memset.o)
 .data          0x0601f300        0x0 /home/toaster/Programming/Saturn/SaturnRingLib/Compiler/linux/sh2eb-elf/bin/../lib/gcc/sh-elf/14.2.0/../../../../sh-elf/lib/libc.a(libc_a-mallocr.o)
 .data          0x0601f300        0x0 /home/toaster/Programming/Saturn/SaturnRingLib/Compiler/linux/sh2eb-elf/bin/../lib/gcc/sh-elf/14.2.0/../../../../sh-elf/lib/libc.a(libc_a-mlock.o)
 .data          0x0601f300        0x0 /home/toaster/Programming/Saturn/SaturnRingLib/Compiler/linux/sh2eb-elf/bin/../lib/gcc/sh-elf/14.2.0/../../../../sh-elf/lib/libc.a(libc_a-nano-svfprintf.o)
 .data          0x0601f300        0x0 /home/toaster/Programming/Saturn/SaturnRingLib/Compiler/linux/sh2eb-elf/bin/../lib/gcc/sh-elf/14.2.0/../../../../sh-elf/lib/libc.a(libc_a-nano-vfprintf_i.o)
 .data          0x0601f300        0xc /home/toaster/Programming/Saturn/SaturnRingLib/Compiler/linux/sh2eb-elf/bin/../lib/gcc/sh-elf/14.2.0/../../../../sh-elf/lib/libc.a(libc_a-findfp.o)
                0x0601f300                __sglue
 .data          0x0601f30c        0x0 /home/toaster/Programming/Saturn/SaturnRingLib/Compiler/linux/sh2eb-elf/bin/../lib/gcc/sh-elf/14.2.0/../../../../sh-elf/lib/libc.a(libc_a-fwalk.o)
 .data          0x0601f30c        0x0 /home/toaster/Programming/Saturn/SaturnRingLib/Compiler/linux/sh2eb-elf/bin/../lib/gcc/sh-elf/14.2.0/../../../../sh-elf/lib/libc.a(libc_a-stdio.o)
 .data          0x0601f30c        0x0 /home/toaster/Programming/Saturn/SaturnRingLib/Compiler/linux/sh2eb-elf/bin/../lib/gcc/sh-elf/14.2.0/../../../../sh-elf/lib/libc.a(libc_a-memchr.o)
 .data          0x0601f30c        0x0 /home/toaster/Programming/Saturn/SaturnRingLib/Compiler/linux/sh2eb-elf/bin/../lib/gcc/sh-elf/14.2.0/../../../../sh-elf/lib/libc.a(libc_a-memmove.o)
 .data          0x0601f30c        0x0 /home/toaster/Programming/Saturn/SaturnRingLib/Compiler/linux/sh2eb-elf/bin/../lib/gcc/sh-elf/14.2.0/../../../../sh-elf/lib/libc.a(libc_a-closer.o)
 .data          0x0601f30c        0x0 /home/toaster/Programming/Saturn/SaturnRingLib/Compiler/linux/sh2eb-elf/bin/../lib/gcc/sh-elf/14.2.0/../../../../sh-elf/lib/libc.a(libc_a-reent.o)
 .data          0x0601f30c        0x0 /home/toaster/Programming/Saturn/SaturnRingLib/Compiler/linux/sh2eb-elf/bin/../lib/gcc/sh-elf/14.2.0/../../../../sh-elf/lib/libc.a(libc_a-lseekr.o)
 .data          0x0601f30c        0x0 /home/toaster/Programming/Saturn/SaturnRingLib/Compiler/linux/sh2eb-elf/bin/../lib/gcc/sh-elf/14.2.0/../../../../sh-elf/lib/libc.a(libc_a-readr.o)
 .data          0x0601f30c        0x0 /home/toaster/Programming/Saturn/SaturnRingLib/Compiler/linux/sh2eb-elf/bin/../lib/gcc/sh-elf/14.2.0/../../../../sh-elf/lib/libc.a(libc_a-sbrkr.o)
 .data          0x0601f30c        0x0 /home/toaster/Programming/Saturn/SaturnRingLib/Compiler/linux/sh2eb-elf/bin/../lib/gcc/sh-elf/14.2.0/../../../../sh-elf/lib/libc.a(libc_a-writer.o)
 .data          0x0601f30c        0x0 /home/toaster/Programming/Saturn/SaturnRingLib/Compiler/linux/sh2eb-elf/bin/../lib/gcc/sh-elf/14.2.0/../../../../sh-elf/lib/libc.a(libc_a-freer.o)
 .data          0x0601f30c        0x0 /home/toaster/Programming/Saturn/SaturnRingLib/Compiler/linux/sh2eb-elf/bin/../lib/gcc/sh-elf/14.2.0/../../../../sh-elf/lib/libc.a(libc_a-reallocr.o)
 .data          0x0601f30c        0x0 /home/toaster/Programming/Saturn/SaturnRingLib/Compiler/linux/sh2eb-elf/bin/../lib/gcc/sh-elf/14.2.0/../../../../sh-elf/lib/libc.a(libc_a-fflush.o)
 .data          0x0601f30c        0x0 /home/toaster/Programming/Saturn/SaturnRingLib/Compiler/linux/sh2eb-elf/bin/../lib/gcc/sh-elf/14.2.0/../../../../sh-elf/lib/libc.a(libc_a-msizer.o)
 .data          0x0601f30c        0x0 /home/toaster/Programming/Saturn/SaturnRingLib/Compiler/linux/sh2eb-elf/bin/../lib/gcc/sh-elf/14.2.0/../../../../sh-elf/lib/libnosys.a(close.o)
 .data          0x0601f30c        0x0 /home/toaster/Programming/Saturn/SaturnRingLib/Compiler/linux/sh2eb-elf/bin/../lib/gcc/sh-elf/14.2.0/../../../../sh-elf/lib/libnosys.a(getpid.o)
 .data          0x0601f30c        0x0 /home/toaster/Programming/Saturn/SaturnRingLib/Compiler/linux/sh2eb-elf/bin/../lib/gcc/sh-elf/14.2.0/../../../../sh-elf/lib/libnosys.a(kill.o)
 .data          0x0601f30c        0x0 /home/toaster/Programming/Saturn/SaturnRingLib/Compiler/linux/sh2eb-elf/bin/../lib/gcc/sh-elf/14.2.0/../../../../sh-elf/lib/libnosys.a(lseek.o)
 .data          0x0601f30c        0x0 /home/toaster/Programming/Saturn/SaturnRingLib/Compiler/linux/sh2eb-elf/bin/../lib/gcc/sh-elf/14.2.0/../../../../sh-elf/lib/libnosys.a(read.o)
 .data          0x0601f30c        0x0 /home/toaster/Programming/Saturn/SaturnRingLib/Compiler/linux/sh2eb-elf/bin/../lib/gcc/sh-elf/14.2.0/../../../../sh-elf/lib/libnosys.a(sbrk.o)
 .data          0x0601f30c        0x0 /home/toaster/Programming/Saturn/SaturnRingLib/Compiler/linux/sh2eb-elf/bin/../lib/gcc/sh-elf/14.2.0/../../../../sh-elf/lib/libnosys.a(write.o)
 .data          0x0601f30c        0x0 /home/toaster/Programming/Saturn/SaturnRingLib/Compiler/linux/sh2eb-elf/bin/../lib/gcc/sh-elf/14.2.0/../../../../sh-elf/lib/libnosys.a(_exit.o)
                0x0601f30c                        __edata = .

.rodata         0x0601f320      0x8b0
 *(.rodata*)
 .rodata        0x0601f320       0x18 ../../saturnringlib/../modules/sgl/LIB/../SRC/workarea.o
                0x0601f320                PCM_WkSize
                0x0601f324                MaxVertices
                0x0601f326                MaxPolygons
                0x0601f328                SortListSize
                0x0601f32c                SpriteBufSize
                0x0601f330                EventSize
                0x0601f332                MaxEvents
                0x0601f334                WorkSize
                0x0601f336                MaxWorks
 .rodata._ZN3SRL6string10snprintfExEPciPKcz.str1.4
                0x0601f338        0xb src/objects/player.o
 *fill*         0x0601f343        0x1 
 .rodata._ZN3SRL5Debug12AssertScreenIJEEEvPKcS3_S3_DpT_.str1.4
                0x0601f344       0x41 src/objects/player.o
 *fill*         0x0601f385        0x3 
 .rodata._ZN3SRL6Bitmap3TGA8LoadDataEPNS_2Cd4FileEPNS1_14LoaderSettingsE.str1.4
                0x0601f388       0xdb src/objects/player.o
 *fill*         0x0601f463        0x1 
 .rodata.str1.4
                0x0601f464       0x26 src/objects/player.o
 *fill*         0x0601f48a        0x2 
 .rodata._ZTVN3SRL6Bitmap3TGAE
                0x0601f48c       0x18 src/objects/player.o
                0x0601f48c                vtable for SRL::Bitmap::TGA
 .rodata._ZN3SRL6string10snprintfExEPciPKcz.str1.4
                0x0601f4a4        0xb src/scenes/title_screen.o
 *fill*         0x0601f4af        0x1 
 .rodata._ZN3SRL5Debug12AssertScreenIJEEEvPKcS3_S3_DpT_.str1.4
                0x0601f4b0       0x41 src/scenes/title_screen.o
 *fill*         0x0601f4f1        0x3 
 .rodata._ZN3SRL6Bitmap3TGA8LoadDataEPNS_2Cd4FileEPNS1_14LoaderSettingsE.str1.4
                0x0601f4f4       0xdb src/scenes/title_screen.o
 *fill*         0x0601f5cf        0x1 
 .rodata.str1.4
                0x0601f5d0       0x50 src/scenes/title_screen.o
 .rodata._ZN3SRL6string10snprintfExEPciPKcz.str1.4
                0x0601f620        0xb src/scenes/start_cave.o
 *fill*         0x0601f62b        0x1 
 .rodata._ZN3SRL5Debug12AssertScreenIJEEEvPKcS3_S3_DpT_.str1.4
                0x0601f62c       0x41 src/scenes/start_cave.o
 *fill*         0x0601f66d        0x3 
 .rodata._ZN3SRL4VDP24VRAM16AutoAllocateCellERNS_7Tilemap11TilemapInfoEt.str1.4
                0x0601f670       0x96 src/scenes/start_cave.o
 *fill*         0x0601f706        0x2 
 .rodata._ZN3SRL7Tilemap10Interfaces8Bmp2Tile13ConvertBitmapERNS0_11TilemapInfoERNS_6Bitmap7IBitmapEib.isra.0.str1.4
                0x0601f708       0x7a src/scenes/start_cave.o
 *fill*         0x0601f782        0x2 
 .rodata._ZN3SRL7Tilemap10Interfaces8Bmp2TileC2ERNS_6Bitmap7IBitmapEh.str1.4
                0x0601f784       0x36 src/scenes/start_cave.o
 *fill*         0x0601f7ba        0x2 
 .rodata._ZN3SRL6Bitmap3TGA8LoadDataEPNS_2Cd4FileEPNS1_14LoaderSettingsE.str1.4
                0x0601f7bc       0xdb src/scenes/start_cave.o
 *fill*         0x0601f897        0x1 
 .rodata._ZN3SRL4VDP212ScrollScreenINS0_4NBG0ELs1ELt1EE11LoadTilemapERNS_7Tilemap8ITilemapE.str1.4
                0x0601f898      0x104 src/scenes/start_cave.o
 .rodata.str1.4
                0x0601f99c       0x4f src/scenes/start_cave.o
 *fill*         0x0601f9eb        0x1 
 .rodata        0x0601f9ec      0x156 src/scenes/start_cave.o
 *fill*         0x0601fb42        0x2 
 .rodata._ZTVN3SRL7Tilemap10Interfaces8Bmp2TileE
                0x0601fb44       0x18 src/scenes/start_cave.o
                0x0601fb44                vtable for SRL::Tilemap::Interfaces::Bmp2Tile
 .rodata._ZZN3SRL7Tilemap11TilemapInfo12SGLColorModeEvE8sglColor
                0x0601fb5c        0x7 src/scenes/start_cave.o
                0x0601fb5c                SRL::Tilemap::TilemapInfo::SGLColorMode()::sglColor
 *fill*         0x0601fb63        0x1 
 .rodata.str1.4
                0x0601fb64       0x27 src/main.o
 *fill*         0x0601fb8b        0x1 
 .rodata.str1.4
                0x0601fb8c       0x13 /home/toaster/Programming/Saturn/SaturnRingLib/Compiler/linux/sh2eb-elf/bin/../lib/gcc/sh-elf/14.2.0/../../../../sh-elf/lib/libc.a(libc_a-nano-svfprintf.o)
 *fill*         0x0601fb9f        0x1 
 .rodata.str1.4
                0x0601fba0       0x25 /home/toaster/Programming/Saturn/SaturnRingLib/Compiler/linux/sh2eb-elf/bin/../lib/gcc/sh-elf/14.2.0/../../../../sh-elf/lib/libc.a(libc_a-nano-vfprintf_i.o)

.bss            0x0601fbd0     0x2d40
                0x0601fbd0                        __bstart = .
 *(.bss*)
 .bss           0x0601fbd0       0xc8 ../../saturnringlib/../modules/sgl/LIB/../SRC/workarea.o
                0x0601fbd0                RemainWork
                0x0601fbd4                WorkBuf
                0x0601fc14                RemainEvent
                0x0601fc18                EventBuf
 .bss           0x0601fc98        0x0 ../../saturnringlib/../modules/sgl/SRC/preloader.o
 .bss._ZN3SRL6Memory10LowWorkRam4zoneE
                0x0601fc98        0x8 ../../saturnringlib/../modules/sgl/SRC/preloader.o
                0x0601fc98                SRL::Memory::LowWorkRam::zone
 .bss._ZN3SRL6Memory11HighWorkRam4zoneE
                0x0601fca0        0x8 ../../saturnringlib/../modules/sgl/SRC/preloader.o
                0x0601fca0                SRL::Memory::HighWorkRam::zone
 .bss           0x0601fca8        0xc src/objects/player.o
                0x0601fca8                player
 .bss._ZGVN3SRL4Core8OnVblankE
                0x0601fcb4        0x8 src/objects/player.o
                0x0601fcb4                guard variable for SRL::Core::OnVblank
 .bss._ZGVN3SRL4Core12OnBeforeSyncE
                0x0601fcbc        0x8 src/objects/player.o
                0x0601fcbc                guard variable for SRL::Core::OnBeforeSync
 .bss._ZGVN3SRL4Core11OnAfterSyncE
                0x0601fcc4        0x8 src/objects/player.o
                0x0601fcc4                guard variable for SRL::Core::OnAfterSync
 .bss._ZGVN3SRL4VDP212ScrollScreenINS0_4RBG0ELs5ELt16EE11TilePaletteE
                0x0601fccc        0x8 src/objects/player.o
                0x0601fccc                guard variable for SRL::VDP2::ScrollScreen<SRL::VDP2::RBG0, (short)5, (unsigned short)16>::TilePalette
 .bss._ZGVN3SRL4VDP212ScrollScreenINS0_4NBG3ELs2ELt8EE11TilePaletteE
                0x0601fcd4        0x8 src/objects/player.o
                0x0601fcd4                guard variable for SRL::VDP2::ScrollScreen<SRL::VDP2::NBG3, (short)2, (unsigned short)8>::TilePalette
 .bss._ZGVN3SRL4VDP212ScrollScreenINS0_4NBG2ELs3ELt4EE11TilePaletteE
                0x0601fcdc        0x8 src/objects/player.o
                0x0601fcdc                guard variable for SRL::VDP2::ScrollScreen<SRL::VDP2::NBG2, (short)3, (unsigned short)4>::TilePalette
 .bss._ZGVN3SRL4VDP212ScrollScreenINS0_4NBG1ELs0ELt2EE11TilePaletteE
                0x0601fce4        0x8 src/objects/player.o
                0x0601fce4                guard variable for SRL::VDP2::ScrollScreen<SRL::VDP2::NBG1, (short)0, (unsigned short)2>::TilePalette
 .bss._ZGVN3SRL4VDP212ScrollScreenINS0_4NBG0ELs1ELt1EE11TilePaletteE
                0x0601fcec        0x8 src/objects/player.o
                0x0601fcec                guard variable for SRL::VDP2::ScrollScreen<SRL::VDP2::NBG0, (short)1, (unsigned short)1>::TilePalette
 .bss._ZGVN3SRL4VDP18MetadataE
                0x0601fcf4        0x8 src/objects/player.o
                0x0601fcf4                guard variable for SRL::VDP1::Metadata
 .bss._ZGVN3SRL4VDP18TexturesE
                0x0601fcfc        0x8 src/objects/player.o
                0x0601fcfc                guard variable for SRL::VDP1::Textures
 .bss._ZN3SRL7Scene2D7EffectsE
                0x0601fd04        0x4 src/objects/player.o
                0x0601fd04                SRL::Scene2D::Effects
 .bss._ZN3SRL4Core8OnVblankE
                0x0601fd08       0x18 src/objects/player.o
                0x0601fd08                SRL::Core::OnVblank
 .bss._ZN3SRL4Core12OnBeforeSyncE
                0x0601fd20       0x18 src/objects/player.o
                0x0601fd20                SRL::Core::OnBeforeSync
 .bss._ZN3SRL4Core11OnAfterSyncE
                0x0601fd38       0x18 src/objects/player.o
                0x0601fd38                SRL::Core::OnAfterSync
 .bss._ZN3SRL5Input3Gun26Player2MegadriveGunControlE
                0x0601fd50        0x1 src/objects/player.o
                0x0601fd50                SRL::Input::Gun::Player2MegadriveGunControl
 .bss._ZN3SRL5Input3Gun26Player1MegadriveGunControlE
                0x0601fd51        0x1 src/objects/player.o
                0x0601fd51                SRL::Input::Gun::Player1MegadriveGunControl
 *fill*         0x0601fd52        0x2 
 .bss._ZN3SRL4VDP212ScrollScreenINS0_4RBG0ELs5ELt16EE11TilePaletteE
                0x0601fd54        0x8 src/objects/player.o
                0x0601fd54                SRL::VDP2::ScrollScreen<SRL::VDP2::RBG0, (short)5, (unsigned short)16>::TilePalette
 .bss._ZN3SRL4VDP212ScrollScreenINS0_4NBG3ELs2ELt8EE11TilePaletteE
                0x0601fd5c        0x8 src/objects/player.o
                0x0601fd5c                SRL::VDP2::ScrollScreen<SRL::VDP2::NBG3, (short)2, (unsigned short)8>::TilePalette
 .bss._ZN3SRL4VDP212ScrollScreenINS0_4NBG2ELs3ELt4EE11TilePaletteE
                0x0601fd64        0x8 src/objects/player.o
                0x0601fd64                SRL::VDP2::ScrollScreen<SRL::VDP2::NBG2, (short)3, (unsigned short)4>::TilePalette
 .bss._ZN3SRL4VDP212ScrollScreenINS0_4NBG1ELs0ELt2EE11TilePaletteE
                0x0601fd6c        0x8 src/objects/player.o
                0x0601fd6c                SRL::VDP2::ScrollScreen<SRL::VDP2::NBG1, (short)0, (unsigned short)2>::TilePalette
 .bss._ZN3SRL4VDP212ScrollScreenINS0_4NBG0ELs1ELt1EE11TilePaletteE
                0x0601fd74        0x8 src/objects/player.o
                0x0601fd74                SRL::VDP2::ScrollScreen<SRL::VDP2::NBG0, (short)1, (unsigned short)1>::TilePalette
 .bss._ZN3SRL4VDP18MetadataE
                0x0601fd7c      0x190 src/objects/player.o
                0x0601fd7c                SRL::VDP1::Metadata
 .bss._ZN3SRL4VDP18TexturesE
                0x0601ff0c      0x320 src/objects/player.o
                0x0601ff0c                SRL::VDP1::Textures
 .bss._ZN3SRL4VDP111HeapPointerE
                0x0602022c        0x2 src/objects/player.o
                0x0602022c                SRL::VDP1::HeapPointer
 *fill*         0x0602022e        0x2 
 .bss._ZN3SRL5Debug10lineBufferE
                0x06020230       0x2d src/objects/player.o
                0x06020230                SRL::Debug::lineBuffer
 .bss._ZN3SRL5Debug13oldPrintColorE
                0x0602025d        0x1 src/objects/player.o
                0x0602025d                SRL::Debug::oldPrintColor
 .bss._ZN3SRL5Debug10printColorE
                0x0602025e        0x1 src/objects/player.o
                0x0602025e                SRL::Debug::printColor
 .bss           0x0602025f        0x0 src/scenes/title_screen.o
 .bss._ZN3SRL2Cd13isInitializedE
                0x0602025f        0x1 src/scenes/title_screen.o
                0x0602025f                SRL::Cd::isInitialized
 .bss._ZN3SRL2Cd7GfsWorkE
                0x06020260      0xd08 src/scenes/title_screen.o
                0x06020260                SRL::Cd::GfsWork
 .bss._ZN3SRL2Cd17GfsDirectoryNamesE
                0x06020f68     0x1800 src/scenes/title_screen.o
                0x06020f68                SRL::Cd::GfsDirectoryNames
 .bss._ZN3SRL2Cd14GfsDirectoriesE
                0x06022768        0xc src/scenes/title_screen.o
                0x06022768                SRL::Cd::GfsDirectories
 .bss._ZN3SRL4CRAM14AllocationMaskE
                0x06022774       0x10 src/scenes/title_screen.o
                0x06022774                SRL::CRAM::AllocationMask
 .bss._ZN3SRL2TV10ResolutionE
                0x06022784        0x4 src/scenes/title_screen.o
                0x06022784                SRL::TV::Resolution
 .bss._ZN3SRL2TV6HeightE
                0x06022788        0x2 src/scenes/title_screen.o
                0x06022788                SRL::TV::Height
 .bss._ZN3SRL2TV5WidthE
                0x0602278a        0x2 src/scenes/title_screen.o
                0x0602278a                SRL::TV::Width
 .bss           0x0602278c        0x0 src/scenes/start_cave.o
 .bss           0x0602278c        0xc src/libs/colision.o
                0x0602278c                CurrLevel
 .bss           0x06022798        0x0 src/libs/physics.o
 .bss           0x06022798        0x0 src/main.o
 *fill*         0x06022798        0x8 
 .bss           0x060227a0        0x0 ../../saturnringlib/../modules/sgl/LIB/LIBCD.A(GFS.O)
 .bss           0x060227a0        0x0 ../../saturnringlib/../modules/sgl/LIB/LIBCD.A(GFS_BUF.O)
 .bss           0x060227a0        0x0 ../../saturnringlib/../modules/sgl/LIB/LIBCD.A(GFS_CDB.O)
 .bss           0x060227a0        0x0 ../../saturnringlib/../modules/sgl/LIB/LIBCD.A(GFS_CDC.O)
 .bss           0x060227a0        0x0 ../../saturnringlib/../modules/sgl/LIB/LIBCD.A(GFS_CDF.O)
 .bss           0x060227a0        0x0 ../../saturnringlib/../modules/sgl/LIB/LIBCD.A(GFS_DIR.O)
 .bss           0x060227a0        0xc ../../saturnringlib/../modules/sgl/LIB/LIBCD.A(GFS_TRN.O)
 *fill*         0x060227ac        0x4 
 .bss           0x060227b0        0x0 ../../saturnringlib/../modules/sgl/LIB/LIBCD.A(CDC_CMN.O)
 .bss           0x060227b0        0x0 ../../saturnringlib/../modules/sgl/LIB/LIBCD.A(CDC_DRV.O)
 .bss           0x060227b0        0x0 ../../saturnringlib/../modules/sgl/LIB/LIBCD.A(CDC_DEV.O)
 .bss           0x060227b0        0x0 ../../saturnringlib/../modules/sgl/LIB/LIBCD.A(CDC_SEL.O)
 .bss           0x060227b0        0x0 ../../saturnringlib/../modules/sgl/LIB/LIBCD.A(CDC_BIF.O)
 .bss           0x060227b0        0x0 ../../saturnringlib/../modules/sgl/LIB/LIBCD.A(CDC_BIO.O)
 .bss           0x060227b0        0x0 ../../saturnringlib/../modules/sgl/LIB/LIBCD.A(CDC_CFS.O)
 .bss           0x060227b0        0x2 ../../saturnringlib/../modules/sgl/LIB/LIBCD.A(CDC_REG.O)
 *fill*         0x060227b2        0xe 
 .bss           0x060227c0        0xc ../../saturnringlib/../modules/sgl/LIB/LIBCD.A(CDC_SUB.O)
 *fill*         0x060227cc        0x4 
 .bss           0x060227d0        0x0 ../../saturnringlib/../modules/sgl/LIB/LIBSGL.A(sglB001.o)
 .bss           0x060227d0        0x0 ../../saturnringlib/../modules/sgl/LIB/LIBSGL.A(sglB002.o)
 .bss           0x060227d0        0x0 ../../saturnringlib/../modules/sgl/LIB/LIBSGL.A(sglB015.o)
 .bss           0x060227d0        0x0 ../../saturnringlib/../modules/sgl/LIB/LIBSGL.A(sglB016.o)