Archive member included to satisfy reference by file (symbol)

../../saturnringlib/../modules/sgl/LIB/LIBCD.A(GFS.O)
                              src/scenes/title_screen.o (GFS_Init)
../../saturnringlib/../modules/sgl/LIB/LIBCD.A(GFS_BUF.O)
                              ../../saturnringlib/../modules/sgl/LIB/LIBCD.A(GFS.O) (GFBF_GetNumData)
../../saturnringlib/../modules/sgl/LIB/LIBCD.A(GFS_CDB.O)
                              ../../saturnringlib/../modules/sgl/LIB/LIBCD.A(GFS.O) (GFCB_Close)
../../saturnringlib/../modules/sgl/LIB/LIBCD.A(GFS_CDC.O)
                              ../../saturnringlib/../modules/sgl/LIB/LIBCD.A(GFS.O) (GFCD_SetCdbfs)
../../saturnringlib/../modules/sgl/LIB/LIBCD.A(GFS_CDF.O)
                              ../../saturnringlib/../modules/sgl/LIB/LIBCD.A(GFS.O) (GFCF_Init)
../../saturnringlib/../modules/sgl/LIB/LIBCD.A(GFS_DIR.O)
                              ../../saturnringlib/../modules/sgl/LIB/LIBCD.A(GFS.O) (GFDR_SetupDirTbl)
../../saturnringlib/../modules/sgl/LIB/LIBCD.A(GFS_TRN.O)
                              ../../saturnringlib/../modules/sgl/LIB/LIBCD.A(GFS.O) (GFTR_Setup)
../../saturnringlib/../modules/sgl/LIB/LIBCD.A(CDC_CMN.O)
                              ../../saturnringlib/../modules/sgl/LIB/LIBCD.A(GFS_CDC.O) (CDC_GetCurStat)
../../saturnringlib/../modules/sgl/LIB/LIBCD.A(CDC_DRV.O)
                              ../../saturnringlib/../modules/sgl/LIB/LIBCD.A(GFS_CDC.O) (CDC_CdPlay)
../../saturnringlib/../modules/sgl/LIB/LIBCD.A(CDC_DEV.O)
                              ../../saturnringlib/../modules/sgl/LIB/LIBCD.A(GFS_CDC.O) (CDC_CdSetCon)
../../saturnringlib/../modules/sgl/LIB/LIBCD.A(CDC_SEL.O)
                              ../../saturnringlib/../modules/sgl/LIB/LIBCD.A(GFS_CDC.O) (CDC_SetFiltRange)
../../saturnringlib/../modules/sgl/LIB/LIBCD.A(CDC_BIF.O)
                              ../../saturnringlib/../modules/sgl/LIB/LIBCD.A(GFS_CDC.O) (CDC_GetBufSiz)
../../saturnringlib/../modules/sgl/LIB/LIBCD.A(CDC_BIO.O)
                              ../../saturnringlib/../modules/sgl/LIB/LIBCD.A(GFS_CDC.O) (CDC_SetSctLen)
../../saturnringlib/../modules/sgl/LIB/LIBCD.A(CDC_CFS.O)
                              ../../saturnringlib/../modules/sgl/LIB/LIBCD.A(GFS_CDC.O) (CDC_ChgDir)
../../saturnringlib/../modules/sgl/LIB/LIBCD.A(CDC_REG.O)
                              ../../saturnringlib/../modules/sgl/LIB/LIBCD.A(GFS_CDB.O) (CDC_GetDataPtr)
../../saturnringlib/../modules/sgl/LIB/LIBCD.A(CDC_SUB.O)
                              ../../saturnringlib/../modules/sgl/LIB/LIBCD.A(CDC_CMN.O) (CDSUB_UpdStatus)
../../saturnringlib/../modules/sgl/LIB/LIBSGL.A(sglB001.o)
                              src/scenes/title_screen.o (slTVOn)
../../saturnringlib/../modules/sgl/LIB/LIBSGL.A(sglB002.o)
                              src/scenes/title_screen.o (slColRAMMode)
../../saturnringlib/../modules/sgl/LIB/LIBSGL.A(sglB015.o)
                              src/scenes/title_screen.o (slScrAutoDisp)
../../saturnringlib/../modules/sgl/LIB/LIBSGL.A(sglB016.o)
                              src/objects/player.o (slBack1ColSet)
../../saturnringlib/../modules/sgl/LIB/LIBSGL.A(sglB031.o)
                              src/scenes/start_cave.o (slMapNbg0)
../../saturnringlib/../modules/sgl/LIB/LIBSGL.A(sglB034.o)
                              src/scenes/title_screen.o (slMapNbg3)
../../saturnringlib/../modules/sgl/LIB/LIBSGL.A(sglB038.o)
                              src/scenes/title_screen.o (slRparaInitSet)
../../saturnringlib/../modules/sgl/LIB/LIBSGL.A(sglB055.o)
                              src/scenes/start_cave.o (slPlaneNbg0)
../../saturnringlib/../modules/sgl/LIB/LIBSGL.A(sglB058.o)
                              src/scenes/title_screen.o (slPlaneNbg3)
../../saturnringlib/../modules/sgl/LIB/LIBSGL.A(sglB063.o)
                              src/scenes/title_screen.o (slPriority)
../../saturnringlib/../modules/sgl/LIB/LIBSGL.A(sglB070.o)
                              src/scenes/start_cave.o (slScrPosNbg0)
../../saturnringlib/../modules/sgl/LIB/LIBSGL.A(sglB200.o)
                              src/scenes/start_cave.o (slCharNbg0)
../../saturnringlib/../modules/sgl/LIB/LIBSGL.A(sglC04.o)
                              src/scenes/title_screen.o (slZdspLevel)
../../saturnringlib/../modules/sgl/LIB/LIBSGL.A(sglC16.o)
                              src/scenes/title_screen.o (slDynamicFrame)
../../saturnringlib/../modules/sgl/LIB/LIBSGL.A(sglC17.o)
                              src/objects/player.o (slDispSpriteHV)
../../saturnringlib/../modules/sgl/LIB/LIBSGL.A(sglC20.o)
                              ../../saturnringlib/../modules/sgl/LIB/LIBSGL.A(sglC17.o) (SpriteEntry)
../../saturnringlib/../modules/sgl/LIB/LIBSGL.A(sglC21.o)
                              ../../saturnringlib/../modules/sgl/LIB/LIBSGL.A(sglC17.o) (RotSprite)
../../saturnringlib/../modules/sgl/LIB/LIBSGL.A(sglD00.o)
                              src/objects/player.o (slDMACopy)
../../saturnringlib/../modules/sgl/LIB/LIBSGL.A(sglD01.o)
[...]
Memory Configuration

Name             Origin             Length             Attributes
*default*        0x00000000         0xffffffff

Linker script and memory map


PRELOADER       0x06004000       0xd0
                0x06004000                        ___Preloader = .
 *(PRELOADER)
 PRELOADER      0x06004000       0xc4 ../../saturnringlib/../modules/sgl/SRC/preloader.o
                0x06004000                PreLoader

SLSTART         0x060040d0       0x30
                0x060040d0                        ___Start = .
 *(SLSTART)
 SLSTART        0x060040d0       0x28 ../../saturnringlib/../modules/sgl/LIB/LIBSGL.A(sglI00.o)
                0x060040d0                SGL_Start
                0x060040d2                slStartSGL

.text           0x06004100    0x10800
 *(.text*)
 .text          0x06004100        0x0 ../../saturnringlib/../modules/sgl/LIB/../SRC/workarea.o
 .text          0x06004100        0x4 ../../saturnringlib/../modules/sgl/SRC/preloader.o
                0x06004100                __cxa_pure_virtual
 .text          0x06004104      0x76c src/objects/player.o
                0x06004118                player_init()
                0x06004124                LoadPlayerSprite(char*)
                0x06004488                Player()
 .text._ZN3SRL6Bitmap3TGA7GetDataEv
                0x06004870        0x4 src/objects/player.o
                0x06004870                SRL::Bitmap::TGA::GetData()
 .text._ZNK3SRL6Bitmap3TGA7GetInfoEv
                0x06004874       0x4c src/objects/player.o
                0x06004874                SRL::Bitmap::TGA::GetInfo() const
 .text._ZN3SRL4Math5Types3FxpC2ERKS2_
                0x060048c0        0x8 src/objects/player.o
                0x060048c0                SRL::Math::Types::Fxp::Fxp(SRL::Math::Types::Fxp const&)
                0x060048c0                SRL::Math::Types::Fxp::Fxp(SRL::Math::Types::Fxp const&)
 .text._ZNK3SRL4Math5Types3Fxp8RawValueEv
                0x060048c8        0x4 src/objects/player.o
                0x060048c8                SRL::Math::Types::Fxp::RawValue() const
 .text._ZN3SRL6Memory4FreeEPv
                0x060048cc      0x114 src/objects/player.o
                0x060048cc                SRL::Memory::Free(void*)
 .text._ZN3SRL6Bitmap3TGAD2Ev
                0x060049e0       0x54 src/objects/player.o
                0x060049e0                SRL::Bitmap::TGA::~TGA()
                0x060049e0                SRL::Bitmap::TGA::~TGA()
 .text._ZN3SRL6Bitmap3TGAD0Ev
                0x06004a34       0x50 src/objects/player.o
                0x06004a34                SRL::Bitmap::TGA::~TGA()
 .text._ZN3SRL6Memory15PlacementMallocEjm
                0x06004a84      0x19c src/objects/player.o
                0x06004a84                SRL::Memory::PlacementMalloc(unsigned int, unsigned long)
 .text._ZN3SRL6string10snprintfExEPciPKcz
                0x06004c20      0x394 src/objects/player.o
                0x06004c20                SRL::string::snprintfEx(char*, int, char const*, ...)
 .text._ZN3SRL5Input3Gun11SynchronizeEv
                0x06004fb4      0x1d0 src/objects/player.o
                0x06004fb4                SRL::Input::Gun::Synchronize()
 .text._ZN3SRL6Bitmap3TGA13DecodePaletteEPhPKNS1_9TgaHeaderEl
                0x06005184      0x4b8 src/objects/player.o
                0x06005184                SRL::Bitmap::TGA::DecodePalette(unsigned char*, SRL::Bitmap::TGA::TgaHeader const*, long)
 .text._ZN3SRL6Bitmap3TGA17DecodeRlePalettedEPhPKNS1_9TgaHeaderERNS1_8ForRangeES7_
                0x0600563c      0x330 src/objects/player.o
                0x0600563c                SRL::Bitmap::TGA::DecodeRlePaletted(unsigned char*, SRL::Bitmap::TGA::TgaHeader const*, SRL::Bitmap::TGA::ForRange&, SRL::Bitmap::TGA::ForRange&)
 .text._ZN3SRL5Debug12AssertScreenIJEEEvPKcS3_S3_DpT_
                0x0600596c      0x718 src/objects/player.o
                0x0600596c                void SRL::Debug::AssertScreen<>(char const*, char const*, char const*)
 .text._ZN3SRL5Debug12AssertScreenIJPKcEEEvS3_S3_S3_DpT_
                0x06006084      0x82c src/objects/player.o
                0x06006084                void SRL::Debug::AssertScreen<char const*>(char const*, char const*, char const*, char const*)
 .text._ZN3SRL5Types5EventIJEEC2Ev
                0x060068b0      0x17c src/objects/player.o
                0x060068b0                SRL::Types::Event<>::Event()
                0x060068b0                SRL::Types::Event<>::Event()
 .text._ZN3SRL5Debug12AssertScreenIJssEEEvPKcS3_S3_DpT_
                0x06006a2c      0x840 src/objects/player.o
                0x06006a2c                void SRL::Debug::AssertScreen<short, short>(char const*, char const*, char const*, short, short)
 .text._ZN3SRL5Debug12AssertScreenIJaEEEvPKcS3_S3_DpT_
                0x0600726c      0x830 src/objects/player.o
                0x0600726c                void SRL::Debug::AssertScreen<signed char>(char const*, char const*, char const*, signed char)
 .text._ZN3SRL6Bitmap3TGA8LoadDataEPNS_2Cd4FileEPNS1_14LoaderSettingsE
                0x06007a9c      0xca4 src/objects/player.o
                0x06007a9c                SRL::Bitmap::TGA::LoadData(SRL::Cd::File*, SRL::Bitmap::TGA::LoaderSettings*)
 .text._ZN3SRL5Types5EventIJEED2Ev
                0x06008740       0x2c src/objects/player.o
                0x06008740                SRL::Types::Event<>::~Event()
                0x06008740                SRL::Types::Event<>::~Event()
 .text.startup  0x0600876c      0x1e4 src/objects/player.o
 .text.exit     0x06008950       0x90 src/objects/player.o
 .text          0x060089e0      0x824 src/scenes/title_screen.o
                0x060089e4                LoadGraphics()
                0x06008d44                title()
 .text._ZN3SRL4Core14VblankHandlingEv
                0x06009204      0x158 src/scenes/title_screen.o
                0x06009204                SRL::Core::VblankHandling()
 .text._ZN3SRL2TV13SetScreenSizeENS0_11ResolutionsE
                0x0600935c      0x170 src/scenes/title_screen.o
                0x0600935c                SRL::TV::SetScreenSize(SRL::TV::Resolutions)
 .text._ZN3SRL4VDP210InitializeERKNS_5Types9HighColorE
                0x060094cc      0x1a0 src/scenes/title_screen.o
                0x060094cc                SRL::VDP2::Initialize(SRL::Types::HighColor const&)
 .text.startup  0x0600966c      0x1e4 src/scenes/title_screen.o
 .text.exit     0x06009850       0x90 src/scenes/title_screen.o
 .text          0x060098e0      0x694 src/scenes/start_cave.o
                0x060098e4                LoadCaveGraphics()
                0x06009ce0                start_cave()
 .text._ZN3SRL7Tilemap10Interfaces8Bmp2Tile11GetCellDataEv
                0x06009f74        0x4 src/scenes/start_cave.o
                0x06009f74                SRL::Tilemap::Interfaces::Bmp2Tile::GetCellData()
 .text._ZN3SRL7Tilemap10Interfaces8Bmp2Tile10GetMapDataEv
                0x06009f78        0x4 src/scenes/start_cave.o
                0x06009f78                SRL::Tilemap::Interfaces::Bmp2Tile::GetMapData()
 .text._ZN3SRL7Tilemap10Interfaces8Bmp2Tile10GetPalDataEv
                0x06009f7c        0x4 src/scenes/start_cave.o
                0x06009f7c                SRL::Tilemap::Interfaces::Bmp2Tile::GetPalData()
 .text._ZN3SRL7Tilemap10Interfaces8Bmp2Tile7GetInfoEv
                0x06009f80       0x18 src/scenes/start_cave.o
                0x06009f80                SRL::Tilemap::Interfaces::Bmp2Tile::GetInfo()
 .text._ZN3SRL4VDP24VRAM16AutoAllocateCellERNS_7Tilemap11TilemapInfoEt
                0x06009f98      0x248 src/scenes/start_cave.o
                0x06009f98                SRL::VDP2::VRAM::AutoAllocateCell(SRL::Tilemap::TilemapInfo&, unsigned short)
 .text._ZN3SRL7Tilemap10Interfaces8Bmp2Tile13ConvertBitmapERNS0_11TilemapInfoERNS_6Bitmap7IBitmapEib.isra.0
                0x0600a1e0      0x42c src/scenes/start_cave.o
 .text._ZN3SRL5Debug12AssertScreenIJlEEEvPKcS3_S3_DpT_
                0x0600a60c      0x82c src/scenes/start_cave.o
                0x0600a60c                void SRL::Debug::AssertScreen<long>(char const*, char const*, char const*, long)
 .text._ZN3SRL7Tilemap10Interfaces8Bmp2TileC2ERNS_6Bitmap7IBitmapEh
                0x0600ae38      0x394 src/scenes/start_cave.o
                0x0600ae38                SRL::Tilemap::Interfaces::Bmp2Tile::Bmp2Tile(SRL::Bitmap::IBitmap&, unsigned char)
                0x0600ae38                SRL::Tilemap::Interfaces::Bmp2Tile::Bmp2Tile(SRL::Bitmap::IBitmap&, unsigned char)
 .text._ZN3SRL4VDP212ScrollScreenINS0_4NBG0ELs1ELt1EE12SetMapLayoutEhhhh
                0x0600b1cc      0x210 src/scenes/start_cave.o
                0x0600b1cc                SRL::VDP2::ScrollScreen<SRL::VDP2::NBG0, (short)1, (unsigned short)1>::SetMapLayout(unsigned char, unsigned char, unsigned char, unsigned char)
 .text._ZN3SRL4VDP212ScrollScreenINS0_4NBG0ELs1ELt1EE11LoadTilemapERNS_7Tilemap8ITilemapE
                0x0600b3dc      0x638 src/scenes/start_cave.o
                0x0600b3dc                SRL::VDP2::ScrollScreen<SRL::VDP2::NBG0, (short)1, (unsigned short)1>::LoadTilemap(SRL::Tilemap::ITilemap&)
 .text.startup  0x0600ba14      0x1e4 src/scenes/start_cave.o
 .text.exit     0x0600bbf8       0x90 src/scenes/start_cave.o
 .text          0x0600bc88        0x4 src/libs/colision.o
 .text.startup  0x0600bc8c      0x1e4 src/libs/colision.o
 .text.exit     0x0600be70       0x90 src/libs/colision.o
 .text          0x0600bf00        0x4 src/main.o
 .text.startup  0x0600bf04      0x420 src/main.o
                0x0600bf04                main
 .text.exit     0x0600c324       0x90 src/main.o
 *fill*         0x0600c3b4        0xc 
 .text          0x0600c3c0     0x1adc ../../saturnringlib/../modules/sgl/LIB/LIBCD.A(GFS.O)
                0x0600c3c0                gfs_version
                0x0600c3e0                GFS_Init
                0x0600c4c8                GFS_LoadDir
                0x0600c570                GFS_SetDir
                0x0600c5d8                GFS_NameToId
                0x0600c63c                GFS_IdToName
                0x0600c6a8                GFS_GetDirInfo
                0x0600c718                GFS_Reset
                0x0600c79c                GFS_Open
                0x0600c850                GFS_Close
                0x0600c888                GFS_Seek
                0x0600c93c                GFS_Tell
                0x0600c98c                GFS_IsEof
                0x0600c9e0                GFS_ByteToSct
                0x0600ca3c                GFS_GetFileSize
                0x0600ca98                GFS_GetFileInfo
                0x0600cb0c                GFS_GetNumCdbuf
                0x0600cb34                GFS_Load
                0x0600cbf8                GFS_Fread
                0x0600cc94                gfs_waitRead
                0x0600cd3c                GFS_NwFread
                0x0600ce48                GFS_NwCdRead
                0x0600cec0                GFS_NwIsComplete
                0x0600cef8                GFS_NwStop
                0x0600cf64                GFS_NwGetStat
                0x0600cfe0                gfs_recovRdErr
                0x0600d010                GFS_NwExecOne
                0x0600d0d0                GFS_NwExecServer
                0x0600d14c                GFS_SetGmode
                0x0600d1b0                GFS_SetTmode
                0x0600d21c                GFS_SetReadPara
                0x0600d280                GFS_SetTransPara
                0x0600d2ec                GFS_SetTrFunc
                0x0600d350                GFS_StartTrans
                0x0600d39c                GFS_CdMovePickup
                0x0600d408                GFS_SetErrFunc
                0x0600d434                GFS_GetErrStat
                0x0600d458                GFS_ConvTno
                0x0600d480                gfs_chgRoot
                0x0600d54c                gfs_aborttrans
                0x0600d558                gfs_mngSetupFuncTbl
                0x0600d58c                gfs_mngInitWork
                0x0600d630                gfs_mngGetNumFile
                0x0600d698                GFS_mngAllocGrp
                0x0600d6e0                gfs_mngFreeGrp
                0x0600d6ec                gfs_mngTermAccess
                0x0600d770                gfs_mngSetErrCode
                0x0600d7f0                gfs_svrSearchHndl
                0x0600d830                gfs_svrAddHndl
                0x0600d86c                gfs_svrRemoveHndl
                0x0600d8c8                GFS_OpenSub
                0x0600d920                gfs_loadVol
                0x0600d9e4                gfs_getRootDir
                0x0600dae0                gfs_loadRootDir
                0x0600db68                gfs_flowIn
                0x0600dc10                gfs_transData
                0x0600dcb4                GFS_GetFad
                0x0600dd0c                gfs_SetSct
                0x0600dd4c                gfs_GetFinfo
                0x0600dd8c                gfs_closeSub
                0x0600ddc8                gfs_getGmode
                0x0600ddd4                gfs_isTaskDone
                0x0600de28                gfs_convFinStat
 *fill*         0x0600de9c        0x4 
 .text          0x0600dea0      0x106 ../../saturnringlib/../modules/sgl/LIB/LIBCD.A(GFS_BUF.O)
                0x0600ded0                GFBF_GetTranData
                0x0600def8                GFBF_GetNumData
                0x0600df28                GFBF_GetSrcPk
                0x0600df50                GFBF_GetSctData
                0x0600df74                GFBF_RtnPk
                0x0600df9c                gfbf_getSctDt
 *fill*         0x0600dfa6        0xa 
 .text          0x0600dfb0      0x600 ../../saturnringlib/../modules/sgl/LIB/LIBCD.A(GFS_CDB.O)
                0x0600dfb0                GFCB_Setup
                0x0600e0d0                GFCB_Close
                0x0600e0f8                GFCB_GetLenData
                0x0600e1a4                GFCB_GetLenRoom
                0x0600e1b0                GFCB_SetFilt
                0x0600e218                GFCB_DeleteAllData
                0x0600e240                GFCB_Tell
                0x0600e250                gfcb_getSctNum
                0x0600e2a0                GFCB_Seek
                0x0600e39c                GFCB_GetSrcPack
                0x0600e47c                GFCB_GetSctData
                0x0600e4b4                GFCB_GetDstPack
                0x0600e4c0                GFCB_RtnPk
                0x0600e508                GFCB_MovePickup
                0x0600e524                GFCB_SetCon
                0x0600e558                GFCB_GetPickup
                0x0600e580                GFCB_IsPuOwner
                0x0600e598                GFCB_UngetPickup
 .text          0x0600e5b0     0x1a10 ../../saturnringlib/../modules/sgl/LIB/LIBCD.A(GFS_CDC.O)
                0x0600e5b0                GFCD_SetCdbfs
                0x0600e5dc                GFCD_Init
                0x0600e7e0                GFCD_AllocFilt
                0x0600e81c                GFCD_FreeFilt
                0x0600e84c                GFCD_AllocBuf
                0x0600e880                GFCD_FreeBuf
                0x0600e924                GFCD_GetBaseFad
                0x0600e958                GFCD_GetPickup
                0x0600e98c                GFCD_UngetPickup
                0x0600e9b8                GFCD_IsPuOwner
                0x0600e9dc                GFCD_SetFilt
                0x0600eaa0                GFCD_GetFilt
                0x0600eae8                GFCD_SetCon
                0x0600eb40                GFCD_Play
                0x0600eba0                GFCD_GetLenData
                0x0600ec08                GFCD_ReqData
                0x0600ec64                GFCD_EndData
                0x0600ecac                GFCD_DelSctData
                0x0600ed04                GFCD_CheckDelSctData
                0x0600ed34                GFCD_GetStat
                0x0600ede8                GFCD_MovePickup
                0x0600ee34                GFCD_MoveSctData
                0x0600eea8                GFCD_CheckMove
                0x0600eecc                GFCD_GetSctInfo
                0x0600ef14                GFCD_ChgDir
                0x0600ef88                GFCD_SetFiltCon
                0x0600f070                GFCD_GetFileInfo
                0x0600f14c                GFCD_GetBufSiz
                0x0600f184                GFCD_ExecServer
                0x0600f258                gfcd_isIdleTask
                0x0600f2e4                gfcd_doTask
                0x0600f390                GFCD_SetTimer
                0x0600f3a4                GFCD_WaitServer
                0x0600f3e0                gfcd_doSetFiltTsk
                0x0600f5a4                gfcd_doSetConTsk
                0x0600f634                gfcd_doGetLenDataTsk
                0x0600f788                gfcd_doReqDataTsk
                0x0600f828                gfcd_doDelSctDataTsk
                0x0600f95c                gfcd_doMoveSctTsk
                0x0600fac0                gfcd_doChgDirTsk
                0x0600fcbc                gfcd_doSetFiltConTsk
                0x0600fe00                gfcd_checkEflag
                0x0600fe24                gfcd_initCdbMng
                0x0600fea4                gfcd_setStat
                0x0600fed0                GFCD_SetCsctFunc
                0x0600feec                GFCD_ChkScdqFlag
                0x0600ff10                GFCD_ClrScdqFlag
                0x0600ff2c                GFCD_WaitScdqFlag
                0x0600ff70                GFCD_WaitPause
 .text          0x0600ffc0      0x8d8 ../../saturnringlib/../modules/sgl/LIB/LIBCD.A(GFS_CDF.O)
                0x0600ffc0                GFCF_Init
                0x06010060                GFCF_Setup
                0x060101a8                GFCF_SetSct
                0x060101ec                GFCF_GetFileInfo
                0x06010260                GFCF_FlowInBuf
                0x060103b4                GFCF_StopInBuf
                0x06010454                GFCF_Recover
                0x0601049c                GFCF_Tell
                0x060104b4                GFCF_Seek
                0x060104cc                GFCF_MovePickup
                0x06010568                GFCF_cnvIntlvOfs
                0x060105bc                GFCF_GetStat
                0x06010654                gfcf_getSctSize
                0x06010690                gfcf_isCdOk
                0x06010750                gfcf_getPlayRange
 *fill*         0x06010898        0x8 
 .text          0x060108a0      0x92c ../../saturnringlib/../modules/sgl/LIB/LIBCD.A(GFS_DIR.O)
                0x060108a0                GFDR_SetupDirTbl
                0x06010914                GFDR_NameToId
                0x06010974                GFDR_GetInfoDirId
                0x06010988                GFDR_GetInfoDirName
                0x0601099c                GFDR_GetAtrDirId
                0x060109b4                GFDR_GetAtrDirName
                0x060109cc                GFDR_ChgRoot
                0x060109e4                GFDR_ChgDir
                0x06010a58                gfdr_setupDirIdTbl
                0x06010adc                gfdr_setupDirNameTbl
                0x06010b88                gfdr_open
                0x06010bb0                gfdr_read
                0x06010c70                gfdr_readByte
                0x06010c9c                gfdr_readWord
                0x06010cc8                gfdr_readWordNB
                0x06010d1c                gfdr_readLongNB
                0x06010d68                gfdr_readLongNM
                0x06010d90                gfdr_setNextRec
                0x06010e14                gfdr_readDirEnt
                0x06011190                gfdr_setDirrecCd
 *fill*         0x060111cc        0x4 
 .text          0x060111d0      0x9c6 ../../saturnringlib/../modules/sgl/LIB/LIBCD.A(GFS_TRN.O)
                0x06011200                GFTR_Setup
                0x06011244                GFTR_SetMode
                0x06011258                GFTR_SetUnit
                0x06011264                GFTR_SetTransPara
                0x06011298                GFTR_GetTransPara
                0x060112a4                GFTR_GetNumTrans
                0x060112b0                GFTR_SetTransMax
                0x060112bc                GFTR_Start
                0x060112c8                GFTR_Pause
                0x060112d4                GFTR_Stop
                0x0601138c                GFTR_Exec
                0x06011410                GFTR_Idle
                0x06011488                GFTR_ExecSvr
                0x06011590                gftr_getSrcPack
                0x06011618                gftr_getDstPack
                0x06011674                gftr_reqScu
                0x06011680                gftr_execScu
                0x0601171c                gftr_remScu
                0x06011750                gfdma_canUse
                0x0601175c                gfdma_exec
                0x060117cc                gfdma_getBytecnt
                0x06011804                gftr_reqDma0
                0x0601181c                gftr_execSdma0
                0x06011840                gftr_remDma0
                0x06011858                gftr_reqDma1
                0x06011870                gftr_execSdma1
                0x06011894                gftr_remDma1
                0x060118ac                gftr_reqCpu
                0x060118b8                gftr_execCpu
                0x060118f8                gftr_remCpu
                0x06011904                gftr_reqTrn
                0x06011974                gftr_execTrn
                0x06011a4c                gftr_remTrn
                0x06011ac0                gftr_copyFrac
                0x06011ae8                GFTR_GetLenData
                0x06011af4                GFTR_GetLenRoom
                0x06011b0c                GFTR_GetDstPack
                0x06011b40                GFTR_RtnDstPk
                0x06011b5c                GFTR_GetData
                0x06011b70                GFTR_SetData
                0x06011b84                GFTR_SetTransFunc
 *fill*         0x06011b96        0xa 
 .text          0x06011ba0      0x3a0 ../../saturnringlib/../modules/sgl/LIB/LIBCD.A(CDC_CMN.O)
                0x06011ba0                CDC_GetCurStat
                0x06011bf0                CDC_GetLastStat
                0x06011c08                CDC_GetPeriStat
                0x06011cdc                CDC_GetHwInfo
                0x06011d44                CDC_TgetToc
                0x06011d94                CDC_GetSes
                0x06011dd0                CDC_CdInit
                0x06011e54                CDC_CdOpen
                0x06011e7c                CDC_DataReady
                0x06011ee8                CDC_DataEnd
 .text          0x06011f40      0x130 ../../saturnringlib/../modules/sgl/LIB/LIBCD.A(CDC_DRV.O)
                0x06011f40                CDC_CdPlay
                0x0601200c                CDC_CdSeek
                0x06012040                CDC_CdScan
 .text          0x06012070       0xa8 ../../saturnringlib/../modules/sgl/LIB/LIBCD.A(CDC_DEV.O)
                0x06012070                CDC_CdSetCon
                0x060120a0                CDC_CdGetCon
                0x060120dc                CDC_CdGetLastBuf
 *fill*         0x06012118        0x8 
 .text          0x06012120      0x2b8 ../../saturnringlib/../modules/sgl/LIB/LIBCD.A(CDC_SEL.O)
                0x06012120                CDC_SetFiltRange
                0x06012154                CDC_GetFiltRange
                0x060121ac                CDC_SetFiltSubh
                0x0601221c                CDC_GetFiltSubh
                0x06012298                CDC_SetFiltMode
                0x060122cc                CDC_GetFiltMode
                0x06012310                CDC_SetFiltCon
                0x06012350                CDC_GetFiltCon
                0x060123a4                CDC_ResetSelector
 *fill*         0x060123d8        0x8 
 .text          0x060123e0      0x270 ../../saturnringlib/../modules/sgl/LIB/LIBCD.A(CDC_BIF.O)
                0x060123e0                CDC_GetBufSiz
                0x0601243c                CDC_GetSctNum
                0x06012480                CDC_CalActSiz
                0x060124bc                CDC_GetActSiz
                0x0601253c                CDC_GetSctInfo
                0x060125bc                CDC_ExeFadSearch
                0x060125f4                CDC_GetFadSearch
 .text          0x06012650      0x1e4 ../../saturnringlib/../modules/sgl/LIB/LIBCD.A(CDC_BIO.O)
                0x06012650                CDC_SetSctLen
                0x06012684                CDC_GetSctData
                0x060126c0                CDC_DelSctData
                0x060126fc                CDC_GetdelSctData
                0x06012738                CDC_PutSctData
                0x06012770                CDC_CopySctData
                0x060127b4                CDC_MoveSctData
                0x060127f8                CDC_GetCopyErr
 *fill*         0x06012834        0xc 
 .text          0x06012840      0x194 ../../saturnringlib/../modules/sgl/LIB/LIBCD.A(CDC_CFS.O)
                0x06012840                CDC_ChgDir
                0x06012874                CDC_ReadDir
                0x060128a8                CDC_GetFileScope
                0x06012908                CDC_TgetFileInfo
                0x06012964                CDC_ReadFile
                0x06012998                CDC_AbortFile
 *fill*         0x060129d4        0xc 
 .text          0x060129e0      0x2dc ../../saturnringlib/../modules/sgl/LIB/LIBCD.A(CDC_REG.O)
                0x060129e0                CDC_GetDataPtr
                0x060129f0                CDC_GetHirqReq
                0x06012a04                CDC_ClrHirqReq
                0x06012a34                CDREG_ClrHirqReq
                0x06012a44                CDREG_InitHirqReq
                0x06012a6c                CDREG_SetHirqFlag
                0x06012a80                CDC_GetHirqMsk
                0x06012a94                CDC_SetHirqMsk
                0x06012aa4                CDC_GetMpegPtr
                0x06012ab4                CDREG_TgetData
                0x06012b10                CDREG_CmdRsp
                0x06012c10                CDREG_WaitHirq
                0x06012c80                CDREG_ReadRsp
 *fill*         0x06012cbc        0x4 
 .text          0x06012cc0      0x152 ../../saturnringlib/../modules/sgl/LIB/LIBCD.A(CDC_SUB.O)
                0x06012cc0                CDSUB_UpdStatus
                0x06012cd8                CDSUB_UpdCdstat
                0x06012cf8                CDSUB_CdCmd
                0x06012d68                CDSUB_GetCdstat
                0x06012da8                CDSUB_RspToCdstat
                0x06012df0                CDSUB_SoftTimer
 *fill*         0x06012e12        0xe 
 .text          0x06012e20        0x0 ../../saturnringlib/../modules/sgl/LIB/LIBSGL.A(sglB001.o)
 .text          0x06012e20        0x0 ../../saturnringlib/../modules/sgl/LIB/LIBSGL.A(sglB002.o)
 .text          0x06012e20        0x0 ../../saturnringlib/../modules/sgl/LIB/LIBSGL.A(sglB015.o)
 .text          0x06012e20        0x0 ../../saturnringlib/../modules/sgl/LIB/LIBSGL.A(sglB016.o)
 .text          0x06012e20        0x0 ../../saturnringlib/../modules/sgl/LIB/LIBSGL.A(sglB031.o)
 .text          0x06012e20        0x0 ../../saturnringlib/../modules/sgl/LIB/LIBSGL.A(sglB034.o)
 .text          0x06012e20        0x0 ../../saturnringlib/../modules/sgl/LIB/LIBSGL.A(sglB038.o)
 .text          0x06012e20        0x0 ../../saturnringlib/../modules/sgl/LIB/LIBSGL.A(sglB055.o)
 .text          0x06012e20        0x0 ../../saturnringlib/../modules/sgl/LIB/LIBSGL.A(sglB058.o)
 .text          0x06012e20        0x0 ../../saturnringlib/../modules/sgl/LIB/LIBSGL.A(sglB063.o)
 .text          0x06012e20        0x0 ../../saturnringlib/../modules/sgl/LIB/LIBSGL.A(sglB070.o)
 .text          0x06012e20        0x0 ../../saturnringlib/../modules/sgl/LIB/LIBSGL.A(sglB200.o)
 .text          0x06012e20        0x0 ../../saturnringlib/../modules/sgl/LIB/LIBSGL.A(sglC04.o)
 .text          0x06012e20        0x0 ../../saturnringlib/../modules/sgl/LIB/LIBSGL.A(sglC16.o)
 .text          0x06012e20        0x0 ../../saturnringlib/../modules/sgl/LIB/LIBSGL.A(sglC17.o)
 .text          0x06012e20        0x0 ../../saturnringlib/../modules/sgl/LIB/LIBSGL.A(sglC20.o)
 .text          0x06012e20        0x0 ../../saturnringlib/../modules/sgl/LIB/LIBSGL.A(sglC21.o)
 .text          0x06012e20        0x0 ../../saturnringlib/../modules/sgl/LIB/LIBSGL.A(sglD00.o)
 .text          0x06012e20        0x0 ../../saturnringlib/../modules/sgl/LIB/LIBSGL.A(sglD01.o)
 .text          0x06012e20        0x0 ../../saturnringlib/../modules/sgl/LIB/LIBSGL.A(sglD02.o)
 .text          0x06012e20        0x0 ../../saturnringlib/../modules/sgl/LIB/LIBSGL.A(sglD03.o)
 .text          0x06012e20        0x0 ../../saturnringlib/../modules/sgl/LIB/LIBSGL.A(sglD15.o)
 .text          0x06012e20        0x0 ../../saturnringlib/../modules/sgl/LIB/LIBSGL.A(sglD16.o)
 .text          0x06012e20        0x0 ../../saturnringlib/../modules/sgl/LIB/LIBSGL.A(sglD17.o)
 .text          0x06012e20        0x0 ../../saturnringlib/../modules/sgl/LIB/LIBSGL.A(sglD18.o)
 .text          0x06012e20        0x0 ../../saturnringlib/../modules/sgl/LIB/LIBSGL.A(sglF00.o)
 .text          0x06012e20        0x0 ../../saturnringlib/../modules/sgl/LIB/LIBSGL.A(sglH00.o)
 .text          0x06012e20        0x0 ../../saturnringlib/../modules/sgl/LIB/LIBSGL.A(sglH02.o)
 .text          0x06012e20        0x0 ../../saturnringlib/../modules/sgl/LIB/LIBSGL.A(sglH04.o)
 .text          0x06012e20        0x0 ../../saturnringlib/../modules/sgl/LIB/LIBSGL.A(sglI01.o)
 .text          0x06012e20        0x0 ../../saturnringlib/../modules/sgl/LIB/LIBSGL.A(sglI04.o)
 .text          0x06012e20      0x128 ../../saturnringlib/../modules/sgl/LIB/LIBSGL.A(sglIc0.o)
                0x06012e20                slInitSystem
 *fill*         0x06012f48        0x8 
 .text          0x06012f50        0x0 ../../saturnringlib/../modules/sgl/LIB/LIBSGL.A(sglJ00.o)
 .text          0x06012f50        0x0 ../../saturnringlib/../modules/sgl/LIB/LIBSGL.A(sglJ01.o)
 .text          0x06012f50        0x0 ../../saturnringlib/../modules/sgl/LIB/LIBSGL.A(sglJ02.o)
 .text          0x06012f50        0x0 ../../saturnringlib/../modules/sgl/LIB/LIBSGL.A(sglJ03.o)
 .text          0x06012f50        0x0 ../../saturnringlib/../modules/sgl/LIB/LIBSGL.A(sglJ04.o)
 .text          0x06012f50        0x0 ../../saturnringlib/../modules/sgl/LIB/LIBSGL.A(sglJ05.o)
 .text          0x06012f50        0x0 ../../saturnringlib/../modules/sgl/LIB/LIBSGL.A(sglK01.o)
 .text          0x06012f50        0x0 ../../saturnringlib/../modules/sgl/LIB/LIBSGL.A(sglM01.o)
 .text          0x06012f50        0x0 ../../saturnringlib/../modules/sgl/LIB/LIBSGL.A(sglA00.o)
 .text          0x06012f50        0x0 ../../saturnringlib/../modules/sgl/LIB/LIBSGL.A(sglA01.o)
 .text          0x06012f50        0x0 ../../saturnringlib/../modules/sgl/LIB/LIBSGL.A(sglA20.o)
 .text          0x06012f50        0x0 ../../saturnringlib/../modules/sgl/LIB/LIBSGL.A(sglB000.o)
 .text          0x06012f50        0x0 ../../saturnringlib/../modules/sgl/LIB/LIBSGL.A(sglB035.o)
 .text          0x06012f50        0x0 ../../saturnringlib/../modules/sgl/LIB/LIBSGL.A(sglC00.o)
 .text          0x06012f50        0x0 ../../saturnringlib/../modules/sgl/LIB/LIBSGL.A(sglI00.o)
 .text          0x06012f50        0x0 ../../saturnringlib/../modules/sgl/LIB/LIBSGL.A(sglH03.o)
 .text          0x06012f50       0x52 /home/toaster/Programming/Saturn/SaturnRingLib/Compiler/linux/sh2eb-elf/bin/../lib/gcc/sh-elf/14.2.0/libgcc.a(_ashiftrt.o)
                0x06012f50                __ashiftrt_r4_31
                0x06012f50                __ashiftrt_r4_32
                0x06012f56                __ashiftrt_r4_30
                0x06012f58                __ashiftrt_r4_29
                0x06012f5a                __ashiftrt_r4_28
                0x06012f5c                __ashiftrt_r4_27
                0x06012f5e                __ashiftrt_r4_26
                0x06012f60                __ashiftrt_r4_25
                0x06012f62                __ashiftrt_r4_24
                0x06012f6a                __ashiftrt_r4_23
                0x06012f6c                __ashiftrt_r4_22
                0x06012f6e                __ashiftrt_r4_21
                0x06012f70                __ashiftrt_r4_20
                0x06012f72                __ashiftrt_r4_19
                0x06012f74                __ashiftrt_r4_18
                0x06012f76                __ashiftrt_r4_17
                0x06012f78                __ashiftrt_r4_16
                0x06012f7e                __ashiftrt_r4_15
                0x06012f80                __ashiftrt_r4_14
                0x06012f82                __ashiftrt_r4_13
                0x06012f84                __ashiftrt_r4_12
                0x06012f86                __ashiftrt_r4_11
                0x06012f88                __ashiftrt_r4_10
                0x06012f8a                __ashiftrt_r4_9
                0x06012f8c                __ashiftrt_r4_8
                0x06012f8e                __ashiftrt_r4_7
                0x06012f90                __ashiftrt_r4_6
                0x06012f92                __ashiftrt_r4_5
                0x06012f94                __ashiftrt_r4_4
                0x06012f96                __ashiftrt_r4_3
                0x06012f98                __ashiftrt_r4_2
                0x06012f9a                __ashiftrt_r4_1
                0x06012f9e                __ashiftrt_r4_0
 *fill*         0x06012fa2        0x2 
 .text          0x06012fa4       0x80 /home/toaster/Programming/Saturn/SaturnRingLib/Compiler/linux/sh2eb-elf/bin/../lib/gcc/sh-elf/14.2.0/libgcc.a(_ashiftrt_n.o)
                0x06012fa4                __ashrsi3
 .text          0x06013024       0xbc /home/toaster/Programming/Saturn/SaturnRingLib/Compiler/linux/sh2eb-elf/bin/../lib/gcc/sh-elf/14.2.0/libgcc.a(_ashiftlt.o)
                0x06013024                __ashlsi3
                0x06013028                __ashlsi3_r0
 .text          0x060130e0       0xbc /home/toaster/Programming/Saturn/SaturnRingLib/Compiler/linux/sh2eb-elf/bin/../lib/gcc/sh-elf/14.2.0/libgcc.a(_lshiftrt.o)
                0x060130e0                __lshrsi3
                0x060130e4                __lshrsi3_r0
 .text          0x0601319c       0xa0 /home/toaster/Programming/Saturn/SaturnRingLib/Compiler/linux/sh2eb-elf/bin/../lib/gcc/sh-elf/14.2.0/libgcc.a(_sdivsi3.o)
                0x0601319c                __sdivsi3
 .text          0x0601323c       0x6c /home/toaster/Programming/Saturn/SaturnRingLib/Compiler/linux/sh2eb-elf/bin/../lib/gcc/sh-elf/14.2.0/libgcc.a(_udivsi3.o)
                0x0601325e                __udivsi3
 .text          0x060132a8       0x18 /home/toaster/Programming/Saturn/SaturnRingLib/Compiler/linux/sh2eb-elf/bin/../lib/gcc/sh-elf/14.2.0/../../../../sh-elf/lib/libc.a(libc_a-abort.o)
                0x060132a8                abort
 .text          0x060132c0      0x108 /home/toaster/Programming/Saturn/SaturnRingLib/Compiler/linux/sh2eb-elf/bin/../lib/gcc/sh-elf/14.2.0/../../../../sh-elf/lib/libc.a(libc_a-snprintf.o)
                0x060132c0                _sniprintf_r
                0x060132c0                _snprintf_r
                0x06013340                sniprintf
                0x06013340                snprintf
 .text          0x060133c8       0x1e /home/toaster/Programming/Saturn/SaturnRingLib/Compiler/linux/sh2eb-elf/bin/../lib/gcc/sh-elf/14.2.0/../../../../sh-elf/lib/libc.a(libc_a-memcmp.o)
                0x060133c8                memcmp
 .text          0x060133e6       0x26 /home/toaster/Programming/Saturn/SaturnRingLib/Compiler/linux/sh2eb-elf/bin/../lib/gcc/sh-elf/14.2.0/../../../../sh-elf/lib/libc.a(libc_a-strncmp.o)
                0x060133e6                strncmp
 .text          0x0601340c       0x32 /home/toaster/Programming/Saturn/SaturnRingLib/Compiler/linux/sh2eb-elf/bin/../lib/gcc/sh-elf/14.2.0/../../../../sh-elf/lib/libc.a(libc_a-strncpy.o)
                0x0601340c                strncpy
 *fill*         0x0601343e        0x2 
 .text          0x06013440      0x1a8 /home/toaster/Programming/Saturn/SaturnRingLib/Compiler/linux/sh2eb-elf/bin/../lib/gcc/sh-elf/14.2.0/../../../../sh-elf/lib/libc.a(libc_a-signal.o)
                0x06013440                _init_signal_r
                0x06013480                _signal_r
                0x060134cc                _raise_r
                0x0601353c                __sigtramp_r
                0x0601359c                raise
                0x060135b0                signal
                0x060135c4                _init_signal
                0x060135d4                __sigtramp
 .text          0x060135e8        0x0 /home/toaster/Programming/Saturn/SaturnRingLib/Compiler/linux/sh2eb-elf/bin/../lib/gcc/sh-elf/14.2.0/../../../../sh-elf/lib/libc.a(libc_a-impure.o)
 .text          0x060135e8       0x40 /home/toaster/Programming/Saturn/SaturnRingLib/Compiler/linux/sh2eb-elf/bin/../lib/gcc/sh-elf/14.2.0/../../../../sh-elf/lib/libc.a(libc_a-signalr.o)
                0x060135e8                _kill_r
                0x0601361c                _getpid_r
 .text          0x06013628       0x94 /home/toaster/Programming/Saturn/SaturnRingLib/Compiler/linux/sh2eb-elf/bin/../lib/gcc/sh-elf/14.2.0/../../../../sh-elf/lib/libc.a(libc_a-memcpy.o)
                0x06013628                memcpy
 .text          0x060136bc       0x40 /home/toaster/Programming/Saturn/SaturnRingLib/Compiler/linux/sh2eb-elf/bin/../lib/gcc/sh-elf/14.2.0/../../../../sh-elf/lib/libc.a(libc_a-memset.o)
                0x060136bc                memset
 .text          0x060136fc      0x194 /home/toaster/Programming/Saturn/SaturnRingLib/Compiler/linux/sh2eb-elf/bin/../lib/gcc/sh-elf/14.2.0/../../../../sh-elf/lib/libc.a(libc_a-mallocr.o)
                0x06013758                _malloc_r
 .text          0x06013890        0x8 /home/toaster/Programming/Saturn/SaturnRingLib/Compiler/linux/sh2eb-elf/bin/../lib/gcc/sh-elf/14.2.0/../../../../sh-elf/lib/libc.a(libc_a-mlock.o)
                0x06013890                __malloc_lock
                0x06013894                __malloc_unlock
 .text          0x06013898      0x42c /home/toaster/Programming/Saturn/SaturnRingLib/Compiler/linux/sh2eb-elf/bin/../lib/gcc/sh-elf/14.2.0/../../../../sh-elf/lib/libc.a(libc_a-nano-svfprintf.o)
                0x06013898                __ssputs_r
                0x0601398c                __ssprint_r
                0x06013ab4                _svfiprintf_r
                0x06013ab4                _svfprintf_r
 .text          0x06013cc4      0x374 /home/toaster/Programming/Saturn/SaturnRingLib/Compiler/linux/sh2eb-elf/bin/../lib/gcc/sh-elf/14.2.0/../../../../sh-elf/lib/libc.a(libc_a-nano-vfprintf_i.o)
                0x06013cc4                _printf_common
                0x06013dc4                _printf_i
 .text          0x06014038      0x1fc /home/toaster/Programming/Saturn/SaturnRingLib/Compiler/linux/sh2eb-elf/bin/../lib/gcc/sh-elf/14.2.0/../../../../sh-elf/lib/libc.a(libc_a-findfp.o)
                0x06014140                __sfp
                0x0601420c                __sinit
 .text          0x06014234       0x58 /home/toaster/Programming/Saturn/SaturnRingLib/Compiler/linux/sh2eb-elf/bin/../lib/gcc/sh-elf/14.2.0/../../../../sh-elf/lib/libc.a(libc_a-fwalk.o)
                0x06014234                _fwalk_sglue
 .text          0x0601428c       0xdc /home/toaster/Programming/Saturn/SaturnRingLib/Compiler/linux/sh2eb-elf/bin/../lib/gcc/sh-elf/14.2.0/../../../../sh-elf/lib/libc.a(libc_a-stdio.o)
                0x0601428c                __sread
                0x060142c4                __seofread
                0x060142c8                __swrite
                0x06014318                __sseek
                0x06014358                __sclose
 .text          0x06014368       0x1c /home/toaster/Programming/Saturn/SaturnRingLib/Compiler/linux/sh2eb-elf/bin/../lib/gcc/sh-elf/14.2.0/../../../../sh-elf/lib/libc.a(libc_a-memchr.o)
                0x06014368                memchr
 .text          0x06014384       0x3c /home/toaster/Programming/Saturn/SaturnRingLib/Compiler/linux/sh2eb-elf/bin/../lib/gcc/sh-elf/14.2.0/../../../../sh-elf/lib/libc.a(libc_a-memmove.o)
                0x06014384                memmove
 .text          0x060143c0       0x30 /home/toaster/Programming/Saturn/SaturnRingLib/Compiler/linux/sh2eb-elf/bin/../lib/gcc/sh-elf/14.2.0/../../../../sh-elf/lib/libc.a(libc_a-closer.o)
                0x060143c0                _close_r
 .text          0x060143f0       0xa4 /home/toaster/Programming/Saturn/SaturnRingLib/Compiler/linux/sh2eb-elf/bin/../lib/gcc/sh-elf/14.2.0/../../../../sh-elf/lib/libc.a(libc_a-reent.o)
                0x060143f0                _reclaim_reent
 .text          0x06014494       0x34 /home/toaster/Programming/Saturn/SaturnRingLib/Compiler/linux/sh2eb-elf/bin/../lib/gcc/sh-elf/14.2.0/../../../../sh-elf/lib/libc.a(libc_a-lseekr.o)
                0x06014494                _lseek_r
 .text          0x060144c8       0x34 /home/toaster/Programming/Saturn/SaturnRingLib/Compiler/linux/sh2eb-elf/bin/../lib/gcc/sh-elf/14.2.0/../../../../sh-elf/lib/libc.a(libc_a-readr.o)
                0x060144c8                _read_r
 .text          0x060144fc       0x30 /home/toaster/Programming/Saturn/SaturnRingLib/Compiler/linux/sh2eb-elf/bin/../lib/gcc/sh-elf/14.2.0/../../../../sh-elf/lib/libc.a(libc_a-sbrkr.o)
                0x060144fc                _sbrk_r
 .text          0x0601452c       0x34 /home/toaster/Programming/Saturn/SaturnRingLib/Compiler/linux/sh2eb-elf/bin/../lib/gcc/sh-elf/14.2.0/../../../../sh-elf/lib/libc.a(libc_a-writer.o)
                0x0601452c                _write_r
 .text          0x06014560       0xc4 /home/toaster/Programming/Saturn/SaturnRingLib/Compiler/linux/sh2eb-elf/bin/../lib/gcc/sh-elf/14.2.0/../../../../sh-elf/lib/libc.a(libc_a-freer.o)
                0x06014560                _free_r
 .text          0x06014624       0x98 /home/toaster/Programming/Saturn/SaturnRingLib/Compiler/linux/sh2eb-elf/bin/../lib/gcc/sh-elf/14.2.0/../../../../sh-elf/lib/libc.a(libc_a-reallocr.o)
                0x06014624                _realloc_r
 .text          0x060146bc      0x1a8 /home/toaster/Programming/Saturn/SaturnRingLib/Compiler/linux/sh2eb-elf/bin/../lib/gcc/sh-elf/14.2.0/../../../../sh-elf/lib/libc.a(libc_a-fflush.o)
                0x060146bc                __sflush_r
                0x060147f4                _fflush_r
                0x06014834                fflush
 .text          0x06014864       0x16 /home/toaster/Programming/Saturn/SaturnRingLib/Compiler/linux/sh2eb-elf/bin/../lib/gcc/sh-elf/14.2.0/../../../../sh-elf/lib/libc.a(libc_a-msizer.o)
                0x06014864                _malloc_usable_size_r
 *fill*         0x0601487a        0x2 
 .text          0x0601487c       0x10 /home/toaster/Programming/Saturn/SaturnRingLib/Compiler/linux/sh2eb-elf/bin/../lib/gcc/sh-elf/14.2.0/../../../../sh-elf/lib/libnosys.a(close.o)
                0x0601487c                _close
 .text          0x0601488c       0x10 /home/toaster/Programming/Saturn/SaturnRingLib/Compiler/linux/sh2eb-elf/bin/../lib/gcc/sh-elf/14.2.0/../../../../sh-elf/lib/libnosys.a(getpid.o)
                0x0601488c                _getpid
 .text          0x0601489c       0x10 /home/toaster/Programming/Saturn/SaturnRingLib/Compiler/linux/sh2eb-elf/bin/../lib/gcc/sh-elf/14.2.0/../../../../sh-elf/lib/libnosys.a(kill.o)
                0x0601489c                _kill
 .text          0x060148ac       0x10 /home/toaster/Programming/Saturn/SaturnRingLib/Compiler/linux/sh2eb-elf/bin/../lib/gcc/sh-elf/14.2.0/../../../../sh-elf/lib/libnosys.a(lseek.o)
                0x060148ac                _lseek
 .text          0x060148bc       0x10 /home/toaster/Programming/Saturn/SaturnRingLib/Compiler/linux/sh2eb-elf/bin/../lib/gcc/sh-elf/14.2.0/../../../../sh-elf/lib/libnosys.a(read.o)
                0x060148bc                _read
 .text          0x060148cc       0x18 /home/toaster/Programming/Saturn/SaturnRingLib/Compiler/linux/sh2eb-elf/bin/../lib/gcc/sh-elf/14.2.0/../../../../sh-elf/lib/libnosys.a(sbrk.o)
                0x060148cc                _sbrk
 .text          0x060148e4       0x10 /home/toaster/Programming/Saturn/SaturnRingLib/Compiler/linux/sh2eb-elf/bin/../lib/gcc/sh-elf/14.2.0/../../../../sh-elf/lib/libnosys.a(write.o)
                0x060148e4                _write
 .text          0x060148f4        0x4 /home/toaster/Programming/Saturn/SaturnRingLib/Compiler/linux/sh2eb-elf/bin/../lib/gcc/sh-elf/14.2.0/../../../../sh-elf/lib/libnosys.a(_exit.o)
                0x060148f4                _exit
 *(.strings*)
 *(SEGA_P)
 *(.eh_frame_hdr*)
 *(.eh_frame*)
                0x060148f8                        __etext = .

COMMON          0x06014900       0x20
 *(COMMON)
 COMMON         0x06014900        0xc ../../saturnringlib/../modules/sgl/LIB/LIBCD.A(GFS.O)
                0x06014900                GFMC_base
                0x06014904                gfs_mng_ptr
                0x06014908                gfs_use_scudma
 COMMON         0x0601490c        0xc ../../saturnringlib/../modules/sgl/LIB/LIBCD.A(GFS_CDC.O)
                0x0601490c                gfcd_fatal_err
                0x06014910                gfcd_work
                0x06014914                gfcd_playflag
 COMMON         0x06014918        0x8 ../../saturnringlib/../modules/sgl/LIB/LIBCD.A(GFS_CDF.O)
                0x06014918                gfcf_fad
                0x0601491c                gfcf_stat

SLPROG          0x06014920     0xa240
                0x06014920                        __slprog_start = .
 *(SLPROG)
 SLPROG         0x06014920       0x20 ../../saturnringlib/../modules/sgl/LIB/LIBSGL.A(sglB001.o)
                0x06014920                slTVOn
                0x0601492a                slTVOff
 SLPROG         0x06014940       0x1e ../../saturnringlib/../modules/sgl/LIB/LIBSGL.A(sglB002.o)
                0x06014940                slColRAMMode
 *fill*         0x0601495e        0x2 
 SLPROG         0x06014960      0x40c ../../saturnringlib/../modules/sgl/LIB/LIBSGL.A(sglB015.o)
                0x06014960                slScrAutoDisp
 *fill*         0x06014d6c        0x4 
 SLPROG         0x06014d70        0xc ../../saturnringlib/../modules/sgl/LIB/LIBSGL.A(sglB016.o)
                0x06014d70                slBack1ColSet
 *fill*         0x06014d7c        0x4 
 SLPROG         0x06014d80       0xb0 ../../saturnringlib/../modules/sgl/LIB/LIBSGL.A(sglB031.o)
                0x06014d80                slMapNbg0
 SLPROG         0x06014e30       0xb4 ../../saturnringlib/../modules/sgl/LIB/LIBSGL.A(sglB034.o)
                0x06014e30                slMapNbg3
 *fill*         0x06014ee4        0xc 
 SLPROG         0x06014ef0       0x70 ../../saturnringlib/../modules/sgl/LIB/LIBSGL.A(sglB038.o)
                0x06014ef0                slRparaInitSet
 SLPROG         0x06014f60        0xc ../../saturnringlib/../modules/sgl/LIB/LIBSGL.A(sglB055.o)
                0x06014f60                slPlaneNbg0
 *fill*         0x06014f6c        0x4 
 SLPROG         0x06014f70       0x10 ../../saturnringlib/../modules/sgl/LIB/LIBSGL.A(sglB058.o)
                0x06014f70                slPlaneNbg3
 SLPROG         0x06014f80        0xc ../../saturnringlib/../modules/sgl/LIB/LIBSGL.A(sglB063.o)
                0x06014f80                slPriority
 *fill*         0x06014f8c        0x4 
 SLPROG         0x06014f90       0x34 ../../saturnringlib/../modules/sgl/LIB/LIBSGL.A(sglB070.o)
                0x06014f90                slScrPosNbg0
 *fill*         0x06014fc4        0xc 
 SLPROG         0x06014fd0      0x114 ../../saturnringlib/../modules/sgl/LIB/LIBSGL.A(sglB200.o)
                0x06014fd0                slCharRbg0
                0x06014fdc                slCharNbg0
                0x06014fe8                slCharNbg1
                0x06014ff4                slCharNbg2
                0x0601500a                slCharNbg3
                0x06015022                slPageRbg0
                0x06015038                slPageNbg1
                0x06015040                slPageNbg2
                0x06015048                slPageNbg3
                0x06015054                slPageNbg0
 *fill*         0x060150e4        0xc 
 SLPROG         0x060150f0       0x2c ../../saturnringlib/../modules/sgl/LIB/LIBSGL.A(sglC04.o)
                0x060150f0                slZdspLevel
 *fill*         0x0601511c        0x4 
 SLPROG         0x06015120       0x54 ../../saturnringlib/../modules/sgl/LIB/LIBSGL.A(sglC16.o)
                0x06015120                slDynamicFrame
 *fill*         0x06015174        0xc 
 SLPROG         0x06015180       0x4c ../../saturnringlib/../modules/sgl/LIB/LIBSGL.A(sglC17.o)
                0x06015180                slDispSpriteHV
 *fill*         0x060151cc        0x4 
 SLPROG         0x060151d0       0x40 ../../saturnringlib/../modules/sgl/LIB/LIBSGL.A(sglC20.o)
                0x060151d0                SpriteEntry
 SLPROG         0x06015210      0x4ae ../../saturnringlib/../modules/sgl/LIB/LIBSGL.A(sglC21.o)
                0x06015298                RotSprite
                0x06015326                SetSprPosition
 *fill*         0x060156be        0x2 
 SLPROG         0x060156c0       0x84 ../../saturnringlib/../modules/sgl/LIB/LIBSGL.A(sglD00.o)
                0x060156c0                slDMACopy
                0x060156c0                slCpuDMACopy
                0x0601571a                slCashPurge
                0x0601571a                CSH_AllClr
 *fill*         0x06015744        0xc 
 SLPROG         0x06015750       0xa0 ../../saturnringlib/../modules/sgl/LIB/LIBSGL.A(sglD01.o)
                0x06015750                slDMAXCopy
 SLPROG         0x060157f0       0x10 ../../saturnringlib/../modules/sgl/LIB/LIBSGL.A(sglD02.o)
                0x060157f0                slDMAWait
 SLPROG         0x06015800        0xc ../../saturnringlib/../modules/sgl/LIB/LIBSGL.A(sglD03.o)
                0x06015800                slDMAStatus
 *fill*         0x0601580c        0x4 
 SLPROG         0x06015810       0x20 ../../saturnringlib/../modules/sgl/LIB/LIBSGL.A(sglD15.o)
                0x06015810                CSH_Purge
 SLPROG         0x06015830       0x84 ../../saturnringlib/../modules/sgl/LIB/LIBSGL.A(sglD16.o)
                0x06015830                DMA_ScuSetPrm
                0x06015878                DMA_SCU_PRM0
 *fill*         0x060158b4        0xc 
 SLPROG         0x060158c0       0x88 ../../saturnringlib/../modules/sgl/LIB/LIBSGL.A(sglD17.o)
                0x060158c0                DMA_ScuStart
 *fill*         0x06015948        0x8 
 SLPROG         0x06015950       0x34 ../../saturnringlib/../modules/sgl/LIB/LIBSGL.A(sglD18.o)
                0x06015950                DMA_ScuGetStatus
 *fill*         0x06015984        0xc 
 SLPROG         0x06015990       0x4e ../../saturnringlib/../modules/sgl/LIB/LIBSGL.A(sglF00.o)
                0x06015990                slCurScrn
                0x060159a0                slCurColor
                0x060159aa                slLocate
                0x060159dc                CurrentScreen
 *fill*         0x060159de        0x2 
 SLPROG         0x060159e0      0xfc8 ../../saturnringlib/../modules/sgl/LIB/LIBSGL.A(sglH00.o)
                0x060159f8                slGetPortDir1
                0x06015a00                slGetPortDir2
                0x06015a08                slSetPortDir1
                0x06015a32                slSetPortDir2
                0x06015a6c                slGetPortData1
                0x06015a74                slGetPortData2
                0x06015a7c                slSetPortData1
                0x06015a86                slSetPortData2
                0x06015a98                slGetPortSelect1
                0x06015aa2                slGetPortSelect2
                0x06015aac                slSetPortSelect1
                0x06015ae0                slSetPortSelect2
                0x06015b1c                slGetPortExt1
                0x06015b26                slGetPortExt2
                0x06015b30                slSetPortExt1
                0x06015b60                slSetPortExt2
                0x06015cd4                slSmpcDirectAccess
                0x06015d54                slInitPeripheral
                0x06015de6                slSetResultBuffer
                0x06015e72                slCheckIntBackSet
                0x06015e7e                slIntBackCancel
                0x06015ea8                slCheckReset
                0x06015eb2                slClearReset
                0x06016078                slSmpcCashSend
                0x06016134                slSmpcCashBlow
                0x06016210                slGetOptimize
                0x0601621a                slSetOptimize
                0x06016240                slGetPortMode1
                0x0601624c                slGetPortMode2
                0x0601625a                slSetPortMode1
                0x06016298                slSetPortMode2
                0x06016424                slRequestCommand
                0x06016494                Smpc_Status
                0x06016498                Smpc_Result
                0x0601649c                Smpc_Peripheral
                0x060164a2                Per_Connect1
                0x060164a3                Per_Connect2
                0x060164c4                SmpcStatusBuf
 *fill*         0x060169a8        0x8 
 SLPROG         0x060169b0      0x470 ../../saturnringlib/../modules/sgl/LIB/LIBSGL.A(sglH02.o)
                0x06016da0                smpc_pfr_tbl
                0x06016de0                smpc_ptf_tbl
 SLPROG         0x06016e20       0x60 ../../saturnringlib/../modules/sgl/LIB/LIBSGL.A(sglH04.o)
                0x06016e20                slComPrmIntBack
                0x06016e34                slComPrmSetMemory
                0x06016e4a                slComPrmSetTime
 SLPROG         0x06016e80      0x3a4 ../../saturnringlib/../modules/sgl/LIB/LIBSGL.A(sglI01.o)
                0x06016e80                slInitSynch
                0x06016e9a                slSynch
                0x06016f90                slRandom
                0x06016fae                PCM_EndCheck
                0x0601706a                RetPCMBuf
                0x06017104                PCM_Buf
                0x060171a4                Sound_Buf
 *fill*         0x06017224        0xc 
 SLPROG         0x06017230       0x10 ../../saturnringlib/../modules/sgl/LIB/LIBSGL.A(sglI04.o)
                0x06017230                slIntFunction
 SLPROG         0x06017240       0x74 ../../saturnringlib/../modules/sgl/LIB/LIBSGL.A(sglJ00.o)
                0x06017240                InitSlaveSH
                0x060172a8                SlaveCommand
 *fill*         0x060172b4        0xc 
 SLPROG         0x060172c0      0x3d0 ../../saturnringlib/../modules/sgl/LIB/LIBSGL.A(sglJ01.o)
                0x060172c0                SlaveControl
                0x0601767c                ErasePolygonData
 SLPROG         0x06017690     0x12b8 ../../saturnringlib/../modules/sgl/LIB/LIBSGL.A(sglJ02.o)
                0x06017690                sbMakePolygon
                0x06017878                sbCalcPolygon
                0x060185b0                SetTexture
                0x060185bc                SetPolygon
                0x060185c4                SetPosition
                0x060185fc                stvtc_4
                0x060186b4                stvtc_3
                0x060188c4                stvtc_1
                0x060188d8                stvtc_2
                0x060188ec                stvtc_0
 *fill*         0x06018948        0x8 
 SLPROG         0x06018950      0x140 ../../saturnringlib/../modules/sgl/LIB/LIBSGL.A(sglJ03.o)
                0x06018950                sbMakeDMATable
 SLPROG         0x06018a90      0x470 ../../saturnringlib/../modules/sgl/LIB/LIBSGL.A(sglJ04.o)
                0x06018aee                sbMakeSprite
                0x06018b54                sbMakeRotSprite
 SLPROG         0x06018f00       0x3c ../../saturnringlib/../modules/sgl/LIB/LIBSGL.A(sglJ05.o)
                0x06018f00                sbSortEntry
 *fill*         0x06018f3c        0x4 
 SLPROG         0x06018f40       0x6a ../../saturnringlib/../modules/sgl/LIB/LIBSGL.A(sglM01.o)
                0x06018f40                slSetDepthLimit
                0x06018f6c                slSetDepthTbl
                0x06018f9c                DepthWorkArea
 *fill*         0x06018faa        0x6 
 SLPROG         0x06018fb0       0x20 ../../saturnringlib/../modules/sgl/LIB/LIBSGL.A(sglA00.o)
                0x06018fb0                set_imask
                0x06018fb0                _builtin_set_imask
                0x06018fc4                get_imask
                0x06018fc4                _builtin_get_imask
 SLPROG         0x06018fd0     0x411e ../../saturnringlib/../modules/sgl/LIB/LIBSGL.A(sglA01.o)
                0x06018fd0                slSin
                0x06018ff4                slCos
                0x06019018                GetSinCos
                0x060190ac                sin_cos_index_tbl
                0x060190ec                sin_tbl
 *fill*         0x0601d0ee        0x2 
 SLPROG         0x0601d0f0      0x42c ../../saturnringlib/../modules/sgl/LIB/LIBSGL.A(sglA20.o)
                0x0601d0f0                slInitMatrix
                0x0601d0fa                slPushUnitMatrix
                0x0601d10e                slUnitMatrix
 *fill*         0x0601d51c        0x4 
 SLPROG         0x0601d520      0xbd0 ../../saturnringlib/../modules/sgl/LIB/LIBSGL.A(sglB000.o)
                0x0601d520                slInitScroll
                0x0601d640                setASC_1to8
                0x0601d670                setASC_4to8
                0x0601d780                TVSizeTbl
                0x0601d800                TVModeTbl
                0x0601d9d8                SGL_ASCII_CG
 SLPROG         0x0601e0f0       0xd4 ../../saturnringlib/../modules/sgl/LIB/LIBSGL.A(sglB035.o)
                0x0601e0f0                sl1MapRA
                0x0601e182                rbank_set
 *fill*         0x0601e1c4        0xc 
 SLPROG         0x0601e1d0      0x134 ../../saturnringlib/../modules/sgl/LIB/LIBSGL.A(sglC00.o)
                0x0601e1d0                slInitSprite
 *fill*         0x0601e304        0xc 
 SLPROG         0x0601e310      0x75c ../../saturnringlib/../modules/sgl/LIB/LIBSGL.A(sglI00.o)
                0x0601e600                slInitInterrupt
 *fill*         0x0601ea6c        0x4 
 SLPROG         0x0601ea70       0xf0 ../../saturnringlib/../modules/sgl/LIB/LIBSGL.A(sglH03.o)
                0x0601ead4                slSmpcIntBack
                0x0601eb60                        __slprog_end = .

.tors           0x0601eb60       0x30
                0x0601eb60                        ___ctors = .
 *(.ctors*)
 .ctors         0x0601eb60        0x4 src/objects/player.o
 .ctors         0x0601eb64        0x4 src/scenes/title_screen.o
 .ctors         0x0601eb68        0x4 src/scenes/start_cave.o
 .ctors         0x0601eb6c        0x4 src/libs/colision.o
 .ctors         0x0601eb70        0x4 src/main.o
                0x0601eb74                        ___ctors_end = .
                0x0601eb74                        ___dtors = .
 *(.dtors*)
 .dtors         0x0601eb74        0x4 src/objects/player.o
 .dtors         0x0601eb78        0x4 src/scenes/title_screen.o
 .dtors         0x0601eb7c        0x4 src/scenes/start_cave.o
 .dtors         0x0601eb80        0x4 src/libs/colision.o
 .dtors         0x0601eb84        0x4 src/main.o
                0x0601eb88                        ___dtors_end = .

.data           0x0601eb90      0x480
 *(.data*)
 .data          0x0601eb90       0x28 ../../saturnringlib/../modules/sgl/LIB/../SRC/workarea.o
                0x0601eb90                PCM_Work
                0x0601eb94                SlaveStack
                0x0601eb98                TransList
                0x0601eb9c                MasterStack
                0x0601eba0                SortList
                0x0601eba4                Zbuffer
                0x0601eba8                SpriteBuf
                0x0601ebac                Pbuffer
                0x0601ebb0                CLOfstBuf
                0x0601ebb4                CommandBuf
 .data          0x0601ebb8        0x0 ../../saturnringlib/../modules/sgl/SRC/preloader.o
 .data          0x0601ebb8        0x0 src/objects/player.o
 .data._ZZN3SRL5Input3Gun11SynchronizeEvE14secondPlayerId
                0x0601ebb8        0x1 src/objects/player.o
                0x0601ebb8                SRL::Input::Gun::Synchronize()::secondPlayerId
 .data._ZZN3SRL5Input3Gun11SynchronizeEvE13firstPlayerId
                0x0601ebb9        0x1 src/objects/player.o
                0x0601ebb9                SRL::Input::Gun::Synchronize()::firstPlayerId
 *fill*         0x0601ebba        0x2 
 .data._ZN3SRL5Input10Management11PeripheralsE
                0x0601ebbc      0x120 src/objects/player.o
                0x0601ebbc                SRL::Input::Management::Peripherals
 .data._ZN3SRL5Input10Management24PeripheralsPreviousStateE
                0x0601ecdc      0x120 src/objects/player.o
                0x0601ecdc                SRL::Input::Management::PeripheralsPreviousState
 .data._ZN3SRL5ASCII12maxYPositionE
                0x0601edfc        0x1 src/objects/player.o
                0x0601edfc                SRL::ASCII::maxYPosition
 .data._ZN3SRL5ASCII12maxXPositionE
                0x0601edfd        0x1 src/objects/player.o
                0x0601edfd                SRL::ASCII::maxXPosition
 .data._ZN3SRL5ASCII8fontBankE
                0x0601edfe        0x2 src/objects/player.o
                0x0601edfe                SRL::ASCII::fontBank
 .data._ZN3SRL5ASCII9colorBankE
                0x0601ee00        0x2 src/objects/player.o
                0x0601ee00                SRL::ASCII::colorBank
 *fill*         0x0601ee02        0x2 
 .data._ZN3SRL5ASCII7tileMapE
                0x0601ee04        0x4 src/objects/player.o
                0x0601ee04                SRL::ASCII::tileMap
 .data          0x0601ee08        0x0 src/scenes/title_screen.o
 .data._ZN3SRL4VDP213ActiveScrollsE
                0x0601ee08        0x2 src/scenes/title_screen.o
                0x0601ee08                SRL::VDP2::ActiveScrolls
 .data._ZN3SRL5ASCII7maxFontE
                0x0601ee0a        0x1 src/scenes/title_screen.o
                0x0601ee0a                SRL::ASCII::maxFont
 *fill*         0x0601ee0b        0x1 
 .data._ZN3SRL4CRAM11BaseAddressE
                0x0601ee0c        0x4 src/scenes/title_screen.o
                0x0601ee0c                SRL::CRAM::BaseAddress
 .data          0x0601ee10        0x0 src/scenes/start_cave.o
 .data._ZN3SRL4VDP212ScrollScreenINS0_4NBG0ELs1ELt1EE12MapAllocSizeE
                0x0601ee10        0x4 src/scenes/start_cave.o
                0x0601ee10                SRL::VDP2::ScrollScreen<SRL::VDP2::NBG0, (short)1, (unsigned short)1>::MapAllocSize
 .data._ZN3SRL4VDP212ScrollScreenINS0_4NBG0ELs1ELt1EE13CellAllocSizeE
                0x0601ee14        0x4 src/scenes/start_cave.o
                0x0601ee14                SRL::VDP2::ScrollScreen<SRL::VDP2::NBG0, (short)1, (unsigned short)1>::CellAllocSize
 .data._ZN3SRL4VDP212ScrollScreenINS0_4NBG0ELs1ELt1EE4InfoE
                0x0601ee18       0x14 src/scenes/start_cave.o
                0x0601ee18                SRL::VDP2::ScrollScreen<SRL::VDP2::NBG0, (short)1, (unsigned short)1>::Info
 .data._ZN3SRL4VDP212ScrollScreenINS0_4NBG0ELs1ELt1EE10MapAddressE
                0x0601ee2c        0x4 src/scenes/start_cave.o
                0x0601ee2c                SRL::VDP2::ScrollScreen<SRL::VDP2::NBG0, (short)1, (unsigned short)1>::MapAddress
 .data._ZN3SRL4VDP212ScrollScreenINS0_4NBG0ELs1ELt1EE11CellAddressE
                0x0601ee30        0x4 src/scenes/start_cave.o
                0x0601ee30                SRL::VDP2::ScrollScreen<SRL::VDP2::NBG0, (short)1, (unsigned short)1>::CellAddress
 .data._ZN3SRL4VDP24VRAM10bankCyclesE
                0x0601ee34        0x4 src/scenes/start_cave.o
                0x0601ee34                SRL::VDP2::VRAM::bankCycles
 .data._ZN3SRL4VDP24VRAM10currentTopE
                0x0601ee38       0x10 src/scenes/start_cave.o
                0x0601ee38                SRL::VDP2::VRAM::currentTop
 .data._ZN3SRL4VDP24VRAM10currentBotE
                0x0601ee48       0x10 src/scenes/start_cave.o
                0x0601ee48                SRL::VDP2::VRAM::currentBot
 .data          0x0601ee58        0x0 src/libs/colision.o
 .data          0x0601ee58        0x0 src/main.o
 *fill*         0x0601ee58        0x8 
 .data          0x0601ee60        0x0 ../../saturnringlib/../modules/sgl/LIB/LIBCD.A(GFS.O)
 .data          0x0601ee60        0x0 ../../saturnringlib/../modules/sgl/LIB/LIBCD.A(GFS_BUF.O)
 .data          0x0601ee60        0x0 ../../saturnringlib/../modules/sgl/LIB/LIBCD.A(GFS_CDB.O)
 .data          0x0601ee60        0x0 ../../saturnringlib/../modules/sgl/LIB/LIBCD.A(GFS_CDC.O)
 .data          0x0601ee60        0x0 ../../saturnringlib/../modules/sgl/LIB/LIBCD.A(GFS_CDF.O)
 .data          0x0601ee60        0x0 ../../saturnringlib/../modules/sgl/LIB/LIBCD.A(GFS_DIR.O)
 .data          0x0601ee60        0x0 ../../saturnringlib/../modules/sgl/LIB/LIBCD.A(GFS_TRN.O)
 .data          0x0601ee60        0x0 ../../saturnringlib/../modules/sgl/LIB/LIBCD.A(CDC_CMN.O)
 .data          0x0601ee60        0x0 ../../saturnringlib/../modules/sgl/LIB/LIBCD.A(CDC_DRV.O)
 .data          0x0601ee60        0x0 ../../saturnringlib/../modules/sgl/LIB/LIBCD.A(CDC_DEV.O)
 .data          0x0601ee60        0x0 ../../saturnringlib/../modules/sgl/LIB/LIBCD.A(CDC_SEL.O)
 .data          0x0601ee60        0x0 ../../saturnringlib/../modules/sgl/LIB/LIBCD.A(CDC_BIF.O)
 .data          0x0601ee60        0x0 ../../saturnringlib/../modules/sgl/LIB/LIBCD.A(CDC_BIO.O)
 .data          0x0601ee60        0x0 ../../saturnringlib/../modules/sgl/LIB/LIBCD.A(CDC_CFS.O)
 .data          0x0601ee60        0x0 ../../saturnringlib/../modules/sgl/LIB/LIBCD.A(CDC_REG.O)
 .data          0x0601ee60        0x0 ../../saturnringlib/../modules/sgl/LIB/LIBCD.A(CDC_SUB.O)
 .data          0x0601ee60        0x0 ../../saturnringlib/../modules/sgl/LIB/LIBSGL.A(sglB001.o)
 .data          0x0601ee60        0x0 ../../saturnringlib/../modules/sgl/LIB/LIBSGL.A(sglB002.o)
 .data          0x0601ee60        0x0 ../../saturnringlib/../modules/sgl/LIB/LIBSGL.A(sglB015.o)
 .data          0x0601ee60        0x0 ../../saturnringlib/../modules/sgl/LIB/LIBSGL.A(sglB016.o)
 .data          0x0601ee60        0x0 ../../saturnringlib/../modules/sgl/LIB/LIBSGL.A(sglB031.o)
 .data          0x0601ee60        0x0 ../../saturnringlib/../modules/sgl/LIB/LIBSGL.A(sglB034.o)
 .data          0x0601ee60        0x0 ../../saturnringlib/../modules/sgl/LIB/LIBSGL.A(sglB038.o)
 .data          0x0601ee60        0x0 ../../saturnringlib/../modules/sgl/LIB/LIBSGL.A(sglB055.o)
 .data          0x0601ee60        0x0 ../../saturnringlib/../modules/sgl/LIB/LIBSGL.A(sglB058.o)
 .data          0x0601ee60        0x0 ../../saturnringlib/../modules/sgl/LIB/LIBSGL.A(sglB063.o)
 .data          0x0601ee60        0x0 ../../saturnringlib/../modules/sgl/LIB/LIBSGL.A(sglB070.o)
 .data          0x0601ee60        0x0 ../../saturnringlib/../modules/sgl/LIB/LIBSGL.A(sglB200.o)
 .data          0x0601ee60        0x0 ../../saturnringlib/../modules/sgl/LIB/LIBSGL.A(sglC04.o)
 .data          0x0601ee60        0x0 ../../saturnringlib/../modules/sgl/LIB/LIBSGL.A(sglC16.o)
 .data          0x0601ee60        0x0 ../../saturnringlib/../modules/sgl/LIB/LIBSGL.A(sglC17.o)
 .data          0x0601ee60        0x0 ../../saturnringlib/../modules/sgl/LIB/LIBSGL.A(sglC20.o)
 .data          0x0601ee60        0x0 ../../saturnringlib/../modules/sgl/LIB/LIBSGL.A(sglC21.o)
 .data          0x0601ee60        0x0 ../../saturnringlib/../modules/sgl/LIB/LIBSGL.A(sglD00.o)
 .data          0x0601ee60        0x0 ../../saturnringlib/../modules/sgl/LIB/LIBSGL.A(sglD01.o)
 .data          0x0601ee60        0x0 ../../saturnringlib/../modules/sgl/LIB/LIBSGL.A(sglD02.o)
 .data          0x0601ee60        0x0 ../../saturnringlib/../modules/sgl/LIB/LIBSGL.A(sglD03.o)
 .data          0x0601ee60        0x0 ../../saturnringlib/../modules/sgl/LIB/LIBSGL.A(sglD15.o)
 .data          0x0601ee60        0x0 ../../saturnringlib/../modules/sgl/LIB/LIBSGL.A(sglD16.o)
 .data          0x0601ee60        0x0 ../../saturnringlib/../modules/sgl/LIB/LIBSGL.A(sglD17.o)
 .data          0x0601ee60        0x0 ../../saturnringlib/../modules/sgl/LIB/LIBSGL.A(sglD18.o)
 .data          0x0601ee60        0x0 ../../saturnringlib/../modules/sgl/LIB/LIBSGL.A(sglF00.o)
 .data          0x0601ee60        0x0 ../../saturnringlib/../modules/sgl/LIB/LIBSGL.A(sglH00.o)
 .data          0x0601ee60        0x0 ../../saturnringlib/../modules/sgl/LIB/LIBSGL.A(sglH02.o)
 .data          0x0601ee60        0x0 ../../saturnringlib/../modules/sgl/LIB/LIBSGL.A(sglH04.o)
 .data          0x0601ee60        0x0 ../../saturnringlib/../modules/sgl/LIB/LIBSGL.A(sglI01.o)
 .data          0x0601ee60        0x0 ../../saturnringlib/../modules/sgl/LIB/LIBSGL.A(sglI04.o)
 .data          0x0601ee60       0x80 ../../saturnringlib/../modules/sgl/LIB/LIBSGL.A(sglIc0.o)
                0x0601ee60                IntPrioMask
 .data          0x0601eee0        0x0 ../../saturnringlib/../modules/sgl/LIB/LIBSGL.A(sglJ00.o)
 .data          0x0601eee0        0x0 ../../saturnringlib/../modules/sgl/LIB/LIBSGL.A(sglJ01.o)
 .data          0x0601eee0        0x0 ../../saturnringlib/../modules/sgl/LIB/LIBSGL.A(sglJ02.o)
 .data          0x0601eee0        0x0 ../../saturnringlib/../modules/sgl/LIB/LIBSGL.A(sglJ03.o)
 .data          0x0601eee0        0x0 ../../saturnringlib/../modules/sgl/LIB/LIBSGL.A(sglJ04.o)
 .data          0x0601eee0        0x0 ../../saturnringlib/../modules/sgl/LIB/LIBSGL.A(sglJ05.o)
 .data          0x0601eee0        0x0 ../../saturnringlib/../modules/sgl/LIB/LIBSGL.A(sglK01.o)
 .data          0x0601eee0        0x0 ../../saturnringlib/../modules/sgl/LIB/LIBSGL.A(sglM01.o)
 .data          0x0601eee0        0x0 ../../saturnringlib/../modules/sgl/LIB/LIBSGL.A(sglA00.o)
 .data          0x0601eee0        0x0 ../../saturnringlib/../modules/sgl/LIB/LIBSGL.A(sglA01.o)
 .data          0x0601eee0        0x0 ../../saturnringlib/../modules/sgl/LIB/LIBSGL.A(sglA20.o)
 .data          0x0601eee0        0x0 ../../saturnringlib/../modules/sgl/LIB/LIBSGL.A(sglB000.o)
 .data          0x0601eee0        0x0 ../../saturnringlib/../modules/sgl/LIB/LIBSGL.A(sglB035.o)
 .data          0x0601eee0        0x0 ../../saturnringlib/../modules/sgl/LIB/LIBSGL.A(sglC00.o)
 .data          0x0601eee0        0x0 ../../saturnringlib/../modules/sgl/LIB/LIBSGL.A(sglI00.o)
 .data          0x0601eee0        0x0 ../../saturnringlib/../modules/sgl/LIB/LIBSGL.A(sglH03.o)
 .data          0x0601eee0        0x0 /home/toaster/Programming/Saturn/SaturnRingLib/Compiler/linux/sh2eb-elf/bin/../lib/gcc/sh-elf/14.2.0/libgcc.a(_ashiftrt.o)
 .data          0x0601eee0        0x0 /home/toaster/Programming/Saturn/SaturnRingLib/Compiler/linux/sh2eb-elf/bin/../lib/gcc/sh-elf/14.2.0/libgcc.a(_ashiftrt_n.o)
 .data          0x0601eee0        0x0 /home/toaster/Programming/Saturn/SaturnRingLib/Compiler/linux/sh2eb-elf/bin/../lib/gcc/sh-elf/14.2.0/libgcc.a(_ashiftlt.o)
 .data          0x0601eee0        0x0 /home/toaster/Programming/Saturn/SaturnRingLib/Compiler/linux/sh2eb-elf/bin/../lib/gcc/sh-elf/14.2.0/libgcc.a(_lshiftrt.o)
 .data          0x0601eee0        0x0 /home/toaster/Programming/Saturn/SaturnRingLib/Compiler/linux/sh2eb-elf/bin/../lib/gcc/sh-elf/14.2.0/libgcc.a(_sdivsi3.o)
 .data          0x0601eee0        0x0 /home/toaster/Programming/Saturn/SaturnRingLib/Compiler/linux/sh2eb-elf/bin/../lib/gcc/sh-elf/14.2.0/libgcc.a(_udivsi3.o)
 .data          0x0601eee0        0x0 /home/toaster/Programming/Saturn/SaturnRingLib/Compiler/linux/sh2eb-elf/bin/../lib/gcc/sh-elf/14.2.0/../../../../sh-elf/lib/libc.a(libc_a-abort.o)
 .data          0x0601eee0        0x0 /home/toaster/Programming/Saturn/SaturnRingLib/Compiler/linux/sh2eb-elf/bin/../lib/gcc/sh-elf/14.2.0/../../../../sh-elf/lib/libc.a(libc_a-snprintf.o)
 .data          0x0601eee0        0x0 /home/toaster/Programming/Saturn/SaturnRingLib/Compiler/linux/sh2eb-elf/bin/../lib/gcc/sh-elf/14.2.0/../../../../sh-elf/lib/libc.a(libc_a-memcmp.o)
 .data          0x0601eee0        0x0 /home/toaster/Programming/Saturn/SaturnRingLib/Compiler/linux/sh2eb-elf/bin/../lib/gcc/sh-elf/14.2.0/../../../../sh-elf/lib/libc.a(libc_a-strncmp.o)
 .data          0x0601eee0        0x0 /home/toaster/Programming/Saturn/SaturnRingLib/Compiler/linux/sh2eb-elf/bin/../lib/gcc/sh-elf/14.2.0/../../../../sh-elf/lib/libc.a(libc_a-strncpy.o)
 .data          0x0601eee0        0x0 /home/toaster/Programming/Saturn/SaturnRingLib/Compiler/linux/sh2eb-elf/bin/../lib/gcc/sh-elf/14.2.0/../../../../sh-elf/lib/libc.a(libc_a-signal.o)
 .data          0x0601eee0      0x120 /home/toaster/Programming/Saturn/SaturnRingLib/Compiler/linux/sh2eb-elf/bin/../lib/gcc/sh-elf/14.2.0/../../../../sh-elf/lib/libc.a(libc_a-impure.o)
                0x0601eee0                _impure_ptr
                0x0601eee4                _impure_data
 .data          0x0601f000        0x0 /home/toaster/Programming/Saturn/SaturnRingLib/Compiler/linux/sh2eb-elf/bin/../lib/gcc/sh-elf/14.2.0/../../../../sh-elf/lib/libc.a(libc_a-signalr.o)
 .data          0x0601f000        0x0 /home/toaster/Programming/Saturn/SaturnRingLib/Compiler/linux/sh2eb-elf/bin/../lib/gcc/sh-elf/14.2.0/../../../../sh-elf/lib/libc.a(libc_a-memcpy.o)
 .data          0x0601f000        0x0 /home/toaster/Programming/Saturn/SaturnRingLib/Compiler/linux/sh2eb-elf/bin/../lib/gcc/sh-elf/14.2.0/../../../../sh-elf/lib/libc.a(libc_a-memset.o)
 .data          0x0601f000        0x0 /home/toaster/Programming/Saturn/SaturnRingLib/Compiler/linux/sh2eb-elf/bin/../lib/gcc/sh-elf/14.2.0/../../../../sh-elf/lib/libc.a(libc_a-mallocr.o)
 .data          0x0601f000        0x0 /home/toaster/Programming/Saturn/SaturnRingLib/Compiler/linux/sh2eb-elf/bin/../lib/gcc/sh-elf/14.2.0/../../../../sh-elf/lib/libc.a(libc_a-mlock.o)
 .data          0x0601f000        0x0 /home/toaster/Programming/Saturn/SaturnRingLib/Compiler/linux/sh2eb-elf/bin/../lib/gcc/sh-elf/14.2.0/../../../../sh-elf/lib/libc.a(libc_a-nano-svfprintf.o)
 .data          0x0601f000        0x0 /home/toaster/Programming/Saturn/SaturnRingLib/Compiler/linux/sh2eb-elf/bin/../lib/gcc/sh-elf/14.2.0/../../../../sh-elf/lib/libc.a(libc_a-nano-vfprintf_i.o)
 .data          0x0601f000        0xc /home/toaster/Programming/Saturn/SaturnRingLib/Compiler/linux/sh2eb-elf/bin/../lib/gcc/sh-elf/14.2.0/../../../../sh-elf/lib/libc.a(libc_a-findfp.o)
                0x0601f000                __sglue
 .data          0x0601f00c        0x0 /home/toaster/Programming/Saturn/SaturnRingLib/Compiler/linux/sh2eb-elf/bin/../lib/gcc/sh-elf/14.2.0/../../../../sh-elf/lib/libc.a(libc_a-fwalk.o)
 .data          0x0601f00c        0x0 /home/toaster/Programming/Saturn/SaturnRingLib/Compiler/linux/sh2eb-elf/bin/../lib/gcc/sh-elf/14.2.0/../../../../sh-elf/lib/libc.a(libc_a-stdio.o)
 .data          0x0601f00c        0x0 /home/toaster/Programming/Saturn/SaturnRingLib/Compiler/linux/sh2eb-elf/bin/../lib/gcc/sh-elf/14.2.0/../../../../sh-elf/lib/libc.a(libc_a-memchr.o)
 .data          0x0601f00c        0x0 /home/toaster/Programming/Saturn/SaturnRingLib/Compiler/linux/sh2eb-elf/bin/../lib/gcc/sh-elf/14.2.0/../../../../sh-elf/lib/libc.a(libc_a-memmove.o)
 .data          0x0601f00c        0x0 /home/toaster/Programming/Saturn/SaturnRingLib/Compiler/linux/sh2eb-elf/bin/../lib/gcc/sh-elf/14.2.0/../../../../sh-elf/lib/libc.a(libc_a-closer.o)
 .data          0x0601f00c        0x0 /home/toaster/Programming/Saturn/SaturnRingLib/Compiler/linux/sh2eb-elf/bin/../lib/gcc/sh-elf/14.2.0/../../../../sh-elf/lib/libc.a(libc_a-reent.o)
 .data          0x0601f00c        0x0 /home/toaster/Programming/Saturn/SaturnRingLib/Compiler/linux/sh2eb-elf/bin/../lib/gcc/sh-elf/14.2.0/../../../../sh-elf/lib/libc.a(libc_a-lseekr.o)
 .data          0x0601f00c        0x0 /home/toaster/Programming/Saturn/SaturnRingLib/Compiler/linux/sh2eb-elf/bin/../lib/gcc/sh-elf/14.2.0/../../../../sh-elf/lib/libc.a(libc_a-readr.o)
 .data          0x0601f00c        0x0 /home/toaster/Programming/Saturn/SaturnRingLib/Compiler/linux/sh2eb-elf/bin/../lib/gcc/sh-elf/14.2.0/../../../../sh-elf/lib/libc.a(libc_a-sbrkr.o)
 .data          0x0601f00c        0x0 /home/toaster/Programming/Saturn/SaturnRingLib/Compiler/linux/sh2eb-elf/bin/../lib/gcc/sh-elf/14.2.0/../../../../sh-elf/lib/libc.a(libc_a-writer.o)
 .data          0x0601f00c        0x0 /home/toaster/Programming/Saturn/SaturnRingLib/Compiler/linux/sh2eb-elf/bin/../lib/gcc/sh-elf/14.2.0/../../../../sh-elf/lib/libc.a(libc_a-freer.o)
 .data          0x0601f00c        0x0 /home/toaster/Programming/Saturn/SaturnRingLib/Compiler/linux/sh2eb-elf/bin/../lib/gcc/sh-elf/14.2.0/../../../../sh-elf/lib/libc.a(libc_a-reallocr.o)
 .data          0x0601f00c        0x0 /home/toaster/Programming/Saturn/SaturnRingLib/Compiler/linux/sh2eb-elf/bin/../lib/gcc/sh-elf/14.2.0/../../../../sh-elf/lib/libc.a(libc_a-fflush.o)
 .data          0x0601f00c        0x0 /home/toaster/Programming/Saturn/SaturnRingLib/Compiler/linux/sh2eb-elf/bin/../lib/gcc/sh-elf/14.2.0/../../../../sh-elf/lib/libc.a(libc_a-msizer.o)
 .data          0x0601f00c        0x0 /home/toaster/Programming/Saturn/SaturnRingLib/Compiler/linux/sh2eb-elf/bin/../lib/gcc/sh-elf/14.2.0/../../../../sh-elf/lib/libnosys.a(close.o)
 .data          0x0601f00c        0x0 /home/toaster/Programming/Saturn/SaturnRingLib/Compiler/linux/sh2eb-elf/bin/../lib/gcc/sh-elf/14.2.0/../../../../sh-elf/lib/libnosys.a(getpid.o)
 .data          0x0601f00c        0x0 /home/toaster/Programming/Saturn/SaturnRingLib/Compiler/linux/sh2eb-elf/bin/../lib/gcc/sh-elf/14.2.0/../../../../sh-elf/lib/libnosys.a(kill.o)
 .data          0x0601f00c        0x0 /home/toaster/Programming/Saturn/SaturnRingLib/Compiler/linux/sh2eb-elf/bin/../lib/gcc/sh-elf/14.2.0/../../../../sh-elf/lib/libnosys.a(lseek.o)
 .data          0x0601f00c        0x0 /home/toaster/Programming/Saturn/SaturnRingLib/Compiler/linux/sh2eb-elf/bin/../lib/gcc/sh-elf/14.2.0/../../../../sh-elf/lib/libnosys.a(read.o)
 .data          0x0601f00c        0x0 /home/toaster/Programming/Saturn/SaturnRingLib/Compiler/linux/sh2eb-elf/bin/../lib/gcc/sh-elf/14.2.0/../../../../sh-elf/lib/libnosys.a(sbrk.o)
 .data          0x0601f00c        0x0 /home/toaster/Programming/Saturn/SaturnRingLib/Compiler/linux/sh2eb-elf/bin/../lib/gcc/sh-elf/14.2.0/../../../../sh-elf/lib/libnosys.a(write.o)
 .data          0x0601f00c        0x0 /home/toaster/Programming/Saturn/SaturnRingLib/Compiler/linux/sh2eb-elf/bin/../lib/gcc/sh-elf/14.2.0/../../../../sh-elf/lib/libnosys.a(_exit.o)
                0x0601f00c                        __edata = .

.rodata         0x0601f020      0x8b0
 *(.rodata*)
 .rodata        0x0601f020       0x18 ../../saturnringlib/../modules/sgl/LIB/../SRC/workarea.o
                0x0601f020                PCM_WkSize
                0x0601f024                MaxVertices
                0x0601f026                MaxPolygons
                0x0601f028                SortListSize
                0x0601f02c                SpriteBufSize
                0x0601f030                EventSize
                0x0601f032                MaxEvents
                0x0601f034                WorkSize
                0x0601f036                MaxWorks
 .rodata._ZN3SRL6string10snprintfExEPciPKcz.str1.4
                0x0601f038        0xb src/objects/player.o
 *fill*         0x0601f043        0x1 
 .rodata._ZN3SRL5Debug12AssertScreenIJEEEvPKcS3_S3_DpT_.str1.4
                0x0601f044       0x41 src/objects/player.o
 *fill*         0x0601f085        0x3 
 .rodata._ZN3SRL6Bitmap3TGA8LoadDataEPNS_2Cd4FileEPNS1_14LoaderSettingsE.str1.4
                0x0601f088       0xdb src/objects/player.o
 *fill*         0x0601f163        0x1 
 .rodata.str1.4
                0x0601f164       0x26 src/objects/player.o
 *fill*         0x0601f18a        0x2 
 .rodata._ZTVN3SRL6Bitmap3TGAE
                0x0601f18c       0x18 src/objects/player.o
                0x0601f18c                vtable for SRL::Bitmap::TGA
 .rodata._ZN3SRL6string10snprintfExEPciPKcz.str1.4
                0x0601f1a4        0xb src/scenes/title_screen.o
 *fill*         0x0601f1af        0x1 
 .rodata._ZN3SRL5Debug12AssertScreenIJEEEvPKcS3_S3_DpT_.str1.4
                0x0601f1b0       0x41 src/scenes/title_screen.o
 *fill*         0x0601f1f1        0x3 
 .rodata._ZN3SRL6Bitmap3TGA8LoadDataEPNS_2Cd4FileEPNS1_14LoaderSettingsE.str1.4
                0x0601f1f4       0xdb src/scenes/title_screen.o
 *fill*         0x0601f2cf        0x1 
 .rodata.str1.4
                0x0601f2d0       0x50 src/scenes/title_screen.o
 .rodata._ZN3SRL6string10snprintfExEPciPKcz.str1.4
                0x0601f320        0xb src/scenes/start_cave.o
 *fill*         0x0601f32b        0x1 
 .rodata._ZN3SRL5Debug12AssertScreenIJEEEvPKcS3_S3_DpT_.str1.4
                0x0601f32c       0x41 src/scenes/start_cave.o
 *fill*         0x0601f36d        0x3 
 .rodata._ZN3SRL4VDP24VRAM16AutoAllocateCellERNS_7Tilemap11TilemapInfoEt.str1.4
                0x0601f370       0x96 src/scenes/start_cave.o
 *fill*         0x0601f406        0x2 
 .rodata._ZN3SRL7Tilemap10Interfaces8Bmp2Tile13ConvertBitmapERNS0_11TilemapInfoERNS_6Bitmap7IBitmapEib.isra.0.str1.4
                0x0601f408       0x7a src/scenes/start_cave.o
 *fill*         0x0601f482        0x2 
 .rodata._ZN3SRL7Tilemap10Interfaces8Bmp2TileC2ERNS_6Bitmap7IBitmapEh.str1.4
                0x0601f484       0x36 src/scenes/start_cave.o
 *fill*         0x0601f4ba        0x2 
 .rodata._ZN3SRL6Bitmap3TGA8LoadDataEPNS_2Cd4FileEPNS1_14LoaderSettingsE.str1.4
                0x0601f4bc       0xdb src/scenes/start_cave.o
 *fill*         0x0601f597        0x1 
 .rodata._ZN3SRL4VDP212ScrollScreenINS0_4NBG0ELs1ELt1EE11LoadTilemapERNS_7Tilemap8ITilemapE.str1.4
                0x0601f598      0x104 src/scenes/start_cave.o
 .rodata.str1.4
                0x0601f69c       0x4f src/scenes/start_cave.o
 *fill*         0x0601f6eb        0x1 
 .rodata        0x0601f6ec      0x156 src/scenes/start_cave.o
 *fill*         0x0601f842        0x2 
 .rodata._ZTVN3SRL7Tilemap10Interfaces8Bmp2TileE
                0x0601f844       0x18 src/scenes/start_cave.o
                0x0601f844                vtable for SRL::Tilemap::Interfaces::Bmp2Tile
 .rodata._ZZN3SRL7Tilemap11TilemapInfo12SGLColorModeEvE8sglColor
                0x0601f85c        0x7 src/scenes/start_cave.o
                0x0601f85c                SRL::Tilemap::TilemapInfo::SGLColorMode()::sglColor
 *fill*         0x0601f863        0x1 
 .rodata.str1.4
                0x0601f864       0x27 src/main.o
 *fill*         0x0601f88b        0x1 
 .rodata.str1.4
                0x0601f88c       0x13 /home/toaster/Programming/Saturn/SaturnRingLib/Compiler/linux/sh2eb-elf/bin/../lib/gcc/sh-elf/14.2.0/../../../../sh-elf/lib/libc.a(libc_a-nano-svfprintf.o)
 *fill*         0x0601f89f        0x1 
 .rodata.str1.4
                0x0601f8a0       0x25 /home/toaster/Programming/Saturn/SaturnRingLib/Compiler/linux/sh2eb-elf/bin/../lib/gcc/sh-elf/14.2.0/../../../../sh-elf/lib/libc.a(libc_a-nano-vfprintf_i.o)

.bss            0x0601f8d0     0x2d30
                0x0601f8d0                        __bstart = .
 *(.bss*)
 .bss           0x0601f8d0       0xc8 ../../saturnringlib/../modules/sgl/LIB/../SRC/workarea.o
                0x0601f8d0                RemainWork
                0x0601f8d4                WorkBuf
                0x0601f914                RemainEvent
                0x0601f918                EventBuf
 .bss           0x0601f998        0x0 ../../saturnringlib/../modules/sgl/SRC/preloader.o
 .bss._ZN3SRL6Memory10LowWorkRam4zoneE
                0x0601f998        0x8 ../../saturnringlib/../modules/sgl/SRC/preloader.o
                0x0601f998                SRL::Memory::LowWorkRam::zone
 .bss._ZN3SRL6Memory11HighWorkRam4zoneE
                0x0601f9a0        0x8 ../../saturnringlib/../modules/sgl/SRC/preloader.o
                0x0601f9a0                SRL::Memory::HighWorkRam::zone
 .bss           0x0601f9a8        0x1 src/objects/player.o
                0x0601f9a8                player
 *fill*         0x0601f9a9        0x3 
 .bss._ZGVN3SRL4Core8OnVblankE
                0x0601f9ac        0x8 src/objects/player.o
                0x0601f9ac                guard variable for SRL::Core::OnVblank
 .bss._ZGVN3SRL4Core12OnBeforeSyncE
                0x0601f9b4        0x8 src/objects/player.o
                0x0601f9b4                guard variable for SRL::Core::OnBeforeSync
 .bss._ZGVN3SRL4Core11OnAfterSyncE
                0x0601f9bc        0x8 src/objects/player.o
                0x0601f9bc                guard variable for SRL::Core::OnAfterSync
 .bss._ZGVN3SRL4VDP212ScrollScreenINS0_4RBG0ELs5ELt16EE11TilePaletteE
                0x0601f9c4        0x8 src/objects/player.o
                0x0601f9c4                guard variable for SRL::VDP2::ScrollScreen<SRL::VDP2::RBG0, (short)5, (unsigned short)16>::TilePalette
 .bss._ZGVN3SRL4VDP212ScrollScreenINS0_4NBG3ELs2ELt8EE11TilePaletteE
                0x0601f9cc        0x8 src/objects/player.o
                0x0601f9cc                guard variable for SRL::VDP2::ScrollScreen<SRL::VDP2::NBG3, (short)2, (unsigned short)8>::TilePalette
 .bss._ZGVN3SRL4VDP212ScrollScreenINS0_4NBG2ELs3ELt4EE11TilePaletteE
                0x0601f9d4        0x8 src/objects/player.o
                0x0601f9d4                guard variable for SRL::VDP2::ScrollScreen<SRL::VDP2::NBG2, (short)3, (unsigned short)4>::TilePalette
 .bss._ZGVN3SRL4VDP212ScrollScreenINS0_4NBG1ELs0ELt2EE11TilePaletteE
                0x0601f9dc        0x8 src/objects/player.o
                0x0601f9dc                guard variable for SRL::VDP2::ScrollScreen<SRL::VDP2::NBG1, (short)0, (unsigned short)2>::TilePalette
 .bss._ZGVN3SRL4VDP212ScrollScreenINS0_4NBG0ELs1ELt1EE11TilePaletteE
                0x0601f9e4        0x8 src/objects/player.o
                0x0601f9e4                guard variable for SRL::VDP2::ScrollScreen<SRL::VDP2::NBG0, (short)1, (unsigned short)1>::TilePalette
 .bss._ZGVN3SRL4VDP18MetadataE
                0x0601f9ec        0x8 src/objects/player.o
                0x0601f9ec                guard variable for SRL::VDP1::Metadata
 .bss._ZGVN3SRL4VDP18TexturesE
                0x0601f9f4        0x8 src/objects/player.o
                0x0601f9f4                guard variable for SRL::VDP1::Textures
 .bss._ZN3SRL7Scene2D7EffectsE
                0x0601f9fc        0x4 src/objects/player.o
                0x0601f9fc                SRL::Scene2D::Effects
 .bss._ZN3SRL4Core8OnVblankE
                0x0601fa00       0x18 src/objects/player.o
                0x0601fa00                SRL::Core::OnVblank
 .bss._ZN3SRL4Core12OnBeforeSyncE
                0x0601fa18       0x18 src/objects/player.o
                0x0601fa18                SRL::Core::OnBeforeSync
 .bss._ZN3SRL4Core11OnAfterSyncE
                0x0601fa30       0x18 src/objects/player.o
                0x0601fa30                SRL::Core::OnAfterSync
 .bss._ZN3SRL5Input3Gun26Player2MegadriveGunControlE
                0x0601fa48        0x1 src/objects/player.o
                0x0601fa48                SRL::Input::Gun::Player2MegadriveGunControl
 .bss._ZN3SRL5Input3Gun26Player1MegadriveGunControlE
                0x0601fa49        0x1 src/objects/player.o
                0x0601fa49                SRL::Input::Gun::Player1MegadriveGunControl
 *fill*         0x0601fa4a        0x2 
 .bss._ZN3SRL4VDP212ScrollScreenINS0_4RBG0ELs5ELt16EE11TilePaletteE
                0x0601fa4c        0x8 src/objects/player.o
                0x0601fa4c                SRL::VDP2::ScrollScreen<SRL::VDP2::RBG0, (short)5, (unsigned short)16>::TilePalette
 .bss._ZN3SRL4VDP212ScrollScreenINS0_4NBG3ELs2ELt8EE11TilePaletteE
                0x0601fa54        0x8 src/objects/player.o
                0x0601fa54                SRL::VDP2::ScrollScreen<SRL::VDP2::NBG3, (short)2, (unsigned short)8>::TilePalette
 .bss._ZN3SRL4VDP212ScrollScreenINS0_4NBG2ELs3ELt4EE11TilePaletteE
                0x0601fa5c        0x8 src/objects/player.o
                0x0601fa5c                SRL::VDP2::ScrollScreen<SRL::VDP2::NBG2, (short)3, (unsigned short)4>::TilePalette
 .bss._ZN3SRL4VDP212ScrollScreenINS0_4NBG1ELs0ELt2EE11TilePaletteE
                0x0601fa64        0x8 src/objects/player.o
                0x0601fa64                SRL::VDP2::ScrollScreen<SRL::VDP2::NBG1, (short)0, (unsigned short)2>::TilePalette
 .bss._ZN3SRL4VDP212ScrollScreenINS0_4NBG0ELs1ELt1EE11TilePaletteE
                0x0601fa6c        0x8 src/objects/player.o
                0x0601fa6c                SRL::VDP2::ScrollScreen<SRL::VDP2::NBG0, (short)1, (unsigned short)1>::TilePalette
 .bss._ZN3SRL4VDP18MetadataE
                0x0601fa74      0x190 src/objects/player.o
                0x0601fa74                SRL::VDP1::Metadata
 .bss._ZN3SRL4VDP18TexturesE
                0x0601fc04      0x320 src/objects/player.o
                0x0601fc04                SRL::VDP1::Textures
 .bss._ZN3SRL4VDP111HeapPointerE
                0x0601ff24        0x2 src/objects/player.o
                0x0601ff24                SRL::VDP1::HeapPointer
 *fill*         0x0601ff26        0x2 
 .bss._ZN3SRL5Debug10lineBufferE
                0x0601ff28       0x2d src/objects/player.o
                0x0601ff28                SRL::Debug::lineBuffer
 .bss._ZN3SRL5Debug13oldPrintColorE
                0x0601ff55        0x1 src/objects/player.o
                0x0601ff55                SRL::Debug::oldPrintColor
 .bss._ZN3SRL5Debug10printColorE
                0x0601ff56        0x1 src/objects/player.o
                0x0601ff56                SRL::Debug::printColor
 .bss           0x0601ff57        0x0 src/scenes/title_screen.o
 .bss._ZN3SRL2Cd13isInitializedE
                0x0601ff57        0x1 src/scenes/title_screen.o
                0x0601ff57                SRL::Cd::isInitialized
 .bss._ZN3SRL2Cd7GfsWorkE
                0x0601ff58      0xd08 src/scenes/title_screen.o
                0x0601ff58                SRL::Cd::GfsWork
 .bss._ZN3SRL2Cd17GfsDirectoryNamesE
                0x06020c60     0x1800 src/scenes/title_screen.o
                0x06020c60                SRL::Cd::GfsDirectoryNames
 .bss._ZN3SRL2Cd14GfsDirectoriesE
                0x06022460        0xc src/scenes/title_screen.o
                0x06022460                SRL::Cd::GfsDirectories
 .bss._ZN3SRL4CRAM14AllocationMaskE
                0x0602246c       0x10 src/scenes/title_screen.o
                0x0602246c                SRL::CRAM::AllocationMask
 .bss._ZN3SRL2TV10ResolutionE
                0x0602247c        0x4 src/scenes/title_screen.o
                0x0602247c                SRL::TV::Resolution
 .bss._ZN3SRL2TV6HeightE
                0x06022480        0x2 src/scenes/title_screen.o
                0x06022480                SRL::TV::Height
 .bss._ZN3SRL2TV5WidthE
                0x06022482        0x2 src/scenes/title_screen.o
                0x06022482                SRL::TV::Width
 .bss           0x06022484        0x0 src/scenes/start_cave.o
 .bss           0x06022484        0x0 src/libs/colision.o
 .bss           0x06022484        0x0 src/main.o
 *fill*         0x06022484        0xc 
 .bss           0x06022490        0x0 ../../saturnringlib/../modules/sgl/LIB/LIBCD.A(GFS.O)
 .bss           0x06022490        0x0 ../../saturnringlib/../modules/sgl/LIB/LIBCD.A(GFS_BUF.O)
 .bss           0x06022490        0x0 ../../saturnringlib/../modules/sgl/LIB/LIBCD.A(GFS_CDB.O)
 .bss           0x06022490        0x0 ../../saturnringlib/../modules/sgl/LIB/LIBCD.A(GFS_CDC.O)
 .bss           0x06022490        0x0 ../../saturnringlib/../modules/sgl/LIB/LIBCD.A(GFS_CDF.O)
 .bss           0x06022490        0x0 ../../saturnringlib/../modules/sgl/LIB/LIBCD.A(GFS_DIR.O)
 .bss           0x06022490        0xc ../../saturnringlib/../modules/sgl/LIB/LIBCD.A(GFS_TRN.O)
 *fill*         0x0602249c        0x4 
 .bss           0x060224a0        0x0 ../../saturnringlib/../modules/sgl/LIB/LIBCD.A(CDC_CMN.O)
 .bss           0x060224a0        0x0 ../../saturnringlib/../modules/sgl/LIB/LIBCD.A(CDC_DRV.O)
 .bss           0x060224a0        0x0 ../../saturnringlib/../modules/sgl/LIB/LIBCD.A(CDC_DEV.O)
 .bss           0x060224a0        0x0 ../../saturnringlib/../modules/sgl/LIB/LIBCD.A(CDC_SEL.O)
 .bss           0x060224a0        0x0 ../../saturnringlib/../modules/sgl/LIB/LIBCD.A(CDC_BIF.O)
 .bss           0x060224a0        0x0 ../../saturnringlib/../modules/sgl/LIB/LIBCD.A(CDC_BIO.O)
 .bss           0x060224a0        0x0 ../../saturnringlib/../modules/sgl/LIB/LIBCD.A(CDC_CFS.O)
 .bss           0x060224a0        0x2 ../../saturnringlib/../modules/sgl/LIB/LIBCD.A(CDC_REG.O)
 *fill*         0x060224a2        0xe 
 .bss           0x060224b0        0xc ../../saturnringlib/../modules/sgl/LIB/LIBCD.A(CDC_SUB.O)
 *fill*         0x060224bc        0x4 
 .bss           0x060224c0        0x0 ../../saturnringlib/../modules/sgl/LIB/LIBSGL.A(sglB001.o)
 .bss           0x060224c0        0x0 ../../saturnringlib/../modules/sgl/LIB/LIBSGL.A(sglB002.o)
 .bss           0x060224c0        0x0 ../../saturnringlib/../modules/sgl/LIB/LIBSGL.A(sglB015.o)
 .bss           0x060224c0        0x0 ../../saturnringlib/../modules/sgl/LIB/LIBSGL.A(sglB016.o)
 .bss           0x060224c0        0x0 ../../saturnringlib/../modules/sgl/LIB/LIBSGL.A(sglB031.o)
 .bss           0x060224c0        0x0 ../../saturnringlib/../modules/sgl/LIB/LIBSGL.A(sglB034.o)
 .bss           0x060224c0        0x0 ../../saturnringlib/../modules/sgl/LIB/LIBSGL.A(sglB038.o)
 .bss           0x060224c0        0x0 ../../saturnringlib/../modules/sgl/LIB/LIBSGL.A(sglB055.o)
 .bss           0x060224c0        0x0 ../../saturnringlib/../modules/sgl/LIB/LIBSGL.A(sglB058.o)
 .bss           0x060224c0        0x0 ../../saturnringlib/../modules/sgl/LIB/LIBSGL.A(sglB063.o)