Archive member included to satisfy reference by file (symbol)

../../saturnringlib/../modules/sgl/LIB/LIBCD.A(GFS.O)
                              src/main.o (GFS_Init)
../../saturnringlib/../modules/sgl/LIB/LIBCD.A(GFS_BUF.O)
                              ../../saturnringlib/../modules/sgl/LIB/LIBCD.A(GFS.O) (GFBF_GetNumData)
../../saturnringlib/../modules/sgl/LIB/LIBCD.A(GFS_CDB.O)
                              ../../saturnringlib/../modules/sgl/LIB/LIBCD.A(GFS.O) (GFCB_Close)
../../saturnringlib/../modules/sgl/LIB/LIBCD.A(GFS_CDC.O)
                              ../../saturnringlib/../modules/sgl/LIB/LIBCD.A(GFS.O) (GFCD_SetCdbfs)
../../saturnringlib/../modules/sgl/LIB/LIBCD.A(GFS_CDF.O)
                              ../../saturnringlib/../modules/sgl/LIB/LIBCD.A(GFS.O) (GFCF_Init)
../../saturnringlib/../modules/sgl/LIB/LIBCD.A(GFS_DIR.O)
                              ../../saturnringlib/../modules/sgl/LIB/LIBCD.A(GFS.O) (GFDR_SetupDirTbl)
../../saturnringlib/../modules/sgl/LIB/LIBCD.A(GFS_TRN.O)
                              ../../saturnringlib/../modules/sgl/LIB/LIBCD.A(GFS.O) (GFTR_Setup)
../../saturnringlib/../modules/sgl/LIB/LIBCD.A(CDC_CMN.O)
                              ../../saturnringlib/../modules/sgl/LIB/LIBCD.A(GFS_CDC.O) (CDC_GetCurStat)
../../saturnringlib/../modules/sgl/LIB/LIBCD.A(CDC_DRV.O)
                              ../../saturnringlib/../modules/sgl/LIB/LIBCD.A(GFS_CDC.O) (CDC_CdPlay)
../../saturnringlib/../modules/sgl/LIB/LIBCD.A(CDC_DEV.O)
                              ../../saturnringlib/../modules/sgl/LIB/LIBCD.A(GFS_CDC.O) (CDC_CdSetCon)
../../saturnringlib/../modules/sgl/LIB/LIBCD.A(CDC_SEL.O)
                              ../../saturnringlib/../modules/sgl/LIB/LIBCD.A(GFS_CDC.O) (CDC_SetFiltRange)
../../saturnringlib/../modules/sgl/LIB/LIBCD.A(CDC_BIF.O)
                              ../../saturnringlib/../modules/sgl/LIB/LIBCD.A(GFS_CDC.O) (CDC_GetBufSiz)
../../saturnringlib/../modules/sgl/LIB/LIBCD.A(CDC_BIO.O)
                              ../../saturnringlib/../modules/sgl/LIB/LIBCD.A(GFS_CDC.O) (CDC_SetSctLen)
../../saturnringlib/../modules/sgl/LIB/LIBCD.A(CDC_CFS.O)
                              ../../saturnringlib/../modules/sgl/LIB/LIBCD.A(GFS_CDC.O) (CDC_ChgDir)
../../saturnringlib/../modules/sgl/LIB/LIBCD.A(CDC_REG.O)
                              ../../saturnringlib/../modules/sgl/LIB/LIBCD.A(GFS_CDB.O) (CDC_GetDataPtr)
../../saturnringlib/../modules/sgl/LIB/LIBCD.A(CDC_SUB.O)
                              ../../saturnringlib/../modules/sgl/LIB/LIBCD.A(CDC_CMN.O) (CDSUB_UpdStatus)
../../saturnringlib/../modules/sgl/LIB/LIBSGL.A(sglB001.o)
                              src/main.o (slTVOn)
../../saturnringlib/../modules/sgl/LIB/LIBSGL.A(sglB002.o)
                              src/main.o (slColRAMMode)
../../saturnringlib/../modules/sgl/LIB/LIBSGL.A(sglB011.o)
                              src/scenes/start_cave.o (slBitMapNbg1)
../../saturnringlib/../modules/sgl/LIB/LIBSGL.A(sglB015.o)
                              src/main.o (slScrAutoDisp)
../../saturnringlib/../modules/sgl/LIB/LIBSGL.A(sglB016.o)
                              src/main.o (slBack1ColSet)
../../saturnringlib/../modules/sgl/LIB/LIBSGL.A(sglB034.o)
                              src/main.o (slMapNbg3)
../../saturnringlib/../modules/sgl/LIB/LIBSGL.A(sglB038.o)
                              src/main.o (slRparaInitSet)
../../saturnringlib/../modules/sgl/LIB/LIBSGL.A(sglB058.o)
                              src/main.o (slPlaneNbg3)
../../saturnringlib/../modules/sgl/LIB/LIBSGL.A(sglB061.o)
                              src/scenes/start_cave.o (slBMPalette)
../../saturnringlib/../modules/sgl/LIB/LIBSGL.A(sglB063.o)
                              src/main.o (slPriority)
../../saturnringlib/../modules/sgl/LIB/LIBSGL.A(sglB071.o)
                              src/scenes/start_cave.o (slScrPosNbg1)
../../saturnringlib/../modules/sgl/LIB/LIBSGL.A(sglB200.o)
                              src/main.o (slCharNbg3)
../../saturnringlib/../modules/sgl/LIB/LIBSGL.A(sglC04.o)
                              src/main.o (slZdspLevel)
../../saturnringlib/../modules/sgl/LIB/LIBSGL.A(sglC16.o)
                              src/main.o (slDynamicFrame)
../../saturnringlib/../modules/sgl/LIB/LIBSGL.A(sglC17.o)
                              src/scenes/title_screen.o (slDispSpriteHV)
../../saturnringlib/../modules/sgl/LIB/LIBSGL.A(sglC20.o)
                              ../../saturnringlib/../modules/sgl/LIB/LIBSGL.A(sglC17.o) (SpriteEntry)
../../saturnringlib/../modules/sgl/LIB/LIBSGL.A(sglC21.o)
                              ../../saturnringlib/../modules/sgl/LIB/LIBSGL.A(sglC17.o) (RotSprite)
../../saturnringlib/../modules/sgl/LIB/LIBSGL.A(sglD00.o)
                              src/main.o (slDMACopy)
../../saturnringlib/../modules/sgl/LIB/LIBSGL.A(sglD01.o)
                              ../../saturnringlib/../modules/sgl/LIB/LIBCD.A(GFS_TRN.O) (slDMAXCopy)
../../saturnringlib/../modules/sgl/LIB/LIBSGL.A(sglD02.o)
[...]
Memory Configuration

Name             Origin             Length             Attributes
*default*        0x00000000         0xffffffff

Linker script and memory map


PRELOADER       0x06004000       0xd0
                0x06004000                        ___Preloader = .
 *(PRELOADER)
 PRELOADER      0x06004000       0xc4 ../../saturnringlib/../modules/sgl/SRC/preloader.o
                0x06004000                PreLoader

SLSTART         0x060040d0       0x30
                0x060040d0                        ___Start = .
 *(SLSTART)
 SLSTART        0x060040d0       0x28 ../../saturnringlib/../modules/sgl/LIB/LIBSGL.A(sglI00.o)
                0x060040d0                SGL_Start
                0x060040d2                slStartSGL

.text           0x06004100     0xf540
 *(.text*)
 .text          0x06004100        0x0 ../../saturnringlib/../modules/sgl/LIB/../SRC/workarea.o
 .text          0x06004100        0x4 ../../saturnringlib/../modules/sgl/SRC/preloader.o
                0x06004100                __cxa_pure_virtual
 .text          0x06004104        0x4 src/main.o
 .text._ZN3SRL4Core14VblankHandlingEv
                0x06004108      0x158 src/main.o
                0x06004108                SRL::Core::VblankHandling()
 .text._ZN3SRL6Memory4FreeEPv
                0x06004260      0x114 src/main.o
                0x06004260                SRL::Memory::Free(void*)
 .text._ZN3SRL2TV13SetScreenSizeENS0_11ResolutionsE
                0x06004374      0x170 src/main.o
                0x06004374                SRL::TV::SetScreenSize(SRL::TV::Resolutions)
 .text._ZN3SRL4VDP210InitializeERKNS_5Types9HighColorE
                0x060044e4      0x1a0 src/main.o
                0x060044e4                SRL::VDP2::Initialize(SRL::Types::HighColor const&)
 .text._ZN3SRL5Input3Gun11SynchronizeEv
                0x06004684      0x1d0 src/main.o
                0x06004684                SRL::Input::Gun::Synchronize()
 .text.startup  0x06004854      0x420 src/main.o
                0x06004854                main
 .text._ZN3SRL5Types5EventIJEEC2Ev
                0x06004c74      0x17c src/main.o
                0x06004c74                SRL::Types::Event<>::Event()
                0x06004c74                SRL::Types::Event<>::Event()
 .text._ZN3SRL5Types5EventIJEED2Ev
                0x06004df0      0x1d0 src/main.o
                0x06004df0                SRL::Types::Event<>::~Event()
                0x06004df0                SRL::Types::Event<>::~Event()
 .text.exit     0x06004fc0       0x90 src/main.o
 .text          0x06005050      0x824 src/scenes/title_screen.o
                0x06005054                LoadGraphics()
                0x060053b4                title()
 .text._ZN3SRL6Bitmap3TGA7GetDataEv
                0x06005874        0x4 src/scenes/title_screen.o
                0x06005874                SRL::Bitmap::TGA::GetData()
 .text._ZNK3SRL6Bitmap3TGA7GetInfoEv
                0x06005878       0x4c src/scenes/title_screen.o
                0x06005878                SRL::Bitmap::TGA::GetInfo() const
 .text._ZN3SRL4Math5Types3FxpC2ERKS2_
                0x060058c4        0x8 src/scenes/title_screen.o
                0x060058c4                SRL::Math::Types::Fxp::Fxp(SRL::Math::Types::Fxp const&)
                0x060058c4                SRL::Math::Types::Fxp::Fxp(SRL::Math::Types::Fxp const&)
 .text._ZNK3SRL4Math5Types3Fxp8RawValueEv
                0x060058cc        0x4 src/scenes/title_screen.o
                0x060058cc                SRL::Math::Types::Fxp::RawValue() const
 .text._ZN3SRL6Bitmap3TGAD2Ev
                0x060058d0       0x54 src/scenes/title_screen.o
                0x060058d0                SRL::Bitmap::TGA::~TGA()
                0x060058d0                SRL::Bitmap::TGA::~TGA()
 .text._ZN3SRL6Bitmap3TGAD0Ev
                0x06005924       0x50 src/scenes/title_screen.o
                0x06005924                SRL::Bitmap::TGA::~TGA()
 .text._ZN3SRL6Memory15PlacementMallocEjm
                0x06005974      0x19c src/scenes/title_screen.o
                0x06005974                SRL::Memory::PlacementMalloc(unsigned int, unsigned long)
 .text._ZN3SRL6string10snprintfExEPciPKcz
                0x06005b10      0x394 src/scenes/title_screen.o
                0x06005b10                SRL::string::snprintfEx(char*, int, char const*, ...)
 .text._ZN3SRL6Bitmap3TGA13DecodePaletteEPhPKNS1_9TgaHeaderEl
                0x06005ea4      0x4b8 src/scenes/title_screen.o
                0x06005ea4                SRL::Bitmap::TGA::DecodePalette(unsigned char*, SRL::Bitmap::TGA::TgaHeader const*, long)
 .text._ZN3SRL6Bitmap3TGA17DecodeRlePalettedEPhPKNS1_9TgaHeaderERNS1_8ForRangeES7_
                0x0600635c      0x330 src/scenes/title_screen.o
                0x0600635c                SRL::Bitmap::TGA::DecodeRlePaletted(unsigned char*, SRL::Bitmap::TGA::TgaHeader const*, SRL::Bitmap::TGA::ForRange&, SRL::Bitmap::TGA::ForRange&)
 .text._ZN3SRL5Debug12AssertScreenIJEEEvPKcS3_S3_DpT_
                0x0600668c      0x718 src/scenes/title_screen.o
                0x0600668c                void SRL::Debug::AssertScreen<>(char const*, char const*, char const*)
 .text._ZN3SRL5Debug12AssertScreenIJPKcEEEvS3_S3_S3_DpT_
                0x06006da4      0x82c src/scenes/title_screen.o
                0x06006da4                void SRL::Debug::AssertScreen<char const*>(char const*, char const*, char const*, char const*)
 .text._ZN3SRL5Debug12AssertScreenIJssEEEvPKcS3_S3_DpT_
                0x060075d0      0x840 src/scenes/title_screen.o
                0x060075d0                void SRL::Debug::AssertScreen<short, short>(char const*, char const*, char const*, short, short)
 .text._ZN3SRL5Debug12AssertScreenIJaEEEvPKcS3_S3_DpT_
                0x06007e10      0x830 src/scenes/title_screen.o
                0x06007e10                void SRL::Debug::AssertScreen<signed char>(char const*, char const*, char const*, signed char)
 .text._ZN3SRL6Bitmap3TGA8LoadDataEPNS_2Cd4FileEPNS1_14LoaderSettingsE
                0x06008640      0xca4 src/scenes/title_screen.o
                0x06008640                SRL::Bitmap::TGA::LoadData(SRL::Cd::File*, SRL::Bitmap::TGA::LoaderSettings*)
 .text.startup  0x060092e4      0x1e4 src/scenes/title_screen.o
 .text.exit     0x060094c8       0x90 src/scenes/title_screen.o
 .text          0x06009558      0x4cc src/scenes/start_cave.o
                0x060095c4                LoadCaveGraphics()
                0x060097d8                start_cave()
 .text._ZN3SRL4VDP29BmpScreenINS0_4NBG1ELs0ELt2EE10LoadBitmapEPNS_6Bitmap7IBitmapE
                0x06009a24      0xa00 src/scenes/start_cave.o
                0x06009a24                SRL::VDP2::BmpScreen<SRL::VDP2::NBG1, (short)0, (unsigned short)2>::LoadBitmap(SRL::Bitmap::IBitmap*)
 .text.startup  0x0600a424      0x1e4 src/scenes/start_cave.o
 .text.exit     0x0600a608       0x90 src/scenes/start_cave.o
 .text          0x0600a698      0x7ec src/objects/player.o
                0x0600a6ac                LoadPlayerSprite(char*)
                0x0600aa10                Player()
 .text.startup  0x0600ae84      0x1e4 src/objects/player.o
 .text.exit     0x0600b068       0x90 src/objects/player.o
 *fill*         0x0600b0f8        0x8 
 .text          0x0600b100     0x1adc ../../saturnringlib/../modules/sgl/LIB/LIBCD.A(GFS.O)
                0x0600b100                gfs_version
                0x0600b120                GFS_Init
                0x0600b208                GFS_LoadDir
                0x0600b2b0                GFS_SetDir
                0x0600b318                GFS_NameToId
                0x0600b37c                GFS_IdToName
                0x0600b3e8                GFS_GetDirInfo
                0x0600b458                GFS_Reset
                0x0600b4dc                GFS_Open
                0x0600b590                GFS_Close
                0x0600b5c8                GFS_Seek
                0x0600b67c                GFS_Tell
                0x0600b6cc                GFS_IsEof
                0x0600b720                GFS_ByteToSct
                0x0600b77c                GFS_GetFileSize
                0x0600b7d8                GFS_GetFileInfo
                0x0600b84c                GFS_GetNumCdbuf
                0x0600b874                GFS_Load
                0x0600b938                GFS_Fread
                0x0600b9d4                gfs_waitRead
                0x0600ba7c                GFS_NwFread
                0x0600bb88                GFS_NwCdRead
                0x0600bc00                GFS_NwIsComplete
                0x0600bc38                GFS_NwStop
                0x0600bca4                GFS_NwGetStat
                0x0600bd20                gfs_recovRdErr
                0x0600bd50                GFS_NwExecOne
                0x0600be10                GFS_NwExecServer
                0x0600be8c                GFS_SetGmode
                0x0600bef0                GFS_SetTmode
                0x0600bf5c                GFS_SetReadPara
                0x0600bfc0                GFS_SetTransPara
                0x0600c02c                GFS_SetTrFunc
                0x0600c090                GFS_StartTrans
                0x0600c0dc                GFS_CdMovePickup
                0x0600c148                GFS_SetErrFunc
                0x0600c174                GFS_GetErrStat
                0x0600c198                GFS_ConvTno
                0x0600c1c0                gfs_chgRoot
                0x0600c28c                gfs_aborttrans
                0x0600c298                gfs_mngSetupFuncTbl
                0x0600c2cc                gfs_mngInitWork
                0x0600c370                gfs_mngGetNumFile
                0x0600c3d8                GFS_mngAllocGrp
                0x0600c420                gfs_mngFreeGrp
                0x0600c42c                gfs_mngTermAccess
                0x0600c4b0                gfs_mngSetErrCode
                0x0600c530                gfs_svrSearchHndl
                0x0600c570                gfs_svrAddHndl
                0x0600c5ac                gfs_svrRemoveHndl
                0x0600c608                GFS_OpenSub
                0x0600c660                gfs_loadVol
                0x0600c724                gfs_getRootDir
                0x0600c820                gfs_loadRootDir
                0x0600c8a8                gfs_flowIn
                0x0600c950                gfs_transData
                0x0600c9f4                GFS_GetFad
                0x0600ca4c                gfs_SetSct
                0x0600ca8c                gfs_GetFinfo
                0x0600cacc                gfs_closeSub
                0x0600cb08                gfs_getGmode
                0x0600cb14                gfs_isTaskDone
                0x0600cb68                gfs_convFinStat
 *fill*         0x0600cbdc        0x4 
 .text          0x0600cbe0      0x106 ../../saturnringlib/../modules/sgl/LIB/LIBCD.A(GFS_BUF.O)
                0x0600cc10                GFBF_GetTranData
                0x0600cc38                GFBF_GetNumData
                0x0600cc68                GFBF_GetSrcPk
                0x0600cc90                GFBF_GetSctData
                0x0600ccb4                GFBF_RtnPk
                0x0600ccdc                gfbf_getSctDt
 *fill*         0x0600cce6        0xa 
 .text          0x0600ccf0      0x600 ../../saturnringlib/../modules/sgl/LIB/LIBCD.A(GFS_CDB.O)
                0x0600ccf0                GFCB_Setup
                0x0600ce10                GFCB_Close
                0x0600ce38                GFCB_GetLenData
                0x0600cee4                GFCB_GetLenRoom
                0x0600cef0                GFCB_SetFilt
                0x0600cf58                GFCB_DeleteAllData
                0x0600cf80                GFCB_Tell
                0x0600cf90                gfcb_getSctNum
                0x0600cfe0                GFCB_Seek
                0x0600d0dc                GFCB_GetSrcPack
                0x0600d1bc                GFCB_GetSctData
                0x0600d1f4                GFCB_GetDstPack
                0x0600d200                GFCB_RtnPk
                0x0600d248                GFCB_MovePickup
                0x0600d264                GFCB_SetCon
                0x0600d298                GFCB_GetPickup
                0x0600d2c0                GFCB_IsPuOwner
                0x0600d2d8                GFCB_UngetPickup
 .text          0x0600d2f0     0x1a10 ../../saturnringlib/../modules/sgl/LIB/LIBCD.A(GFS_CDC.O)
                0x0600d2f0                GFCD_SetCdbfs
                0x0600d31c                GFCD_Init
                0x0600d520                GFCD_AllocFilt
                0x0600d55c                GFCD_FreeFilt
                0x0600d58c                GFCD_AllocBuf
                0x0600d5c0                GFCD_FreeBuf
                0x0600d664                GFCD_GetBaseFad
                0x0600d698                GFCD_GetPickup
                0x0600d6cc                GFCD_UngetPickup
                0x0600d6f8                GFCD_IsPuOwner
                0x0600d71c                GFCD_SetFilt
                0x0600d7e0                GFCD_GetFilt
                0x0600d828                GFCD_SetCon
                0x0600d880                GFCD_Play
                0x0600d8e0                GFCD_GetLenData
                0x0600d948                GFCD_ReqData
                0x0600d9a4                GFCD_EndData
                0x0600d9ec                GFCD_DelSctData
                0x0600da44                GFCD_CheckDelSctData
                0x0600da74                GFCD_GetStat
                0x0600db28                GFCD_MovePickup
                0x0600db74                GFCD_MoveSctData
                0x0600dbe8                GFCD_CheckMove
                0x0600dc0c                GFCD_GetSctInfo
                0x0600dc54                GFCD_ChgDir
                0x0600dcc8                GFCD_SetFiltCon
                0x0600ddb0                GFCD_GetFileInfo
                0x0600de8c                GFCD_GetBufSiz
                0x0600dec4                GFCD_ExecServer
                0x0600df98                gfcd_isIdleTask
                0x0600e024                gfcd_doTask
                0x0600e0d0                GFCD_SetTimer
                0x0600e0e4                GFCD_WaitServer
                0x0600e120                gfcd_doSetFiltTsk
                0x0600e2e4                gfcd_doSetConTsk
                0x0600e374                gfcd_doGetLenDataTsk
                0x0600e4c8                gfcd_doReqDataTsk
                0x0600e568                gfcd_doDelSctDataTsk
                0x0600e69c                gfcd_doMoveSctTsk
                0x0600e800                gfcd_doChgDirTsk
                0x0600e9fc                gfcd_doSetFiltConTsk
                0x0600eb40                gfcd_checkEflag
                0x0600eb64                gfcd_initCdbMng
                0x0600ebe4                gfcd_setStat
                0x0600ec10                GFCD_SetCsctFunc
                0x0600ec2c                GFCD_ChkScdqFlag
                0x0600ec50                GFCD_ClrScdqFlag
                0x0600ec6c                GFCD_WaitScdqFlag
                0x0600ecb0                GFCD_WaitPause
 .text          0x0600ed00      0x8d8 ../../saturnringlib/../modules/sgl/LIB/LIBCD.A(GFS_CDF.O)
                0x0600ed00                GFCF_Init
                0x0600eda0                GFCF_Setup
                0x0600eee8                GFCF_SetSct
                0x0600ef2c                GFCF_GetFileInfo
                0x0600efa0                GFCF_FlowInBuf
                0x0600f0f4                GFCF_StopInBuf
                0x0600f194                GFCF_Recover
                0x0600f1dc                GFCF_Tell
                0x0600f1f4                GFCF_Seek
                0x0600f20c                GFCF_MovePickup
                0x0600f2a8                GFCF_cnvIntlvOfs
                0x0600f2fc                GFCF_GetStat
                0x0600f394                gfcf_getSctSize
                0x0600f3d0                gfcf_isCdOk
                0x0600f490                gfcf_getPlayRange
 *fill*         0x0600f5d8        0x8 
 .text          0x0600f5e0      0x92c ../../saturnringlib/../modules/sgl/LIB/LIBCD.A(GFS_DIR.O)
                0x0600f5e0                GFDR_SetupDirTbl
                0x0600f654                GFDR_NameToId
                0x0600f6b4                GFDR_GetInfoDirId
                0x0600f6c8                GFDR_GetInfoDirName
                0x0600f6dc                GFDR_GetAtrDirId
                0x0600f6f4                GFDR_GetAtrDirName
                0x0600f70c                GFDR_ChgRoot
                0x0600f724                GFDR_ChgDir
                0x0600f798                gfdr_setupDirIdTbl
                0x0600f81c                gfdr_setupDirNameTbl
                0x0600f8c8                gfdr_open
                0x0600f8f0                gfdr_read
                0x0600f9b0                gfdr_readByte
                0x0600f9dc                gfdr_readWord
                0x0600fa08                gfdr_readWordNB
                0x0600fa5c                gfdr_readLongNB
                0x0600faa8                gfdr_readLongNM
                0x0600fad0                gfdr_setNextRec
                0x0600fb54                gfdr_readDirEnt
                0x0600fed0                gfdr_setDirrecCd
 *fill*         0x0600ff0c        0x4 
 .text          0x0600ff10      0x9c6 ../../saturnringlib/../modules/sgl/LIB/LIBCD.A(GFS_TRN.O)
                0x0600ff40                GFTR_Setup
                0x0600ff84                GFTR_SetMode
                0x0600ff98                GFTR_SetUnit
                0x0600ffa4                GFTR_SetTransPara
                0x0600ffd8                GFTR_GetTransPara
                0x0600ffe4                GFTR_GetNumTrans
                0x0600fff0                GFTR_SetTransMax
                0x0600fffc                GFTR_Start
                0x06010008                GFTR_Pause
                0x06010014                GFTR_Stop
                0x060100cc                GFTR_Exec
                0x06010150                GFTR_Idle
                0x060101c8                GFTR_ExecSvr
                0x060102d0                gftr_getSrcPack
                0x06010358                gftr_getDstPack
                0x060103b4                gftr_reqScu
                0x060103c0                gftr_execScu
                0x0601045c                gftr_remScu
                0x06010490                gfdma_canUse
                0x0601049c                gfdma_exec
                0x0601050c                gfdma_getBytecnt
                0x06010544                gftr_reqDma0
                0x0601055c                gftr_execSdma0
                0x06010580                gftr_remDma0
                0x06010598                gftr_reqDma1
                0x060105b0                gftr_execSdma1
                0x060105d4                gftr_remDma1
                0x060105ec                gftr_reqCpu
                0x060105f8                gftr_execCpu
                0x06010638                gftr_remCpu
                0x06010644                gftr_reqTrn
                0x060106b4                gftr_execTrn
                0x0601078c                gftr_remTrn
                0x06010800                gftr_copyFrac
                0x06010828                GFTR_GetLenData
                0x06010834                GFTR_GetLenRoom
                0x0601084c                GFTR_GetDstPack
                0x06010880                GFTR_RtnDstPk
                0x0601089c                GFTR_GetData
                0x060108b0                GFTR_SetData
                0x060108c4                GFTR_SetTransFunc
 *fill*         0x060108d6        0xa 
 .text          0x060108e0      0x3a0 ../../saturnringlib/../modules/sgl/LIB/LIBCD.A(CDC_CMN.O)
                0x060108e0                CDC_GetCurStat
                0x06010930                CDC_GetLastStat
                0x06010948                CDC_GetPeriStat
                0x06010a1c                CDC_GetHwInfo
                0x06010a84                CDC_TgetToc
                0x06010ad4                CDC_GetSes
                0x06010b10                CDC_CdInit
                0x06010b94                CDC_CdOpen
                0x06010bbc                CDC_DataReady
                0x06010c28                CDC_DataEnd
 .text          0x06010c80      0x130 ../../saturnringlib/../modules/sgl/LIB/LIBCD.A(CDC_DRV.O)
                0x06010c80                CDC_CdPlay
                0x06010d4c                CDC_CdSeek
                0x06010d80                CDC_CdScan
 .text          0x06010db0       0xa8 ../../saturnringlib/../modules/sgl/LIB/LIBCD.A(CDC_DEV.O)
                0x06010db0                CDC_CdSetCon
                0x06010de0                CDC_CdGetCon
                0x06010e1c                CDC_CdGetLastBuf
 *fill*         0x06010e58        0x8 
 .text          0x06010e60      0x2b8 ../../saturnringlib/../modules/sgl/LIB/LIBCD.A(CDC_SEL.O)
                0x06010e60                CDC_SetFiltRange
                0x06010e94                CDC_GetFiltRange
                0x06010eec                CDC_SetFiltSubh
                0x06010f5c                CDC_GetFiltSubh
                0x06010fd8                CDC_SetFiltMode
                0x0601100c                CDC_GetFiltMode
                0x06011050                CDC_SetFiltCon
                0x06011090                CDC_GetFiltCon
                0x060110e4                CDC_ResetSelector
 *fill*         0x06011118        0x8 
 .text          0x06011120      0x270 ../../saturnringlib/../modules/sgl/LIB/LIBCD.A(CDC_BIF.O)
                0x06011120                CDC_GetBufSiz
                0x0601117c                CDC_GetSctNum
                0x060111c0                CDC_CalActSiz
                0x060111fc                CDC_GetActSiz
                0x0601127c                CDC_GetSctInfo
                0x060112fc                CDC_ExeFadSearch
                0x06011334                CDC_GetFadSearch
 .text          0x06011390      0x1e4 ../../saturnringlib/../modules/sgl/LIB/LIBCD.A(CDC_BIO.O)
                0x06011390                CDC_SetSctLen
                0x060113c4                CDC_GetSctData
                0x06011400                CDC_DelSctData
                0x0601143c                CDC_GetdelSctData
                0x06011478                CDC_PutSctData
                0x060114b0                CDC_CopySctData
                0x060114f4                CDC_MoveSctData
                0x06011538                CDC_GetCopyErr
 *fill*         0x06011574        0xc 
 .text          0x06011580      0x194 ../../saturnringlib/../modules/sgl/LIB/LIBCD.A(CDC_CFS.O)
                0x06011580                CDC_ChgDir
                0x060115b4                CDC_ReadDir
                0x060115e8                CDC_GetFileScope
                0x06011648                CDC_TgetFileInfo
                0x060116a4                CDC_ReadFile
                0x060116d8                CDC_AbortFile
 *fill*         0x06011714        0xc 
 .text          0x06011720      0x2dc ../../saturnringlib/../modules/sgl/LIB/LIBCD.A(CDC_REG.O)
                0x06011720                CDC_GetDataPtr
                0x06011730                CDC_GetHirqReq
                0x06011744                CDC_ClrHirqReq
                0x06011774                CDREG_ClrHirqReq
                0x06011784                CDREG_InitHirqReq
                0x060117ac                CDREG_SetHirqFlag
                0x060117c0                CDC_GetHirqMsk
                0x060117d4                CDC_SetHirqMsk
                0x060117e4                CDC_GetMpegPtr
                0x060117f4                CDREG_TgetData
                0x06011850                CDREG_CmdRsp
                0x06011950                CDREG_WaitHirq
                0x060119c0                CDREG_ReadRsp
 *fill*         0x060119fc        0x4 
 .text          0x06011a00      0x152 ../../saturnringlib/../modules/sgl/LIB/LIBCD.A(CDC_SUB.O)
                0x06011a00                CDSUB_UpdStatus
                0x06011a18                CDSUB_UpdCdstat
                0x06011a38                CDSUB_CdCmd
                0x06011aa8                CDSUB_GetCdstat
                0x06011ae8                CDSUB_RspToCdstat
                0x06011b30                CDSUB_SoftTimer
 *fill*         0x06011b52        0xe 
 .text          0x06011b60        0x0 ../../saturnringlib/../modules/sgl/LIB/LIBSGL.A(sglB001.o)
 .text          0x06011b60        0x0 ../../saturnringlib/../modules/sgl/LIB/LIBSGL.A(sglB002.o)
 .text          0x06011b60        0x0 ../../saturnringlib/../modules/sgl/LIB/LIBSGL.A(sglB011.o)
 .text          0x06011b60        0x0 ../../saturnringlib/../modules/sgl/LIB/LIBSGL.A(sglB015.o)
 .text          0x06011b60        0x0 ../../saturnringlib/../modules/sgl/LIB/LIBSGL.A(sglB016.o)
 .text          0x06011b60        0x0 ../../saturnringlib/../modules/sgl/LIB/LIBSGL.A(sglB034.o)
 .text          0x06011b60        0x0 ../../saturnringlib/../modules/sgl/LIB/LIBSGL.A(sglB038.o)
 .text          0x06011b60        0x0 ../../saturnringlib/../modules/sgl/LIB/LIBSGL.A(sglB058.o)
 .text          0x06011b60        0x0 ../../saturnringlib/../modules/sgl/LIB/LIBSGL.A(sglB061.o)
 .text          0x06011b60        0x0 ../../saturnringlib/../modules/sgl/LIB/LIBSGL.A(sglB063.o)
 .text          0x06011b60        0x0 ../../saturnringlib/../modules/sgl/LIB/LIBSGL.A(sglB071.o)
 .text          0x06011b60        0x0 ../../saturnringlib/../modules/sgl/LIB/LIBSGL.A(sglB200.o)
 .text          0x06011b60        0x0 ../../saturnringlib/../modules/sgl/LIB/LIBSGL.A(sglC04.o)
 .text          0x06011b60        0x0 ../../saturnringlib/../modules/sgl/LIB/LIBSGL.A(sglC16.o)
 .text          0x06011b60        0x0 ../../saturnringlib/../modules/sgl/LIB/LIBSGL.A(sglC17.o)
 .text          0x06011b60        0x0 ../../saturnringlib/../modules/sgl/LIB/LIBSGL.A(sglC20.o)
 .text          0x06011b60        0x0 ../../saturnringlib/../modules/sgl/LIB/LIBSGL.A(sglC21.o)
 .text          0x06011b60        0x0 ../../saturnringlib/../modules/sgl/LIB/LIBSGL.A(sglD00.o)
 .text          0x06011b60        0x0 ../../saturnringlib/../modules/sgl/LIB/LIBSGL.A(sglD01.o)
 .text          0x06011b60        0x0 ../../saturnringlib/../modules/sgl/LIB/LIBSGL.A(sglD02.o)
 .text          0x06011b60        0x0 ../../saturnringlib/../modules/sgl/LIB/LIBSGL.A(sglD03.o)
 .text          0x06011b60        0x0 ../../saturnringlib/../modules/sgl/LIB/LIBSGL.A(sglD15.o)
 .text          0x06011b60        0x0 ../../saturnringlib/../modules/sgl/LIB/LIBSGL.A(sglD16.o)
 .text          0x06011b60        0x0 ../../saturnringlib/../modules/sgl/LIB/LIBSGL.A(sglD17.o)
 .text          0x06011b60        0x0 ../../saturnringlib/../modules/sgl/LIB/LIBSGL.A(sglD18.o)
 .text          0x06011b60        0x0 ../../saturnringlib/../modules/sgl/LIB/LIBSGL.A(sglF00.o)
 .text          0x06011b60        0x0 ../../saturnringlib/../modules/sgl/LIB/LIBSGL.A(sglH00.o)
 .text          0x06011b60        0x0 ../../saturnringlib/../modules/sgl/LIB/LIBSGL.A(sglH02.o)
 .text          0x06011b60        0x0 ../../saturnringlib/../modules/sgl/LIB/LIBSGL.A(sglH04.o)
 .text          0x06011b60        0x0 ../../saturnringlib/../modules/sgl/LIB/LIBSGL.A(sglI01.o)
 .text          0x06011b60        0x0 ../../saturnringlib/../modules/sgl/LIB/LIBSGL.A(sglI04.o)
 .text          0x06011b60      0x128 ../../saturnringlib/../modules/sgl/LIB/LIBSGL.A(sglIc0.o)
                0x06011b60                slInitSystem
 *fill*         0x06011c88        0x8 
 .text          0x06011c90        0x0 ../../saturnringlib/../modules/sgl/LIB/LIBSGL.A(sglJ00.o)
 .text          0x06011c90        0x0 ../../saturnringlib/../modules/sgl/LIB/LIBSGL.A(sglJ01.o)
 .text          0x06011c90        0x0 ../../saturnringlib/../modules/sgl/LIB/LIBSGL.A(sglJ02.o)
 .text          0x06011c90        0x0 ../../saturnringlib/../modules/sgl/LIB/LIBSGL.A(sglJ03.o)
 .text          0x06011c90        0x0 ../../saturnringlib/../modules/sgl/LIB/LIBSGL.A(sglJ04.o)
 .text          0x06011c90        0x0 ../../saturnringlib/../modules/sgl/LIB/LIBSGL.A(sglJ05.o)
 .text          0x06011c90        0x0 ../../saturnringlib/../modules/sgl/LIB/LIBSGL.A(sglK01.o)
 .text          0x06011c90        0x0 ../../saturnringlib/../modules/sgl/LIB/LIBSGL.A(sglM01.o)
 .text          0x06011c90        0x0 ../../saturnringlib/../modules/sgl/LIB/LIBSGL.A(sglA00.o)
 .text          0x06011c90        0x0 ../../saturnringlib/../modules/sgl/LIB/LIBSGL.A(sglA01.o)
 .text          0x06011c90        0x0 ../../saturnringlib/../modules/sgl/LIB/LIBSGL.A(sglA20.o)
 .text          0x06011c90        0x0 ../../saturnringlib/../modules/sgl/LIB/LIBSGL.A(sglB000.o)
 .text          0x06011c90        0x0 ../../saturnringlib/../modules/sgl/LIB/LIBSGL.A(sglB035.o)
 .text          0x06011c90        0x0 ../../saturnringlib/../modules/sgl/LIB/LIBSGL.A(sglC00.o)
 .text          0x06011c90        0x0 ../../saturnringlib/../modules/sgl/LIB/LIBSGL.A(sglI00.o)
 .text          0x06011c90        0x0 ../../saturnringlib/../modules/sgl/LIB/LIBSGL.A(sglH03.o)
 .text          0x06011c90       0x52 /home/toaster/Programming/Saturn/SaturnRingLib/Compiler/linux/sh2eb-elf/bin/../lib/gcc/sh-elf/14.2.0/libgcc.a(_ashiftrt.o)
                0x06011c90                __ashiftrt_r4_31
                0x06011c90                __ashiftrt_r4_32
                0x06011c96                __ashiftrt_r4_30
                0x06011c98                __ashiftrt_r4_29
                0x06011c9a                __ashiftrt_r4_28
                0x06011c9c                __ashiftrt_r4_27
                0x06011c9e                __ashiftrt_r4_26
                0x06011ca0                __ashiftrt_r4_25
                0x06011ca2                __ashiftrt_r4_24
                0x06011caa                __ashiftrt_r4_23
                0x06011cac                __ashiftrt_r4_22
                0x06011cae                __ashiftrt_r4_21
                0x06011cb0                __ashiftrt_r4_20
                0x06011cb2                __ashiftrt_r4_19
                0x06011cb4                __ashiftrt_r4_18
                0x06011cb6                __ashiftrt_r4_17
                0x06011cb8                __ashiftrt_r4_16
                0x06011cbe                __ashiftrt_r4_15
                0x06011cc0                __ashiftrt_r4_14
                0x06011cc2                __ashiftrt_r4_13
                0x06011cc4                __ashiftrt_r4_12
                0x06011cc6                __ashiftrt_r4_11
                0x06011cc8                __ashiftrt_r4_10
                0x06011cca                __ashiftrt_r4_9
                0x06011ccc                __ashiftrt_r4_8
                0x06011cce                __ashiftrt_r4_7
                0x06011cd0                __ashiftrt_r4_6
                0x06011cd2                __ashiftrt_r4_5
                0x06011cd4                __ashiftrt_r4_4
                0x06011cd6                __ashiftrt_r4_3
                0x06011cd8                __ashiftrt_r4_2
                0x06011cda                __ashiftrt_r4_1
                0x06011cde                __ashiftrt_r4_0
 *fill*         0x06011ce2        0x2 
 .text          0x06011ce4       0x80 /home/toaster/Programming/Saturn/SaturnRingLib/Compiler/linux/sh2eb-elf/bin/../lib/gcc/sh-elf/14.2.0/libgcc.a(_ashiftrt_n.o)
                0x06011ce4                __ashrsi3
 .text          0x06011d64       0xbc /home/toaster/Programming/Saturn/SaturnRingLib/Compiler/linux/sh2eb-elf/bin/../lib/gcc/sh-elf/14.2.0/libgcc.a(_ashiftlt.o)
                0x06011d64                __ashlsi3
                0x06011d68                __ashlsi3_r0
 .text          0x06011e20       0xbc /home/toaster/Programming/Saturn/SaturnRingLib/Compiler/linux/sh2eb-elf/bin/../lib/gcc/sh-elf/14.2.0/libgcc.a(_lshiftrt.o)
                0x06011e20                __lshrsi3
                0x06011e24                __lshrsi3_r0
 .text          0x06011edc       0xa0 /home/toaster/Programming/Saturn/SaturnRingLib/Compiler/linux/sh2eb-elf/bin/../lib/gcc/sh-elf/14.2.0/libgcc.a(_sdivsi3.o)
                0x06011edc                __sdivsi3
 .text          0x06011f7c       0x6c /home/toaster/Programming/Saturn/SaturnRingLib/Compiler/linux/sh2eb-elf/bin/../lib/gcc/sh-elf/14.2.0/libgcc.a(_udivsi3.o)
                0x06011f9e                __udivsi3
 .text          0x06011fe8       0x18 /home/toaster/Programming/Saturn/SaturnRingLib/Compiler/linux/sh2eb-elf/bin/../lib/gcc/sh-elf/14.2.0/../../../../sh-elf/lib/libc.a(libc_a-abort.o)
                0x06011fe8                abort
 .text          0x06012000      0x108 /home/toaster/Programming/Saturn/SaturnRingLib/Compiler/linux/sh2eb-elf/bin/../lib/gcc/sh-elf/14.2.0/../../../../sh-elf/lib/libc.a(libc_a-snprintf.o)
                0x06012000                _sniprintf_r
                0x06012000                _snprintf_r
                0x06012080                sniprintf
                0x06012080                snprintf
 .text          0x06012108       0x1e /home/toaster/Programming/Saturn/SaturnRingLib/Compiler/linux/sh2eb-elf/bin/../lib/gcc/sh-elf/14.2.0/../../../../sh-elf/lib/libc.a(libc_a-memcmp.o)
                0x06012108                memcmp
 .text          0x06012126       0x26 /home/toaster/Programming/Saturn/SaturnRingLib/Compiler/linux/sh2eb-elf/bin/../lib/gcc/sh-elf/14.2.0/../../../../sh-elf/lib/libc.a(libc_a-strncmp.o)
                0x06012126                strncmp
 .text          0x0601214c       0x32 /home/toaster/Programming/Saturn/SaturnRingLib/Compiler/linux/sh2eb-elf/bin/../lib/gcc/sh-elf/14.2.0/../../../../sh-elf/lib/libc.a(libc_a-strncpy.o)
                0x0601214c                strncpy
 *fill*         0x0601217e        0x2 
 .text          0x06012180      0x1a8 /home/toaster/Programming/Saturn/SaturnRingLib/Compiler/linux/sh2eb-elf/bin/../lib/gcc/sh-elf/14.2.0/../../../../sh-elf/lib/libc.a(libc_a-signal.o)
                0x06012180                _init_signal_r
                0x060121c0                _signal_r
                0x0601220c                _raise_r
                0x0601227c                __sigtramp_r
                0x060122dc                raise
                0x060122f0                signal
                0x06012304                _init_signal
                0x06012314                __sigtramp
 .text          0x06012328        0x0 /home/toaster/Programming/Saturn/SaturnRingLib/Compiler/linux/sh2eb-elf/bin/../lib/gcc/sh-elf/14.2.0/../../../../sh-elf/lib/libc.a(libc_a-impure.o)
 .text          0x06012328       0x40 /home/toaster/Programming/Saturn/SaturnRingLib/Compiler/linux/sh2eb-elf/bin/../lib/gcc/sh-elf/14.2.0/../../../../sh-elf/lib/libc.a(libc_a-signalr.o)
                0x06012328                _kill_r
                0x0601235c                _getpid_r
 .text          0x06012368       0x94 /home/toaster/Programming/Saturn/SaturnRingLib/Compiler/linux/sh2eb-elf/bin/../lib/gcc/sh-elf/14.2.0/../../../../sh-elf/lib/libc.a(libc_a-memcpy.o)
                0x06012368                memcpy
 .text          0x060123fc       0x40 /home/toaster/Programming/Saturn/SaturnRingLib/Compiler/linux/sh2eb-elf/bin/../lib/gcc/sh-elf/14.2.0/../../../../sh-elf/lib/libc.a(libc_a-memset.o)
                0x060123fc                memset
 .text          0x0601243c      0x194 /home/toaster/Programming/Saturn/SaturnRingLib/Compiler/linux/sh2eb-elf/bin/../lib/gcc/sh-elf/14.2.0/../../../../sh-elf/lib/libc.a(libc_a-mallocr.o)
                0x06012498                _malloc_r
 .text          0x060125d0        0x8 /home/toaster/Programming/Saturn/SaturnRingLib/Compiler/linux/sh2eb-elf/bin/../lib/gcc/sh-elf/14.2.0/../../../../sh-elf/lib/libc.a(libc_a-mlock.o)
                0x060125d0                __malloc_lock
                0x060125d4                __malloc_unlock
 .text          0x060125d8      0x42c /home/toaster/Programming/Saturn/SaturnRingLib/Compiler/linux/sh2eb-elf/bin/../lib/gcc/sh-elf/14.2.0/../../../../sh-elf/lib/libc.a(libc_a-nano-svfprintf.o)
                0x060125d8                __ssputs_r
                0x060126cc                __ssprint_r
                0x060127f4                _svfiprintf_r
                0x060127f4                _svfprintf_r
 .text          0x06012a04      0x374 /home/toaster/Programming/Saturn/SaturnRingLib/Compiler/linux/sh2eb-elf/bin/../lib/gcc/sh-elf/14.2.0/../../../../sh-elf/lib/libc.a(libc_a-nano-vfprintf_i.o)
                0x06012a04                _printf_common
                0x06012b04                _printf_i
 .text          0x06012d78      0x1fc /home/toaster/Programming/Saturn/SaturnRingLib/Compiler/linux/sh2eb-elf/bin/../lib/gcc/sh-elf/14.2.0/../../../../sh-elf/lib/libc.a(libc_a-findfp.o)
                0x06012e80                __sfp
                0x06012f4c                __sinit
 .text          0x06012f74       0x58 /home/toaster/Programming/Saturn/SaturnRingLib/Compiler/linux/sh2eb-elf/bin/../lib/gcc/sh-elf/14.2.0/../../../../sh-elf/lib/libc.a(libc_a-fwalk.o)
                0x06012f74                _fwalk_sglue
 .text          0x06012fcc       0xdc /home/toaster/Programming/Saturn/SaturnRingLib/Compiler/linux/sh2eb-elf/bin/../lib/gcc/sh-elf/14.2.0/../../../../sh-elf/lib/libc.a(libc_a-stdio.o)
                0x06012fcc                __sread
                0x06013004                __seofread
                0x06013008                __swrite
                0x06013058                __sseek
                0x06013098                __sclose
 .text          0x060130a8       0x1c /home/toaster/Programming/Saturn/SaturnRingLib/Compiler/linux/sh2eb-elf/bin/../lib/gcc/sh-elf/14.2.0/../../../../sh-elf/lib/libc.a(libc_a-memchr.o)
                0x060130a8                memchr
 .text          0x060130c4       0x3c /home/toaster/Programming/Saturn/SaturnRingLib/Compiler/linux/sh2eb-elf/bin/../lib/gcc/sh-elf/14.2.0/../../../../sh-elf/lib/libc.a(libc_a-memmove.o)
                0x060130c4                memmove
 .text          0x06013100       0x30 /home/toaster/Programming/Saturn/SaturnRingLib/Compiler/linux/sh2eb-elf/bin/../lib/gcc/sh-elf/14.2.0/../../../../sh-elf/lib/libc.a(libc_a-closer.o)
                0x06013100                _close_r
 .text          0x06013130       0xa4 /home/toaster/Programming/Saturn/SaturnRingLib/Compiler/linux/sh2eb-elf/bin/../lib/gcc/sh-elf/14.2.0/../../../../sh-elf/lib/libc.a(libc_a-reent.o)
                0x06013130                _reclaim_reent
 .text          0x060131d4       0x34 /home/toaster/Programming/Saturn/SaturnRingLib/Compiler/linux/sh2eb-elf/bin/../lib/gcc/sh-elf/14.2.0/../../../../sh-elf/lib/libc.a(libc_a-lseekr.o)
                0x060131d4                _lseek_r
 .text          0x06013208       0x34 /home/toaster/Programming/Saturn/SaturnRingLib/Compiler/linux/sh2eb-elf/bin/../lib/gcc/sh-elf/14.2.0/../../../../sh-elf/lib/libc.a(libc_a-readr.o)
                0x06013208                _read_r
 .text          0x0601323c       0x30 /home/toaster/Programming/Saturn/SaturnRingLib/Compiler/linux/sh2eb-elf/bin/../lib/gcc/sh-elf/14.2.0/../../../../sh-elf/lib/libc.a(libc_a-sbrkr.o)
                0x0601323c                _sbrk_r
 .text          0x0601326c       0x34 /home/toaster/Programming/Saturn/SaturnRingLib/Compiler/linux/sh2eb-elf/bin/../lib/gcc/sh-elf/14.2.0/../../../../sh-elf/lib/libc.a(libc_a-writer.o)
                0x0601326c                _write_r
 .text          0x060132a0       0xc4 /home/toaster/Programming/Saturn/SaturnRingLib/Compiler/linux/sh2eb-elf/bin/../lib/gcc/sh-elf/14.2.0/../../../../sh-elf/lib/libc.a(libc_a-freer.o)
                0x060132a0                _free_r
 .text          0x06013364       0x98 /home/toaster/Programming/Saturn/SaturnRingLib/Compiler/linux/sh2eb-elf/bin/../lib/gcc/sh-elf/14.2.0/../../../../sh-elf/lib/libc.a(libc_a-reallocr.o)
                0x06013364                _realloc_r
 .text          0x060133fc      0x1a8 /home/toaster/Programming/Saturn/SaturnRingLib/Compiler/linux/sh2eb-elf/bin/../lib/gcc/sh-elf/14.2.0/../../../../sh-elf/lib/libc.a(libc_a-fflush.o)
                0x060133fc                __sflush_r
                0x06013534                _fflush_r
                0x06013574                fflush
 .text          0x060135a4       0x16 /home/toaster/Programming/Saturn/SaturnRingLib/Compiler/linux/sh2eb-elf/bin/../lib/gcc/sh-elf/14.2.0/../../../../sh-elf/lib/libc.a(libc_a-msizer.o)
                0x060135a4                _malloc_usable_size_r
 *fill*         0x060135ba        0x2 
 .text          0x060135bc       0x10 /home/toaster/Programming/Saturn/SaturnRingLib/Compiler/linux/sh2eb-elf/bin/../lib/gcc/sh-elf/14.2.0/../../../../sh-elf/lib/libnosys.a(close.o)
                0x060135bc                _close
 .text          0x060135cc       0x10 /home/toaster/Programming/Saturn/SaturnRingLib/Compiler/linux/sh2eb-elf/bin/../lib/gcc/sh-elf/14.2.0/../../../../sh-elf/lib/libnosys.a(getpid.o)
                0x060135cc                _getpid
 .text          0x060135dc       0x10 /home/toaster/Programming/Saturn/SaturnRingLib/Compiler/linux/sh2eb-elf/bin/../lib/gcc/sh-elf/14.2.0/../../../../sh-elf/lib/libnosys.a(kill.o)
                0x060135dc                _kill
 .text          0x060135ec       0x10 /home/toaster/Programming/Saturn/SaturnRingLib/Compiler/linux/sh2eb-elf/bin/../lib/gcc/sh-elf/14.2.0/../../../../sh-elf/lib/libnosys.a(lseek.o)
                0x060135ec                _lseek
 .text          0x060135fc       0x10 /home/toaster/Programming/Saturn/SaturnRingLib/Compiler/linux/sh2eb-elf/bin/../lib/gcc/sh-elf/14.2.0/../../../../sh-elf/lib/libnosys.a(read.o)
                0x060135fc                _read
 .text          0x0601360c       0x18 /home/toaster/Programming/Saturn/SaturnRingLib/Compiler/linux/sh2eb-elf/bin/../lib/gcc/sh-elf/14.2.0/../../../../sh-elf/lib/libnosys.a(sbrk.o)
                0x0601360c                _sbrk
 .text          0x06013624       0x10 /home/toaster/Programming/Saturn/SaturnRingLib/Compiler/linux/sh2eb-elf/bin/../lib/gcc/sh-elf/14.2.0/../../../../sh-elf/lib/libnosys.a(write.o)
                0x06013624                _write
 .text          0x06013634        0x4 /home/toaster/Programming/Saturn/SaturnRingLib/Compiler/linux/sh2eb-elf/bin/../lib/gcc/sh-elf/14.2.0/../../../../sh-elf/lib/libnosys.a(_exit.o)
                0x06013634                _exit
 *(.strings*)
 *(SEGA_P)
 *(.eh_frame_hdr*)
 *(.eh_frame*)
                0x06013638                        __etext = .

COMMON          0x06013640       0x20
 *(COMMON)
 COMMON         0x06013640        0xc ../../saturnringlib/../modules/sgl/LIB/LIBCD.A(GFS.O)
                0x06013640                GFMC_base
                0x06013644                gfs_mng_ptr
                0x06013648                gfs_use_scudma
 COMMON         0x0601364c        0xc ../../saturnringlib/../modules/sgl/LIB/LIBCD.A(GFS_CDC.O)
                0x0601364c                gfcd_fatal_err
                0x06013650                gfcd_work
                0x06013654                gfcd_playflag
 COMMON         0x06013658        0x8 ../../saturnringlib/../modules/sgl/LIB/LIBCD.A(GFS_CDF.O)
                0x06013658                gfcf_fad
                0x0601365c                gfcf_stat

SLPROG          0x06013660     0xa1a0
                0x06013660                        __slprog_start = .
 *(SLPROG)
 SLPROG         0x06013660       0x20 ../../saturnringlib/../modules/sgl/LIB/LIBSGL.A(sglB001.o)
                0x06013660                slTVOn
                0x0601366a                slTVOff
 SLPROG         0x06013680       0x1e ../../saturnringlib/../modules/sgl/LIB/LIBSGL.A(sglB002.o)
                0x06013680                slColRAMMode
 *fill*         0x0601369e        0x2 
 SLPROG         0x060136a0       0x24 ../../saturnringlib/../modules/sgl/LIB/LIBSGL.A(sglB011.o)
                0x060136a0                slBitMapNbg1
 *fill*         0x060136c4        0xc 
 SLPROG         0x060136d0      0x40c ../../saturnringlib/../modules/sgl/LIB/LIBSGL.A(sglB015.o)
                0x060136d0                slScrAutoDisp
 *fill*         0x06013adc        0x4 
 SLPROG         0x06013ae0        0xc ../../saturnringlib/../modules/sgl/LIB/LIBSGL.A(sglB016.o)
                0x06013ae0                slBack1ColSet
 *fill*         0x06013aec        0x4 
 SLPROG         0x06013af0       0xb4 ../../saturnringlib/../modules/sgl/LIB/LIBSGL.A(sglB034.o)
                0x06013af0                slMapNbg3
 *fill*         0x06013ba4        0xc 
 SLPROG         0x06013bb0       0x70 ../../saturnringlib/../modules/sgl/LIB/LIBSGL.A(sglB038.o)
                0x06013bb0                slRparaInitSet
 SLPROG         0x06013c20       0x10 ../../saturnringlib/../modules/sgl/LIB/LIBSGL.A(sglB058.o)
                0x06013c20                slPlaneNbg3
 SLPROG         0x06013c30       0x14 ../../saturnringlib/../modules/sgl/LIB/LIBSGL.A(sglB061.o)
                0x06013c30                slBMPalette
 *fill*         0x06013c44        0xc 
 SLPROG         0x06013c50        0xc ../../saturnringlib/../modules/sgl/LIB/LIBSGL.A(sglB063.o)
                0x06013c50                slPriority
 *fill*         0x06013c5c        0x4 
 SLPROG         0x06013c60        0xc ../../saturnringlib/../modules/sgl/LIB/LIBSGL.A(sglB071.o)
                0x06013c60                slScrPosNbg1
 *fill*         0x06013c6c        0x4 
 SLPROG         0x06013c70      0x114 ../../saturnringlib/../modules/sgl/LIB/LIBSGL.A(sglB200.o)
                0x06013c70                slCharRbg0
                0x06013c7c                slCharNbg0
                0x06013c88                slCharNbg1
                0x06013c94                slCharNbg2
                0x06013caa                slCharNbg3
                0x06013cc2                slPageRbg0
                0x06013cd8                slPageNbg1
                0x06013ce0                slPageNbg2
                0x06013ce8                slPageNbg3
                0x06013cf4                slPageNbg0
 *fill*         0x06013d84        0xc 
 SLPROG         0x06013d90       0x2c ../../saturnringlib/../modules/sgl/LIB/LIBSGL.A(sglC04.o)
                0x06013d90                slZdspLevel
 *fill*         0x06013dbc        0x4 
 SLPROG         0x06013dc0       0x54 ../../saturnringlib/../modules/sgl/LIB/LIBSGL.A(sglC16.o)
                0x06013dc0                slDynamicFrame
 *fill*         0x06013e14        0xc 
 SLPROG         0x06013e20       0x4c ../../saturnringlib/../modules/sgl/LIB/LIBSGL.A(sglC17.o)
                0x06013e20                slDispSpriteHV
 *fill*         0x06013e6c        0x4 
 SLPROG         0x06013e70       0x40 ../../saturnringlib/../modules/sgl/LIB/LIBSGL.A(sglC20.o)
                0x06013e70                SpriteEntry
 SLPROG         0x06013eb0      0x4ae ../../saturnringlib/../modules/sgl/LIB/LIBSGL.A(sglC21.o)
                0x06013f38                RotSprite
                0x06013fc6                SetSprPosition
 *fill*         0x0601435e        0x2 
 SLPROG         0x06014360       0x84 ../../saturnringlib/../modules/sgl/LIB/LIBSGL.A(sglD00.o)
                0x06014360                slDMACopy
                0x06014360                slCpuDMACopy
                0x060143ba                slCashPurge
                0x060143ba                CSH_AllClr
 *fill*         0x060143e4        0xc 
 SLPROG         0x060143f0       0xa0 ../../saturnringlib/../modules/sgl/LIB/LIBSGL.A(sglD01.o)
                0x060143f0                slDMAXCopy
 SLPROG         0x06014490       0x10 ../../saturnringlib/../modules/sgl/LIB/LIBSGL.A(sglD02.o)
                0x06014490                slDMAWait
 SLPROG         0x060144a0        0xc ../../saturnringlib/../modules/sgl/LIB/LIBSGL.A(sglD03.o)
                0x060144a0                slDMAStatus
 *fill*         0x060144ac        0x4 
 SLPROG         0x060144b0       0x20 ../../saturnringlib/../modules/sgl/LIB/LIBSGL.A(sglD15.o)
                0x060144b0                CSH_Purge
 SLPROG         0x060144d0       0x84 ../../saturnringlib/../modules/sgl/LIB/LIBSGL.A(sglD16.o)
                0x060144d0                DMA_ScuSetPrm
                0x06014518                DMA_SCU_PRM0
 *fill*         0x06014554        0xc 
 SLPROG         0x06014560       0x88 ../../saturnringlib/../modules/sgl/LIB/LIBSGL.A(sglD17.o)
                0x06014560                DMA_ScuStart
 *fill*         0x060145e8        0x8 
 SLPROG         0x060145f0       0x34 ../../saturnringlib/../modules/sgl/LIB/LIBSGL.A(sglD18.o)
                0x060145f0                DMA_ScuGetStatus
 *fill*         0x06014624        0xc 
 SLPROG         0x06014630       0x4e ../../saturnringlib/../modules/sgl/LIB/LIBSGL.A(sglF00.o)
                0x06014630                slCurScrn
                0x06014640                slCurColor
                0x0601464a                slLocate
                0x0601467c                CurrentScreen
 *fill*         0x0601467e        0x2 
 SLPROG         0x06014680      0xfc8 ../../saturnringlib/../modules/sgl/LIB/LIBSGL.A(sglH00.o)
                0x06014698                slGetPortDir1
                0x060146a0                slGetPortDir2
                0x060146a8                slSetPortDir1
                0x060146d2                slSetPortDir2
                0x0601470c                slGetPortData1
                0x06014714                slGetPortData2
                0x0601471c                slSetPortData1
                0x06014726                slSetPortData2
                0x06014738                slGetPortSelect1
                0x06014742                slGetPortSelect2
                0x0601474c                slSetPortSelect1
                0x06014780                slSetPortSelect2
                0x060147bc                slGetPortExt1
                0x060147c6                slGetPortExt2
                0x060147d0                slSetPortExt1
                0x06014800                slSetPortExt2
                0x06014974                slSmpcDirectAccess
                0x060149f4                slInitPeripheral
                0x06014a86                slSetResultBuffer
                0x06014b12                slCheckIntBackSet
                0x06014b1e                slIntBackCancel
                0x06014b48                slCheckReset
                0x06014b52                slClearReset
                0x06014d18                slSmpcCashSend
                0x06014dd4                slSmpcCashBlow
                0x06014eb0                slGetOptimize
                0x06014eba                slSetOptimize
                0x06014ee0                slGetPortMode1
                0x06014eec                slGetPortMode2
                0x06014efa                slSetPortMode1
                0x06014f38                slSetPortMode2
                0x060150c4                slRequestCommand
                0x06015134                Smpc_Status
                0x06015138                Smpc_Result
                0x0601513c                Smpc_Peripheral
                0x06015142                Per_Connect1
                0x06015143                Per_Connect2
                0x06015164                SmpcStatusBuf
 *fill*         0x06015648        0x8 
 SLPROG         0x06015650      0x470 ../../saturnringlib/../modules/sgl/LIB/LIBSGL.A(sglH02.o)
                0x06015a40                smpc_pfr_tbl
                0x06015a80                smpc_ptf_tbl
 SLPROG         0x06015ac0       0x60 ../../saturnringlib/../modules/sgl/LIB/LIBSGL.A(sglH04.o)
                0x06015ac0                slComPrmIntBack
                0x06015ad4                slComPrmSetMemory
                0x06015aea                slComPrmSetTime
 SLPROG         0x06015b20      0x3a4 ../../saturnringlib/../modules/sgl/LIB/LIBSGL.A(sglI01.o)
                0x06015b20                slInitSynch
                0x06015b3a                slSynch
                0x06015c30                slRandom
                0x06015c4e                PCM_EndCheck
                0x06015d0a                RetPCMBuf
                0x06015da4                PCM_Buf
                0x06015e44                Sound_Buf
 *fill*         0x06015ec4        0xc 
 SLPROG         0x06015ed0       0x10 ../../saturnringlib/../modules/sgl/LIB/LIBSGL.A(sglI04.o)
                0x06015ed0                slIntFunction
 SLPROG         0x06015ee0       0x74 ../../saturnringlib/../modules/sgl/LIB/LIBSGL.A(sglJ00.o)
                0x06015ee0                InitSlaveSH
                0x06015f48                SlaveCommand
 *fill*         0x06015f54        0xc 
 SLPROG         0x06015f60      0x3d0 ../../saturnringlib/../modules/sgl/LIB/LIBSGL.A(sglJ01.o)
                0x06015f60                SlaveControl
                0x0601631c                ErasePolygonData
 SLPROG         0x06016330     0x12b8 ../../saturnringlib/../modules/sgl/LIB/LIBSGL.A(sglJ02.o)
                0x06016330                sbMakePolygon
                0x06016518                sbCalcPolygon
                0x06017250                SetTexture
                0x0601725c                SetPolygon
                0x06017264                SetPosition
                0x0601729c                stvtc_4
                0x06017354                stvtc_3
                0x06017564                stvtc_1
                0x06017578                stvtc_2
                0x0601758c                stvtc_0
 *fill*         0x060175e8        0x8 
 SLPROG         0x060175f0      0x140 ../../saturnringlib/../modules/sgl/LIB/LIBSGL.A(sglJ03.o)
                0x060175f0                sbMakeDMATable
 SLPROG         0x06017730      0x470 ../../saturnringlib/../modules/sgl/LIB/LIBSGL.A(sglJ04.o)
                0x0601778e                sbMakeSprite
                0x060177f4                sbMakeRotSprite
 SLPROG         0x06017ba0       0x3c ../../saturnringlib/../modules/sgl/LIB/LIBSGL.A(sglJ05.o)
                0x06017ba0                sbSortEntry
 *fill*         0x06017bdc        0x4 
 SLPROG         0x06017be0       0x6a ../../saturnringlib/../modules/sgl/LIB/LIBSGL.A(sglM01.o)
                0x06017be0                slSetDepthLimit
                0x06017c0c                slSetDepthTbl
                0x06017c3c                DepthWorkArea
 *fill*         0x06017c4a        0x6 
 SLPROG         0x06017c50       0x20 ../../saturnringlib/../modules/sgl/LIB/LIBSGL.A(sglA00.o)
                0x06017c50                set_imask
                0x06017c50                _builtin_set_imask
                0x06017c64                get_imask
                0x06017c64                _builtin_get_imask
 SLPROG         0x06017c70     0x411e ../../saturnringlib/../modules/sgl/LIB/LIBSGL.A(sglA01.o)
                0x06017c70                slSin
                0x06017c94                slCos
                0x06017cb8                GetSinCos
                0x06017d4c                sin_cos_index_tbl
                0x06017d8c                sin_tbl
 *fill*         0x0601bd8e        0x2 
 SLPROG         0x0601bd90      0x42c ../../saturnringlib/../modules/sgl/LIB/LIBSGL.A(sglA20.o)
                0x0601bd90                slInitMatrix
                0x0601bd9a                slPushUnitMatrix
                0x0601bdae                slUnitMatrix
 *fill*         0x0601c1bc        0x4 
 SLPROG         0x0601c1c0      0xbd0 ../../saturnringlib/../modules/sgl/LIB/LIBSGL.A(sglB000.o)
                0x0601c1c0                slInitScroll
                0x0601c2e0                setASC_1to8
                0x0601c310                setASC_4to8
                0x0601c420                TVSizeTbl
                0x0601c4a0                TVModeTbl
                0x0601c678                SGL_ASCII_CG
 SLPROG         0x0601cd90       0xd4 ../../saturnringlib/../modules/sgl/LIB/LIBSGL.A(sglB035.o)
                0x0601cd90                sl1MapRA
                0x0601ce22                rbank_set
 *fill*         0x0601ce64        0xc 
 SLPROG         0x0601ce70      0x134 ../../saturnringlib/../modules/sgl/LIB/LIBSGL.A(sglC00.o)
                0x0601ce70                slInitSprite
 *fill*         0x0601cfa4        0xc 
 SLPROG         0x0601cfb0      0x75c ../../saturnringlib/../modules/sgl/LIB/LIBSGL.A(sglI00.o)
                0x0601d2a0                slInitInterrupt
 *fill*         0x0601d70c        0x4 
 SLPROG         0x0601d710       0xf0 ../../saturnringlib/../modules/sgl/LIB/LIBSGL.A(sglH03.o)
                0x0601d774                slSmpcIntBack
                0x0601d800                        __slprog_end = .

.tors           0x0601d800       0x20
                0x0601d800                        ___ctors = .
 *(.ctors*)
 .ctors         0x0601d800        0x4 src/main.o
 .ctors         0x0601d804        0x4 src/scenes/title_screen.o
 .ctors         0x0601d808        0x4 src/scenes/start_cave.o
 .ctors         0x0601d80c        0x4 src/objects/player.o
                0x0601d810                        ___ctors_end = .
                0x0601d810                        ___dtors = .
 *(.dtors*)
 .dtors         0x0601d810        0x4 src/main.o
 .dtors         0x0601d814        0x4 src/scenes/title_screen.o
 .dtors         0x0601d818        0x4 src/scenes/start_cave.o
 .dtors         0x0601d81c        0x4 src/objects/player.o
                0x0601d820                        ___dtors_end = .

.data           0x0601d820      0x480
 *(.data*)
 .data          0x0601d820       0x28 ../../saturnringlib/../modules/sgl/LIB/../SRC/workarea.o
                0x0601d820                PCM_Work
                0x0601d824                SlaveStack
                0x0601d828                TransList
                0x0601d82c                MasterStack
                0x0601d830                SortList
                0x0601d834                Zbuffer
                0x0601d838                SpriteBuf
                0x0601d83c                Pbuffer
                0x0601d840                CLOfstBuf
                0x0601d844                CommandBuf
 .data          0x0601d848        0x0 ../../saturnringlib/../modules/sgl/SRC/preloader.o
 .data          0x0601d848        0x0 src/main.o
 .data._ZZN3SRL5Input3Gun11SynchronizeEvE14secondPlayerId
                0x0601d848        0x1 src/main.o
                0x0601d848                SRL::Input::Gun::Synchronize()::secondPlayerId
 .data._ZZN3SRL5Input3Gun11SynchronizeEvE13firstPlayerId
                0x0601d849        0x1 src/main.o
                0x0601d849                SRL::Input::Gun::Synchronize()::firstPlayerId
 *fill*         0x0601d84a        0x2 
 .data._ZN3SRL5Input10Management11PeripheralsE
                0x0601d84c      0x120 src/main.o
                0x0601d84c                SRL::Input::Management::Peripherals
 .data._ZN3SRL5Input10Management24PeripheralsPreviousStateE
                0x0601d96c      0x120 src/main.o
                0x0601d96c                SRL::Input::Management::PeripheralsPreviousState
 .data._ZN3SRL4VDP213ActiveScrollsE
                0x0601da8c        0x2 src/main.o
                0x0601da8c                SRL::VDP2::ActiveScrolls
 .data._ZN3SRL5ASCII7maxFontE
                0x0601da8e        0x1 src/main.o
                0x0601da8e                SRL::ASCII::maxFont
 .data._ZN3SRL5ASCII12maxYPositionE
                0x0601da8f        0x1 src/main.o
                0x0601da8f                SRL::ASCII::maxYPosition
 .data._ZN3SRL5ASCII12maxXPositionE
                0x0601da90        0x1 src/main.o
                0x0601da90                SRL::ASCII::maxXPosition
 *fill*         0x0601da91        0x1 
 .data._ZN3SRL5ASCII8fontBankE
                0x0601da92        0x2 src/main.o
                0x0601da92                SRL::ASCII::fontBank
 .data._ZN3SRL5ASCII9colorBankE
                0x0601da94        0x2 src/main.o
                0x0601da94                SRL::ASCII::colorBank
 *fill*         0x0601da96        0x2 
 .data._ZN3SRL5ASCII7tileMapE
                0x0601da98        0x4 src/main.o
                0x0601da98                SRL::ASCII::tileMap
 .data._ZN3SRL4CRAM11BaseAddressE
                0x0601da9c        0x4 src/main.o
                0x0601da9c                SRL::CRAM::BaseAddress
 .data          0x0601daa0        0x0 src/scenes/title_screen.o
 .data          0x0601daa0        0x0 src/scenes/start_cave.o
 .data._ZN3SRL4VDP212ScrollScreenINS0_4NBG1ELs0ELt2EE13CellAllocSizeE
                0x0601daa0        0x4 src/scenes/start_cave.o
                0x0601daa0                SRL::VDP2::ScrollScreen<SRL::VDP2::NBG1, (short)0, (unsigned short)2>::CellAllocSize
 .data._ZN3SRL4VDP212ScrollScreenINS0_4NBG1ELs0ELt2EE11CellAddressE
                0x0601daa4        0x4 src/scenes/start_cave.o
                0x0601daa4                SRL::VDP2::ScrollScreen<SRL::VDP2::NBG1, (short)0, (unsigned short)2>::CellAddress
 .data._ZN3SRL4VDP24VRAM10bankCyclesE
                0x0601daa8        0x4 src/scenes/start_cave.o
                0x0601daa8                SRL::VDP2::VRAM::bankCycles
 .data._ZN3SRL4VDP24VRAM10currentTopE
                0x0601daac       0x10 src/scenes/start_cave.o
                0x0601daac                SRL::VDP2::VRAM::currentTop
 .data._ZN3SRL4VDP24VRAM10currentBotE
                0x0601dabc       0x10 src/scenes/start_cave.o
                0x0601dabc                SRL::VDP2::VRAM::currentBot
 .data._ZN3SRL4VDP24VRAM7bankTopE
                0x0601dacc       0x10 src/scenes/start_cave.o
                0x0601dacc                SRL::VDP2::VRAM::bankTop
 .data._ZN3SRL4VDP24VRAM7bankBotE
                0x0601dadc       0x10 src/scenes/start_cave.o
                0x0601dadc                SRL::VDP2::VRAM::bankBot
 .data          0x0601daec        0x0 src/objects/player.o
 *fill*         0x0601daec        0x4 
 .data          0x0601daf0        0x0 ../../saturnringlib/../modules/sgl/LIB/LIBCD.A(GFS.O)
 .data          0x0601daf0        0x0 ../../saturnringlib/../modules/sgl/LIB/LIBCD.A(GFS_BUF.O)
 .data          0x0601daf0        0x0 ../../saturnringlib/../modules/sgl/LIB/LIBCD.A(GFS_CDB.O)
 .data          0x0601daf0        0x0 ../../saturnringlib/../modules/sgl/LIB/LIBCD.A(GFS_CDC.O)
 .data          0x0601daf0        0x0 ../../saturnringlib/../modules/sgl/LIB/LIBCD.A(GFS_CDF.O)
 .data          0x0601daf0        0x0 ../../saturnringlib/../modules/sgl/LIB/LIBCD.A(GFS_DIR.O)
 .data          0x0601daf0        0x0 ../../saturnringlib/../modules/sgl/LIB/LIBCD.A(GFS_TRN.O)
 .data          0x0601daf0        0x0 ../../saturnringlib/../modules/sgl/LIB/LIBCD.A(CDC_CMN.O)
 .data          0x0601daf0        0x0 ../../saturnringlib/../modules/sgl/LIB/LIBCD.A(CDC_DRV.O)
 .data          0x0601daf0        0x0 ../../saturnringlib/../modules/sgl/LIB/LIBCD.A(CDC_DEV.O)
 .data          0x0601daf0        0x0 ../../saturnringlib/../modules/sgl/LIB/LIBCD.A(CDC_SEL.O)
 .data          0x0601daf0        0x0 ../../saturnringlib/../modules/sgl/LIB/LIBCD.A(CDC_BIF.O)
 .data          0x0601daf0        0x0 ../../saturnringlib/../modules/sgl/LIB/LIBCD.A(CDC_BIO.O)
 .data          0x0601daf0        0x0 ../../saturnringlib/../modules/sgl/LIB/LIBCD.A(CDC_CFS.O)
 .data          0x0601daf0        0x0 ../../saturnringlib/../modules/sgl/LIB/LIBCD.A(CDC_REG.O)
 .data          0x0601daf0        0x0 ../../saturnringlib/../modules/sgl/LIB/LIBCD.A(CDC_SUB.O)
 .data          0x0601daf0        0x0 ../../saturnringlib/../modules/sgl/LIB/LIBSGL.A(sglB001.o)
 .data          0x0601daf0        0x0 ../../saturnringlib/../modules/sgl/LIB/LIBSGL.A(sglB002.o)
 .data          0x0601daf0        0x0 ../../saturnringlib/../modules/sgl/LIB/LIBSGL.A(sglB011.o)
 .data          0x0601daf0        0x0 ../../saturnringlib/../modules/sgl/LIB/LIBSGL.A(sglB015.o)
 .data          0x0601daf0        0x0 ../../saturnringlib/../modules/sgl/LIB/LIBSGL.A(sglB016.o)
 .data          0x0601daf0        0x0 ../../saturnringlib/../modules/sgl/LIB/LIBSGL.A(sglB034.o)
 .data          0x0601daf0        0x0 ../../saturnringlib/../modules/sgl/LIB/LIBSGL.A(sglB038.o)
 .data          0x0601daf0        0x0 ../../saturnringlib/../modules/sgl/LIB/LIBSGL.A(sglB058.o)
 .data          0x0601daf0        0x0 ../../saturnringlib/../modules/sgl/LIB/LIBSGL.A(sglB061.o)
 .data          0x0601daf0        0x0 ../../saturnringlib/../modules/sgl/LIB/LIBSGL.A(sglB063.o)
 .data          0x0601daf0        0x0 ../../saturnringlib/../modules/sgl/LIB/LIBSGL.A(sglB071.o)
 .data          0x0601daf0        0x0 ../../saturnringlib/../modules/sgl/LIB/LIBSGL.A(sglB200.o)
 .data          0x0601daf0        0x0 ../../saturnringlib/../modules/sgl/LIB/LIBSGL.A(sglC04.o)
 .data          0x0601daf0        0x0 ../../saturnringlib/../modules/sgl/LIB/LIBSGL.A(sglC16.o)
 .data          0x0601daf0        0x0 ../../saturnringlib/../modules/sgl/LIB/LIBSGL.A(sglC17.o)
 .data          0x0601daf0        0x0 ../../saturnringlib/../modules/sgl/LIB/LIBSGL.A(sglC20.o)
 .data          0x0601daf0        0x0 ../../saturnringlib/../modules/sgl/LIB/LIBSGL.A(sglC21.o)
 .data          0x0601daf0        0x0 ../../saturnringlib/../modules/sgl/LIB/LIBSGL.A(sglD00.o)
 .data          0x0601daf0        0x0 ../../saturnringlib/../modules/sgl/LIB/LIBSGL.A(sglD01.o)
 .data          0x0601daf0        0x0 ../../saturnringlib/../modules/sgl/LIB/LIBSGL.A(sglD02.o)
 .data          0x0601daf0        0x0 ../../saturnringlib/../modules/sgl/LIB/LIBSGL.A(sglD03.o)
 .data          0x0601daf0        0x0 ../../saturnringlib/../modules/sgl/LIB/LIBSGL.A(sglD15.o)
 .data          0x0601daf0        0x0 ../../saturnringlib/../modules/sgl/LIB/LIBSGL.A(sglD16.o)
 .data          0x0601daf0        0x0 ../../saturnringlib/../modules/sgl/LIB/LIBSGL.A(sglD17.o)
 .data          0x0601daf0        0x0 ../../saturnringlib/../modules/sgl/LIB/LIBSGL.A(sglD18.o)
 .data          0x0601daf0        0x0 ../../saturnringlib/../modules/sgl/LIB/LIBSGL.A(sglF00.o)
 .data          0x0601daf0        0x0 ../../saturnringlib/../modules/sgl/LIB/LIBSGL.A(sglH00.o)
 .data          0x0601daf0        0x0 ../../saturnringlib/../modules/sgl/LIB/LIBSGL.A(sglH02.o)
 .data          0x0601daf0        0x0 ../../saturnringlib/../modules/sgl/LIB/LIBSGL.A(sglH04.o)
 .data          0x0601daf0        0x0 ../../saturnringlib/../modules/sgl/LIB/LIBSGL.A(sglI01.o)
 .data          0x0601daf0        0x0 ../../saturnringlib/../modules/sgl/LIB/LIBSGL.A(sglI04.o)
 .data          0x0601daf0       0x80 ../../saturnringlib/../modules/sgl/LIB/LIBSGL.A(sglIc0.o)
                0x0601daf0                IntPrioMask
 .data          0x0601db70        0x0 ../../saturnringlib/../modules/sgl/LIB/LIBSGL.A(sglJ00.o)
 .data          0x0601db70        0x0 ../../saturnringlib/../modules/sgl/LIB/LIBSGL.A(sglJ01.o)
 .data          0x0601db70        0x0 ../../saturnringlib/../modules/sgl/LIB/LIBSGL.A(sglJ02.o)
 .data          0x0601db70        0x0 ../../saturnringlib/../modules/sgl/LIB/LIBSGL.A(sglJ03.o)
 .data          0x0601db70        0x0 ../../saturnringlib/../modules/sgl/LIB/LIBSGL.A(sglJ04.o)
 .data          0x0601db70        0x0 ../../saturnringlib/../modules/sgl/LIB/LIBSGL.A(sglJ05.o)
 .data          0x0601db70        0x0 ../../saturnringlib/../modules/sgl/LIB/LIBSGL.A(sglK01.o)
 .data          0x0601db70        0x0 ../../saturnringlib/../modules/sgl/LIB/LIBSGL.A(sglM01.o)
 .data          0x0601db70        0x0 ../../saturnringlib/../modules/sgl/LIB/LIBSGL.A(sglA00.o)
 .data          0x0601db70        0x0 ../../saturnringlib/../modules/sgl/LIB/LIBSGL.A(sglA01.o)
 .data          0x0601db70        0x0 ../../saturnringlib/../modules/sgl/LIB/LIBSGL.A(sglA20.o)
 .data          0x0601db70        0x0 ../../saturnringlib/../modules/sgl/LIB/LIBSGL.A(sglB000.o)
 .data          0x0601db70        0x0 ../../saturnringlib/../modules/sgl/LIB/LIBSGL.A(sglB035.o)
 .data          0x0601db70        0x0 ../../saturnringlib/../modules/sgl/LIB/LIBSGL.A(sglC00.o)
 .data          0x0601db70        0x0 ../../saturnringlib/../modules/sgl/LIB/LIBSGL.A(sglI00.o)
 .data          0x0601db70        0x0 ../../saturnringlib/../modules/sgl/LIB/LIBSGL.A(sglH03.o)
 .data          0x0601db70        0x0 /home/toaster/Programming/Saturn/SaturnRingLib/Compiler/linux/sh2eb-elf/bin/../lib/gcc/sh-elf/14.2.0/libgcc.a(_ashiftrt.o)
 .data          0x0601db70        0x0 /home/toaster/Programming/Saturn/SaturnRingLib/Compiler/linux/sh2eb-elf/bin/../lib/gcc/sh-elf/14.2.0/libgcc.a(_ashiftrt_n.o)
 .data          0x0601db70        0x0 /home/toaster/Programming/Saturn/SaturnRingLib/Compiler/linux/sh2eb-elf/bin/../lib/gcc/sh-elf/14.2.0/libgcc.a(_ashiftlt.o)
 .data          0x0601db70        0x0 /home/toaster/Programming/Saturn/SaturnRingLib/Compiler/linux/sh2eb-elf/bin/../lib/gcc/sh-elf/14.2.0/libgcc.a(_lshiftrt.o)
 .data          0x0601db70        0x0 /home/toaster/Programming/Saturn/SaturnRingLib/Compiler/linux/sh2eb-elf/bin/../lib/gcc/sh-elf/14.2.0/libgcc.a(_sdivsi3.o)
 .data          0x0601db70        0x0 /home/toaster/Programming/Saturn/SaturnRingLib/Compiler/linux/sh2eb-elf/bin/../lib/gcc/sh-elf/14.2.0/libgcc.a(_udivsi3.o)
 .data          0x0601db70        0x0 /home/toaster/Programming/Saturn/SaturnRingLib/Compiler/linux/sh2eb-elf/bin/../lib/gcc/sh-elf/14.2.0/../../../../sh-elf/lib/libc.a(libc_a-abort.o)
 .data          0x0601db70        0x0 /home/toaster/Programming/Saturn/SaturnRingLib/Compiler/linux/sh2eb-elf/bin/../lib/gcc/sh-elf/14.2.0/../../../../sh-elf/lib/libc.a(libc_a-snprintf.o)
 .data          0x0601db70        0x0 /home/toaster/Programming/Saturn/SaturnRingLib/Compiler/linux/sh2eb-elf/bin/../lib/gcc/sh-elf/14.2.0/../../../../sh-elf/lib/libc.a(libc_a-memcmp.o)
 .data          0x0601db70        0x0 /home/toaster/Programming/Saturn/SaturnRingLib/Compiler/linux/sh2eb-elf/bin/../lib/gcc/sh-elf/14.2.0/../../../../sh-elf/lib/libc.a(libc_a-strncmp.o)
 .data          0x0601db70        0x0 /home/toaster/Programming/Saturn/SaturnRingLib/Compiler/linux/sh2eb-elf/bin/../lib/gcc/sh-elf/14.2.0/../../../../sh-elf/lib/libc.a(libc_a-strncpy.o)
 .data          0x0601db70        0x0 /home/toaster/Programming/Saturn/SaturnRingLib/Compiler/linux/sh2eb-elf/bin/../lib/gcc/sh-elf/14.2.0/../../../../sh-elf/lib/libc.a(libc_a-signal.o)
 .data          0x0601db70      0x120 /home/toaster/Programming/Saturn/SaturnRingLib/Compiler/linux/sh2eb-elf/bin/../lib/gcc/sh-elf/14.2.0/../../../../sh-elf/lib/libc.a(libc_a-impure.o)
                0x0601db70                _impure_ptr
                0x0601db74                _impure_data
 .data          0x0601dc90        0x0 /home/toaster/Programming/Saturn/SaturnRingLib/Compiler/linux/sh2eb-elf/bin/../lib/gcc/sh-elf/14.2.0/../../../../sh-elf/lib/libc.a(libc_a-signalr.o)
 .data          0x0601dc90        0x0 /home/toaster/Programming/Saturn/SaturnRingLib/Compiler/linux/sh2eb-elf/bin/../lib/gcc/sh-elf/14.2.0/../../../../sh-elf/lib/libc.a(libc_a-memcpy.o)
 .data          0x0601dc90        0x0 /home/toaster/Programming/Saturn/SaturnRingLib/Compiler/linux/sh2eb-elf/bin/../lib/gcc/sh-elf/14.2.0/../../../../sh-elf/lib/libc.a(libc_a-memset.o)
 .data          0x0601dc90        0x0 /home/toaster/Programming/Saturn/SaturnRingLib/Compiler/linux/sh2eb-elf/bin/../lib/gcc/sh-elf/14.2.0/../../../../sh-elf/lib/libc.a(libc_a-mallocr.o)
 .data          0x0601dc90        0x0 /home/toaster/Programming/Saturn/SaturnRingLib/Compiler/linux/sh2eb-elf/bin/../lib/gcc/sh-elf/14.2.0/../../../../sh-elf/lib/libc.a(libc_a-mlock.o)
 .data          0x0601dc90        0x0 /home/toaster/Programming/Saturn/SaturnRingLib/Compiler/linux/sh2eb-elf/bin/../lib/gcc/sh-elf/14.2.0/../../../../sh-elf/lib/libc.a(libc_a-nano-svfprintf.o)
 .data          0x0601dc90        0x0 /home/toaster/Programming/Saturn/SaturnRingLib/Compiler/linux/sh2eb-elf/bin/../lib/gcc/sh-elf/14.2.0/../../../../sh-elf/lib/libc.a(libc_a-nano-vfprintf_i.o)
 .data          0x0601dc90        0xc /home/toaster/Programming/Saturn/SaturnRingLib/Compiler/linux/sh2eb-elf/bin/../lib/gcc/sh-elf/14.2.0/../../../../sh-elf/lib/libc.a(libc_a-findfp.o)
                0x0601dc90                __sglue
 .data          0x0601dc9c        0x0 /home/toaster/Programming/Saturn/SaturnRingLib/Compiler/linux/sh2eb-elf/bin/../lib/gcc/sh-elf/14.2.0/../../../../sh-elf/lib/libc.a(libc_a-fwalk.o)
 .data          0x0601dc9c        0x0 /home/toaster/Programming/Saturn/SaturnRingLib/Compiler/linux/sh2eb-elf/bin/../lib/gcc/sh-elf/14.2.0/../../../../sh-elf/lib/libc.a(libc_a-stdio.o)
 .data          0x0601dc9c        0x0 /home/toaster/Programming/Saturn/SaturnRingLib/Compiler/linux/sh2eb-elf/bin/../lib/gcc/sh-elf/14.2.0/../../../../sh-elf/lib/libc.a(libc_a-memchr.o)
 .data          0x0601dc9c        0x0 /home/toaster/Programming/Saturn/SaturnRingLib/Compiler/linux/sh2eb-elf/bin/../lib/gcc/sh-elf/14.2.0/../../../../sh-elf/lib/libc.a(libc_a-memmove.o)
 .data          0x0601dc9c        0x0 /home/toaster/Programming/Saturn/SaturnRingLib/Compiler/linux/sh2eb-elf/bin/../lib/gcc/sh-elf/14.2.0/../../../../sh-elf/lib/libc.a(libc_a-closer.o)
 .data          0x0601dc9c        0x0 /home/toaster/Programming/Saturn/SaturnRingLib/Compiler/linux/sh2eb-elf/bin/../lib/gcc/sh-elf/14.2.0/../../../../sh-elf/lib/libc.a(libc_a-reent.o)
 .data          0x0601dc9c        0x0 /home/toaster/Programming/Saturn/SaturnRingLib/Compiler/linux/sh2eb-elf/bin/../lib/gcc/sh-elf/14.2.0/../../../../sh-elf/lib/libc.a(libc_a-lseekr.o)
 .data          0x0601dc9c        0x0 /home/toaster/Programming/Saturn/SaturnRingLib/Compiler/linux/sh2eb-elf/bin/../lib/gcc/sh-elf/14.2.0/../../../../sh-elf/lib/libc.a(libc_a-readr.o)
 .data          0x0601dc9c        0x0 /home/toaster/Programming/Saturn/SaturnRingLib/Compiler/linux/sh2eb-elf/bin/../lib/gcc/sh-elf/14.2.0/../../../../sh-elf/lib/libc.a(libc_a-sbrkr.o)
 .data          0x0601dc9c        0x0 /home/toaster/Programming/Saturn/SaturnRingLib/Compiler/linux/sh2eb-elf/bin/../lib/gcc/sh-elf/14.2.0/../../../../sh-elf/lib/libc.a(libc_a-writer.o)
 .data          0x0601dc9c        0x0 /home/toaster/Programming/Saturn/SaturnRingLib/Compiler/linux/sh2eb-elf/bin/../lib/gcc/sh-elf/14.2.0/../../../../sh-elf/lib/libc.a(libc_a-freer.o)
 .data          0x0601dc9c        0x0 /home/toaster/Programming/Saturn/SaturnRingLib/Compiler/linux/sh2eb-elf/bin/../lib/gcc/sh-elf/14.2.0/../../../../sh-elf/lib/libc.a(libc_a-reallocr.o)
 .data          0x0601dc9c        0x0 /home/toaster/Programming/Saturn/SaturnRingLib/Compiler/linux/sh2eb-elf/bin/../lib/gcc/sh-elf/14.2.0/../../../../sh-elf/lib/libc.a(libc_a-fflush.o)
 .data          0x0601dc9c        0x0 /home/toaster/Programming/Saturn/SaturnRingLib/Compiler/linux/sh2eb-elf/bin/../lib/gcc/sh-elf/14.2.0/../../../../sh-elf/lib/libc.a(libc_a-msizer.o)
 .data          0x0601dc9c        0x0 /home/toaster/Programming/Saturn/SaturnRingLib/Compiler/linux/sh2eb-elf/bin/../lib/gcc/sh-elf/14.2.0/../../../../sh-elf/lib/libnosys.a(close.o)
 .data          0x0601dc9c        0x0 /home/toaster/Programming/Saturn/SaturnRingLib/Compiler/linux/sh2eb-elf/bin/../lib/gcc/sh-elf/14.2.0/../../../../sh-elf/lib/libnosys.a(getpid.o)
 .data          0x0601dc9c        0x0 /home/toaster/Programming/Saturn/SaturnRingLib/Compiler/linux/sh2eb-elf/bin/../lib/gcc/sh-elf/14.2.0/../../../../sh-elf/lib/libnosys.a(kill.o)
 .data          0x0601dc9c        0x0 /home/toaster/Programming/Saturn/SaturnRingLib/Compiler/linux/sh2eb-elf/bin/../lib/gcc/sh-elf/14.2.0/../../../../sh-elf/lib/libnosys.a(lseek.o)
 .data          0x0601dc9c        0x0 /home/toaster/Programming/Saturn/SaturnRingLib/Compiler/linux/sh2eb-elf/bin/../lib/gcc/sh-elf/14.2.0/../../../../sh-elf/lib/libnosys.a(read.o)
 .data          0x0601dc9c        0x0 /home/toaster/Programming/Saturn/SaturnRingLib/Compiler/linux/sh2eb-elf/bin/../lib/gcc/sh-elf/14.2.0/../../../../sh-elf/lib/libnosys.a(sbrk.o)
 .data          0x0601dc9c        0x0 /home/toaster/Programming/Saturn/SaturnRingLib/Compiler/linux/sh2eb-elf/bin/../lib/gcc/sh-elf/14.2.0/../../../../sh-elf/lib/libnosys.a(write.o)
 .data          0x0601dc9c        0x0 /home/toaster/Programming/Saturn/SaturnRingLib/Compiler/linux/sh2eb-elf/bin/../lib/gcc/sh-elf/14.2.0/../../../../sh-elf/lib/libnosys.a(_exit.o)
                0x0601dc9c                        __edata = .

.rodata         0x0601dca0      0x660
 *(.rodata*)
 .rodata        0x0601dca0       0x18 ../../saturnringlib/../modules/sgl/LIB/../SRC/workarea.o
                0x0601dca0                PCM_WkSize
                0x0601dca4                MaxVertices
                0x0601dca6                MaxPolygons
                0x0601dca8                SortListSize
                0x0601dcac                SpriteBufSize
                0x0601dcb0                EventSize
                0x0601dcb2                MaxEvents
                0x0601dcb4                WorkSize
                0x0601dcb6                MaxWorks
 .rodata.str1.4
                0x0601dcb8       0x27 src/main.o
 *fill*         0x0601dcdf        0x1 
 .rodata._ZN3SRL6string10snprintfExEPciPKcz.str1.4
                0x0601dce0        0xb src/scenes/title_screen.o
 *fill*         0x0601dceb        0x1 
 .rodata._ZN3SRL5Debug12AssertScreenIJEEEvPKcS3_S3_DpT_.str1.4
                0x0601dcec       0x41 src/scenes/title_screen.o
 *fill*         0x0601dd2d        0x3 
 .rodata._ZN3SRL6Bitmap3TGA8LoadDataEPNS_2Cd4FileEPNS1_14LoaderSettingsE.str1.4
                0x0601dd30       0xdb src/scenes/title_screen.o
 *fill*         0x0601de0b        0x1 
 .rodata.str1.4
                0x0601de0c       0x50 src/scenes/title_screen.o
 .rodata._ZTVN3SRL6Bitmap3TGAE
                0x0601de5c       0x18 src/scenes/title_screen.o
                0x0601de5c                vtable for SRL::Bitmap::TGA
 .rodata._ZN3SRL6string10snprintfExEPciPKcz.str1.4
                0x0601de74        0xb src/scenes/start_cave.o
 *fill*         0x0601de7f        0x1 
 .rodata._ZN3SRL5Debug12AssertScreenIJEEEvPKcS3_S3_DpT_.str1.4
                0x0601de80       0x41 src/scenes/start_cave.o
 *fill*         0x0601dec1        0x3 
 .rodata._ZN3SRL6Bitmap3TGA8LoadDataEPNS_2Cd4FileEPNS1_14LoaderSettingsE.str1.4
                0x0601dec4       0xdb src/scenes/start_cave.o
 *fill*         0x0601df9f        0x1 
 .rodata._ZN3SRL4VDP29BmpScreenINS0_4NBG1ELs0ELt2EE10LoadBitmapEPNS_6Bitmap7IBitmapE.str1.4
                0x0601dfa0      0x14d src/scenes/start_cave.o
 *fill*         0x0601e0ed        0x3 
 .rodata.str1.4
                0x0601e0f0       0x5b src/scenes/start_cave.o
 *fill*         0x0601e14b        0x1 
 .rodata._ZZN3SRL4VDP215GetSGLColorModeENS_4CRAM16TextureColorModeEE8sglColor
                0x0601e14c        0x7 src/scenes/start_cave.o
                0x0601e14c                SRL::VDP2::GetSGLColorMode(SRL::CRAM::TextureColorMode)::sglColor
 *fill*         0x0601e153        0x1 
 .rodata._ZN3SRL6string10snprintfExEPciPKcz.str1.4
                0x0601e154        0xb src/objects/player.o
 *fill*         0x0601e15f        0x1 
 .rodata._ZN3SRL5Debug12AssertScreenIJEEEvPKcS3_S3_DpT_.str1.4
                0x0601e160       0x41 src/objects/player.o
 *fill*         0x0601e1a1        0x3 
 .rodata._ZN3SRL6Bitmap3TGA8LoadDataEPNS_2Cd4FileEPNS1_14LoaderSettingsE.str1.4
                0x0601e1a4       0xdb src/objects/player.o
 *fill*         0x0601e27f        0x1 
 .rodata.str1.4
                0x0601e280       0x42 src/objects/player.o
 *fill*         0x0601e2c2        0x2 
 .rodata.str1.4
                0x0601e2c4       0x13 /home/toaster/Programming/Saturn/SaturnRingLib/Compiler/linux/sh2eb-elf/bin/../lib/gcc/sh-elf/14.2.0/../../../../sh-elf/lib/libc.a(libc_a-nano-svfprintf.o)
 *fill*         0x0601e2d7        0x1 
 .rodata.str1.4
                0x0601e2d8       0x25 /home/toaster/Programming/Saturn/SaturnRingLib/Compiler/linux/sh2eb-elf/bin/../lib/gcc/sh-elf/14.2.0/../../../../sh-elf/lib/libc.a(libc_a-nano-vfprintf_i.o)

.bss            0x0601e300     0x2d30
                0x0601e300                        __bstart = .
 *(.bss*)
 .bss           0x0601e300       0xc8 ../../saturnringlib/../modules/sgl/LIB/../SRC/workarea.o
                0x0601e300                RemainWork
                0x0601e304                WorkBuf
                0x0601e344                RemainEvent
                0x0601e348                EventBuf
 .bss           0x0601e3c8        0x0 ../../saturnringlib/../modules/sgl/SRC/preloader.o
 .bss._ZN3SRL6Memory10LowWorkRam4zoneE
                0x0601e3c8        0x8 ../../saturnringlib/../modules/sgl/SRC/preloader.o
                0x0601e3c8                SRL::Memory::LowWorkRam::zone
 .bss._ZN3SRL6Memory11HighWorkRam4zoneE
                0x0601e3d0        0x8 ../../saturnringlib/../modules/sgl/SRC/preloader.o
                0x0601e3d0                SRL::Memory::HighWorkRam::zone
 .bss           0x0601e3d8        0x0 src/main.o
 .bss._ZGVN3SRL4Core8OnVblankE
                0x0601e3d8        0x8 src/main.o
                0x0601e3d8                guard variable for SRL::Core::OnVblank
 .bss._ZGVN3SRL4Core12OnBeforeSyncE
                0x0601e3e0        0x8 src/main.o
                0x0601e3e0                guard variable for SRL::Core::OnBeforeSync
 .bss._ZGVN3SRL4Core11OnAfterSyncE
                0x0601e3e8        0x8 src/main.o
                0x0601e3e8                guard variable for SRL::Core::OnAfterSync
 .bss._ZGVN3SRL4VDP212ScrollScreenINS0_4RBG0ELs5ELt16EE11TilePaletteE
                0x0601e3f0        0x8 src/main.o
                0x0601e3f0                guard variable for SRL::VDP2::ScrollScreen<SRL::VDP2::RBG0, (short)5, (unsigned short)16>::TilePalette
 .bss._ZGVN3SRL4VDP212ScrollScreenINS0_4NBG3ELs2ELt8EE11TilePaletteE
                0x0601e3f8        0x8 src/main.o
                0x0601e3f8                guard variable for SRL::VDP2::ScrollScreen<SRL::VDP2::NBG3, (short)2, (unsigned short)8>::TilePalette
 .bss._ZGVN3SRL4VDP212ScrollScreenINS0_4NBG2ELs3ELt4EE11TilePaletteE
                0x0601e400        0x8 src/main.o
                0x0601e400                guard variable for SRL::VDP2::ScrollScreen<SRL::VDP2::NBG2, (short)3, (unsigned short)4>::TilePalette
 .bss._ZGVN3SRL4VDP212ScrollScreenINS0_4NBG1ELs0ELt2EE11TilePaletteE
                0x0601e408        0x8 src/main.o
                0x0601e408                guard variable for SRL::VDP2::ScrollScreen<SRL::VDP2::NBG1, (short)0, (unsigned short)2>::TilePalette
 .bss._ZGVN3SRL4VDP212ScrollScreenINS0_4NBG0ELs1ELt1EE11TilePaletteE
                0x0601e410        0x8 src/main.o
                0x0601e410                guard variable for SRL::VDP2::ScrollScreen<SRL::VDP2::NBG0, (short)1, (unsigned short)1>::TilePalette
 .bss._ZGVN3SRL4VDP18MetadataE
                0x0601e418        0x8 src/main.o
                0x0601e418                guard variable for SRL::VDP1::Metadata
 .bss._ZGVN3SRL4VDP18TexturesE
                0x0601e420        0x8 src/main.o
                0x0601e420                guard variable for SRL::VDP1::Textures
 .bss._ZN3SRL4Core8OnVblankE
                0x0601e428       0x18 src/main.o
                0x0601e428                SRL::Core::OnVblank
 .bss._ZN3SRL4Core12OnBeforeSyncE
                0x0601e440       0x18 src/main.o
                0x0601e440                SRL::Core::OnBeforeSync
 .bss._ZN3SRL4Core11OnAfterSyncE
                0x0601e458       0x18 src/main.o
                0x0601e458                SRL::Core::OnAfterSync
 .bss._ZN3SRL5Input3Gun26Player2MegadriveGunControlE
                0x0601e470        0x1 src/main.o
                0x0601e470                SRL::Input::Gun::Player2MegadriveGunControl
 .bss._ZN3SRL5Input3Gun26Player1MegadriveGunControlE
                0x0601e471        0x1 src/main.o
                0x0601e471                SRL::Input::Gun::Player1MegadriveGunControl
 *fill*         0x0601e472        0x2 
 .bss._ZN3SRL4VDP212ScrollScreenINS0_4RBG0ELs5ELt16EE11TilePaletteE
                0x0601e474        0x8 src/main.o
                0x0601e474                SRL::VDP2::ScrollScreen<SRL::VDP2::RBG0, (short)5, (unsigned short)16>::TilePalette
 .bss._ZN3SRL4VDP212ScrollScreenINS0_4NBG3ELs2ELt8EE11TilePaletteE
                0x0601e47c        0x8 src/main.o
                0x0601e47c                SRL::VDP2::ScrollScreen<SRL::VDP2::NBG3, (short)2, (unsigned short)8>::TilePalette
 .bss._ZN3SRL4VDP212ScrollScreenINS0_4NBG2ELs3ELt4EE11TilePaletteE
                0x0601e484        0x8 src/main.o
                0x0601e484                SRL::VDP2::ScrollScreen<SRL::VDP2::NBG2, (short)3, (unsigned short)4>::TilePalette
 .bss._ZN3SRL4VDP212ScrollScreenINS0_4NBG1ELs0ELt2EE11TilePaletteE
                0x0601e48c        0x8 src/main.o
                0x0601e48c                SRL::VDP2::ScrollScreen<SRL::VDP2::NBG1, (short)0, (unsigned short)2>::TilePalette
 .bss._ZN3SRL4VDP212ScrollScreenINS0_4NBG0ELs1ELt1EE11TilePaletteE
                0x0601e494        0x8 src/main.o
                0x0601e494                SRL::VDP2::ScrollScreen<SRL::VDP2::NBG0, (short)1, (unsigned short)1>::TilePalette
 .bss._ZN3SRL4VDP18MetadataE
                0x0601e49c      0x190 src/main.o
                0x0601e49c                SRL::VDP1::Metadata
 .bss._ZN3SRL4VDP18TexturesE
                0x0601e62c      0x320 src/main.o
                0x0601e62c                SRL::VDP1::Textures
 .bss._ZN3SRL2Cd13isInitializedE
                0x0601e94c        0x1 src/main.o
                0x0601e94c                SRL::Cd::isInitialized
 *fill*         0x0601e94d        0x3 
 .bss._ZN3SRL2Cd7GfsWorkE
                0x0601e950      0xd08 src/main.o
                0x0601e950                SRL::Cd::GfsWork
 .bss._ZN3SRL2Cd17GfsDirectoryNamesE
                0x0601f658     0x1800 src/main.o
                0x0601f658                SRL::Cd::GfsDirectoryNames
 .bss._ZN3SRL2Cd14GfsDirectoriesE
                0x06020e58        0xc src/main.o
                0x06020e58                SRL::Cd::GfsDirectories
 .bss._ZN3SRL4CRAM14AllocationMaskE
                0x06020e64       0x10 src/main.o
                0x06020e64                SRL::CRAM::AllocationMask
 .bss._ZN3SRL2TV10ResolutionE
                0x06020e74        0x4 src/main.o
                0x06020e74                SRL::TV::Resolution
 .bss._ZN3SRL2TV6HeightE
                0x06020e78        0x2 src/main.o
                0x06020e78                SRL::TV::Height
 .bss._ZN3SRL2TV5WidthE
                0x06020e7a        0x2 src/main.o
                0x06020e7a                SRL::TV::Width
 .bss           0x06020e7c        0x0 src/scenes/title_screen.o
 .bss._ZN3SRL7Scene2D7EffectsE
                0x06020e7c        0x4 src/scenes/title_screen.o
                0x06020e7c                SRL::Scene2D::Effects
 .bss._ZN3SRL4VDP111HeapPointerE
                0x06020e80        0x2 src/scenes/title_screen.o
                0x06020e80                SRL::VDP1::HeapPointer
 *fill*         0x06020e82        0x2 
 .bss._ZN3SRL5Debug10lineBufferE
                0x06020e84       0x2d src/scenes/title_screen.o
                0x06020e84                SRL::Debug::lineBuffer
 .bss._ZN3SRL5Debug13oldPrintColorE
                0x06020eb1        0x1 src/scenes/title_screen.o
                0x06020eb1                SRL::Debug::oldPrintColor
 .bss._ZN3SRL5Debug10printColorE
                0x06020eb2        0x1 src/scenes/title_screen.o
                0x06020eb2                SRL::Debug::printColor
 .bss           0x06020eb3        0x0 src/scenes/start_cave.o
 .bss           0x06020eb3        0x0 src/objects/player.o
 *fill*         0x06020eb3        0xd 
 .bss           0x06020ec0        0x0 ../../saturnringlib/../modules/sgl/LIB/LIBCD.A(GFS.O)
 .bss           0x06020ec0        0x0 ../../saturnringlib/../modules/sgl/LIB/LIBCD.A(GFS_BUF.O)
 .bss           0x06020ec0        0x0 ../../saturnringlib/../modules/sgl/LIB/LIBCD.A(GFS_CDB.O)
 .bss           0x06020ec0        0x0 ../../saturnringlib/../modules/sgl/LIB/LIBCD.A(GFS_CDC.O)
 .bss           0x06020ec0        0x0 ../../saturnringlib/../modules/sgl/LIB/LIBCD.A(GFS_CDF.O)
 .bss           0x06020ec0        0x0 ../../saturnringlib/../modules/sgl/LIB/LIBCD.A(GFS_DIR.O)
 .bss           0x06020ec0        0xc ../../saturnringlib/../modules/sgl/LIB/LIBCD.A(GFS_TRN.O)
 *fill*         0x06020ecc        0x4 
 .bss           0x06020ed0        0x0 ../../saturnringlib/../modules/sgl/LIB/LIBCD.A(CDC_CMN.O)
 .bss           0x06020ed0        0x0 ../../saturnringlib/../modules/sgl/LIB/LIBCD.A(CDC_DRV.O)
 .bss           0x06020ed0        0x0 ../../saturnringlib/../modules/sgl/LIB/LIBCD.A(CDC_DEV.O)
 .bss           0x06020ed0        0x0 ../../saturnringlib/../modules/sgl/LIB/LIBCD.A(CDC_SEL.O)
 .bss           0x06020ed0        0x0 ../../saturnringlib/../modules/sgl/LIB/LIBCD.A(CDC_BIF.O)
 .bss           0x06020ed0        0x0 ../../saturnringlib/../modules/sgl/LIB/LIBCD.A(CDC_BIO.O)
 .bss           0x06020ed0        0x0 ../../saturnringlib/../modules/sgl/LIB/LIBCD.A(CDC_CFS.O)
 .bss           0x06020ed0        0x2 ../../saturnringlib/../modules/sgl/LIB/LIBCD.A(CDC_REG.O)
 *fill*         0x06020ed2        0xe 
 .bss           0x06020ee0        0xc ../../saturnringlib/../modules/sgl/LIB/LIBCD.A(CDC_SUB.O)
 *fill*         0x06020eec        0x4 
 .bss           0x06020ef0        0x0 ../../saturnringlib/../modules/sgl/LIB/LIBSGL.A(sglB001.o)
 .bss           0x06020ef0        0x0 ../../saturnringlib/../modules/sgl/LIB/LIBSGL.A(sglB002.o)
 .bss           0x06020ef0        0x0 ../../saturnringlib/../modules/sgl/LIB/LIBSGL.A(sglB011.o)
 .bss           0x06020ef0        0x0 ../../saturnringlib/../modules/sgl/LIB/LIBSGL.A(sglB015.o)
 .bss           0x06020ef0        0x0 ../../saturnringlib/../modules/sgl/LIB/LIBSGL.A(sglB016.o)
 .bss           0x06020ef0        0x0 ../../saturnringlib/../modules/sgl/LIB/LIBSGL.A(sglB034.o)
 .bss           0x06020ef0        0x0 ../../saturnringlib/../modules/sgl/LIB/LIBSGL.A(sglB038.o)
 .bss           0x06020ef0        0x0 ../../saturnringlib/../modules/sgl/LIB/LIBSGL.A(sglB058.o)
 .bss           0x06020ef0        0x0 ../../saturnringlib/../modules/sgl/LIB/LIBSGL.A(sglB061.o)
 .bss           0x06020ef0        0x0 ../../saturnringlib/../modules/sgl/LIB/LIBSGL.A(sglB063.o)
 .bss           0x06020ef0        0x0 ../../saturnringlib/../modules/sgl/LIB/LIBSGL.A(sglB071.o)
 .bss           0x06020ef0        0x0 ../../saturnringlib/../modules/sgl/LIB/LIBSGL.A(sglB200.o)
 .bss           0x06020ef0        0x0 ../../saturnringlib/../modules/sgl/LIB/LIBSGL.A(sglC04.o)
 .bss           0x06020ef0        0x0 ../../saturnringlib/../modules/sgl/LIB/LIBSGL.A(sglC16.o)
 .bss           0x06020ef0        0x0 ../../saturnringlib/../modules/sgl/LIB/LIBSGL.A(sglC17.o)
 .bss           0x06020ef0        0x0 ../../saturnringlib/../modules/sgl/LIB/LIBSGL.A(sglC20.o)
 .bss           0x06020ef0        0x0 ../../saturnringlib/../modules/sgl/LIB/LIBSGL.A(sglC21.o)
 .bss           0x06020ef0        0x0 ../../saturnringlib/../modules/sgl/LIB/LIBSGL.A(sglD00.o)
 .bss           0x06020ef0        0x0 ../../saturnringlib/../modules/sgl/LIB/LIBSGL.A(sglD01.o)
 .bss           0x06020ef0        0x0 ../../saturnringlib/../modules/sgl/LIB/LIBSGL.A(sglD02.o)
 .bss           0x06020ef0        0x0 ../../saturnringlib/../modules/sgl/LIB/LIBSGL.A(sglD03.o)
 .bss           0x06020ef0        0x0 ../../saturnringlib/../modules/sgl/LIB/LIBSGL.A(sglD15.o)
 .bss           0x06020ef0        0x0 ../../saturnringlib/../modules/sgl/LIB/LIBSGL.A(sglD16.o)
 .bss           0x06020ef0        0x0 ../../saturnringlib/../modules/sgl/LIB/LIBSGL.A(sglD17.o)
 .bss           0x06020ef0        0x0 ../../saturnringlib/../modules/sgl/LIB/LIBSGL.A(sglD18.o)
 .bss           0x06020ef0        0x0 ../../saturnringlib/../modules/sgl/LIB/LIBSGL.A(sglF00.o)
 .bss           0x06020ef0        0x0 ../../saturnringlib/../modules/sgl/LIB/LIBSGL.A(sglH00.o)
 .bss           0x06020ef0        0x0 ../../saturnringlib/../modules/sgl/LIB/LIBSGL.A(sglH02.o)
 .bss           0x06020ef0        0x0 ../../saturnringlib/../modules/sgl/LIB/LIBSGL.A(sglH04.o)
 .bss           0x06020ef0        0x0 ../../saturnringlib/../modules/sgl/LIB/LIBSGL.A(sglI01.o)
 .bss           0x06020ef0        0x0 ../../saturnringlib/../modules/sgl/LIB/LIBSGL.A(sglI04.o)
 .bss           0x06020ef0        0x0 ../../saturnringlib/../modules/sgl/LIB/LIBSGL.A(sglIc0.o)
 .bss           0x06020ef0        0x0 ../../saturnringlib/../modules/sgl/LIB/LIBSGL.A(sglJ00.o)
 .bss           0x06020ef0        0x0 ../../saturnringlib/../modules/sgl/LIB/LIBSGL.A(sglJ01.o)
 .bss           0x06020ef0        0x0 ../../saturnringlib/../modules/sgl/LIB/LIBSGL.A(sglJ02.o)
 .bss           0x06020ef0        0x0 ../../saturnringlib/../modules/sgl/LIB/LIBSGL.A(sglJ03.o)
 .bss           0x06020ef0        0x0 ../../saturnringlib/../modules/sgl/LIB/LIBSGL.A(sglJ04.o)
 .bss           0x06020ef0        0x0 ../../saturnringlib/../modules/sgl/LIB/LIBSGL.A(sglJ05.o)
 .bss           0x06020ef0        0x0 ../../saturnringlib/../modules/sgl/LIB/LIBSGL.A(sglK01.o)
 .bss           0x06020ef0        0x0 ../../saturnringlib/../modules/sgl/LIB/LIBSGL.A(sglM01.o)
 .bss           0x06020ef0        0x0 ../../saturnringlib/../modules/sgl/LIB/LIBSGL.A(sglA00.o)
 .bss           0x06020ef0        0x0 ../../saturnringlib/../modules/sgl/LIB/LIBSGL.A(sglA01.o)
 .bss           0x06020ef0        0x0 ../../saturnringlib/../modules/sgl/LIB/LIBSGL.A(sglA20.o)
 .bss           0x06020ef0        0x0 ../../saturnringlib/../modules/sgl/LIB/LIBSGL.A(sglB000.o)
 .bss           0x06020ef0        0x0 ../../saturnringlib/../modules/sgl/LIB/LIBSGL.A(sglB035.o)
 .bss           0x06020ef0        0x0 ../../saturnringlib/../modules/sgl/LIB/LIBSGL.A(sglC00.o)
 .bss           0x06020ef0        0x0 ../../saturnringlib/../modules/sgl/LIB/LIBSGL.A(sglI00.o)
 .bss           0x06020ef0        0x0 ../../saturnringlib/../modules/sgl/LIB/LIBSGL.A(sglH03.o)
 .bss           0x06020ef0        0x0 /home/toaster/Programming/Saturn/SaturnRingLib/Compiler/linux/sh2eb-elf/bin/../lib/gcc/sh-elf/14.2.0/libgcc.a(_ashiftrt.o)
 .bss           0x06020ef0        0x0 /home/toaster/Programming/Saturn/SaturnRingLib/Compiler/linux/sh2eb-elf/bin/../lib/gcc/sh-elf/14.2.0/libgcc.a(_ashiftrt_n.o)
 .bss           0x06020ef0        0x0 /home/toaster/Programming/Saturn/SaturnRingLib/Compiler/linux/sh2eb-elf/bin/../lib/gcc/sh-elf/14.2.0/libgcc.a(_ashiftlt.o)
 .bss           0x06020ef0        0x0 /home/toaster/Programming/Saturn/SaturnRingLib/Compiler/linux/sh2eb-elf/bin/../lib/gcc/sh-elf/14.2.0/libgcc.a(_lshiftrt.o)