Archive member included to satisfy reference by file (symbol)

../../saturnringlib/../modules/sgl/LIB/LIBCD.A(GFS.O)
                              src/main.o (GFS_Init)
../../saturnringlib/../modules/sgl/LIB/LIBCD.A(GFS_BUF.O)
                              ../../saturnringlib/../modules/sgl/LIB/LIBCD.A(GFS.O) (GFBF_GetNumData)
../../saturnringlib/../modules/sgl/LIB/LIBCD.A(GFS_CDB.O)
                              ../../saturnringlib/../modules/sgl/LIB/LIBCD.A(GFS.O) (GFCB_Close)
../../saturnringlib/../modules/sgl/LIB/LIBCD.A(GFS_CDC.O)
                              ../../saturnringlib/../modules/sgl/LIB/LIBCD.A(GFS.O) (GFCD_SetCdbfs)
../../saturnringlib/../modules/sgl/LIB/LIBCD.A(GFS_CDF.O)
                              ../../saturnringlib/../modules/sgl/LIB/LIBCD.A(GFS.O) (GFCF_Init)
../../saturnringlib/../modules/sgl/LIB/LIBCD.A(GFS_DIR.O)
                              ../../saturnringlib/../modules/sgl/LIB/LIBCD.A(GFS.O) (GFDR_SetupDirTbl)
../../saturnringlib/../modules/sgl/LIB/LIBCD.A(GFS_TRN.O)
                              ../../saturnringlib/../modules/sgl/LIB/LIBCD.A(GFS.O) (GFTR_Setup)
../../saturnringlib/../modules/sgl/LIB/LIBCD.A(CDC_CMN.O)
                              ../../saturnringlib/../modules/sgl/LIB/LIBCD.A(GFS_CDC.O) (CDC_GetCurStat)
../../saturnringlib/../modules/sgl/LIB/LIBCD.A(CDC_DRV.O)
                              ../../saturnringlib/../modules/sgl/LIB/LIBCD.A(GFS_CDC.O) (CDC_CdPlay)
../../saturnringlib/../modules/sgl/LIB/LIBCD.A(CDC_DEV.O)
                              ../../saturnringlib/../modules/sgl/LIB/LIBCD.A(GFS_CDC.O) (CDC_CdSetCon)
../../saturnringlib/../modules/sgl/LIB/LIBCD.A(CDC_SEL.O)
                              ../../saturnringlib/../modules/sgl/LIB/LIBCD.A(GFS_CDC.O) (CDC_SetFiltRange)
../../saturnringlib/../modules/sgl/LIB/LIBCD.A(CDC_BIF.O)
                              ../../saturnringlib/../modules/sgl/LIB/LIBCD.A(GFS_CDC.O) (CDC_GetBufSiz)
../../saturnringlib/../modules/sgl/LIB/LIBCD.A(CDC_BIO.O)
                              ../../saturnringlib/../modules/sgl/LIB/LIBCD.A(GFS_CDC.O) (CDC_SetSctLen)
../../saturnringlib/../modules/sgl/LIB/LIBCD.A(CDC_CFS.O)
                              ../../saturnringlib/../modules/sgl/LIB/LIBCD.A(GFS_CDC.O) (CDC_ChgDir)
../../saturnringlib/../modules/sgl/LIB/LIBCD.A(CDC_REG.O)
                              ../../saturnringlib/../modules/sgl/LIB/LIBCD.A(GFS_CDB.O) (CDC_GetDataPtr)
../../saturnringlib/../modules/sgl/LIB/LIBCD.A(CDC_SUB.O)
                              ../../saturnringlib/../modules/sgl/LIB/LIBCD.A(CDC_CMN.O) (CDSUB_UpdStatus)
../../saturnringlib/../modules/sgl/LIB/LIBSGL.A(sglB001.o)
                              src/main.o (slTVOn)
../../saturnringlib/../modules/sgl/LIB/LIBSGL.A(sglB002.o)
                              src/main.o (slColRAMMode)
../../saturnringlib/../modules/sgl/LIB/LIBSGL.A(sglB015.o)
                              src/main.o (slScrAutoDisp)
../../saturnringlib/../modules/sgl/LIB/LIBSGL.A(sglB016.o)
                              src/main.o (slBack1ColSet)
../../saturnringlib/../modules/sgl/LIB/LIBSGL.A(sglB034.o)
                              src/main.o (slMapNbg3)
../../saturnringlib/../modules/sgl/LIB/LIBSGL.A(sglB038.o)
                              src/main.o (slRparaInitSet)
../../saturnringlib/../modules/sgl/LIB/LIBSGL.A(sglB058.o)
                              src/main.o (slPlaneNbg3)
../../saturnringlib/../modules/sgl/LIB/LIBSGL.A(sglB063.o)
                              src/main.o (slPriority)
../../saturnringlib/../modules/sgl/LIB/LIBSGL.A(sglB200.o)
                              src/main.o (slCharNbg3)
../../saturnringlib/../modules/sgl/LIB/LIBSGL.A(sglC04.o)
                              src/main.o (slZdspLevel)
../../saturnringlib/../modules/sgl/LIB/LIBSGL.A(sglC16.o)
                              src/main.o (slDynamicFrame)
../../saturnringlib/../modules/sgl/LIB/LIBSGL.A(sglC17.o)
                              src/scenes/title_screen.o (slDispSpriteHV)
../../saturnringlib/../modules/sgl/LIB/LIBSGL.A(sglC20.o)
                              ../../saturnringlib/../modules/sgl/LIB/LIBSGL.A(sglC17.o) (SpriteEntry)
../../saturnringlib/../modules/sgl/LIB/LIBSGL.A(sglC21.o)
                              ../../saturnringlib/../modules/sgl/LIB/LIBSGL.A(sglC17.o) (RotSprite)
../../saturnringlib/../modules/sgl/LIB/LIBSGL.A(sglD00.o)
                              src/main.o (slDMACopy)
../../saturnringlib/../modules/sgl/LIB/LIBSGL.A(sglD01.o)
                              ../../saturnringlib/../modules/sgl/LIB/LIBCD.A(GFS_TRN.O) (slDMAXCopy)
../../saturnringlib/../modules/sgl/LIB/LIBSGL.A(sglD02.o)
                              src/main.o (slDMAWait)
../../saturnringlib/../modules/sgl/LIB/LIBSGL.A(sglD03.o)
                              ../../saturnringlib/../modules/sgl/LIB/LIBCD.A(GFS_TRN.O) (slDMAStatus)
../../saturnringlib/../modules/sgl/LIB/LIBSGL.A(sglD15.o)
                              ../../saturnringlib/../modules/sgl/LIB/LIBCD.A(GFS_TRN.O) (CSH_Purge)
[...]
Memory Configuration

Name             Origin             Length             Attributes
*default*        0x00000000         0xffffffff

Linker script and memory map


PRELOADER       0x06004000       0xd0
                0x06004000                        ___Preloader = .
 *(PRELOADER)
 PRELOADER      0x06004000       0xc4 ../../saturnringlib/../modules/sgl/SRC/preloader.o
                0x06004000                PreLoader

SLSTART         0x060040d0       0x30
                0x060040d0                        ___Start = .
 *(SLSTART)
 SLSTART        0x060040d0       0x28 ../../saturnringlib/../modules/sgl/LIB/LIBSGL.A(sglI00.o)
                0x060040d0                SGL_Start
                0x060040d2                slStartSGL

.text           0x06004100     0xdc50
 *(.text*)
 .text          0x06004100        0x0 ../../saturnringlib/../modules/sgl/LIB/../SRC/workarea.o
 .text          0x06004100        0x4 ../../saturnringlib/../modules/sgl/SRC/preloader.o
                0x06004100                __cxa_pure_virtual
 .text          0x06004104        0x4 src/main.o
 .text._ZN3SRL4Core14VblankHandlingEv
                0x06004108      0x158 src/main.o
                0x06004108                SRL::Core::VblankHandling()
 .text._ZN3SRL6Memory4FreeEPv
                0x06004260      0x114 src/main.o
                0x06004260                SRL::Memory::Free(void*)
 .text._ZN3SRL2TV13SetScreenSizeENS0_11ResolutionsE
                0x06004374      0x170 src/main.o
                0x06004374                SRL::TV::SetScreenSize(SRL::TV::Resolutions)
 .text._ZN3SRL4VDP210InitializeERKNS_5Types9HighColorE
                0x060044e4      0x1a0 src/main.o
                0x060044e4                SRL::VDP2::Initialize(SRL::Types::HighColor const&)
 .text._ZN3SRL5Input3Gun11SynchronizeEv
                0x06004684      0x1d0 src/main.o
                0x06004684                SRL::Input::Gun::Synchronize()
 .text.startup  0x06004854      0x420 src/main.o
                0x06004854                main
 .text._ZN3SRL5Types5EventIJEEC2Ev
                0x06004c74      0x17c src/main.o
                0x06004c74                SRL::Types::Event<>::Event()
                0x06004c74                SRL::Types::Event<>::Event()
 .text._ZN3SRL5Types5EventIJEED2Ev
                0x06004df0      0x1d0 src/main.o
                0x06004df0                SRL::Types::Event<>::~Event()
                0x06004df0                SRL::Types::Event<>::~Event()
 .text.exit     0x06004fc0       0x90 src/main.o
 .text          0x06005050      0x860 src/scenes/title_screen.o
                0x06005054                LoadGraphics()
                0x060053b4                title()
 .text._ZN3SRL6Bitmap3TGA7GetDataEv
                0x060058b0        0x4 src/scenes/title_screen.o
                0x060058b0                SRL::Bitmap::TGA::GetData()
 .text._ZNK3SRL6Bitmap3TGA7GetInfoEv
                0x060058b4       0x4c src/scenes/title_screen.o
                0x060058b4                SRL::Bitmap::TGA::GetInfo() const
 .text._ZN3SRL4Math5Types3FxpC2ERKS2_
                0x06005900        0x8 src/scenes/title_screen.o
                0x06005900                SRL::Math::Types::Fxp::Fxp(SRL::Math::Types::Fxp const&)
                0x06005900                SRL::Math::Types::Fxp::Fxp(SRL::Math::Types::Fxp const&)
 .text._ZNK3SRL4Math5Types3Fxp8RawValueEv
                0x06005908        0x4 src/scenes/title_screen.o
                0x06005908                SRL::Math::Types::Fxp::RawValue() const
 .text._ZN3SRL6Bitmap3TGAD2Ev
                0x0600590c       0x54 src/scenes/title_screen.o
                0x0600590c                SRL::Bitmap::TGA::~TGA()
                0x0600590c                SRL::Bitmap::TGA::~TGA()
 .text._ZN3SRL6Bitmap3TGAD0Ev
                0x06005960       0x50 src/scenes/title_screen.o
                0x06005960                SRL::Bitmap::TGA::~TGA()
 .text._ZN3SRL6Memory15PlacementMallocEjm
                0x060059b0      0x19c src/scenes/title_screen.o
                0x060059b0                SRL::Memory::PlacementMalloc(unsigned int, unsigned long)
 .text._ZN3SRL6string10snprintfExEPciPKcz
                0x06005b4c      0x394 src/scenes/title_screen.o
                0x06005b4c                SRL::string::snprintfEx(char*, int, char const*, ...)
 .text._ZN3SRL6Bitmap3TGA13DecodePaletteEPhPKNS1_9TgaHeaderEl
                0x06005ee0      0x4b8 src/scenes/title_screen.o
                0x06005ee0                SRL::Bitmap::TGA::DecodePalette(unsigned char*, SRL::Bitmap::TGA::TgaHeader const*, long)
 .text._ZN3SRL6Bitmap3TGA17DecodeRlePalettedEPhPKNS1_9TgaHeaderERNS1_8ForRangeES7_
                0x06006398      0x330 src/scenes/title_screen.o
                0x06006398                SRL::Bitmap::TGA::DecodeRlePaletted(unsigned char*, SRL::Bitmap::TGA::TgaHeader const*, SRL::Bitmap::TGA::ForRange&, SRL::Bitmap::TGA::ForRange&)
 .text._ZN3SRL5Debug12AssertScreenIJEEEvPKcS3_S3_DpT_
                0x060066c8      0x718 src/scenes/title_screen.o
                0x060066c8                void SRL::Debug::AssertScreen<>(char const*, char const*, char const*)
 .text._ZN3SRL5Debug12AssertScreenIJPKcEEEvS3_S3_S3_DpT_
                0x06006de0      0x82c src/scenes/title_screen.o
                0x06006de0                void SRL::Debug::AssertScreen<char const*>(char const*, char const*, char const*, char const*)
 .text._ZN3SRL5Debug12AssertScreenIJssEEEvPKcS3_S3_DpT_
                0x0600760c      0x840 src/scenes/title_screen.o
                0x0600760c                void SRL::Debug::AssertScreen<short, short>(char const*, char const*, char const*, short, short)
 .text._ZN3SRL5Debug12AssertScreenIJaEEEvPKcS3_S3_DpT_
                0x06007e4c      0x830 src/scenes/title_screen.o
                0x06007e4c                void SRL::Debug::AssertScreen<signed char>(char const*, char const*, char const*, signed char)
 .text._ZN3SRL6Bitmap3TGA8LoadDataEPNS_2Cd4FileEPNS1_14LoaderSettingsE
                0x0600867c      0xca4 src/scenes/title_screen.o
                0x0600867c                SRL::Bitmap::TGA::LoadData(SRL::Cd::File*, SRL::Bitmap::TGA::LoaderSettings*)
 .text.startup  0x06009320      0x1e4 src/scenes/title_screen.o
 .text.exit     0x06009504       0x90 src/scenes/title_screen.o
 .text          0x06009594        0x4 src/scenes/start_cave.o
 .text.startup  0x06009598      0x1e4 src/scenes/start_cave.o
 .text.exit     0x0600977c       0x90 src/scenes/start_cave.o
 .text          0x0600980c        0x0 src/objects/player.o
 *fill*         0x0600980c        0x4 
 .text          0x06009810     0x1adc ../../saturnringlib/../modules/sgl/LIB/LIBCD.A(GFS.O)
                0x06009810                gfs_version
                0x06009830                GFS_Init
                0x06009918                GFS_LoadDir
                0x060099c0                GFS_SetDir
                0x06009a28                GFS_NameToId
                0x06009a8c                GFS_IdToName
                0x06009af8                GFS_GetDirInfo
                0x06009b68                GFS_Reset
                0x06009bec                GFS_Open
                0x06009ca0                GFS_Close
                0x06009cd8                GFS_Seek
                0x06009d8c                GFS_Tell
                0x06009ddc                GFS_IsEof
                0x06009e30                GFS_ByteToSct
                0x06009e8c                GFS_GetFileSize
                0x06009ee8                GFS_GetFileInfo
                0x06009f5c                GFS_GetNumCdbuf
                0x06009f84                GFS_Load
                0x0600a048                GFS_Fread
                0x0600a0e4                gfs_waitRead
                0x0600a18c                GFS_NwFread
                0x0600a298                GFS_NwCdRead
                0x0600a310                GFS_NwIsComplete
                0x0600a348                GFS_NwStop
                0x0600a3b4                GFS_NwGetStat
                0x0600a430                gfs_recovRdErr
                0x0600a460                GFS_NwExecOne
                0x0600a520                GFS_NwExecServer
                0x0600a59c                GFS_SetGmode
                0x0600a600                GFS_SetTmode
                0x0600a66c                GFS_SetReadPara
                0x0600a6d0                GFS_SetTransPara
                0x0600a73c                GFS_SetTrFunc
                0x0600a7a0                GFS_StartTrans
                0x0600a7ec                GFS_CdMovePickup
                0x0600a858                GFS_SetErrFunc
                0x0600a884                GFS_GetErrStat
                0x0600a8a8                GFS_ConvTno
                0x0600a8d0                gfs_chgRoot
                0x0600a99c                gfs_aborttrans
                0x0600a9a8                gfs_mngSetupFuncTbl
                0x0600a9dc                gfs_mngInitWork
                0x0600aa80                gfs_mngGetNumFile
                0x0600aae8                GFS_mngAllocGrp
                0x0600ab30                gfs_mngFreeGrp
                0x0600ab3c                gfs_mngTermAccess
                0x0600abc0                gfs_mngSetErrCode
                0x0600ac40                gfs_svrSearchHndl
                0x0600ac80                gfs_svrAddHndl
                0x0600acbc                gfs_svrRemoveHndl
                0x0600ad18                GFS_OpenSub
                0x0600ad70                gfs_loadVol
                0x0600ae34                gfs_getRootDir
                0x0600af30                gfs_loadRootDir
                0x0600afb8                gfs_flowIn
                0x0600b060                gfs_transData
                0x0600b104                GFS_GetFad
                0x0600b15c                gfs_SetSct
                0x0600b19c                gfs_GetFinfo
                0x0600b1dc                gfs_closeSub
                0x0600b218                gfs_getGmode
                0x0600b224                gfs_isTaskDone
                0x0600b278                gfs_convFinStat
 *fill*         0x0600b2ec        0x4 
 .text          0x0600b2f0      0x106 ../../saturnringlib/../modules/sgl/LIB/LIBCD.A(GFS_BUF.O)
                0x0600b320                GFBF_GetTranData
                0x0600b348                GFBF_GetNumData
                0x0600b378                GFBF_GetSrcPk
                0x0600b3a0                GFBF_GetSctData
                0x0600b3c4                GFBF_RtnPk
                0x0600b3ec                gfbf_getSctDt
 *fill*         0x0600b3f6        0xa 
 .text          0x0600b400      0x600 ../../saturnringlib/../modules/sgl/LIB/LIBCD.A(GFS_CDB.O)
                0x0600b400                GFCB_Setup
                0x0600b520                GFCB_Close
                0x0600b548                GFCB_GetLenData
                0x0600b5f4                GFCB_GetLenRoom
                0x0600b600                GFCB_SetFilt
                0x0600b668                GFCB_DeleteAllData
                0x0600b690                GFCB_Tell
                0x0600b6a0                gfcb_getSctNum
                0x0600b6f0                GFCB_Seek
                0x0600b7ec                GFCB_GetSrcPack
                0x0600b8cc                GFCB_GetSctData
                0x0600b904                GFCB_GetDstPack
                0x0600b910                GFCB_RtnPk
                0x0600b958                GFCB_MovePickup
                0x0600b974                GFCB_SetCon
                0x0600b9a8                GFCB_GetPickup
                0x0600b9d0                GFCB_IsPuOwner
                0x0600b9e8                GFCB_UngetPickup
 .text          0x0600ba00     0x1a10 ../../saturnringlib/../modules/sgl/LIB/LIBCD.A(GFS_CDC.O)
                0x0600ba00                GFCD_SetCdbfs
                0x0600ba2c                GFCD_Init
                0x0600bc30                GFCD_AllocFilt
                0x0600bc6c                GFCD_FreeFilt
                0x0600bc9c                GFCD_AllocBuf
                0x0600bcd0                GFCD_FreeBuf
                0x0600bd74                GFCD_GetBaseFad
                0x0600bda8                GFCD_GetPickup
                0x0600bddc                GFCD_UngetPickup
                0x0600be08                GFCD_IsPuOwner
                0x0600be2c                GFCD_SetFilt
                0x0600bef0                GFCD_GetFilt
                0x0600bf38                GFCD_SetCon
                0x0600bf90                GFCD_Play
                0x0600bff0                GFCD_GetLenData
                0x0600c058                GFCD_ReqData
                0x0600c0b4                GFCD_EndData
                0x0600c0fc                GFCD_DelSctData
                0x0600c154                GFCD_CheckDelSctData
                0x0600c184                GFCD_GetStat
                0x0600c238                GFCD_MovePickup
                0x0600c284                GFCD_MoveSctData
                0x0600c2f8                GFCD_CheckMove
                0x0600c31c                GFCD_GetSctInfo
                0x0600c364                GFCD_ChgDir
                0x0600c3d8                GFCD_SetFiltCon
                0x0600c4c0                GFCD_GetFileInfo
                0x0600c59c                GFCD_GetBufSiz
                0x0600c5d4                GFCD_ExecServer
                0x0600c6a8                gfcd_isIdleTask
                0x0600c734                gfcd_doTask
                0x0600c7e0                GFCD_SetTimer
                0x0600c7f4                GFCD_WaitServer
                0x0600c830                gfcd_doSetFiltTsk
                0x0600c9f4                gfcd_doSetConTsk
                0x0600ca84                gfcd_doGetLenDataTsk
                0x0600cbd8                gfcd_doReqDataTsk
                0x0600cc78                gfcd_doDelSctDataTsk
                0x0600cdac                gfcd_doMoveSctTsk
                0x0600cf10                gfcd_doChgDirTsk
                0x0600d10c                gfcd_doSetFiltConTsk
                0x0600d250                gfcd_checkEflag
                0x0600d274                gfcd_initCdbMng
                0x0600d2f4                gfcd_setStat
                0x0600d320                GFCD_SetCsctFunc
                0x0600d33c                GFCD_ChkScdqFlag
                0x0600d360                GFCD_ClrScdqFlag
                0x0600d37c                GFCD_WaitScdqFlag
                0x0600d3c0                GFCD_WaitPause
 .text          0x0600d410      0x8d8 ../../saturnringlib/../modules/sgl/LIB/LIBCD.A(GFS_CDF.O)
                0x0600d410                GFCF_Init
                0x0600d4b0                GFCF_Setup
                0x0600d5f8                GFCF_SetSct
                0x0600d63c                GFCF_GetFileInfo
                0x0600d6b0                GFCF_FlowInBuf
                0x0600d804                GFCF_StopInBuf
                0x0600d8a4                GFCF_Recover
                0x0600d8ec                GFCF_Tell
                0x0600d904                GFCF_Seek
                0x0600d91c                GFCF_MovePickup
                0x0600d9b8                GFCF_cnvIntlvOfs
                0x0600da0c                GFCF_GetStat
                0x0600daa4                gfcf_getSctSize
                0x0600dae0                gfcf_isCdOk
                0x0600dba0                gfcf_getPlayRange
 *fill*         0x0600dce8        0x8 
 .text          0x0600dcf0      0x92c ../../saturnringlib/../modules/sgl/LIB/LIBCD.A(GFS_DIR.O)
                0x0600dcf0                GFDR_SetupDirTbl
                0x0600dd64                GFDR_NameToId
                0x0600ddc4                GFDR_GetInfoDirId
                0x0600ddd8                GFDR_GetInfoDirName
                0x0600ddec                GFDR_GetAtrDirId
                0x0600de04                GFDR_GetAtrDirName
                0x0600de1c                GFDR_ChgRoot
                0x0600de34                GFDR_ChgDir
                0x0600dea8                gfdr_setupDirIdTbl
                0x0600df2c                gfdr_setupDirNameTbl
                0x0600dfd8                gfdr_open
                0x0600e000                gfdr_read
                0x0600e0c0                gfdr_readByte
                0x0600e0ec                gfdr_readWord
                0x0600e118                gfdr_readWordNB
                0x0600e16c                gfdr_readLongNB
                0x0600e1b8                gfdr_readLongNM
                0x0600e1e0                gfdr_setNextRec
                0x0600e264                gfdr_readDirEnt
                0x0600e5e0                gfdr_setDirrecCd
 *fill*         0x0600e61c        0x4 
 .text          0x0600e620      0x9c6 ../../saturnringlib/../modules/sgl/LIB/LIBCD.A(GFS_TRN.O)
                0x0600e650                GFTR_Setup
                0x0600e694                GFTR_SetMode
                0x0600e6a8                GFTR_SetUnit
                0x0600e6b4                GFTR_SetTransPara
                0x0600e6e8                GFTR_GetTransPara
                0x0600e6f4                GFTR_GetNumTrans
                0x0600e700                GFTR_SetTransMax
                0x0600e70c                GFTR_Start
                0x0600e718                GFTR_Pause
                0x0600e724                GFTR_Stop
                0x0600e7dc                GFTR_Exec
                0x0600e860                GFTR_Idle
                0x0600e8d8                GFTR_ExecSvr
                0x0600e9e0                gftr_getSrcPack
                0x0600ea68                gftr_getDstPack
                0x0600eac4                gftr_reqScu
                0x0600ead0                gftr_execScu
                0x0600eb6c                gftr_remScu
                0x0600eba0                gfdma_canUse
                0x0600ebac                gfdma_exec
                0x0600ec1c                gfdma_getBytecnt
                0x0600ec54                gftr_reqDma0
                0x0600ec6c                gftr_execSdma0
                0x0600ec90                gftr_remDma0
                0x0600eca8                gftr_reqDma1
                0x0600ecc0                gftr_execSdma1
                0x0600ece4                gftr_remDma1
                0x0600ecfc                gftr_reqCpu
                0x0600ed08                gftr_execCpu
                0x0600ed48                gftr_remCpu
                0x0600ed54                gftr_reqTrn
                0x0600edc4                gftr_execTrn
                0x0600ee9c                gftr_remTrn
                0x0600ef10                gftr_copyFrac
                0x0600ef38                GFTR_GetLenData
                0x0600ef44                GFTR_GetLenRoom
                0x0600ef5c                GFTR_GetDstPack
                0x0600ef90                GFTR_RtnDstPk
                0x0600efac                GFTR_GetData
                0x0600efc0                GFTR_SetData
                0x0600efd4                GFTR_SetTransFunc
 *fill*         0x0600efe6        0xa 
 .text          0x0600eff0      0x3a0 ../../saturnringlib/../modules/sgl/LIB/LIBCD.A(CDC_CMN.O)
                0x0600eff0                CDC_GetCurStat
                0x0600f040                CDC_GetLastStat
                0x0600f058                CDC_GetPeriStat
                0x0600f12c                CDC_GetHwInfo
                0x0600f194                CDC_TgetToc
                0x0600f1e4                CDC_GetSes
                0x0600f220                CDC_CdInit
                0x0600f2a4                CDC_CdOpen
                0x0600f2cc                CDC_DataReady
                0x0600f338                CDC_DataEnd
 .text          0x0600f390      0x130 ../../saturnringlib/../modules/sgl/LIB/LIBCD.A(CDC_DRV.O)
                0x0600f390                CDC_CdPlay
                0x0600f45c                CDC_CdSeek
                0x0600f490                CDC_CdScan
 .text          0x0600f4c0       0xa8 ../../saturnringlib/../modules/sgl/LIB/LIBCD.A(CDC_DEV.O)
                0x0600f4c0                CDC_CdSetCon
                0x0600f4f0                CDC_CdGetCon
                0x0600f52c                CDC_CdGetLastBuf
 *fill*         0x0600f568        0x8 
 .text          0x0600f570      0x2b8 ../../saturnringlib/../modules/sgl/LIB/LIBCD.A(CDC_SEL.O)
                0x0600f570                CDC_SetFiltRange
                0x0600f5a4                CDC_GetFiltRange
                0x0600f5fc                CDC_SetFiltSubh
                0x0600f66c                CDC_GetFiltSubh
                0x0600f6e8                CDC_SetFiltMode
                0x0600f71c                CDC_GetFiltMode
                0x0600f760                CDC_SetFiltCon
                0x0600f7a0                CDC_GetFiltCon
                0x0600f7f4                CDC_ResetSelector
 *fill*         0x0600f828        0x8 
 .text          0x0600f830      0x270 ../../saturnringlib/../modules/sgl/LIB/LIBCD.A(CDC_BIF.O)
                0x0600f830                CDC_GetBufSiz
                0x0600f88c                CDC_GetSctNum
                0x0600f8d0                CDC_CalActSiz
                0x0600f90c                CDC_GetActSiz
                0x0600f98c                CDC_GetSctInfo
                0x0600fa0c                CDC_ExeFadSearch
                0x0600fa44                CDC_GetFadSearch
 .text          0x0600faa0      0x1e4 ../../saturnringlib/../modules/sgl/LIB/LIBCD.A(CDC_BIO.O)
                0x0600faa0                CDC_SetSctLen
                0x0600fad4                CDC_GetSctData
                0x0600fb10                CDC_DelSctData
                0x0600fb4c                CDC_GetdelSctData
                0x0600fb88                CDC_PutSctData
                0x0600fbc0                CDC_CopySctData
                0x0600fc04                CDC_MoveSctData
                0x0600fc48                CDC_GetCopyErr
 *fill*         0x0600fc84        0xc 
 .text          0x0600fc90      0x194 ../../saturnringlib/../modules/sgl/LIB/LIBCD.A(CDC_CFS.O)
                0x0600fc90                CDC_ChgDir
                0x0600fcc4                CDC_ReadDir
                0x0600fcf8                CDC_GetFileScope
                0x0600fd58                CDC_TgetFileInfo
                0x0600fdb4                CDC_ReadFile
                0x0600fde8                CDC_AbortFile
 *fill*         0x0600fe24        0xc 
 .text          0x0600fe30      0x2dc ../../saturnringlib/../modules/sgl/LIB/LIBCD.A(CDC_REG.O)
                0x0600fe30                CDC_GetDataPtr
                0x0600fe40                CDC_GetHirqReq
                0x0600fe54                CDC_ClrHirqReq
                0x0600fe84                CDREG_ClrHirqReq
                0x0600fe94                CDREG_InitHirqReq
                0x0600febc                CDREG_SetHirqFlag
                0x0600fed0                CDC_GetHirqMsk
                0x0600fee4                CDC_SetHirqMsk
                0x0600fef4                CDC_GetMpegPtr
                0x0600ff04                CDREG_TgetData
                0x0600ff60                CDREG_CmdRsp
                0x06010060                CDREG_WaitHirq
                0x060100d0                CDREG_ReadRsp
 *fill*         0x0601010c        0x4 
 .text          0x06010110      0x152 ../../saturnringlib/../modules/sgl/LIB/LIBCD.A(CDC_SUB.O)
                0x06010110                CDSUB_UpdStatus
                0x06010128                CDSUB_UpdCdstat
                0x06010148                CDSUB_CdCmd
                0x060101b8                CDSUB_GetCdstat
                0x060101f8                CDSUB_RspToCdstat
                0x06010240                CDSUB_SoftTimer
 *fill*         0x06010262        0xe 
 .text          0x06010270        0x0 ../../saturnringlib/../modules/sgl/LIB/LIBSGL.A(sglB001.o)
 .text          0x06010270        0x0 ../../saturnringlib/../modules/sgl/LIB/LIBSGL.A(sglB002.o)
 .text          0x06010270        0x0 ../../saturnringlib/../modules/sgl/LIB/LIBSGL.A(sglB015.o)
 .text          0x06010270        0x0 ../../saturnringlib/../modules/sgl/LIB/LIBSGL.A(sglB016.o)
 .text          0x06010270        0x0 ../../saturnringlib/../modules/sgl/LIB/LIBSGL.A(sglB034.o)
 .text          0x06010270        0x0 ../../saturnringlib/../modules/sgl/LIB/LIBSGL.A(sglB038.o)
 .text          0x06010270        0x0 ../../saturnringlib/../modules/sgl/LIB/LIBSGL.A(sglB058.o)
 .text          0x06010270        0x0 ../../saturnringlib/../modules/sgl/LIB/LIBSGL.A(sglB063.o)
 .text          0x06010270        0x0 ../../saturnringlib/../modules/sgl/LIB/LIBSGL.A(sglB200.o)
 .text          0x06010270        0x0 ../../saturnringlib/../modules/sgl/LIB/LIBSGL.A(sglC04.o)
 .text          0x06010270        0x0 ../../saturnringlib/../modules/sgl/LIB/LIBSGL.A(sglC16.o)
 .text          0x06010270        0x0 ../../saturnringlib/../modules/sgl/LIB/LIBSGL.A(sglC17.o)
 .text          0x06010270        0x0 ../../saturnringlib/../modules/sgl/LIB/LIBSGL.A(sglC20.o)
 .text          0x06010270        0x0 ../../saturnringlib/../modules/sgl/LIB/LIBSGL.A(sglC21.o)
 .text          0x06010270        0x0 ../../saturnringlib/../modules/sgl/LIB/LIBSGL.A(sglD00.o)
 .text          0x06010270        0x0 ../../saturnringlib/../modules/sgl/LIB/LIBSGL.A(sglD01.o)
 .text          0x06010270        0x0 ../../saturnringlib/../modules/sgl/LIB/LIBSGL.A(sglD02.o)
 .text          0x06010270        0x0 ../../saturnringlib/../modules/sgl/LIB/LIBSGL.A(sglD03.o)
 .text          0x06010270        0x0 ../../saturnringlib/../modules/sgl/LIB/LIBSGL.A(sglD15.o)
 .text          0x06010270        0x0 ../../saturnringlib/../modules/sgl/LIB/LIBSGL.A(sglD16.o)
 .text          0x06010270        0x0 ../../saturnringlib/../modules/sgl/LIB/LIBSGL.A(sglD17.o)
 .text          0x06010270        0x0 ../../saturnringlib/../modules/sgl/LIB/LIBSGL.A(sglD18.o)
 .text          0x06010270        0x0 ../../saturnringlib/../modules/sgl/LIB/LIBSGL.A(sglF00.o)
 .text          0x06010270        0x0 ../../saturnringlib/../modules/sgl/LIB/LIBSGL.A(sglH00.o)
 .text          0x06010270        0x0 ../../saturnringlib/../modules/sgl/LIB/LIBSGL.A(sglH02.o)
 .text          0x06010270        0x0 ../../saturnringlib/../modules/sgl/LIB/LIBSGL.A(sglH04.o)
 .text          0x06010270        0x0 ../../saturnringlib/../modules/sgl/LIB/LIBSGL.A(sglI01.o)
 .text          0x06010270        0x0 ../../saturnringlib/../modules/sgl/LIB/LIBSGL.A(sglI04.o)
 .text          0x06010270      0x128 ../../saturnringlib/../modules/sgl/LIB/LIBSGL.A(sglIc0.o)
                0x06010270                slInitSystem
 *fill*         0x06010398        0x8 
 .text          0x060103a0        0x0 ../../saturnringlib/../modules/sgl/LIB/LIBSGL.A(sglJ00.o)
 .text          0x060103a0        0x0 ../../saturnringlib/../modules/sgl/LIB/LIBSGL.A(sglJ01.o)
 .text          0x060103a0        0x0 ../../saturnringlib/../modules/sgl/LIB/LIBSGL.A(sglJ02.o)
 .text          0x060103a0        0x0 ../../saturnringlib/../modules/sgl/LIB/LIBSGL.A(sglJ03.o)
 .text          0x060103a0        0x0 ../../saturnringlib/../modules/sgl/LIB/LIBSGL.A(sglJ04.o)
 .text          0x060103a0        0x0 ../../saturnringlib/../modules/sgl/LIB/LIBSGL.A(sglJ05.o)
 .text          0x060103a0        0x0 ../../saturnringlib/../modules/sgl/LIB/LIBSGL.A(sglK01.o)
 .text          0x060103a0        0x0 ../../saturnringlib/../modules/sgl/LIB/LIBSGL.A(sglM01.o)
 .text          0x060103a0        0x0 ../../saturnringlib/../modules/sgl/LIB/LIBSGL.A(sglA00.o)
 .text          0x060103a0        0x0 ../../saturnringlib/../modules/sgl/LIB/LIBSGL.A(sglA01.o)
 .text          0x060103a0        0x0 ../../saturnringlib/../modules/sgl/LIB/LIBSGL.A(sglA20.o)
 .text          0x060103a0        0x0 ../../saturnringlib/../modules/sgl/LIB/LIBSGL.A(sglB000.o)
 .text          0x060103a0        0x0 ../../saturnringlib/../modules/sgl/LIB/LIBSGL.A(sglB035.o)
 .text          0x060103a0        0x0 ../../saturnringlib/../modules/sgl/LIB/LIBSGL.A(sglC00.o)
 .text          0x060103a0        0x0 ../../saturnringlib/../modules/sgl/LIB/LIBSGL.A(sglI00.o)
 .text          0x060103a0        0x0 ../../saturnringlib/../modules/sgl/LIB/LIBSGL.A(sglH03.o)
 .text          0x060103a0       0x52 /home/toaster/Programming/Saturn/SaturnRingLib/Compiler/linux/sh2eb-elf/bin/../lib/gcc/sh-elf/14.2.0/libgcc.a(_ashiftrt.o)
                0x060103a0                __ashiftrt_r4_31
                0x060103a0                __ashiftrt_r4_32
                0x060103a6                __ashiftrt_r4_30
                0x060103a8                __ashiftrt_r4_29
                0x060103aa                __ashiftrt_r4_28
                0x060103ac                __ashiftrt_r4_27
                0x060103ae                __ashiftrt_r4_26
                0x060103b0                __ashiftrt_r4_25
                0x060103b2                __ashiftrt_r4_24
                0x060103ba                __ashiftrt_r4_23
                0x060103bc                __ashiftrt_r4_22
                0x060103be                __ashiftrt_r4_21
                0x060103c0                __ashiftrt_r4_20
                0x060103c2                __ashiftrt_r4_19
                0x060103c4                __ashiftrt_r4_18
                0x060103c6                __ashiftrt_r4_17
                0x060103c8                __ashiftrt_r4_16
                0x060103ce                __ashiftrt_r4_15
                0x060103d0                __ashiftrt_r4_14
                0x060103d2                __ashiftrt_r4_13
                0x060103d4                __ashiftrt_r4_12
                0x060103d6                __ashiftrt_r4_11
                0x060103d8                __ashiftrt_r4_10
                0x060103da                __ashiftrt_r4_9
                0x060103dc                __ashiftrt_r4_8
                0x060103de                __ashiftrt_r4_7
                0x060103e0                __ashiftrt_r4_6
                0x060103e2                __ashiftrt_r4_5
                0x060103e4                __ashiftrt_r4_4
                0x060103e6                __ashiftrt_r4_3
                0x060103e8                __ashiftrt_r4_2
                0x060103ea                __ashiftrt_r4_1
                0x060103ee                __ashiftrt_r4_0
 *fill*         0x060103f2        0x2 
 .text          0x060103f4       0x80 /home/toaster/Programming/Saturn/SaturnRingLib/Compiler/linux/sh2eb-elf/bin/../lib/gcc/sh-elf/14.2.0/libgcc.a(_ashiftrt_n.o)
                0x060103f4                __ashrsi3
 .text          0x06010474       0xbc /home/toaster/Programming/Saturn/SaturnRingLib/Compiler/linux/sh2eb-elf/bin/../lib/gcc/sh-elf/14.2.0/libgcc.a(_ashiftlt.o)
                0x06010474                __ashlsi3
                0x06010478                __ashlsi3_r0
 .text          0x06010530       0xbc /home/toaster/Programming/Saturn/SaturnRingLib/Compiler/linux/sh2eb-elf/bin/../lib/gcc/sh-elf/14.2.0/libgcc.a(_lshiftrt.o)
                0x06010530                __lshrsi3
                0x06010534                __lshrsi3_r0
 .text          0x060105ec       0xa0 /home/toaster/Programming/Saturn/SaturnRingLib/Compiler/linux/sh2eb-elf/bin/../lib/gcc/sh-elf/14.2.0/libgcc.a(_sdivsi3.o)
                0x060105ec                __sdivsi3
 .text          0x0601068c       0x6c /home/toaster/Programming/Saturn/SaturnRingLib/Compiler/linux/sh2eb-elf/bin/../lib/gcc/sh-elf/14.2.0/libgcc.a(_udivsi3.o)
                0x060106ae                __udivsi3
 .text          0x060106f8       0x18 /home/toaster/Programming/Saturn/SaturnRingLib/Compiler/linux/sh2eb-elf/bin/../lib/gcc/sh-elf/14.2.0/../../../../sh-elf/lib/libc.a(libc_a-abort.o)
                0x060106f8                abort
 .text          0x06010710      0x108 /home/toaster/Programming/Saturn/SaturnRingLib/Compiler/linux/sh2eb-elf/bin/../lib/gcc/sh-elf/14.2.0/../../../../sh-elf/lib/libc.a(libc_a-snprintf.o)
                0x06010710                _sniprintf_r
                0x06010710                _snprintf_r
                0x06010790                sniprintf
                0x06010790                snprintf
 .text          0x06010818       0x1e /home/toaster/Programming/Saturn/SaturnRingLib/Compiler/linux/sh2eb-elf/bin/../lib/gcc/sh-elf/14.2.0/../../../../sh-elf/lib/libc.a(libc_a-memcmp.o)
                0x06010818                memcmp
 .text          0x06010836       0x26 /home/toaster/Programming/Saturn/SaturnRingLib/Compiler/linux/sh2eb-elf/bin/../lib/gcc/sh-elf/14.2.0/../../../../sh-elf/lib/libc.a(libc_a-strncmp.o)
                0x06010836                strncmp
 .text          0x0601085c       0x32 /home/toaster/Programming/Saturn/SaturnRingLib/Compiler/linux/sh2eb-elf/bin/../lib/gcc/sh-elf/14.2.0/../../../../sh-elf/lib/libc.a(libc_a-strncpy.o)
                0x0601085c                strncpy
 *fill*         0x0601088e        0x2 
 .text          0x06010890      0x1a8 /home/toaster/Programming/Saturn/SaturnRingLib/Compiler/linux/sh2eb-elf/bin/../lib/gcc/sh-elf/14.2.0/../../../../sh-elf/lib/libc.a(libc_a-signal.o)
                0x06010890                _init_signal_r
                0x060108d0                _signal_r
                0x0601091c                _raise_r
                0x0601098c                __sigtramp_r
                0x060109ec                raise
                0x06010a00                signal
                0x06010a14                _init_signal
                0x06010a24                __sigtramp
 .text          0x06010a38        0x0 /home/toaster/Programming/Saturn/SaturnRingLib/Compiler/linux/sh2eb-elf/bin/../lib/gcc/sh-elf/14.2.0/../../../../sh-elf/lib/libc.a(libc_a-impure.o)
 .text          0x06010a38       0x40 /home/toaster/Programming/Saturn/SaturnRingLib/Compiler/linux/sh2eb-elf/bin/../lib/gcc/sh-elf/14.2.0/../../../../sh-elf/lib/libc.a(libc_a-signalr.o)
                0x06010a38                _kill_r
                0x06010a6c                _getpid_r
 .text          0x06010a78       0x94 /home/toaster/Programming/Saturn/SaturnRingLib/Compiler/linux/sh2eb-elf/bin/../lib/gcc/sh-elf/14.2.0/../../../../sh-elf/lib/libc.a(libc_a-memcpy.o)
                0x06010a78                memcpy
 .text          0x06010b0c       0x40 /home/toaster/Programming/Saturn/SaturnRingLib/Compiler/linux/sh2eb-elf/bin/../lib/gcc/sh-elf/14.2.0/../../../../sh-elf/lib/libc.a(libc_a-memset.o)
                0x06010b0c                memset
 .text          0x06010b4c      0x194 /home/toaster/Programming/Saturn/SaturnRingLib/Compiler/linux/sh2eb-elf/bin/../lib/gcc/sh-elf/14.2.0/../../../../sh-elf/lib/libc.a(libc_a-mallocr.o)
                0x06010ba8                _malloc_r
 .text          0x06010ce0        0x8 /home/toaster/Programming/Saturn/SaturnRingLib/Compiler/linux/sh2eb-elf/bin/../lib/gcc/sh-elf/14.2.0/../../../../sh-elf/lib/libc.a(libc_a-mlock.o)
                0x06010ce0                __malloc_lock
                0x06010ce4                __malloc_unlock
 .text          0x06010ce8      0x42c /home/toaster/Programming/Saturn/SaturnRingLib/Compiler/linux/sh2eb-elf/bin/../lib/gcc/sh-elf/14.2.0/../../../../sh-elf/lib/libc.a(libc_a-nano-svfprintf.o)
                0x06010ce8                __ssputs_r
                0x06010ddc                __ssprint_r
                0x06010f04                _svfiprintf_r
                0x06010f04                _svfprintf_r
 .text          0x06011114      0x374 /home/toaster/Programming/Saturn/SaturnRingLib/Compiler/linux/sh2eb-elf/bin/../lib/gcc/sh-elf/14.2.0/../../../../sh-elf/lib/libc.a(libc_a-nano-vfprintf_i.o)
                0x06011114                _printf_common
                0x06011214                _printf_i
 .text          0x06011488      0x1fc /home/toaster/Programming/Saturn/SaturnRingLib/Compiler/linux/sh2eb-elf/bin/../lib/gcc/sh-elf/14.2.0/../../../../sh-elf/lib/libc.a(libc_a-findfp.o)
                0x06011590                __sfp
                0x0601165c                __sinit
 .text          0x06011684       0x58 /home/toaster/Programming/Saturn/SaturnRingLib/Compiler/linux/sh2eb-elf/bin/../lib/gcc/sh-elf/14.2.0/../../../../sh-elf/lib/libc.a(libc_a-fwalk.o)
                0x06011684                _fwalk_sglue
 .text          0x060116dc       0xdc /home/toaster/Programming/Saturn/SaturnRingLib/Compiler/linux/sh2eb-elf/bin/../lib/gcc/sh-elf/14.2.0/../../../../sh-elf/lib/libc.a(libc_a-stdio.o)
                0x060116dc                __sread
                0x06011714                __seofread
                0x06011718                __swrite
                0x06011768                __sseek
                0x060117a8                __sclose
 .text          0x060117b8       0x1c /home/toaster/Programming/Saturn/SaturnRingLib/Compiler/linux/sh2eb-elf/bin/../lib/gcc/sh-elf/14.2.0/../../../../sh-elf/lib/libc.a(libc_a-memchr.o)
                0x060117b8                memchr
 .text          0x060117d4       0x3c /home/toaster/Programming/Saturn/SaturnRingLib/Compiler/linux/sh2eb-elf/bin/../lib/gcc/sh-elf/14.2.0/../../../../sh-elf/lib/libc.a(libc_a-memmove.o)
                0x060117d4                memmove
 .text          0x06011810       0x30 /home/toaster/Programming/Saturn/SaturnRingLib/Compiler/linux/sh2eb-elf/bin/../lib/gcc/sh-elf/14.2.0/../../../../sh-elf/lib/libc.a(libc_a-closer.o)
                0x06011810                _close_r
 .text          0x06011840       0xa4 /home/toaster/Programming/Saturn/SaturnRingLib/Compiler/linux/sh2eb-elf/bin/../lib/gcc/sh-elf/14.2.0/../../../../sh-elf/lib/libc.a(libc_a-reent.o)
                0x06011840                _reclaim_reent
 .text          0x060118e4       0x34 /home/toaster/Programming/Saturn/SaturnRingLib/Compiler/linux/sh2eb-elf/bin/../lib/gcc/sh-elf/14.2.0/../../../../sh-elf/lib/libc.a(libc_a-lseekr.o)
                0x060118e4                _lseek_r
 .text          0x06011918       0x34 /home/toaster/Programming/Saturn/SaturnRingLib/Compiler/linux/sh2eb-elf/bin/../lib/gcc/sh-elf/14.2.0/../../../../sh-elf/lib/libc.a(libc_a-readr.o)
                0x06011918                _read_r
 .text          0x0601194c       0x30 /home/toaster/Programming/Saturn/SaturnRingLib/Compiler/linux/sh2eb-elf/bin/../lib/gcc/sh-elf/14.2.0/../../../../sh-elf/lib/libc.a(libc_a-sbrkr.o)
                0x0601194c                _sbrk_r
 .text          0x0601197c       0x34 /home/toaster/Programming/Saturn/SaturnRingLib/Compiler/linux/sh2eb-elf/bin/../lib/gcc/sh-elf/14.2.0/../../../../sh-elf/lib/libc.a(libc_a-writer.o)
                0x0601197c                _write_r
 .text          0x060119b0       0xc4 /home/toaster/Programming/Saturn/SaturnRingLib/Compiler/linux/sh2eb-elf/bin/../lib/gcc/sh-elf/14.2.0/../../../../sh-elf/lib/libc.a(libc_a-freer.o)
                0x060119b0                _free_r
 .text          0x06011a74       0x98 /home/toaster/Programming/Saturn/SaturnRingLib/Compiler/linux/sh2eb-elf/bin/../lib/gcc/sh-elf/14.2.0/../../../../sh-elf/lib/libc.a(libc_a-reallocr.o)
                0x06011a74                _realloc_r
 .text          0x06011b0c      0x1a8 /home/toaster/Programming/Saturn/SaturnRingLib/Compiler/linux/sh2eb-elf/bin/../lib/gcc/sh-elf/14.2.0/../../../../sh-elf/lib/libc.a(libc_a-fflush.o)
                0x06011b0c                __sflush_r
                0x06011c44                _fflush_r
                0x06011c84                fflush
 .text          0x06011cb4       0x16 /home/toaster/Programming/Saturn/SaturnRingLib/Compiler/linux/sh2eb-elf/bin/../lib/gcc/sh-elf/14.2.0/../../../../sh-elf/lib/libc.a(libc_a-msizer.o)
                0x06011cb4                _malloc_usable_size_r
 *fill*         0x06011cca        0x2 
 .text          0x06011ccc       0x10 /home/toaster/Programming/Saturn/SaturnRingLib/Compiler/linux/sh2eb-elf/bin/../lib/gcc/sh-elf/14.2.0/../../../../sh-elf/lib/libnosys.a(close.o)
                0x06011ccc                _close
 .text          0x06011cdc       0x10 /home/toaster/Programming/Saturn/SaturnRingLib/Compiler/linux/sh2eb-elf/bin/../lib/gcc/sh-elf/14.2.0/../../../../sh-elf/lib/libnosys.a(getpid.o)
                0x06011cdc                _getpid
 .text          0x06011cec       0x10 /home/toaster/Programming/Saturn/SaturnRingLib/Compiler/linux/sh2eb-elf/bin/../lib/gcc/sh-elf/14.2.0/../../../../sh-elf/lib/libnosys.a(kill.o)
                0x06011cec                _kill
 .text          0x06011cfc       0x10 /home/toaster/Programming/Saturn/SaturnRingLib/Compiler/linux/sh2eb-elf/bin/../lib/gcc/sh-elf/14.2.0/../../../../sh-elf/lib/libnosys.a(lseek.o)
                0x06011cfc                _lseek
 .text          0x06011d0c       0x10 /home/toaster/Programming/Saturn/SaturnRingLib/Compiler/linux/sh2eb-elf/bin/../lib/gcc/sh-elf/14.2.0/../../../../sh-elf/lib/libnosys.a(read.o)
                0x06011d0c                _read
 .text          0x06011d1c       0x18 /home/toaster/Programming/Saturn/SaturnRingLib/Compiler/linux/sh2eb-elf/bin/../lib/gcc/sh-elf/14.2.0/../../../../sh-elf/lib/libnosys.a(sbrk.o)
                0x06011d1c                _sbrk
 .text          0x06011d34       0x10 /home/toaster/Programming/Saturn/SaturnRingLib/Compiler/linux/sh2eb-elf/bin/../lib/gcc/sh-elf/14.2.0/../../../../sh-elf/lib/libnosys.a(write.o)
                0x06011d34                _write
 .text          0x06011d44        0x4 /home/toaster/Programming/Saturn/SaturnRingLib/Compiler/linux/sh2eb-elf/bin/../lib/gcc/sh-elf/14.2.0/../../../../sh-elf/lib/libnosys.a(_exit.o)
                0x06011d44                _exit
 *(.strings*)
 *(SEGA_P)
 *(.eh_frame_hdr*)
 *(.eh_frame*)
                0x06011d48                        __etext = .

COMMON          0x06011d50       0x20
 *(COMMON)
 COMMON         0x06011d50        0xc ../../saturnringlib/../modules/sgl/LIB/LIBCD.A(GFS.O)
                0x06011d50                GFMC_base
                0x06011d54                gfs_mng_ptr
                0x06011d58                gfs_use_scudma
 COMMON         0x06011d5c        0xc ../../saturnringlib/../modules/sgl/LIB/LIBCD.A(GFS_CDC.O)
                0x06011d5c                gfcd_fatal_err
                0x06011d60                gfcd_work
                0x06011d64                gfcd_playflag
 COMMON         0x06011d68        0x8 ../../saturnringlib/../modules/sgl/LIB/LIBCD.A(GFS_CDF.O)
                0x06011d68                gfcf_fad
                0x06011d6c                gfcf_stat

SLPROG          0x06011d80     0xa140
                0x06011d80                        __slprog_start = .
 *(SLPROG)
 SLPROG         0x06011d80       0x20 ../../saturnringlib/../modules/sgl/LIB/LIBSGL.A(sglB001.o)
                0x06011d80                slTVOn
                0x06011d8a                slTVOff
 SLPROG         0x06011da0       0x1e ../../saturnringlib/../modules/sgl/LIB/LIBSGL.A(sglB002.o)
                0x06011da0                slColRAMMode
 *fill*         0x06011dbe        0x2 
 SLPROG         0x06011dc0      0x40c ../../saturnringlib/../modules/sgl/LIB/LIBSGL.A(sglB015.o)
                0x06011dc0                slScrAutoDisp
 *fill*         0x060121cc        0x4 
 SLPROG         0x060121d0        0xc ../../saturnringlib/../modules/sgl/LIB/LIBSGL.A(sglB016.o)
                0x060121d0                slBack1ColSet
 *fill*         0x060121dc        0x4 
 SLPROG         0x060121e0       0xb4 ../../saturnringlib/../modules/sgl/LIB/LIBSGL.A(sglB034.o)
                0x060121e0                slMapNbg3
 *fill*         0x06012294        0xc 
 SLPROG         0x060122a0       0x70 ../../saturnringlib/../modules/sgl/LIB/LIBSGL.A(sglB038.o)
                0x060122a0                slRparaInitSet
 SLPROG         0x06012310       0x10 ../../saturnringlib/../modules/sgl/LIB/LIBSGL.A(sglB058.o)
                0x06012310                slPlaneNbg3
 SLPROG         0x06012320        0xc ../../saturnringlib/../modules/sgl/LIB/LIBSGL.A(sglB063.o)
                0x06012320                slPriority
 *fill*         0x0601232c        0x4 
 SLPROG         0x06012330      0x114 ../../saturnringlib/../modules/sgl/LIB/LIBSGL.A(sglB200.o)
                0x06012330                slCharRbg0
                0x0601233c                slCharNbg0
                0x06012348                slCharNbg1
                0x06012354                slCharNbg2
                0x0601236a                slCharNbg3
                0x06012382                slPageRbg0
                0x06012398                slPageNbg1
                0x060123a0                slPageNbg2
                0x060123a8                slPageNbg3
                0x060123b4                slPageNbg0
 *fill*         0x06012444        0xc 
 SLPROG         0x06012450       0x2c ../../saturnringlib/../modules/sgl/LIB/LIBSGL.A(sglC04.o)
                0x06012450                slZdspLevel
 *fill*         0x0601247c        0x4 
 SLPROG         0x06012480       0x54 ../../saturnringlib/../modules/sgl/LIB/LIBSGL.A(sglC16.o)
                0x06012480                slDynamicFrame
 *fill*         0x060124d4        0xc 
 SLPROG         0x060124e0       0x4c ../../saturnringlib/../modules/sgl/LIB/LIBSGL.A(sglC17.o)
                0x060124e0                slDispSpriteHV
 *fill*         0x0601252c        0x4 
 SLPROG         0x06012530       0x40 ../../saturnringlib/../modules/sgl/LIB/LIBSGL.A(sglC20.o)
                0x06012530                SpriteEntry
 SLPROG         0x06012570      0x4ae ../../saturnringlib/../modules/sgl/LIB/LIBSGL.A(sglC21.o)
                0x060125f8                RotSprite
                0x06012686                SetSprPosition
 *fill*         0x06012a1e        0x2 
 SLPROG         0x06012a20       0x84 ../../saturnringlib/../modules/sgl/LIB/LIBSGL.A(sglD00.o)
                0x06012a20                slDMACopy
                0x06012a20                slCpuDMACopy
                0x06012a7a                slCashPurge
                0x06012a7a                CSH_AllClr
 *fill*         0x06012aa4        0xc 
 SLPROG         0x06012ab0       0xa0 ../../saturnringlib/../modules/sgl/LIB/LIBSGL.A(sglD01.o)
                0x06012ab0                slDMAXCopy
 SLPROG         0x06012b50       0x10 ../../saturnringlib/../modules/sgl/LIB/LIBSGL.A(sglD02.o)
                0x06012b50                slDMAWait
 SLPROG         0x06012b60        0xc ../../saturnringlib/../modules/sgl/LIB/LIBSGL.A(sglD03.o)
                0x06012b60                slDMAStatus
 *fill*         0x06012b6c        0x4 
 SLPROG         0x06012b70       0x20 ../../saturnringlib/../modules/sgl/LIB/LIBSGL.A(sglD15.o)
                0x06012b70                CSH_Purge
 SLPROG         0x06012b90       0x84 ../../saturnringlib/../modules/sgl/LIB/LIBSGL.A(sglD16.o)
                0x06012b90                DMA_ScuSetPrm
                0x06012bd8                DMA_SCU_PRM0
 *fill*         0x06012c14        0xc 
 SLPROG         0x06012c20       0x88 ../../saturnringlib/../modules/sgl/LIB/LIBSGL.A(sglD17.o)
                0x06012c20                DMA_ScuStart
 *fill*         0x06012ca8        0x8 
 SLPROG         0x06012cb0       0x34 ../../saturnringlib/../modules/sgl/LIB/LIBSGL.A(sglD18.o)
                0x06012cb0                DMA_ScuGetStatus
 *fill*         0x06012ce4        0xc 
 SLPROG         0x06012cf0       0x4e ../../saturnringlib/../modules/sgl/LIB/LIBSGL.A(sglF00.o)
                0x06012cf0                slCurScrn
                0x06012d00                slCurColor
                0x06012d0a                slLocate
                0x06012d3c                CurrentScreen
 *fill*         0x06012d3e        0x2 
 SLPROG         0x06012d40      0xfc8 ../../saturnringlib/../modules/sgl/LIB/LIBSGL.A(sglH00.o)
                0x06012d58                slGetPortDir1
                0x06012d60                slGetPortDir2
                0x06012d68                slSetPortDir1
                0x06012d92                slSetPortDir2
                0x06012dcc                slGetPortData1
                0x06012dd4                slGetPortData2
                0x06012ddc                slSetPortData1
                0x06012de6                slSetPortData2
                0x06012df8                slGetPortSelect1
                0x06012e02                slGetPortSelect2
                0x06012e0c                slSetPortSelect1
                0x06012e40                slSetPortSelect2
                0x06012e7c                slGetPortExt1
                0x06012e86                slGetPortExt2
                0x06012e90                slSetPortExt1
                0x06012ec0                slSetPortExt2
                0x06013034                slSmpcDirectAccess
                0x060130b4                slInitPeripheral
                0x06013146                slSetResultBuffer
                0x060131d2                slCheckIntBackSet
                0x060131de                slIntBackCancel
                0x06013208                slCheckReset
                0x06013212                slClearReset
                0x060133d8                slSmpcCashSend
                0x06013494                slSmpcCashBlow
                0x06013570                slGetOptimize
                0x0601357a                slSetOptimize
                0x060135a0                slGetPortMode1
                0x060135ac                slGetPortMode2
                0x060135ba                slSetPortMode1
                0x060135f8                slSetPortMode2
                0x06013784                slRequestCommand
                0x060137f4                Smpc_Status
                0x060137f8                Smpc_Result
                0x060137fc                Smpc_Peripheral
                0x06013802                Per_Connect1
                0x06013803                Per_Connect2
                0x06013824                SmpcStatusBuf
 *fill*         0x06013d08        0x8 
 SLPROG         0x06013d10      0x470 ../../saturnringlib/../modules/sgl/LIB/LIBSGL.A(sglH02.o)
                0x06014100                smpc_pfr_tbl
                0x06014140                smpc_ptf_tbl
 SLPROG         0x06014180       0x60 ../../saturnringlib/../modules/sgl/LIB/LIBSGL.A(sglH04.o)
                0x06014180                slComPrmIntBack
                0x06014194                slComPrmSetMemory
                0x060141aa                slComPrmSetTime
 SLPROG         0x060141e0      0x3a4 ../../saturnringlib/../modules/sgl/LIB/LIBSGL.A(sglI01.o)
                0x060141e0                slInitSynch
                0x060141fa                slSynch
                0x060142f0                slRandom
                0x0601430e                PCM_EndCheck
                0x060143ca                RetPCMBuf
                0x06014464                PCM_Buf
                0x06014504                Sound_Buf
 *fill*         0x06014584        0xc 
 SLPROG         0x06014590       0x10 ../../saturnringlib/../modules/sgl/LIB/LIBSGL.A(sglI04.o)
                0x06014590                slIntFunction
 SLPROG         0x060145a0       0x74 ../../saturnringlib/../modules/sgl/LIB/LIBSGL.A(sglJ00.o)
                0x060145a0                InitSlaveSH
                0x06014608                SlaveCommand
 *fill*         0x06014614        0xc 
 SLPROG         0x06014620      0x3d0 ../../saturnringlib/../modules/sgl/LIB/LIBSGL.A(sglJ01.o)
                0x06014620                SlaveControl
                0x060149dc                ErasePolygonData
 SLPROG         0x060149f0     0x12b8 ../../saturnringlib/../modules/sgl/LIB/LIBSGL.A(sglJ02.o)
                0x060149f0                sbMakePolygon
                0x06014bd8                sbCalcPolygon
                0x06015910                SetTexture
                0x0601591c                SetPolygon
                0x06015924                SetPosition
                0x0601595c                stvtc_4
                0x06015a14                stvtc_3
                0x06015c24                stvtc_1
                0x06015c38                stvtc_2
                0x06015c4c                stvtc_0
 *fill*         0x06015ca8        0x8 
 SLPROG         0x06015cb0      0x140 ../../saturnringlib/../modules/sgl/LIB/LIBSGL.A(sglJ03.o)
                0x06015cb0                sbMakeDMATable
 SLPROG         0x06015df0      0x470 ../../saturnringlib/../modules/sgl/LIB/LIBSGL.A(sglJ04.o)
                0x06015e4e                sbMakeSprite
                0x06015eb4                sbMakeRotSprite
 SLPROG         0x06016260       0x3c ../../saturnringlib/../modules/sgl/LIB/LIBSGL.A(sglJ05.o)
                0x06016260                sbSortEntry
 *fill*         0x0601629c        0x4 
 SLPROG         0x060162a0       0x6a ../../saturnringlib/../modules/sgl/LIB/LIBSGL.A(sglM01.o)
                0x060162a0                slSetDepthLimit
                0x060162cc                slSetDepthTbl
                0x060162fc                DepthWorkArea
 *fill*         0x0601630a        0x6 
 SLPROG         0x06016310       0x20 ../../saturnringlib/../modules/sgl/LIB/LIBSGL.A(sglA00.o)
                0x06016310                set_imask
                0x06016310                _builtin_set_imask
                0x06016324                get_imask
                0x06016324                _builtin_get_imask
 SLPROG         0x06016330     0x411e ../../saturnringlib/../modules/sgl/LIB/LIBSGL.A(sglA01.o)
                0x06016330                slSin
                0x06016354                slCos
                0x06016378                GetSinCos
                0x0601640c                sin_cos_index_tbl
                0x0601644c                sin_tbl
 *fill*         0x0601a44e        0x2 
 SLPROG         0x0601a450      0x42c ../../saturnringlib/../modules/sgl/LIB/LIBSGL.A(sglA20.o)
                0x0601a450                slInitMatrix
                0x0601a45a                slPushUnitMatrix
                0x0601a46e                slUnitMatrix
 *fill*         0x0601a87c        0x4 
 SLPROG         0x0601a880      0xbd0 ../../saturnringlib/../modules/sgl/LIB/LIBSGL.A(sglB000.o)
                0x0601a880                slInitScroll
                0x0601a9a0                setASC_1to8
                0x0601a9d0                setASC_4to8
                0x0601aae0                TVSizeTbl
                0x0601ab60                TVModeTbl
                0x0601ad38                SGL_ASCII_CG
 SLPROG         0x0601b450       0xd4 ../../saturnringlib/../modules/sgl/LIB/LIBSGL.A(sglB035.o)
                0x0601b450                sl1MapRA
                0x0601b4e2                rbank_set
 *fill*         0x0601b524        0xc 
 SLPROG         0x0601b530      0x134 ../../saturnringlib/../modules/sgl/LIB/LIBSGL.A(sglC00.o)
                0x0601b530                slInitSprite
 *fill*         0x0601b664        0xc 
 SLPROG         0x0601b670      0x75c ../../saturnringlib/../modules/sgl/LIB/LIBSGL.A(sglI00.o)
                0x0601b960                slInitInterrupt
 *fill*         0x0601bdcc        0x4 
 SLPROG         0x0601bdd0       0xf0 ../../saturnringlib/../modules/sgl/LIB/LIBSGL.A(sglH03.o)
                0x0601be34                slSmpcIntBack
                0x0601bec0                        __slprog_end = .

.tors           0x0601bec0       0x20
                0x0601bec0                        ___ctors = .
 *(.ctors*)
 .ctors         0x0601bec0        0x4 src/main.o
 .ctors         0x0601bec4        0x4 src/scenes/title_screen.o
 .ctors         0x0601bec8        0x4 src/scenes/start_cave.o
                0x0601becc                        ___ctors_end = .
                0x0601becc                        ___dtors = .
 *(.dtors*)
 .dtors         0x0601becc        0x4 src/main.o
 .dtors         0x0601bed0        0x4 src/scenes/title_screen.o
 .dtors         0x0601bed4        0x4 src/scenes/start_cave.o
                0x0601bed8                        ___dtors_end = .

.data           0x0601bee0      0x430
 *(.data*)
 .data          0x0601bee0       0x28 ../../saturnringlib/../modules/sgl/LIB/../SRC/workarea.o
                0x0601bee0                PCM_Work
                0x0601bee4                SlaveStack
                0x0601bee8                TransList
                0x0601beec                MasterStack
                0x0601bef0                SortList
                0x0601bef4                Zbuffer
                0x0601bef8                SpriteBuf
                0x0601befc                Pbuffer
                0x0601bf00                CLOfstBuf
                0x0601bf04                CommandBuf
 .data          0x0601bf08        0x0 ../../saturnringlib/../modules/sgl/SRC/preloader.o
 .data          0x0601bf08        0x0 src/main.o
 .data._ZZN3SRL5Input3Gun11SynchronizeEvE14secondPlayerId
                0x0601bf08        0x1 src/main.o
                0x0601bf08                SRL::Input::Gun::Synchronize()::secondPlayerId
 .data._ZZN3SRL5Input3Gun11SynchronizeEvE13firstPlayerId
                0x0601bf09        0x1 src/main.o
                0x0601bf09                SRL::Input::Gun::Synchronize()::firstPlayerId
 *fill*         0x0601bf0a        0x2 
 .data._ZN3SRL5Input10Management11PeripheralsE
                0x0601bf0c      0x120 src/main.o
                0x0601bf0c                SRL::Input::Management::Peripherals
 .data._ZN3SRL5Input10Management24PeripheralsPreviousStateE
                0x0601c02c      0x120 src/main.o
                0x0601c02c                SRL::Input::Management::PeripheralsPreviousState
 .data._ZN3SRL4VDP213ActiveScrollsE
                0x0601c14c        0x2 src/main.o
                0x0601c14c                SRL::VDP2::ActiveScrolls
 .data._ZN3SRL5ASCII7maxFontE
                0x0601c14e        0x1 src/main.o
                0x0601c14e                SRL::ASCII::maxFont
 .data._ZN3SRL5ASCII12maxYPositionE
                0x0601c14f        0x1 src/main.o
                0x0601c14f                SRL::ASCII::maxYPosition
 .data._ZN3SRL5ASCII12maxXPositionE
                0x0601c150        0x1 src/main.o
                0x0601c150                SRL::ASCII::maxXPosition
 *fill*         0x0601c151        0x1 
 .data._ZN3SRL5ASCII8fontBankE
                0x0601c152        0x2 src/main.o
                0x0601c152                SRL::ASCII::fontBank
 .data._ZN3SRL5ASCII9colorBankE
                0x0601c154        0x2 src/main.o
                0x0601c154                SRL::ASCII::colorBank
 *fill*         0x0601c156        0x2 
 .data._ZN3SRL5ASCII7tileMapE
                0x0601c158        0x4 src/main.o
                0x0601c158                SRL::ASCII::tileMap
 .data._ZN3SRL4CRAM11BaseAddressE
                0x0601c15c        0x4 src/main.o
                0x0601c15c                SRL::CRAM::BaseAddress
 .data          0x0601c160        0x0 src/scenes/title_screen.o
 .data          0x0601c160        0x0 src/scenes/start_cave.o
 .data          0x0601c160        0x0 src/objects/player.o
 .data          0x0601c160        0x0 ../../saturnringlib/../modules/sgl/LIB/LIBCD.A(GFS.O)
 .data          0x0601c160        0x0 ../../saturnringlib/../modules/sgl/LIB/LIBCD.A(GFS_BUF.O)
 .data          0x0601c160        0x0 ../../saturnringlib/../modules/sgl/LIB/LIBCD.A(GFS_CDB.O)
 .data          0x0601c160        0x0 ../../saturnringlib/../modules/sgl/LIB/LIBCD.A(GFS_CDC.O)
 .data          0x0601c160        0x0 ../../saturnringlib/../modules/sgl/LIB/LIBCD.A(GFS_CDF.O)
 .data          0x0601c160        0x0 ../../saturnringlib/../modules/sgl/LIB/LIBCD.A(GFS_DIR.O)
 .data          0x0601c160        0x0 ../../saturnringlib/../modules/sgl/LIB/LIBCD.A(GFS_TRN.O)
 .data          0x0601c160        0x0 ../../saturnringlib/../modules/sgl/LIB/LIBCD.A(CDC_CMN.O)
 .data          0x0601c160        0x0 ../../saturnringlib/../modules/sgl/LIB/LIBCD.A(CDC_DRV.O)
 .data          0x0601c160        0x0 ../../saturnringlib/../modules/sgl/LIB/LIBCD.A(CDC_DEV.O)
 .data          0x0601c160        0x0 ../../saturnringlib/../modules/sgl/LIB/LIBCD.A(CDC_SEL.O)
 .data          0x0601c160        0x0 ../../saturnringlib/../modules/sgl/LIB/LIBCD.A(CDC_BIF.O)
 .data          0x0601c160        0x0 ../../saturnringlib/../modules/sgl/LIB/LIBCD.A(CDC_BIO.O)
 .data          0x0601c160        0x0 ../../saturnringlib/../modules/sgl/LIB/LIBCD.A(CDC_CFS.O)
 .data          0x0601c160        0x0 ../../saturnringlib/../modules/sgl/LIB/LIBCD.A(CDC_REG.O)
 .data          0x0601c160        0x0 ../../saturnringlib/../modules/sgl/LIB/LIBCD.A(CDC_SUB.O)
 .data          0x0601c160        0x0 ../../saturnringlib/../modules/sgl/LIB/LIBSGL.A(sglB001.o)
 .data          0x0601c160        0x0 ../../saturnringlib/../modules/sgl/LIB/LIBSGL.A(sglB002.o)
 .data          0x0601c160        0x0 ../../saturnringlib/../modules/sgl/LIB/LIBSGL.A(sglB015.o)
 .data          0x0601c160        0x0 ../../saturnringlib/../modules/sgl/LIB/LIBSGL.A(sglB016.o)
 .data          0x0601c160        0x0 ../../saturnringlib/../modules/sgl/LIB/LIBSGL.A(sglB034.o)
 .data          0x0601c160        0x0 ../../saturnringlib/../modules/sgl/LIB/LIBSGL.A(sglB038.o)
 .data          0x0601c160        0x0 ../../saturnringlib/../modules/sgl/LIB/LIBSGL.A(sglB058.o)
 .data          0x0601c160        0x0 ../../saturnringlib/../modules/sgl/LIB/LIBSGL.A(sglB063.o)
 .data          0x0601c160        0x0 ../../saturnringlib/../modules/sgl/LIB/LIBSGL.A(sglB200.o)
 .data          0x0601c160        0x0 ../../saturnringlib/../modules/sgl/LIB/LIBSGL.A(sglC04.o)
 .data          0x0601c160        0x0 ../../saturnringlib/../modules/sgl/LIB/LIBSGL.A(sglC16.o)
 .data          0x0601c160        0x0 ../../saturnringlib/../modules/sgl/LIB/LIBSGL.A(sglC17.o)
 .data          0x0601c160        0x0 ../../saturnringlib/../modules/sgl/LIB/LIBSGL.A(sglC20.o)
 .data          0x0601c160        0x0 ../../saturnringlib/../modules/sgl/LIB/LIBSGL.A(sglC21.o)
 .data          0x0601c160        0x0 ../../saturnringlib/../modules/sgl/LIB/LIBSGL.A(sglD00.o)
 .data          0x0601c160        0x0 ../../saturnringlib/../modules/sgl/LIB/LIBSGL.A(sglD01.o)
 .data          0x0601c160        0x0 ../../saturnringlib/../modules/sgl/LIB/LIBSGL.A(sglD02.o)
 .data          0x0601c160        0x0 ../../saturnringlib/../modules/sgl/LIB/LIBSGL.A(sglD03.o)
 .data          0x0601c160        0x0 ../../saturnringlib/../modules/sgl/LIB/LIBSGL.A(sglD15.o)
 .data          0x0601c160        0x0 ../../saturnringlib/../modules/sgl/LIB/LIBSGL.A(sglD16.o)
 .data          0x0601c160        0x0 ../../saturnringlib/../modules/sgl/LIB/LIBSGL.A(sglD17.o)
 .data          0x0601c160        0x0 ../../saturnringlib/../modules/sgl/LIB/LIBSGL.A(sglD18.o)
 .data          0x0601c160        0x0 ../../saturnringlib/../modules/sgl/LIB/LIBSGL.A(sglF00.o)
 .data          0x0601c160        0x0 ../../saturnringlib/../modules/sgl/LIB/LIBSGL.A(sglH00.o)
 .data          0x0601c160        0x0 ../../saturnringlib/../modules/sgl/LIB/LIBSGL.A(sglH02.o)
 .data          0x0601c160        0x0 ../../saturnringlib/../modules/sgl/LIB/LIBSGL.A(sglH04.o)
 .data          0x0601c160        0x0 ../../saturnringlib/../modules/sgl/LIB/LIBSGL.A(sglI01.o)
 .data          0x0601c160        0x0 ../../saturnringlib/../modules/sgl/LIB/LIBSGL.A(sglI04.o)
 .data          0x0601c160       0x80 ../../saturnringlib/../modules/sgl/LIB/LIBSGL.A(sglIc0.o)
                0x0601c160                IntPrioMask
 .data          0x0601c1e0        0x0 ../../saturnringlib/../modules/sgl/LIB/LIBSGL.A(sglJ00.o)
 .data          0x0601c1e0        0x0 ../../saturnringlib/../modules/sgl/LIB/LIBSGL.A(sglJ01.o)
 .data          0x0601c1e0        0x0 ../../saturnringlib/../modules/sgl/LIB/LIBSGL.A(sglJ02.o)
 .data          0x0601c1e0        0x0 ../../saturnringlib/../modules/sgl/LIB/LIBSGL.A(sglJ03.o)
 .data          0x0601c1e0        0x0 ../../saturnringlib/../modules/sgl/LIB/LIBSGL.A(sglJ04.o)
 .data          0x0601c1e0        0x0 ../../saturnringlib/../modules/sgl/LIB/LIBSGL.A(sglJ05.o)
 .data          0x0601c1e0        0x0 ../../saturnringlib/../modules/sgl/LIB/LIBSGL.A(sglK01.o)
 .data          0x0601c1e0        0x0 ../../saturnringlib/../modules/sgl/LIB/LIBSGL.A(sglM01.o)
 .data          0x0601c1e0        0x0 ../../saturnringlib/../modules/sgl/LIB/LIBSGL.A(sglA00.o)
 .data          0x0601c1e0        0x0 ../../saturnringlib/../modules/sgl/LIB/LIBSGL.A(sglA01.o)
 .data          0x0601c1e0        0x0 ../../saturnringlib/../modules/sgl/LIB/LIBSGL.A(sglA20.o)
 .data          0x0601c1e0        0x0 ../../saturnringlib/../modules/sgl/LIB/LIBSGL.A(sglB000.o)
 .data          0x0601c1e0        0x0 ../../saturnringlib/../modules/sgl/LIB/LIBSGL.A(sglB035.o)
 .data          0x0601c1e0        0x0 ../../saturnringlib/../modules/sgl/LIB/LIBSGL.A(sglC00.o)
 .data          0x0601c1e0        0x0 ../../saturnringlib/../modules/sgl/LIB/LIBSGL.A(sglI00.o)
 .data          0x0601c1e0        0x0 ../../saturnringlib/../modules/sgl/LIB/LIBSGL.A(sglH03.o)
 .data          0x0601c1e0        0x0 /home/toaster/Programming/Saturn/SaturnRingLib/Compiler/linux/sh2eb-elf/bin/../lib/gcc/sh-elf/14.2.0/libgcc.a(_ashiftrt.o)
 .data          0x0601c1e0        0x0 /home/toaster/Programming/Saturn/SaturnRingLib/Compiler/linux/sh2eb-elf/bin/../lib/gcc/sh-elf/14.2.0/libgcc.a(_ashiftrt_n.o)
 .data          0x0601c1e0        0x0 /home/toaster/Programming/Saturn/SaturnRingLib/Compiler/linux/sh2eb-elf/bin/../lib/gcc/sh-elf/14.2.0/libgcc.a(_ashiftlt.o)
 .data          0x0601c1e0        0x0 /home/toaster/Programming/Saturn/SaturnRingLib/Compiler/linux/sh2eb-elf/bin/../lib/gcc/sh-elf/14.2.0/libgcc.a(_lshiftrt.o)
 .data          0x0601c1e0        0x0 /home/toaster/Programming/Saturn/SaturnRingLib/Compiler/linux/sh2eb-elf/bin/../lib/gcc/sh-elf/14.2.0/libgcc.a(_sdivsi3.o)
 .data          0x0601c1e0        0x0 /home/toaster/Programming/Saturn/SaturnRingLib/Compiler/linux/sh2eb-elf/bin/../lib/gcc/sh-elf/14.2.0/libgcc.a(_udivsi3.o)
 .data          0x0601c1e0        0x0 /home/toaster/Programming/Saturn/SaturnRingLib/Compiler/linux/sh2eb-elf/bin/../lib/gcc/sh-elf/14.2.0/../../../../sh-elf/lib/libc.a(libc_a-abort.o)
 .data          0x0601c1e0        0x0 /home/toaster/Programming/Saturn/SaturnRingLib/Compiler/linux/sh2eb-elf/bin/../lib/gcc/sh-elf/14.2.0/../../../../sh-elf/lib/libc.a(libc_a-snprintf.o)
 .data          0x0601c1e0        0x0 /home/toaster/Programming/Saturn/SaturnRingLib/Compiler/linux/sh2eb-elf/bin/../lib/gcc/sh-elf/14.2.0/../../../../sh-elf/lib/libc.a(libc_a-memcmp.o)
 .data          0x0601c1e0        0x0 /home/toaster/Programming/Saturn/SaturnRingLib/Compiler/linux/sh2eb-elf/bin/../lib/gcc/sh-elf/14.2.0/../../../../sh-elf/lib/libc.a(libc_a-strncmp.o)
 .data          0x0601c1e0        0x0 /home/toaster/Programming/Saturn/SaturnRingLib/Compiler/linux/sh2eb-elf/bin/../lib/gcc/sh-elf/14.2.0/../../../../sh-elf/lib/libc.a(libc_a-strncpy.o)
 .data          0x0601c1e0        0x0 /home/toaster/Programming/Saturn/SaturnRingLib/Compiler/linux/sh2eb-elf/bin/../lib/gcc/sh-elf/14.2.0/../../../../sh-elf/lib/libc.a(libc_a-signal.o)
 .data          0x0601c1e0      0x120 /home/toaster/Programming/Saturn/SaturnRingLib/Compiler/linux/sh2eb-elf/bin/../lib/gcc/sh-elf/14.2.0/../../../../sh-elf/lib/libc.a(libc_a-impure.o)
                0x0601c1e0                _impure_ptr
                0x0601c1e4                _impure_data
 .data          0x0601c300        0x0 /home/toaster/Programming/Saturn/SaturnRingLib/Compiler/linux/sh2eb-elf/bin/../lib/gcc/sh-elf/14.2.0/../../../../sh-elf/lib/libc.a(libc_a-signalr.o)
 .data          0x0601c300        0x0 /home/toaster/Programming/Saturn/SaturnRingLib/Compiler/linux/sh2eb-elf/bin/../lib/gcc/sh-elf/14.2.0/../../../../sh-elf/lib/libc.a(libc_a-memcpy.o)
 .data          0x0601c300        0x0 /home/toaster/Programming/Saturn/SaturnRingLib/Compiler/linux/sh2eb-elf/bin/../lib/gcc/sh-elf/14.2.0/../../../../sh-elf/lib/libc.a(libc_a-memset.o)
 .data          0x0601c300        0x0 /home/toaster/Programming/Saturn/SaturnRingLib/Compiler/linux/sh2eb-elf/bin/../lib/gcc/sh-elf/14.2.0/../../../../sh-elf/lib/libc.a(libc_a-mallocr.o)
 .data          0x0601c300        0x0 /home/toaster/Programming/Saturn/SaturnRingLib/Compiler/linux/sh2eb-elf/bin/../lib/gcc/sh-elf/14.2.0/../../../../sh-elf/lib/libc.a(libc_a-mlock.o)
 .data          0x0601c300        0x0 /home/toaster/Programming/Saturn/SaturnRingLib/Compiler/linux/sh2eb-elf/bin/../lib/gcc/sh-elf/14.2.0/../../../../sh-elf/lib/libc.a(libc_a-nano-svfprintf.o)
 .data          0x0601c300        0x0 /home/toaster/Programming/Saturn/SaturnRingLib/Compiler/linux/sh2eb-elf/bin/../lib/gcc/sh-elf/14.2.0/../../../../sh-elf/lib/libc.a(libc_a-nano-vfprintf_i.o)
 .data          0x0601c300        0xc /home/toaster/Programming/Saturn/SaturnRingLib/Compiler/linux/sh2eb-elf/bin/../lib/gcc/sh-elf/14.2.0/../../../../sh-elf/lib/libc.a(libc_a-findfp.o)
                0x0601c300                __sglue
 .data          0x0601c30c        0x0 /home/toaster/Programming/Saturn/SaturnRingLib/Compiler/linux/sh2eb-elf/bin/../lib/gcc/sh-elf/14.2.0/../../../../sh-elf/lib/libc.a(libc_a-fwalk.o)
 .data          0x0601c30c        0x0 /home/toaster/Programming/Saturn/SaturnRingLib/Compiler/linux/sh2eb-elf/bin/../lib/gcc/sh-elf/14.2.0/../../../../sh-elf/lib/libc.a(libc_a-stdio.o)
 .data          0x0601c30c        0x0 /home/toaster/Programming/Saturn/SaturnRingLib/Compiler/linux/sh2eb-elf/bin/../lib/gcc/sh-elf/14.2.0/../../../../sh-elf/lib/libc.a(libc_a-memchr.o)
 .data          0x0601c30c        0x0 /home/toaster/Programming/Saturn/SaturnRingLib/Compiler/linux/sh2eb-elf/bin/../lib/gcc/sh-elf/14.2.0/../../../../sh-elf/lib/libc.a(libc_a-memmove.o)
 .data          0x0601c30c        0x0 /home/toaster/Programming/Saturn/SaturnRingLib/Compiler/linux/sh2eb-elf/bin/../lib/gcc/sh-elf/14.2.0/../../../../sh-elf/lib/libc.a(libc_a-closer.o)
 .data          0x0601c30c        0x0 /home/toaster/Programming/Saturn/SaturnRingLib/Compiler/linux/sh2eb-elf/bin/../lib/gcc/sh-elf/14.2.0/../../../../sh-elf/lib/libc.a(libc_a-reent.o)
 .data          0x0601c30c        0x0 /home/toaster/Programming/Saturn/SaturnRingLib/Compiler/linux/sh2eb-elf/bin/../lib/gcc/sh-elf/14.2.0/../../../../sh-elf/lib/libc.a(libc_a-lseekr.o)
 .data          0x0601c30c        0x0 /home/toaster/Programming/Saturn/SaturnRingLib/Compiler/linux/sh2eb-elf/bin/../lib/gcc/sh-elf/14.2.0/../../../../sh-elf/lib/libc.a(libc_a-readr.o)
 .data          0x0601c30c        0x0 /home/toaster/Programming/Saturn/SaturnRingLib/Compiler/linux/sh2eb-elf/bin/../lib/gcc/sh-elf/14.2.0/../../../../sh-elf/lib/libc.a(libc_a-sbrkr.o)
 .data          0x0601c30c        0x0 /home/toaster/Programming/Saturn/SaturnRingLib/Compiler/linux/sh2eb-elf/bin/../lib/gcc/sh-elf/14.2.0/../../../../sh-elf/lib/libc.a(libc_a-writer.o)
 .data          0x0601c30c        0x0 /home/toaster/Programming/Saturn/SaturnRingLib/Compiler/linux/sh2eb-elf/bin/../lib/gcc/sh-elf/14.2.0/../../../../sh-elf/lib/libc.a(libc_a-freer.o)
 .data          0x0601c30c        0x0 /home/toaster/Programming/Saturn/SaturnRingLib/Compiler/linux/sh2eb-elf/bin/../lib/gcc/sh-elf/14.2.0/../../../../sh-elf/lib/libc.a(libc_a-reallocr.o)
 .data          0x0601c30c        0x0 /home/toaster/Programming/Saturn/SaturnRingLib/Compiler/linux/sh2eb-elf/bin/../lib/gcc/sh-elf/14.2.0/../../../../sh-elf/lib/libc.a(libc_a-fflush.o)
 .data          0x0601c30c        0x0 /home/toaster/Programming/Saturn/SaturnRingLib/Compiler/linux/sh2eb-elf/bin/../lib/gcc/sh-elf/14.2.0/../../../../sh-elf/lib/libc.a(libc_a-msizer.o)
 .data          0x0601c30c        0x0 /home/toaster/Programming/Saturn/SaturnRingLib/Compiler/linux/sh2eb-elf/bin/../lib/gcc/sh-elf/14.2.0/../../../../sh-elf/lib/libnosys.a(close.o)
 .data          0x0601c30c        0x0 /home/toaster/Programming/Saturn/SaturnRingLib/Compiler/linux/sh2eb-elf/bin/../lib/gcc/sh-elf/14.2.0/../../../../sh-elf/lib/libnosys.a(getpid.o)
 .data          0x0601c30c        0x0 /home/toaster/Programming/Saturn/SaturnRingLib/Compiler/linux/sh2eb-elf/bin/../lib/gcc/sh-elf/14.2.0/../../../../sh-elf/lib/libnosys.a(kill.o)
 .data          0x0601c30c        0x0 /home/toaster/Programming/Saturn/SaturnRingLib/Compiler/linux/sh2eb-elf/bin/../lib/gcc/sh-elf/14.2.0/../../../../sh-elf/lib/libnosys.a(lseek.o)
 .data          0x0601c30c        0x0 /home/toaster/Programming/Saturn/SaturnRingLib/Compiler/linux/sh2eb-elf/bin/../lib/gcc/sh-elf/14.2.0/../../../../sh-elf/lib/libnosys.a(read.o)
 .data          0x0601c30c        0x0 /home/toaster/Programming/Saturn/SaturnRingLib/Compiler/linux/sh2eb-elf/bin/../lib/gcc/sh-elf/14.2.0/../../../../sh-elf/lib/libnosys.a(sbrk.o)
 .data          0x0601c30c        0x0 /home/toaster/Programming/Saturn/SaturnRingLib/Compiler/linux/sh2eb-elf/bin/../lib/gcc/sh-elf/14.2.0/../../../../sh-elf/lib/libnosys.a(write.o)
 .data          0x0601c30c        0x0 /home/toaster/Programming/Saturn/SaturnRingLib/Compiler/linux/sh2eb-elf/bin/../lib/gcc/sh-elf/14.2.0/../../../../sh-elf/lib/libnosys.a(_exit.o)
                0x0601c30c                        __edata = .

.rodata         0x0601c320      0x230
 *(.rodata*)
 .rodata        0x0601c320       0x18 ../../saturnringlib/../modules/sgl/LIB/../SRC/workarea.o
                0x0601c320                PCM_WkSize
                0x0601c324                MaxVertices
                0x0601c326                MaxPolygons
                0x0601c328                SortListSize
                0x0601c32c                SpriteBufSize
                0x0601c330                EventSize
                0x0601c332                MaxEvents
                0x0601c334                WorkSize
                0x0601c336                MaxWorks
 .rodata.str1.4
                0x0601c338       0x27 src/main.o
 *fill*         0x0601c35f        0x1 
 .rodata._ZN3SRL6string10snprintfExEPciPKcz.str1.4
                0x0601c360        0xb src/scenes/title_screen.o
 *fill*         0x0601c36b        0x1 
 .rodata._ZN3SRL5Debug12AssertScreenIJEEEvPKcS3_S3_DpT_.str1.4
                0x0601c36c       0x41 src/scenes/title_screen.o
 *fill*         0x0601c3ad        0x3 
 .rodata._ZN3SRL6Bitmap3TGA8LoadDataEPNS_2Cd4FileEPNS1_14LoaderSettingsE.str1.4
                0x0601c3b0       0xdb src/scenes/title_screen.o
 *fill*         0x0601c48b        0x1 
 .rodata.str1.4
                0x0601c48c       0x68 src/scenes/title_screen.o
 .rodata._ZTVN3SRL6Bitmap3TGAE
                0x0601c4f4       0x18 src/scenes/title_screen.o
                0x0601c4f4                vtable for SRL::Bitmap::TGA
 .rodata.str1.4
                0x0601c50c       0x13 /home/toaster/Programming/Saturn/SaturnRingLib/Compiler/linux/sh2eb-elf/bin/../lib/gcc/sh-elf/14.2.0/../../../../sh-elf/lib/libc.a(libc_a-nano-svfprintf.o)
 *fill*         0x0601c51f        0x1 
 .rodata.str1.4
                0x0601c520       0x25 /home/toaster/Programming/Saturn/SaturnRingLib/Compiler/linux/sh2eb-elf/bin/../lib/gcc/sh-elf/14.2.0/../../../../sh-elf/lib/libc.a(libc_a-nano-vfprintf_i.o)

.bss            0x0601c550     0x2d30
                0x0601c550                        __bstart = .
 *(.bss*)
 .bss           0x0601c550       0xc8 ../../saturnringlib/../modules/sgl/LIB/../SRC/workarea.o
                0x0601c550                RemainWork
                0x0601c554                WorkBuf
                0x0601c594                RemainEvent
                0x0601c598                EventBuf
 .bss           0x0601c618        0x0 ../../saturnringlib/../modules/sgl/SRC/preloader.o
 .bss._ZN3SRL6Memory10LowWorkRam4zoneE
                0x0601c618        0x8 ../../saturnringlib/../modules/sgl/SRC/preloader.o
                0x0601c618                SRL::Memory::LowWorkRam::zone
 .bss._ZN3SRL6Memory11HighWorkRam4zoneE
                0x0601c620        0x8 ../../saturnringlib/../modules/sgl/SRC/preloader.o
                0x0601c620                SRL::Memory::HighWorkRam::zone
 .bss           0x0601c628        0x0 src/main.o
 .bss._ZGVN3SRL4Core8OnVblankE
                0x0601c628        0x8 src/main.o
                0x0601c628                guard variable for SRL::Core::OnVblank
 .bss._ZGVN3SRL4Core12OnBeforeSyncE
                0x0601c630        0x8 src/main.o
                0x0601c630                guard variable for SRL::Core::OnBeforeSync
 .bss._ZGVN3SRL4Core11OnAfterSyncE
                0x0601c638        0x8 src/main.o
                0x0601c638                guard variable for SRL::Core::OnAfterSync
 .bss._ZGVN3SRL4VDP212ScrollScreenINS0_4RBG0ELs5ELt16EE11TilePaletteE
                0x0601c640        0x8 src/main.o
                0x0601c640                guard variable for SRL::VDP2::ScrollScreen<SRL::VDP2::RBG0, (short)5, (unsigned short)16>::TilePalette
 .bss._ZGVN3SRL4VDP212ScrollScreenINS0_4NBG3ELs2ELt8EE11TilePaletteE
                0x0601c648        0x8 src/main.o
                0x0601c648                guard variable for SRL::VDP2::ScrollScreen<SRL::VDP2::NBG3, (short)2, (unsigned short)8>::TilePalette
 .bss._ZGVN3SRL4VDP212ScrollScreenINS0_4NBG2ELs3ELt4EE11TilePaletteE
                0x0601c650        0x8 src/main.o
                0x0601c650                guard variable for SRL::VDP2::ScrollScreen<SRL::VDP2::NBG2, (short)3, (unsigned short)4>::TilePalette
 .bss._ZGVN3SRL4VDP212ScrollScreenINS0_4NBG1ELs0ELt2EE11TilePaletteE
                0x0601c658        0x8 src/main.o
                0x0601c658                guard variable for SRL::VDP2::ScrollScreen<SRL::VDP2::NBG1, (short)0, (unsigned short)2>::TilePalette
 .bss._ZGVN3SRL4VDP212ScrollScreenINS0_4NBG0ELs1ELt1EE11TilePaletteE
                0x0601c660        0x8 src/main.o
                0x0601c660                guard variable for SRL::VDP2::ScrollScreen<SRL::VDP2::NBG0, (short)1, (unsigned short)1>::TilePalette
 .bss._ZGVN3SRL4VDP18MetadataE
                0x0601c668        0x8 src/main.o
                0x0601c668                guard variable for SRL::VDP1::Metadata
 .bss._ZGVN3SRL4VDP18TexturesE
                0x0601c670        0x8 src/main.o
                0x0601c670                guard variable for SRL::VDP1::Textures
 .bss._ZN3SRL4Core8OnVblankE
                0x0601c678       0x18 src/main.o
                0x0601c678                SRL::Core::OnVblank
 .bss._ZN3SRL4Core12OnBeforeSyncE
                0x0601c690       0x18 src/main.o
                0x0601c690                SRL::Core::OnBeforeSync
 .bss._ZN3SRL4Core11OnAfterSyncE
                0x0601c6a8       0x18 src/main.o
                0x0601c6a8                SRL::Core::OnAfterSync
 .bss._ZN3SRL5Input3Gun26Player2MegadriveGunControlE
                0x0601c6c0        0x1 src/main.o
                0x0601c6c0                SRL::Input::Gun::Player2MegadriveGunControl
 .bss._ZN3SRL5Input3Gun26Player1MegadriveGunControlE
                0x0601c6c1        0x1 src/main.o
                0x0601c6c1                SRL::Input::Gun::Player1MegadriveGunControl
 *fill*         0x0601c6c2        0x2 
 .bss._ZN3SRL4VDP212ScrollScreenINS0_4RBG0ELs5ELt16EE11TilePaletteE
                0x0601c6c4        0x8 src/main.o
                0x0601c6c4                SRL::VDP2::ScrollScreen<SRL::VDP2::RBG0, (short)5, (unsigned short)16>::TilePalette
 .bss._ZN3SRL4VDP212ScrollScreenINS0_4NBG3ELs2ELt8EE11TilePaletteE
                0x0601c6cc        0x8 src/main.o
                0x0601c6cc                SRL::VDP2::ScrollScreen<SRL::VDP2::NBG3, (short)2, (unsigned short)8>::TilePalette
 .bss._ZN3SRL4VDP212ScrollScreenINS0_4NBG2ELs3ELt4EE11TilePaletteE
                0x0601c6d4        0x8 src/main.o
                0x0601c6d4                SRL::VDP2::ScrollScreen<SRL::VDP2::NBG2, (short)3, (unsigned short)4>::TilePalette
 .bss._ZN3SRL4VDP212ScrollScreenINS0_4NBG1ELs0ELt2EE11TilePaletteE
                0x0601c6dc        0x8 src/main.o
                0x0601c6dc                SRL::VDP2::ScrollScreen<SRL::VDP2::NBG1, (short)0, (unsigned short)2>::TilePalette
 .bss._ZN3SRL4VDP212ScrollScreenINS0_4NBG0ELs1ELt1EE11TilePaletteE
                0x0601c6e4        0x8 src/main.o
                0x0601c6e4                SRL::VDP2::ScrollScreen<SRL::VDP2::NBG0, (short)1, (unsigned short)1>::TilePalette
 .bss._ZN3SRL4VDP18MetadataE
                0x0601c6ec      0x190 src/main.o
                0x0601c6ec                SRL::VDP1::Metadata
 .bss._ZN3SRL4VDP18TexturesE
                0x0601c87c      0x320 src/main.o
                0x0601c87c                SRL::VDP1::Textures
 .bss._ZN3SRL2Cd13isInitializedE
                0x0601cb9c        0x1 src/main.o
                0x0601cb9c                SRL::Cd::isInitialized
 *fill*         0x0601cb9d        0x3 
 .bss._ZN3SRL2Cd7GfsWorkE
                0x0601cba0      0xd08 src/main.o
                0x0601cba0                SRL::Cd::GfsWork
 .bss._ZN3SRL2Cd17GfsDirectoryNamesE
                0x0601d8a8     0x1800 src/main.o
                0x0601d8a8                SRL::Cd::GfsDirectoryNames
 .bss._ZN3SRL2Cd14GfsDirectoriesE
                0x0601f0a8        0xc src/main.o
                0x0601f0a8                SRL::Cd::GfsDirectories
 .bss._ZN3SRL4CRAM14AllocationMaskE
                0x0601f0b4       0x10 src/main.o
                0x0601f0b4                SRL::CRAM::AllocationMask
 .bss._ZN3SRL2TV10ResolutionE
                0x0601f0c4        0x4 src/main.o
                0x0601f0c4                SRL::TV::Resolution
 .bss._ZN3SRL2TV6HeightE
                0x0601f0c8        0x2 src/main.o
                0x0601f0c8                SRL::TV::Height
 .bss._ZN3SRL2TV5WidthE
                0x0601f0ca        0x2 src/main.o
                0x0601f0ca                SRL::TV::Width
 .bss           0x0601f0cc        0x0 src/scenes/title_screen.o
 .bss._ZN3SRL7Scene2D7EffectsE
                0x0601f0cc        0x4 src/scenes/title_screen.o
                0x0601f0cc                SRL::Scene2D::Effects
 .bss._ZN3SRL4VDP111HeapPointerE
                0x0601f0d0        0x2 src/scenes/title_screen.o
                0x0601f0d0                SRL::VDP1::HeapPointer
 *fill*         0x0601f0d2        0x2 
 .bss._ZN3SRL5Debug10lineBufferE
                0x0601f0d4       0x2d src/scenes/title_screen.o
                0x0601f0d4                SRL::Debug::lineBuffer
 .bss._ZN3SRL5Debug13oldPrintColorE
                0x0601f101        0x1 src/scenes/title_screen.o
                0x0601f101                SRL::Debug::oldPrintColor
 .bss._ZN3SRL5Debug10printColorE
                0x0601f102        0x1 src/scenes/title_screen.o
                0x0601f102                SRL::Debug::printColor
 .bss           0x0601f103        0x0 src/scenes/start_cave.o
 .bss           0x0601f103        0x0 src/objects/player.o
 *fill*         0x0601f103        0xd 
 .bss           0x0601f110        0x0 ../../saturnringlib/../modules/sgl/LIB/LIBCD.A(GFS.O)
 .bss           0x0601f110        0x0 ../../saturnringlib/../modules/sgl/LIB/LIBCD.A(GFS_BUF.O)
 .bss           0x0601f110        0x0 ../../saturnringlib/../modules/sgl/LIB/LIBCD.A(GFS_CDB.O)
 .bss           0x0601f110        0x0 ../../saturnringlib/../modules/sgl/LIB/LIBCD.A(GFS_CDC.O)
 .bss           0x0601f110        0x0 ../../saturnringlib/../modules/sgl/LIB/LIBCD.A(GFS_CDF.O)
 .bss           0x0601f110        0x0 ../../saturnringlib/../modules/sgl/LIB/LIBCD.A(GFS_DIR.O)
 .bss           0x0601f110        0xc ../../saturnringlib/../modules/sgl/LIB/LIBCD.A(GFS_TRN.O)
 *fill*         0x0601f11c        0x4 
 .bss           0x0601f120        0x0 ../../saturnringlib/../modules/sgl/LIB/LIBCD.A(CDC_CMN.O)
 .bss           0x0601f120        0x0 ../../saturnringlib/../modules/sgl/LIB/LIBCD.A(CDC_DRV.O)
 .bss           0x0601f120        0x0 ../../saturnringlib/../modules/sgl/LIB/LIBCD.A(CDC_DEV.O)
 .bss           0x0601f120        0x0 ../../saturnringlib/../modules/sgl/LIB/LIBCD.A(CDC_SEL.O)
 .bss           0x0601f120        0x0 ../../saturnringlib/../modules/sgl/LIB/LIBCD.A(CDC_BIF.O)
 .bss           0x0601f120        0x0 ../../saturnringlib/../modules/sgl/LIB/LIBCD.A(CDC_BIO.O)
 .bss           0x0601f120        0x0 ../../saturnringlib/../modules/sgl/LIB/LIBCD.A(CDC_CFS.O)
 .bss           0x0601f120        0x2 ../../saturnringlib/../modules/sgl/LIB/LIBCD.A(CDC_REG.O)
 *fill*         0x0601f122        0xe 
 .bss           0x0601f130        0xc ../../saturnringlib/../modules/sgl/LIB/LIBCD.A(CDC_SUB.O)
 *fill*         0x0601f13c        0x4 
 .bss           0x0601f140        0x0 ../../saturnringlib/../modules/sgl/LIB/LIBSGL.A(sglB001.o)
 .bss           0x0601f140        0x0 ../../saturnringlib/../modules/sgl/LIB/LIBSGL.A(sglB002.o)
 .bss           0x0601f140        0x0 ../../saturnringlib/../modules/sgl/LIB/LIBSGL.A(sglB015.o)
 .bss           0x0601f140        0x0 ../../saturnringlib/../modules/sgl/LIB/LIBSGL.A(sglB016.o)
 .bss           0x0601f140        0x0 ../../saturnringlib/../modules/sgl/LIB/LIBSGL.A(sglB034.o)
 .bss           0x0601f140        0x0 ../../saturnringlib/../modules/sgl/LIB/LIBSGL.A(sglB038.o)
 .bss           0x0601f140        0x0 ../../saturnringlib/../modules/sgl/LIB/LIBSGL.A(sglB058.o)
 .bss           0x0601f140        0x0 ../../saturnringlib/../modules/sgl/LIB/LIBSGL.A(sglB063.o)
 .bss           0x0601f140        0x0 ../../saturnringlib/../modules/sgl/LIB/LIBSGL.A(sglB200.o)
 .bss           0x0601f140        0x0 ../../saturnringlib/../modules/sgl/LIB/LIBSGL.A(sglC04.o)
 .bss           0x0601f140        0x0 ../../saturnringlib/../modules/sgl/LIB/LIBSGL.A(sglC16.o)
 .bss           0x0601f140        0x0 ../../saturnringlib/../modules/sgl/LIB/LIBSGL.A(sglC17.o)
 .bss           0x0601f140        0x0 ../../saturnringlib/../modules/sgl/LIB/LIBSGL.A(sglC20.o)
 .bss           0x0601f140        0x0 ../../saturnringlib/../modules/sgl/LIB/LIBSGL.A(sglC21.o)
 .bss           0x0601f140        0x0 ../../saturnringlib/../modules/sgl/LIB/LIBSGL.A(sglD00.o)
 .bss           0x0601f140        0x0 ../../saturnringlib/../modules/sgl/LIB/LIBSGL.A(sglD01.o)
 .bss           0x0601f140        0x0 ../../saturnringlib/../modules/sgl/LIB/LIBSGL.A(sglD02.o)
 .bss           0x0601f140        0x0 ../../saturnringlib/../modules/sgl/LIB/LIBSGL.A(sglD03.o)
 .bss           0x0601f140        0x0 ../../saturnringlib/../modules/sgl/LIB/LIBSGL.A(sglD15.o)
 .bss           0x0601f140        0x0 ../../saturnringlib/../modules/sgl/LIB/LIBSGL.A(sglD16.o)
 .bss           0x0601f140        0x0 ../../saturnringlib/../modules/sgl/LIB/LIBSGL.A(sglD17.o)
 .bss           0x0601f140        0x0 ../../saturnringlib/../modules/sgl/LIB/LIBSGL.A(sglD18.o)
 .bss           0x0601f140        0x0 ../../saturnringlib/../modules/sgl/LIB/LIBSGL.A(sglF00.o)
 .bss           0x0601f140        0x0 ../../saturnringlib/../modules/sgl/LIB/LIBSGL.A(sglH00.o)
 .bss           0x0601f140        0x0 ../../saturnringlib/../modules/sgl/LIB/LIBSGL.A(sglH02.o)
 .bss           0x0601f140        0x0 ../../saturnringlib/../modules/sgl/LIB/LIBSGL.A(sglH04.o)
 .bss           0x0601f140        0x0 ../../saturnringlib/../modules/sgl/LIB/LIBSGL.A(sglI01.o)
 .bss           0x0601f140        0x0 ../../saturnringlib/../modules/sgl/LIB/LIBSGL.A(sglI04.o)
 .bss           0x0601f140        0x0 ../../saturnringlib/../modules/sgl/LIB/LIBSGL.A(sglIc0.o)
 .bss           0x0601f140        0x0 ../../saturnringlib/../modules/sgl/LIB/LIBSGL.A(sglJ00.o)
 .bss           0x0601f140        0x0 ../../saturnringlib/../modules/sgl/LIB/LIBSGL.A(sglJ01.o)
 .bss           0x0601f140        0x0 ../../saturnringlib/../modules/sgl/LIB/LIBSGL.A(sglJ02.o)
 .bss           0x0601f140        0x0 ../../saturnringlib/../modules/sgl/LIB/LIBSGL.A(sglJ03.o)
 .bss           0x0601f140        0x0 ../../saturnringlib/../modules/sgl/LIB/LIBSGL.A(sglJ04.o)
 .bss           0x0601f140        0x0 ../../saturnringlib/../modules/sgl/LIB/LIBSGL.A(sglJ05.o)
 .bss           0x0601f140        0x0 ../../saturnringlib/../modules/sgl/LIB/LIBSGL.A(sglK01.o)
 .bss           0x0601f140        0x0 ../../saturnringlib/../modules/sgl/LIB/LIBSGL.A(sglM01.o)
 .bss           0x0601f140        0x0 ../../saturnringlib/../modules/sgl/LIB/LIBSGL.A(sglA00.o)
 .bss           0x0601f140        0x0 ../../saturnringlib/../modules/sgl/LIB/LIBSGL.A(sglA01.o)
 .bss           0x0601f140        0x0 ../../saturnringlib/../modules/sgl/LIB/LIBSGL.A(sglA20.o)
 .bss           0x0601f140        0x0 ../../saturnringlib/../modules/sgl/LIB/LIBSGL.A(sglB000.o)
 .bss           0x0601f140        0x0 ../../saturnringlib/../modules/sgl/LIB/LIBSGL.A(sglB035.o)
 .bss           0x0601f140        0x0 ../../saturnringlib/../modules/sgl/LIB/LIBSGL.A(sglC00.o)
 .bss           0x0601f140        0x0 ../../saturnringlib/../modules/sgl/LIB/LIBSGL.A(sglI00.o)
 .bss           0x0601f140        0x0 ../../saturnringlib/../modules/sgl/LIB/LIBSGL.A(sglH03.o)
 .bss           0x0601f140        0x0 /home/toaster/Programming/Saturn/SaturnRingLib/Compiler/linux/sh2eb-elf/bin/../lib/gcc/sh-elf/14.2.0/libgcc.a(_ashiftrt.o)
 .bss           0x0601f140        0x0 /home/toaster/Programming/Saturn/SaturnRingLib/Compiler/linux/sh2eb-elf/bin/../lib/gcc/sh-elf/14.2.0/libgcc.a(_ashiftrt_n.o)
 .bss           0x0601f140        0x0 /home/toaster/Programming/Saturn/SaturnRingLib/Compiler/linux/sh2eb-elf/bin/../lib/gcc/sh-elf/14.2.0/libgcc.a(_ashiftlt.o)
 .bss           0x0601f140        0x0 /home/toaster/Programming/Saturn/SaturnRingLib/Compiler/linux/sh2eb-elf/bin/../lib/gcc/sh-elf/14.2.0/libgcc.a(_lshiftrt.o)
 .bss           0x0601f140        0x0 /home/toaster/Programming/Saturn/SaturnRingLib/Compiler/linux/sh2eb-elf/bin/../lib/gcc/sh-elf/14.2.0/libgcc.a(_sdivsi3.o)
 .bss           0x0601f140        0x0 /home/toaster/Programming/Saturn/SaturnRingLib/Compiler/linux/sh2eb-elf/bin/../lib/gcc/sh-elf/14.2.0/libgcc.a(_udivsi3.o)
 .bss           0x0601f140        0x0 /home/toaster/Programming/Saturn/SaturnRingLib/Compiler/linux/sh2eb-elf/bin/../lib/gcc/sh-elf/14.2.0/../../../../sh-elf/lib/libc.a(libc_a-abort.o)
 .bss           0x0601f140        0x0 /home/toaster/Programming/Saturn/SaturnRingLib/Compiler/linux/sh2eb-elf/bin/../lib/gcc/sh-elf/14.2.0/../../../../sh-elf/lib/libc.a(libc_a-snprintf.o)
 .bss           0x0601f140        0x0 /home/toaster/Programming/Saturn/SaturnRingLib/Compiler/linux/sh2eb-elf/bin/../lib/gcc/sh-elf/14.2.0/../../../../sh-elf/lib/libc.a(libc_a-memcmp.o)
 .bss           0x0601f140        0x0 /home/toaster/Programming/Saturn/SaturnRingLib/Compiler/linux/sh2eb-elf/bin/../lib/gcc/sh-elf/14.2.0/../../../../sh-elf/lib/libc.a(libc_a-strncmp.o)
 .bss           0x0601f140        0x0 /home/toaster/Programming/Saturn/SaturnRingLib/Compiler/linux/sh2eb-elf/bin/../lib/gcc/sh-elf/14.2.0/../../../../sh-elf/lib/libc.a(libc_a-strncpy.o)
 .bss           0x0601f140        0x0 /home/toaster/Programming/Saturn/SaturnRingLib/Compiler/linux/sh2eb-elf/bin/../lib/gcc/sh-elf/14.2.0/../../../../sh-elf/lib/libc.a(libc_a-signal.o)
 .bss           0x0601f140        0x0 /home/toaster/Programming/Saturn/SaturnRingLib/Compiler/linux/sh2eb-elf/bin/../lib/gcc/sh-elf/14.2.0/../../../../sh-elf/lib/libc.a(libc_a-impure.o)
 .bss           0x0601f140        0x0 /home/toaster/Programming/Saturn/SaturnRingLib/Compiler/linux/sh2eb-elf/bin/../lib/gcc/sh-elf/14.2.0/../../../../sh-elf/lib/libc.a(libc_a-signalr.o)
 .bss           0x0601f140        0x0 /home/toaster/Programming/Saturn/SaturnRingLib/Compiler/linux/sh2eb-elf/bin/../lib/gcc/sh-elf/14.2.0/../../../../sh-elf/lib/libc.a(libc_a-memcpy.o)
 .bss           0x0601f140        0x0 /home/toaster/Programming/Saturn/SaturnRingLib/Compiler/linux/sh2eb-elf/bin/../lib/gcc/sh-elf/14.2.0/../../../../sh-elf/lib/libc.a(libc_a-memset.o)
 .bss           0x0601f140        0x8 /home/toaster/Programming/Saturn/SaturnRingLib/Compiler/linux/sh2eb-elf/bin/../lib/gcc/sh-elf/14.2.0/../../../../sh-elf/lib/libc.a(libc_a-mallocr.o)
                0x0601f140                __malloc_sbrk_start
                0x0601f144                __malloc_free_list
 .bss           0x0601f148        0x0 /home/toaster/Programming/Saturn/SaturnRingLib/Compiler/linux/sh2eb-elf/bin/../lib/gcc/sh-elf/14.2.0/../../../../sh-elf/lib/libc.a(libc_a-mlock.o)
 .bss           0x0601f148        0x0 /home/toaster/Programming/Saturn/SaturnRingLib/Compiler/linux/sh2eb-elf/bin/../lib/gcc/sh-elf/14.2.0/../../../../sh-elf/lib/libc.a(libc_a-nano-svfprintf.o)
 .bss           0x0601f148        0x0 /home/toaster/Programming/Saturn/SaturnRingLib/Compiler/linux/sh2eb-elf/bin/../lib/gcc/sh-elf/14.2.0/../../../../sh-elf/lib/libc.a(libc_a-nano-vfprintf_i.o)
 .bss           0x0601f148      0x130 /home/toaster/Programming/Saturn/SaturnRingLib/Compiler/linux/sh2eb-elf/bin/../lib/gcc/sh-elf/14.2.0/../../../../sh-elf/lib/libc.a(libc_a-findfp.o)
                0x0601f148                __sf
                0x0601f274                __stdio_exit_handler
 .bss           0x0601f278        0x0 /home/toaster/Programming/Saturn/SaturnRingLib/Compiler/linux/sh2eb-elf/bin/../lib/gcc/sh-elf/14.2.0/../../../../sh-elf/lib/libc.a(libc_a-fwalk.o)
 .bss           0x0601f278        0x0 /home/toaster/Programming/Saturn/SaturnRingLib/Compiler/linux/sh2eb-elf/bin/../lib/gcc/sh-elf/14.2.0/../../../../sh-elf/lib/libc.a(libc_a-stdio.o)
 .bss           0x0601f278        0x0 /home/toaster/Programming/Saturn/SaturnRingLib/Compiler/linux/sh2eb-elf/bin/../lib/gcc/sh-elf/14.2.0/../../../../sh-elf/lib/libc.a(libc_a-memchr.o)
 .bss           0x0601f278        0x0 /home/toaster/Programming/Saturn/SaturnRingLib/Compiler/linux/sh2eb-elf/bin/../lib/gcc/sh-elf/14.2.0/../../../../sh-elf/lib/libc.a(libc_a-memmove.o)
 .bss           0x0601f278        0x0 /home/toaster/Programming/Saturn/SaturnRingLib/Compiler/linux/sh2eb-elf/bin/../lib/gcc/sh-elf/14.2.0/../../../../sh-elf/lib/libc.a(libc_a-closer.o)
 .bss           0x0601f278        0x4 /home/toaster/Programming/Saturn/SaturnRingLib/Compiler/linux/sh2eb-elf/bin/../lib/gcc/sh-elf/14.2.0/../../../../sh-elf/lib/libc.a(libc_a-reent.o)
                0x0601f278                errno
 .bss           0x0601f27c        0x0 /home/toaster/Programming/Saturn/SaturnRingLib/Compiler/linux/sh2eb-elf/bin/../lib/gcc/sh-elf/14.2.0/../../../../sh-elf/lib/libc.a(libc_a-lseekr.o)
 .bss           0x0601f27c        0x0 /home/toaster/Programming/Saturn/SaturnRingLib/Compiler/linux/sh2eb-elf/bin/../lib/gcc/sh-elf/14.2.0/../../../../sh-elf/lib/libc.a(libc_a-readr.o)
 .bss           0x0601f27c        0x0 /home/toaster/Programming/Saturn/SaturnRingLib/Compiler/linux/sh2eb-elf/bin/../lib/gcc/sh-elf/14.2.0/../../../../sh-elf/lib/libc.a(libc_a-sbrkr.o)
 .bss           0x0601f27c        0x0 /home/toaster/Programming/Saturn/SaturnRingLib/Compiler/linux/sh2eb-elf/bin/../lib/gcc/sh-elf/14.2.0/../../../../sh-elf/lib/libc.a(libc_a-writer.o)